

================================================================
== Synthesis Summary Report of 'hdr_top'
================================================================
+ General Information: 
    * Date:           Tue Aug 18 15:31:41 2026
    * Version:        2025.2 (Build 6295257 on Nov 12 2025)
    * Project:        hdr_small_hls
    * Solution:       sol1 (Vivado IP Flow Target)
    * Product family: zynquplus
    * Target device:  xczu7ev-ffvc1156-2-e
    

* Performance & Resource Estimates: 
+-----------+------+---------------+----------+---------+------+----------+---------+--------+------+------+----+----------+----------+-----+
|  Modules  | Issue|               | Iteration|         | Trip |          |      Latency     |      |      |    |          |          |     |
|  & Loops  | Type | Violation Type|  Latency | Interval| Count| Pipelined| (cycles)|  (ns)  | Slack| BRAM | DSP|    FF    |    LUT   | URAM|
+-----------+------+---------------+----------+---------+------+----------+---------+--------+------+------+----+----------+----------+-----+
|+ hdr_top  |     -|              -|         -|        2|     -|        no|        1|  10.000|  5.61|     -|   -|  52 (~0%)|  67 (~0%)|    -|
+-----------+------+---------------+----------+---------+------+----------+---------+--------+------+------+----+----------+----------+-----+
    Name Prefix: '+' for module, 'o' for loop, '*' for dataflow


================================================================
== HW Interfaces
================================================================
* Other Ports
+------+---------+-----------+----------+
| Port | Mode    | Direction | Bitwidth |
+------+---------+-----------+----------+
| idx  | ap_none | in        | 32       |
| s    | ap_vld  | out       | 32       |
+------+---------+-----------+----------+

* TOP LEVEL CONTROL
+-----------+------------+-----------------------------------+
| Interface | Type       | Ports                             |
+-----------+------------+-----------------------------------+
| ap_clk    | clock      | ap_clk                            |
| ap_rst    | reset      | ap_rst                            |
| ap_ctrl   | ap_ctrl_hs | ap_done ap_idle ap_ready ap_start |
+-----------+------------+-----------------------------------+


================================================================
== SW I/O Information
================================================================
* Top Function Arguments
+----------+-----------+----------+
| Argument | Direction | Datatype |
+----------+-----------+----------+
| idx      | in        | int      |
| s        | out       | int&     |
+----------+-----------+----------+

* SW-to-HW Mapping
+----------+--------------+---------+
| Argument | HW Interface | HW Type |
+----------+--------------+---------+
| idx      | idx          | port    |
| s        | s            | port    |
| s        | s_ap_vld     | port    |
+----------+--------------+---------+


================================================================
== Bind Op Report
================================================================
+-----------+-----+--------+----------+-----+--------+---------+
| Name      | DSP | Pragma | Variable | Op  | Impl   | Latency |
+-----------+-----+--------+----------+-----+--------+---------+
| + hdr_top | 0   |        |          |     |        |         |
|   s       |     |        | add_ln11 | add | fabric | 0       |
+-----------+-----+--------+----------+-----+--------+---------+


================================================================
== Storage Report
================================================================
+-----------+--------+------+------+------+--------+----------+------+---------+------------------+
| Name      | Usage  | Type | BRAM | URAM | Pragma | Variable | Impl | Latency | Bitwidth, Depth, |
|           |        |      |      |      |        |          |      |         | Banks            |
+-----------+--------+------+------+------+--------+----------+------+---------+------------------+
| + hdr_top |        |      | 0    | 0    |        |          |      |         |                  |
|   W1_U    | rom_1p |      |      |      |        | W1       | auto | 1       | 32, 9, 1         |
|   TAU1_U  | rom_1p |      |      |      |        | TAU1     | auto | 1       | 18, 32, 1        |
+-----------+--------+------+------+------+--------+----------+------+---------+------------------+


================================================================
== Pragma Report
================================================================
  No pragmas found

