

================================================================
== Vitis HLS Report for 'bnn_top'
================================================================
* Date:           Mon Aug 24 01:28:45 2026

* Version:        2025.2 (Build 6295257 on Nov 12 2025)
* Project:        bnn_hls
* Solution:       sol1 (Vivado IP Flow Target)
* Product family: zynquplus
* Target device:  xczu7ev-ffvc1156-2-e


================================================================
== Performance Estimates
================================================================
+ Timing: 
    * Summary: 
    +--------+----------+----------+------------+
    |  Clock |  Target  | Estimated| Uncertainty|
    +--------+----------+----------+------------+
    |ap_clk  |  10.00 ns|  6.920 ns|     2.70 ns|
    +--------+----------+----------+------------+

+ Latency: 
    * Summary: 
    +---------+---------+-----------+-----------+---------+---------+---------+
    |  Latency (cycles) |   Latency (absolute)  |      Interval     | Pipeline|
    |   min   |   max   |    min    |    max    |   min   |   max   |   Type  |
    +---------+---------+-----------+-----------+---------+---------+---------+
    |  4145963|  4145963|  41.460 ms|  41.460 ms|  4145964|  4145964|       no|
    +---------+---------+-----------+-----------+---------+---------+---------+

    + Detail: 
        * Instance: 
        N/A

        * Loop: 
        +---------------------+---------+---------+----------+-----------+-----------+------+----------+
        |                     |  Latency (cycles) | Iteration|  Initiation Interval  | Trip |          |
        |      Loop Name      |   min   |   max   |  Latency |  achieved |   target  | Count| Pipelined|
        +---------------------+---------+---------+----------+-----------+-----------+------+----------+
        |- VITIS_LOOP_49_1    |    74784|    74784|      2337|          -|          -|    32|        no|
        |- VITIS_LOOP_78_8    |  2626880|  2626880|     41045|          -|          -|    64|        no|
        |- VITIS_LOOP_109_16  |  1313088|  1313088|     20517|          -|          -|    64|        no|
        +---------------------+---------+---------+----------+-----------+-----------+------+----------+

============================================================
+ Verbose Summary: Synthesis Manager
============================================================
InlineROM: 1
ExposeGlobal: 0
============================================================
+ Verbose Summary: CDFG Model
============================================================
IsTopModel: 1
ResetActiveHigh: 1
IsCombinational: 0
IsDatapathOnly: 0
HasWiredReturn: 1
HasMFsm: 0
HasVarLatency: 1
IsPipeline: 0
IsRtlPipelined: 0
IsInstanceOverlapped: 0
IsDontTouch: 0
HasImplIP: 0
IsGatedGlobalClock: 0


============================================================
+ Verbose Summary: Schedule
============================================================
* Number of FSM states : 22
* Pipeline : 0
* Dataflow Pipeline: 0

* FSM state transitions: 
1 --> 2 
2 --> 3 11 
3 --> 4 
4 --> 5 
5 --> 6 
6 --> 7 
7 --> 8 
8 --> 9 
9 --> 10 
10 --> 2 
11 --> 12 15 
12 --> 13 
13 --> 14 
14 --> 11 
15 --> 16 19 
16 --> 17 
17 --> 18 
18 --> 15 
19 --> 20 
20 --> 21 
21 --> 22 
22 --> 

* FSM state operations: 

State 1 <SV = 0> <Delay = 0.42>
ST_1 : Operation 23 [1/1] (0.00ns)   --->   "%oc = alloca i32 1" [bnn.cpp:49]   --->   Operation 23 'alloca' 'oc' <Predicate = true> <Delay = 0.00>
ST_1 : Operation 24 [1/1] (0.00ns)   --->   "%a0_1_loc = alloca i64 1"   --->   Operation 24 'alloca' 'a0_1_loc' <Predicate = true> <Delay = 0.00>
ST_1 : Operation 25 [1/1] (0.00ns)   --->   "%a1_1_loc = alloca i64 1"   --->   Operation 25 'alloca' 'a1_1_loc' <Predicate = true> <Delay = 0.00>
ST_1 : Operation 26 [1/1] (0.00ns)   --->   "%spectopmodule_ln26 = spectopmodule void @_ssdm_op_SpecTopModule, void @empty" [bnn.cpp:26]   --->   Operation 26 'spectopmodule' 'spectopmodule_ln26' <Predicate = true> <Delay = 0.00>
ST_1 : Operation 27 [1/1] (0.00ns)   --->   "%specinterface_ln0 = specinterface void @_ssdm_op_SpecInterface, i32 %img_0, void @empty_5, i32 0, i32 0, void @empty_2, i32 4294967295, i32 0, void @empty_2, void @empty_2, void @empty_2, i32 0, i32 0, i32 0, i32 0, void @empty_2, void @empty_2, i32 4294967295, i32 0, i32 0, i32 0"   --->   Operation 27 'specinterface' 'specinterface_ln0' <Predicate = true> <Delay = 0.00>
ST_1 : Operation 28 [1/1] (0.00ns)   --->   "%specbitsmap_ln0 = specbitsmap void @_ssdm_op_SpecBitsMap, i32 %img_0"   --->   Operation 28 'specbitsmap' 'specbitsmap_ln0' <Predicate = true> <Delay = 0.00>
ST_1 : Operation 29 [1/1] (0.00ns)   --->   "%specinterface_ln0 = specinterface void @_ssdm_op_SpecInterface, i32 %img_1, void @empty_5, i32 0, i32 0, void @empty_2, i32 4294967295, i32 0, void @empty_2, void @empty_2, void @empty_2, i32 0, i32 0, i32 0, i32 0, void @empty_2, void @empty_2, i32 4294967295, i32 0, i32 0, i32 0"   --->   Operation 29 'specinterface' 'specinterface_ln0' <Predicate = true> <Delay = 0.00>
ST_1 : Operation 30 [1/1] (0.00ns)   --->   "%specbitsmap_ln0 = specbitsmap void @_ssdm_op_SpecBitsMap, i32 %img_1"   --->   Operation 30 'specbitsmap' 'specbitsmap_ln0' <Predicate = true> <Delay = 0.00>
ST_1 : Operation 31 [1/1] (0.00ns)   --->   "%specinterface_ln0 = specinterface void @_ssdm_op_SpecInterface, i32 %img_2, void @empty_5, i32 0, i32 0, void @empty_2, i32 4294967295, i32 0, void @empty_2, void @empty_2, void @empty_2, i32 0, i32 0, i32 0, i32 0, void @empty_2, void @empty_2, i32 4294967295, i32 0, i32 0, i32 0"   --->   Operation 31 'specinterface' 'specinterface_ln0' <Predicate = true> <Delay = 0.00>
ST_1 : Operation 32 [1/1] (0.00ns)   --->   "%specbitsmap_ln0 = specbitsmap void @_ssdm_op_SpecBitsMap, i32 %img_2"   --->   Operation 32 'specbitsmap' 'specbitsmap_ln0' <Predicate = true> <Delay = 0.00>
ST_1 : Operation 33 [1/1] (0.00ns)   --->   "%specinterface_ln0 = specinterface void @_ssdm_op_SpecInterface, i32 %img_3, void @empty_5, i32 0, i32 0, void @empty_2, i32 4294967295, i32 0, void @empty_2, void @empty_2, void @empty_2, i32 0, i32 0, i32 0, i32 0, void @empty_2, void @empty_2, i32 4294967295, i32 0, i32 0, i32 0"   --->   Operation 33 'specinterface' 'specinterface_ln0' <Predicate = true> <Delay = 0.00>
ST_1 : Operation 34 [1/1] (0.00ns)   --->   "%specbitsmap_ln0 = specbitsmap void @_ssdm_op_SpecBitsMap, i32 %img_3"   --->   Operation 34 'specbitsmap' 'specbitsmap_ln0' <Predicate = true> <Delay = 0.00>
ST_1 : Operation 35 [1/1] (0.00ns)   --->   "%specinterface_ln0 = specinterface void @_ssdm_op_SpecInterface, i32 %W1, void @empty_5, i32 0, i32 0, void @empty_2, i32 4294967295, i32 0, void @empty_2, void @empty_2, void @empty_2, i32 0, i32 0, i32 0, i32 0, void @empty_2, void @empty_2, i32 4294967295, i32 0, i32 0, i32 0"   --->   Operation 35 'specinterface' 'specinterface_ln0' <Predicate = true> <Delay = 0.00>
ST_1 : Operation 36 [1/1] (0.00ns)   --->   "%specbitsmap_ln0 = specbitsmap void @_ssdm_op_SpecBitsMap, i32 %W1"   --->   Operation 36 'specbitsmap' 'specbitsmap_ln0' <Predicate = true> <Delay = 0.00>
ST_1 : Operation 37 [1/1] (0.00ns)   --->   "%specinterface_ln0 = specinterface void @_ssdm_op_SpecInterface, i32 %TAU1, void @empty_5, i32 0, i32 0, void @empty_2, i32 4294967295, i32 0, void @empty_2, void @empty_2, void @empty_2, i32 0, i32 0, i32 0, i32 0, void @empty_2, void @empty_2, i32 4294967295, i32 0, i32 0, i32 0"   --->   Operation 37 'specinterface' 'specinterface_ln0' <Predicate = true> <Delay = 0.00>
ST_1 : Operation 38 [1/1] (0.00ns)   --->   "%specbitsmap_ln0 = specbitsmap void @_ssdm_op_SpecBitsMap, i32 %TAU1"   --->   Operation 38 'specbitsmap' 'specbitsmap_ln0' <Predicate = true> <Delay = 0.00>
ST_1 : Operation 39 [1/1] (0.00ns)   --->   "%specinterface_ln0 = specinterface void @_ssdm_op_SpecInterface, i32 %W2_0, void @empty_5, i32 0, i32 0, void @empty_2, i32 4294967295, i32 0, void @empty_2, void @empty_2, void @empty_2, i32 0, i32 0, i32 0, i32 0, void @empty_2, void @empty_2, i32 4294967295, i32 0, i32 0, i32 0"   --->   Operation 39 'specinterface' 'specinterface_ln0' <Predicate = true> <Delay = 0.00>
ST_1 : Operation 40 [1/1] (0.00ns)   --->   "%specbitsmap_ln0 = specbitsmap void @_ssdm_op_SpecBitsMap, i32 %W2_0"   --->   Operation 40 'specbitsmap' 'specbitsmap_ln0' <Predicate = true> <Delay = 0.00>
ST_1 : Operation 41 [1/1] (0.00ns)   --->   "%specinterface_ln0 = specinterface void @_ssdm_op_SpecInterface, i32 %W2_1, void @empty_5, i32 0, i32 0, void @empty_2, i32 4294967295, i32 0, void @empty_2, void @empty_2, void @empty_2, i32 0, i32 0, i32 0, i32 0, void @empty_2, void @empty_2, i32 4294967295, i32 0, i32 0, i32 0"   --->   Operation 41 'specinterface' 'specinterface_ln0' <Predicate = true> <Delay = 0.00>
ST_1 : Operation 42 [1/1] (0.00ns)   --->   "%specbitsmap_ln0 = specbitsmap void @_ssdm_op_SpecBitsMap, i32 %W2_1"   --->   Operation 42 'specbitsmap' 'specbitsmap_ln0' <Predicate = true> <Delay = 0.00>
ST_1 : Operation 43 [1/1] (0.00ns)   --->   "%specinterface_ln0 = specinterface void @_ssdm_op_SpecInterface, i32 %TAU2, void @empty_5, i32 0, i32 0, void @empty_2, i32 4294967295, i32 0, void @empty_2, void @empty_2, void @empty_2, i32 0, i32 0, i32 0, i32 0, void @empty_2, void @empty_2, i32 4294967295, i32 0, i32 0, i32 0"   --->   Operation 43 'specinterface' 'specinterface_ln0' <Predicate = true> <Delay = 0.00>
ST_1 : Operation 44 [1/1] (0.00ns)   --->   "%specbitsmap_ln0 = specbitsmap void @_ssdm_op_SpecBitsMap, i32 %TAU2"   --->   Operation 44 'specbitsmap' 'specbitsmap_ln0' <Predicate = true> <Delay = 0.00>
ST_1 : Operation 45 [1/1] (0.00ns)   --->   "%specinterface_ln0 = specinterface void @_ssdm_op_SpecInterface, i32 %W3_0, void @empty_5, i32 0, i32 0, void @empty_2, i32 4294967295, i32 0, void @empty_2, void @empty_2, void @empty_2, i32 0, i32 0, i32 0, i32 0, void @empty_2, void @empty_2, i32 4294967295, i32 0, i32 0, i32 0"   --->   Operation 45 'specinterface' 'specinterface_ln0' <Predicate = true> <Delay = 0.00>
ST_1 : Operation 46 [1/1] (0.00ns)   --->   "%specbitsmap_ln0 = specbitsmap void @_ssdm_op_SpecBitsMap, i32 %W3_0"   --->   Operation 46 'specbitsmap' 'specbitsmap_ln0' <Predicate = true> <Delay = 0.00>
ST_1 : Operation 47 [1/1] (0.00ns)   --->   "%specinterface_ln0 = specinterface void @_ssdm_op_SpecInterface, i32 %W3_1, void @empty_5, i32 0, i32 0, void @empty_2, i32 4294967295, i32 0, void @empty_2, void @empty_2, void @empty_2, i32 0, i32 0, i32 0, i32 0, void @empty_2, void @empty_2, i32 4294967295, i32 0, i32 0, i32 0"   --->   Operation 47 'specinterface' 'specinterface_ln0' <Predicate = true> <Delay = 0.00>
ST_1 : Operation 48 [1/1] (0.00ns)   --->   "%specbitsmap_ln0 = specbitsmap void @_ssdm_op_SpecBitsMap, i32 %W3_1"   --->   Operation 48 'specbitsmap' 'specbitsmap_ln0' <Predicate = true> <Delay = 0.00>
ST_1 : Operation 49 [1/1] (0.00ns)   --->   "%specinterface_ln0 = specinterface void @_ssdm_op_SpecInterface, i32 %TAU3, void @empty_5, i32 0, i32 0, void @empty_2, i32 4294967295, i32 0, void @empty_2, void @empty_2, void @empty_2, i32 0, i32 0, i32 0, i32 0, void @empty_2, void @empty_2, i32 4294967295, i32 0, i32 0, i32 0"   --->   Operation 49 'specinterface' 'specinterface_ln0' <Predicate = true> <Delay = 0.00>
ST_1 : Operation 50 [1/1] (0.00ns)   --->   "%specbitsmap_ln0 = specbitsmap void @_ssdm_op_SpecBitsMap, i32 %TAU3"   --->   Operation 50 'specbitsmap' 'specbitsmap_ln0' <Predicate = true> <Delay = 0.00>
ST_1 : Operation 51 [1/1] (0.00ns)   --->   "%specinterface_ln0 = specinterface void @_ssdm_op_SpecInterface, i32 %WF1, void @empty_5, i32 0, i32 0, void @empty_2, i32 4294967295, i32 0, void @empty_2, void @empty_2, void @empty_2, i32 0, i32 0, i32 0, i32 0, void @empty_2, void @empty_2, i32 4294967295, i32 0, i32 0, i32 0"   --->   Operation 51 'specinterface' 'specinterface_ln0' <Predicate = true> <Delay = 0.00>
ST_1 : Operation 52 [1/1] (0.00ns)   --->   "%specbitsmap_ln0 = specbitsmap void @_ssdm_op_SpecBitsMap, i32 %WF1"   --->   Operation 52 'specbitsmap' 'specbitsmap_ln0' <Predicate = true> <Delay = 0.00>
ST_1 : Operation 53 [1/1] (0.00ns)   --->   "%specinterface_ln0 = specinterface void @_ssdm_op_SpecInterface, i32 %TAUF1, void @empty_5, i32 0, i32 0, void @empty_2, i32 4294967295, i32 0, void @empty_2, void @empty_2, void @empty_2, i32 0, i32 0, i32 0, i32 0, void @empty_2, void @empty_2, i32 4294967295, i32 0, i32 0, i32 0"   --->   Operation 53 'specinterface' 'specinterface_ln0' <Predicate = true> <Delay = 0.00>
ST_1 : Operation 54 [1/1] (0.00ns)   --->   "%specbitsmap_ln0 = specbitsmap void @_ssdm_op_SpecBitsMap, i32 %TAUF1"   --->   Operation 54 'specbitsmap' 'specbitsmap_ln0' <Predicate = true> <Delay = 0.00>
ST_1 : Operation 55 [1/1] (0.00ns)   --->   "%specinterface_ln0 = specinterface void @_ssdm_op_SpecInterface, i32 %WF2, void @empty_5, i32 0, i32 0, void @empty_2, i32 4294967295, i32 0, void @empty_2, void @empty_2, void @empty_2, i32 0, i32 0, i32 0, i32 0, void @empty_2, void @empty_2, i32 4294967295, i32 0, i32 0, i32 0"   --->   Operation 55 'specinterface' 'specinterface_ln0' <Predicate = true> <Delay = 0.00>
ST_1 : Operation 56 [1/1] (0.00ns)   --->   "%specbitsmap_ln0 = specbitsmap void @_ssdm_op_SpecBitsMap, i32 %WF2"   --->   Operation 56 'specbitsmap' 'specbitsmap_ln0' <Predicate = true> <Delay = 0.00>
ST_1 : Operation 57 [1/1] (0.00ns)   --->   "%specinterface_ln0 = specinterface void @_ssdm_op_SpecInterface, i32 %BF2, void @empty_5, i32 0, i32 0, void @empty_2, i32 4294967295, i32 0, void @empty_2, void @empty_2, void @empty_2, i32 0, i32 0, i32 0, i32 0, void @empty_2, void @empty_2, i32 4294967295, i32 0, i32 0, i32 0"   --->   Operation 57 'specinterface' 'specinterface_ln0' <Predicate = true> <Delay = 0.00>
ST_1 : Operation 58 [1/1] (0.00ns)   --->   "%specbitsmap_ln0 = specbitsmap void @_ssdm_op_SpecBitsMap, i32 %BF2"   --->   Operation 58 'specbitsmap' 'specbitsmap_ln0' <Predicate = true> <Delay = 0.00>
ST_1 : Operation 59 [1/1] (0.00ns)   --->   "%specbitsmap_ln0 = specbitsmap void @_ssdm_op_SpecBitsMap, i32 %logit0"   --->   Operation 59 'specbitsmap' 'specbitsmap_ln0' <Predicate = true> <Delay = 0.00>
ST_1 : Operation 60 [1/1] (0.00ns)   --->   "%specinterface_ln0 = specinterface void @_ssdm_op_SpecInterface, i32 %logit0, void @empty_6, i32 0, i32 0, void @empty_2, i32 0, i32 0, void @empty_2, void @empty_2, void @empty_2, i32 0, i32 0, i32 0, i32 0, void @empty_2, void @empty_2, i32 4294967295, i32 0, i32 0, i32 0"   --->   Operation 60 'specinterface' 'specinterface_ln0' <Predicate = true> <Delay = 0.00>
ST_1 : Operation 61 [1/1] (0.00ns)   --->   "%specbitsmap_ln0 = specbitsmap void @_ssdm_op_SpecBitsMap, i32 %logit1"   --->   Operation 61 'specbitsmap' 'specbitsmap_ln0' <Predicate = true> <Delay = 0.00>
ST_1 : Operation 62 [1/1] (0.00ns)   --->   "%specinterface_ln0 = specinterface void @_ssdm_op_SpecInterface, i32 %logit1, void @empty_6, i32 0, i32 0, void @empty_2, i32 0, i32 0, void @empty_2, void @empty_2, void @empty_2, i32 0, i32 0, i32 0, i32 0, void @empty_2, void @empty_2, i32 4294967295, i32 0, i32 0, i32 0"   --->   Operation 62 'specinterface' 'specinterface_ln0' <Predicate = true> <Delay = 0.00>
ST_1 : Operation 63 [1/1] (0.00ns)   --->   "%specbitsmap_ln0 = specbitsmap void @_ssdm_op_SpecBitsMap, i32 %pred_r"   --->   Operation 63 'specbitsmap' 'specbitsmap_ln0' <Predicate = true> <Delay = 0.00>
ST_1 : Operation 64 [1/1] (0.00ns)   --->   "%specinterface_ln0 = specinterface void @_ssdm_op_SpecInterface, i32 %pred_r, void @empty_6, i32 0, i32 0, void @empty_2, i32 0, i32 0, void @empty_2, void @empty_2, void @empty_2, i32 0, i32 0, i32 0, i32 0, void @empty_2, void @empty_2, i32 4294967295, i32 0, i32 0, i32 0"   --->   Operation 64 'specinterface' 'specinterface_ln0' <Predicate = true> <Delay = 0.00>
ST_1 : Operation 65 [1/1] (0.42ns)   --->   "%store_ln49 = store i6 0, i6 %oc" [bnn.cpp:49]   --->   Operation 65 'store' 'store_ln49' <Predicate = true> <Delay = 0.42>
ST_1 : Operation 66 [1/1] (0.00ns)   --->   "%br_ln49 = br void %VITIS_LOOP_50_2" [bnn.cpp:49]   --->   Operation 66 'br' 'br_ln49' <Predicate = true> <Delay = 0.00>

State 2 <SV = 1> <Delay = 1.54>
ST_2 : Operation 67 [1/1] (0.00ns)   --->   "%oc_3 = load i6 %oc" [bnn.cpp:49]   --->   Operation 67 'load' 'oc_3' <Predicate = true> <Delay = 0.00>
ST_2 : Operation 68 [1/1] (0.78ns)   --->   "%icmp_ln49 = icmp_eq  i6 %oc_3, i6 32" [bnn.cpp:49]   --->   Operation 68 'icmp' 'icmp_ln49' <Predicate = true> <Delay = 0.78> <CoreInst = "Cmp">   --->   Core 9 'Cmp' <Latency = 0> <II = 1> <Delay = 0.78> <FuncUnit> <Opcode : 'seteq' 'setne' 'setle' 'setge' 'setlt' 'setgt'> <InPorts = 2> <OutPorts = 1>
ST_2 : Operation 69 [1/1] (0.78ns)   --->   "%add_ln49 = add i6 %oc_3, i6 1" [bnn.cpp:49]   --->   Operation 69 'add' 'add_ln49' <Predicate = true> <Delay = 0.78> <CoreInst = "Adder">   --->   Core 1 'Adder' <Latency = 0> <II = 1> <Delay = 0.78> <FuncUnit> <Opcode : 'add' 'sub'> <InPorts = 2> <OutPorts = 1>
ST_2 : Operation 70 [1/1] (0.00ns)   --->   "%br_ln49 = br i1 %icmp_ln49, void %VITIS_LOOP_50_2.split, void %VITIS_LOOP_79_9.preheader" [bnn.cpp:49]   --->   Operation 70 'br' 'br_ln49' <Predicate = true> <Delay = 0.00>
ST_2 : Operation 71 [1/1] (0.00ns)   --->   "%trunc_ln59 = trunc i6 %oc_3" [bnn.cpp:59]   --->   Operation 71 'trunc' 'trunc_ln59' <Predicate = (!icmp_ln49)> <Delay = 0.00>
ST_2 : Operation 72 [1/1] (0.00ns)   --->   "%zext_ln59_9 = zext i5 %trunc_ln59" [bnn.cpp:59]   --->   Operation 72 'zext' 'zext_ln59_9' <Predicate = (!icmp_ln49)> <Delay = 0.00>
ST_2 : Operation 73 [1/1] (0.00ns)   --->   "%tmp = bitconcatenate i8 @_ssdm_op_BitConcatenate.i8.i5.i3, i5 %trunc_ln59, i3 0" [bnn.cpp:59]   --->   Operation 73 'bitconcatenate' 'tmp' <Predicate = (!icmp_ln49)> <Delay = 0.00>
ST_2 : Operation 74 [1/1] (0.00ns)   --->   "%zext_ln59_10 = zext i8 %tmp" [bnn.cpp:59]   --->   Operation 74 'zext' 'zext_ln59_10' <Predicate = (!icmp_ln49)> <Delay = 0.00>
ST_2 : Operation 75 [1/1] (0.76ns)   --->   "%add_ln59_8 = add i9 %zext_ln59_10, i9 %zext_ln59_9" [bnn.cpp:59]   --->   Operation 75 'add' 'add_ln59_8' <Predicate = (!icmp_ln49)> <Delay = 0.76> <CoreInst = "Adder">   --->   Core 1 'Adder' <Latency = 0> <II = 1> <Delay = 0.76> <FuncUnit> <Opcode : 'add' 'sub'> <InPorts = 2> <OutPorts = 1>
ST_2 : Operation 76 [1/1] (0.00ns)   --->   "%trunc_ln59_1 = trunc i9 %add_ln59_8" [bnn.cpp:59]   --->   Operation 76 'trunc' 'trunc_ln59_1' <Predicate = (!icmp_ln49)> <Delay = 0.00>
ST_2 : Operation 77 [1/1] (0.00ns)   --->   "%lshr_ln = partselect i4 @_ssdm_op_PartSelect.i4.i9.i32.i32, i9 %add_ln59_8, i32 5, i32 8" [bnn.cpp:59]   --->   Operation 77 'partselect' 'lshr_ln' <Predicate = (!icmp_ln49)> <Delay = 0.00>
ST_2 : Operation 78 [1/1] (0.77ns)   --->   "%add_ln59_3 = add i9 %add_ln59_8, i9 4" [bnn.cpp:59]   --->   Operation 78 'add' 'add_ln59_3' <Predicate = (!icmp_ln49)> <Delay = 0.77> <CoreInst = "Adder">   --->   Core 1 'Adder' <Latency = 0> <II = 1> <Delay = 0.77> <FuncUnit> <Opcode : 'add' 'sub'> <InPorts = 2> <OutPorts = 1>
ST_2 : Operation 79 [1/1] (0.00ns)   --->   "%trunc_ln59_5 = trunc i9 %add_ln59_3" [bnn.cpp:59]   --->   Operation 79 'trunc' 'trunc_ln59_5' <Predicate = (!icmp_ln49)> <Delay = 0.00>
ST_2 : Operation 80 [1/1] (0.00ns)   --->   "%lshr_ln59_4 = partselect i4 @_ssdm_op_PartSelect.i4.i9.i32.i32, i9 %add_ln59_3, i32 5, i32 8" [bnn.cpp:59]   --->   Operation 80 'partselect' 'lshr_ln59_4' <Predicate = (!icmp_ln49)> <Delay = 0.00>
ST_2 : Operation 81 [1/1] (0.00ns)   --->   "%zext_ln59_4 = zext i4 %lshr_ln59_4" [bnn.cpp:59]   --->   Operation 81 'zext' 'zext_ln59_4' <Predicate = (!icmp_ln49)> <Delay = 0.00>
ST_2 : Operation 82 [1/1] (0.00ns)   --->   "%W1_addr = getelementptr i32 %W1, i64 0, i64 %zext_ln59_4" [bnn.cpp:59]   --->   Operation 82 'getelementptr' 'W1_addr' <Predicate = (!icmp_ln49)> <Delay = 0.00>
ST_2 : Operation 83 [2/2] (0.00ns)   --->   "%W1_load = load i4 %W1_addr" [bnn.cpp:59]   --->   Operation 83 'load' 'W1_load' <Predicate = (!icmp_ln49)> <Delay = 0.00> <CoreInst = "RAM">   --->   Core 82 'RAM' <Latency = 1> <II = 1> <Delay = 0.67> <Storage> <Opcode : 'load' 'store'> <Ports = 2> <Width = 32> <Depth = 9> <RAM>
ST_2 : Operation 84 [1/1] (0.42ns)   --->   "%store_ln49 = store i6 %add_ln49, i6 %oc" [bnn.cpp:49]   --->   Operation 84 'store' 'store_ln49' <Predicate = (!icmp_ln49)> <Delay = 0.42>
ST_2 : Operation 85 [1/1] (0.00ns)   --->   "%oc_1 = alloca i32 1" [bnn.cpp:78]   --->   Operation 85 'alloca' 'oc_1' <Predicate = (icmp_ln49)> <Delay = 0.00>
ST_2 : Operation 86 [1/1] (0.42ns)   --->   "%store_ln78 = store i7 0, i7 %oc_1" [bnn.cpp:78]   --->   Operation 86 'store' 'store_ln78' <Predicate = (icmp_ln49)> <Delay = 0.42>
ST_2 : Operation 87 [1/1] (0.00ns)   --->   "%br_ln78 = br void %VITIS_LOOP_79_9" [bnn.cpp:78]   --->   Operation 87 'br' 'br_ln78' <Predicate = (icmp_ln49)> <Delay = 0.00>

State 3 <SV = 2> <Delay = 0.77>
ST_3 : Operation 88 [1/1] (0.00ns)   --->   "%zext_ln59 = zext i4 %lshr_ln" [bnn.cpp:59]   --->   Operation 88 'zext' 'zext_ln59' <Predicate = true> <Delay = 0.00>
ST_3 : Operation 89 [1/1] (0.77ns)   --->   "%add_ln59 = add i9 %add_ln59_8, i9 1" [bnn.cpp:59]   --->   Operation 89 'add' 'add_ln59' <Predicate = true> <Delay = 0.77> <CoreInst = "Adder">   --->   Core 1 'Adder' <Latency = 0> <II = 1> <Delay = 0.77> <FuncUnit> <Opcode : 'add' 'sub'> <InPorts = 2> <OutPorts = 1>
ST_3 : Operation 90 [1/1] (0.00ns)   --->   "%trunc_ln59_2 = trunc i9 %add_ln59" [bnn.cpp:59]   --->   Operation 90 'trunc' 'trunc_ln59_2' <Predicate = true> <Delay = 0.00>
ST_3 : Operation 91 [1/1] (0.00ns)   --->   "%lshr_ln59_1 = partselect i4 @_ssdm_op_PartSelect.i4.i9.i32.i32, i9 %add_ln59, i32 5, i32 8" [bnn.cpp:59]   --->   Operation 91 'partselect' 'lshr_ln59_1' <Predicate = true> <Delay = 0.00>
ST_3 : Operation 92 [1/1] (0.00ns)   --->   "%zext_ln59_1 = zext i4 %lshr_ln59_1" [bnn.cpp:59]   --->   Operation 92 'zext' 'zext_ln59_1' <Predicate = true> <Delay = 0.00>
ST_3 : Operation 93 [1/2] ( I:0.00ns O:0.00ns )   --->   "%W1_load = load i4 %W1_addr" [bnn.cpp:59]   --->   Operation 93 'load' 'W1_load' <Predicate = true> <Delay = 0.00> <CoreInst = "RAM">   --->   Core 82 'RAM' <Latency = 1> <II = 1> <Delay = 0.67> <Storage> <Opcode : 'load' 'store'> <Ports = 2> <Width = 32> <Depth = 9> <RAM>
ST_3 : Operation 94 [1/1] (0.57ns)   --->   "%cmp38_1_1 = bitselect i1 @_ssdm_op_BitSelect.i1.i32.i5, i32 %W1_load, i5 %trunc_ln59_5" [bnn.cpp:59]   --->   Operation 94 'bitselect' 'cmp38_1_1' <Predicate = true> <Delay = 0.57> <CoreInst = "BitSelector">   --->   Core 153 'BitSelector' <Latency = 0> <II = 1> <Delay = 0.57> <FuncUnit> <Opcode : 'bitselect'> <InPorts = 2> <OutPorts = 1>
ST_3 : Operation 95 [1/1] (0.00ns)   --->   "%W1_addr_1 = getelementptr i32 %W1, i64 0, i64 %zext_ln59" [bnn.cpp:59]   --->   Operation 95 'getelementptr' 'W1_addr_1' <Predicate = true> <Delay = 0.00>
ST_3 : Operation 96 [1/1] (0.00ns)   --->   "%W1_addr_2 = getelementptr i32 %W1, i64 0, i64 %zext_ln59_1" [bnn.cpp:59]   --->   Operation 96 'getelementptr' 'W1_addr_2' <Predicate = true> <Delay = 0.00>
ST_3 : Operation 97 [2/2] (0.00ns)   --->   "%W1_load_1 = load i4 %W1_addr_1" [bnn.cpp:59]   --->   Operation 97 'load' 'W1_load_1' <Predicate = true> <Delay = 0.00> <CoreInst = "RAM">   --->   Core 82 'RAM' <Latency = 1> <II = 1> <Delay = 0.67> <Storage> <Opcode : 'load' 'store'> <Ports = 2> <Width = 32> <Depth = 9> <RAM>
ST_3 : Operation 98 [2/2] (0.00ns)   --->   "%W1_load_2 = load i4 %W1_addr_2" [bnn.cpp:59]   --->   Operation 98 'load' 'W1_load_2' <Predicate = true> <Delay = 0.00> <CoreInst = "RAM">   --->   Core 82 'RAM' <Latency = 1> <II = 1> <Delay = 0.67> <Storage> <Opcode : 'load' 'store'> <Ports = 2> <Width = 32> <Depth = 9> <RAM>

State 4 <SV = 3> <Delay = 0.77>
ST_4 : Operation 99 [1/1] (0.77ns)   --->   "%add_ln59_1 = add i9 %add_ln59_8, i9 2" [bnn.cpp:59]   --->   Operation 99 'add' 'add_ln59_1' <Predicate = true> <Delay = 0.77> <CoreInst = "Adder">   --->   Core 1 'Adder' <Latency = 0> <II = 1> <Delay = 0.77> <FuncUnit> <Opcode : 'add' 'sub'> <InPorts = 2> <OutPorts = 1>
ST_4 : Operation 100 [1/1] (0.00ns)   --->   "%trunc_ln59_3 = trunc i9 %add_ln59_1" [bnn.cpp:59]   --->   Operation 100 'trunc' 'trunc_ln59_3' <Predicate = true> <Delay = 0.00>
ST_4 : Operation 101 [1/1] (0.00ns)   --->   "%lshr_ln59_2 = partselect i4 @_ssdm_op_PartSelect.i4.i9.i32.i32, i9 %add_ln59_1, i32 5, i32 8" [bnn.cpp:59]   --->   Operation 101 'partselect' 'lshr_ln59_2' <Predicate = true> <Delay = 0.00>
ST_4 : Operation 102 [1/1] (0.00ns)   --->   "%zext_ln59_2 = zext i4 %lshr_ln59_2" [bnn.cpp:59]   --->   Operation 102 'zext' 'zext_ln59_2' <Predicate = true> <Delay = 0.00>
ST_4 : Operation 103 [1/1] (0.77ns)   --->   "%add_ln59_2 = add i9 %add_ln59_8, i9 3" [bnn.cpp:59]   --->   Operation 103 'add' 'add_ln59_2' <Predicate = true> <Delay = 0.77> <CoreInst = "Adder">   --->   Core 1 'Adder' <Latency = 0> <II = 1> <Delay = 0.77> <FuncUnit> <Opcode : 'add' 'sub'> <InPorts = 2> <OutPorts = 1>
ST_4 : Operation 104 [1/1] (0.00ns)   --->   "%trunc_ln59_4 = trunc i9 %add_ln59_2" [bnn.cpp:59]   --->   Operation 104 'trunc' 'trunc_ln59_4' <Predicate = true> <Delay = 0.00>
ST_4 : Operation 105 [1/1] (0.00ns)   --->   "%lshr_ln59_3 = partselect i4 @_ssdm_op_PartSelect.i4.i9.i32.i32, i9 %add_ln59_2, i32 5, i32 8" [bnn.cpp:59]   --->   Operation 105 'partselect' 'lshr_ln59_3' <Predicate = true> <Delay = 0.00>
ST_4 : Operation 106 [1/1] (0.00ns)   --->   "%zext_ln59_3 = zext i4 %lshr_ln59_3" [bnn.cpp:59]   --->   Operation 106 'zext' 'zext_ln59_3' <Predicate = true> <Delay = 0.00>
ST_4 : Operation 107 [1/1] (0.00ns)   --->   "%W1_addr_3 = getelementptr i32 %W1, i64 0, i64 %zext_ln59_2" [bnn.cpp:59]   --->   Operation 107 'getelementptr' 'W1_addr_3' <Predicate = true> <Delay = 0.00>
ST_4 : Operation 108 [1/1] (0.00ns)   --->   "%W1_addr_4 = getelementptr i32 %W1, i64 0, i64 %zext_ln59_3" [bnn.cpp:59]   --->   Operation 108 'getelementptr' 'W1_addr_4' <Predicate = true> <Delay = 0.00>
ST_4 : Operation 109 [1/2] ( I:0.00ns O:0.00ns )   --->   "%W1_load_1 = load i4 %W1_addr_1" [bnn.cpp:59]   --->   Operation 109 'load' 'W1_load_1' <Predicate = true> <Delay = 0.00> <CoreInst = "RAM">   --->   Core 82 'RAM' <Latency = 1> <II = 1> <Delay = 0.67> <Storage> <Opcode : 'load' 'store'> <Ports = 2> <Width = 32> <Depth = 9> <RAM>
ST_4 : Operation 110 [1/2] ( I:0.00ns O:0.00ns )   --->   "%W1_load_2 = load i4 %W1_addr_2" [bnn.cpp:59]   --->   Operation 110 'load' 'W1_load_2' <Predicate = true> <Delay = 0.00> <CoreInst = "RAM">   --->   Core 82 'RAM' <Latency = 1> <II = 1> <Delay = 0.67> <Storage> <Opcode : 'load' 'store'> <Ports = 2> <Width = 32> <Depth = 9> <RAM>
ST_4 : Operation 111 [2/2] (0.00ns)   --->   "%W1_load_3 = load i4 %W1_addr_3" [bnn.cpp:59]   --->   Operation 111 'load' 'W1_load_3' <Predicate = true> <Delay = 0.00> <CoreInst = "RAM">   --->   Core 82 'RAM' <Latency = 1> <II = 1> <Delay = 0.67> <Storage> <Opcode : 'load' 'store'> <Ports = 2> <Width = 32> <Depth = 9> <RAM>
ST_4 : Operation 112 [2/2] (0.00ns)   --->   "%W1_load_4 = load i4 %W1_addr_4" [bnn.cpp:59]   --->   Operation 112 'load' 'W1_load_4' <Predicate = true> <Delay = 0.00> <CoreInst = "RAM">   --->   Core 82 'RAM' <Latency = 1> <II = 1> <Delay = 0.67> <Storage> <Opcode : 'load' 'store'> <Ports = 2> <Width = 32> <Depth = 9> <RAM>

State 5 <SV = 4> <Delay = 0.77>
ST_5 : Operation 113 [1/1] (0.77ns)   --->   "%add_ln59_4 = add i9 %add_ln59_8, i9 5" [bnn.cpp:59]   --->   Operation 113 'add' 'add_ln59_4' <Predicate = true> <Delay = 0.77> <CoreInst = "Adder">   --->   Core 1 'Adder' <Latency = 0> <II = 1> <Delay = 0.77> <FuncUnit> <Opcode : 'add' 'sub'> <InPorts = 2> <OutPorts = 1>
ST_5 : Operation 114 [1/1] (0.00ns)   --->   "%trunc_ln59_6 = trunc i9 %add_ln59_4" [bnn.cpp:59]   --->   Operation 114 'trunc' 'trunc_ln59_6' <Predicate = true> <Delay = 0.00>
ST_5 : Operation 115 [1/1] (0.00ns)   --->   "%lshr_ln59_5 = partselect i4 @_ssdm_op_PartSelect.i4.i9.i32.i32, i9 %add_ln59_4, i32 5, i32 8" [bnn.cpp:59]   --->   Operation 115 'partselect' 'lshr_ln59_5' <Predicate = true> <Delay = 0.00>
ST_5 : Operation 116 [1/1] (0.00ns)   --->   "%zext_ln59_5 = zext i4 %lshr_ln59_5" [bnn.cpp:59]   --->   Operation 116 'zext' 'zext_ln59_5' <Predicate = true> <Delay = 0.00>
ST_5 : Operation 117 [1/1] (0.77ns)   --->   "%add_ln59_5 = add i9 %add_ln59_8, i9 6" [bnn.cpp:59]   --->   Operation 117 'add' 'add_ln59_5' <Predicate = true> <Delay = 0.77> <CoreInst = "Adder">   --->   Core 1 'Adder' <Latency = 0> <II = 1> <Delay = 0.77> <FuncUnit> <Opcode : 'add' 'sub'> <InPorts = 2> <OutPorts = 1>
ST_5 : Operation 118 [1/1] (0.00ns)   --->   "%trunc_ln59_7 = trunc i9 %add_ln59_5" [bnn.cpp:59]   --->   Operation 118 'trunc' 'trunc_ln59_7' <Predicate = true> <Delay = 0.00>
ST_5 : Operation 119 [1/1] (0.00ns)   --->   "%lshr_ln59_6 = partselect i4 @_ssdm_op_PartSelect.i4.i9.i32.i32, i9 %add_ln59_5, i32 5, i32 8" [bnn.cpp:59]   --->   Operation 119 'partselect' 'lshr_ln59_6' <Predicate = true> <Delay = 0.00>
ST_5 : Operation 120 [1/1] (0.00ns)   --->   "%zext_ln59_6 = zext i4 %lshr_ln59_6" [bnn.cpp:59]   --->   Operation 120 'zext' 'zext_ln59_6' <Predicate = true> <Delay = 0.00>
ST_5 : Operation 121 [1/1] (0.00ns)   --->   "%W1_addr_5 = getelementptr i32 %W1, i64 0, i64 %zext_ln59_5" [bnn.cpp:59]   --->   Operation 121 'getelementptr' 'W1_addr_5' <Predicate = true> <Delay = 0.00>
ST_5 : Operation 122 [1/1] (0.00ns)   --->   "%W1_addr_6 = getelementptr i32 %W1, i64 0, i64 %zext_ln59_6" [bnn.cpp:59]   --->   Operation 122 'getelementptr' 'W1_addr_6' <Predicate = true> <Delay = 0.00>
ST_5 : Operation 123 [1/2] ( I:0.00ns O:0.00ns )   --->   "%W1_load_3 = load i4 %W1_addr_3" [bnn.cpp:59]   --->   Operation 123 'load' 'W1_load_3' <Predicate = true> <Delay = 0.00> <CoreInst = "RAM">   --->   Core 82 'RAM' <Latency = 1> <II = 1> <Delay = 0.67> <Storage> <Opcode : 'load' 'store'> <Ports = 2> <Width = 32> <Depth = 9> <RAM>
ST_5 : Operation 124 [1/2] ( I:0.00ns O:0.00ns )   --->   "%W1_load_4 = load i4 %W1_addr_4" [bnn.cpp:59]   --->   Operation 124 'load' 'W1_load_4' <Predicate = true> <Delay = 0.00> <CoreInst = "RAM">   --->   Core 82 'RAM' <Latency = 1> <II = 1> <Delay = 0.67> <Storage> <Opcode : 'load' 'store'> <Ports = 2> <Width = 32> <Depth = 9> <RAM>
ST_5 : Operation 125 [2/2] (0.00ns)   --->   "%W1_load_5 = load i4 %W1_addr_5" [bnn.cpp:59]   --->   Operation 125 'load' 'W1_load_5' <Predicate = true> <Delay = 0.00> <CoreInst = "RAM">   --->   Core 82 'RAM' <Latency = 1> <II = 1> <Delay = 0.67> <Storage> <Opcode : 'load' 'store'> <Ports = 2> <Width = 32> <Depth = 9> <RAM>
ST_5 : Operation 126 [2/2] (0.00ns)   --->   "%W1_load_6 = load i4 %W1_addr_6" [bnn.cpp:59]   --->   Operation 126 'load' 'W1_load_6' <Predicate = true> <Delay = 0.00> <CoreInst = "RAM">   --->   Core 82 'RAM' <Latency = 1> <II = 1> <Delay = 0.67> <Storage> <Opcode : 'load' 'store'> <Ports = 2> <Width = 32> <Depth = 9> <RAM>

State 6 <SV = 5> <Delay = 0.77>
ST_6 : Operation 127 [1/1] (0.77ns)   --->   "%add_ln59_6 = add i9 %add_ln59_8, i9 7" [bnn.cpp:59]   --->   Operation 127 'add' 'add_ln59_6' <Predicate = true> <Delay = 0.77> <CoreInst = "Adder">   --->   Core 1 'Adder' <Latency = 0> <II = 1> <Delay = 0.77> <FuncUnit> <Opcode : 'add' 'sub'> <InPorts = 2> <OutPorts = 1>
ST_6 : Operation 128 [1/1] (0.00ns)   --->   "%trunc_ln59_8 = trunc i9 %add_ln59_6" [bnn.cpp:59]   --->   Operation 128 'trunc' 'trunc_ln59_8' <Predicate = true> <Delay = 0.00>
ST_6 : Operation 129 [1/1] (0.00ns)   --->   "%lshr_ln59_7 = partselect i4 @_ssdm_op_PartSelect.i4.i9.i32.i32, i9 %add_ln59_6, i32 5, i32 8" [bnn.cpp:59]   --->   Operation 129 'partselect' 'lshr_ln59_7' <Predicate = true> <Delay = 0.00>
ST_6 : Operation 130 [1/1] (0.00ns)   --->   "%zext_ln59_7 = zext i4 %lshr_ln59_7" [bnn.cpp:59]   --->   Operation 130 'zext' 'zext_ln59_7' <Predicate = true> <Delay = 0.00>
ST_6 : Operation 131 [1/1] (0.77ns)   --->   "%add_ln59_7 = add i9 %add_ln59_8, i9 8" [bnn.cpp:59]   --->   Operation 131 'add' 'add_ln59_7' <Predicate = true> <Delay = 0.77> <CoreInst = "Adder">   --->   Core 1 'Adder' <Latency = 0> <II = 1> <Delay = 0.77> <FuncUnit> <Opcode : 'add' 'sub'> <InPorts = 2> <OutPorts = 1>
ST_6 : Operation 132 [1/1] (0.00ns)   --->   "%trunc_ln59_9 = trunc i9 %add_ln59_7" [bnn.cpp:59]   --->   Operation 132 'trunc' 'trunc_ln59_9' <Predicate = true> <Delay = 0.00>
ST_6 : Operation 133 [1/1] (0.00ns)   --->   "%lshr_ln59_8 = partselect i4 @_ssdm_op_PartSelect.i4.i9.i32.i32, i9 %add_ln59_7, i32 5, i32 8" [bnn.cpp:59]   --->   Operation 133 'partselect' 'lshr_ln59_8' <Predicate = true> <Delay = 0.00>
ST_6 : Operation 134 [1/1] (0.00ns)   --->   "%zext_ln59_8 = zext i4 %lshr_ln59_8" [bnn.cpp:59]   --->   Operation 134 'zext' 'zext_ln59_8' <Predicate = true> <Delay = 0.00>
ST_6 : Operation 135 [1/1] (0.00ns)   --->   "%W1_addr_7 = getelementptr i32 %W1, i64 0, i64 %zext_ln59_7" [bnn.cpp:59]   --->   Operation 135 'getelementptr' 'W1_addr_7' <Predicate = true> <Delay = 0.00>
ST_6 : Operation 136 [1/1] (0.00ns)   --->   "%W1_addr_8 = getelementptr i32 %W1, i64 0, i64 %zext_ln59_8" [bnn.cpp:59]   --->   Operation 136 'getelementptr' 'W1_addr_8' <Predicate = true> <Delay = 0.00>
ST_6 : Operation 137 [1/2] ( I:0.00ns O:0.00ns )   --->   "%W1_load_5 = load i4 %W1_addr_5" [bnn.cpp:59]   --->   Operation 137 'load' 'W1_load_5' <Predicate = true> <Delay = 0.00> <CoreInst = "RAM">   --->   Core 82 'RAM' <Latency = 1> <II = 1> <Delay = 0.67> <Storage> <Opcode : 'load' 'store'> <Ports = 2> <Width = 32> <Depth = 9> <RAM>
ST_6 : Operation 138 [1/2] ( I:0.00ns O:0.00ns )   --->   "%W1_load_6 = load i4 %W1_addr_6" [bnn.cpp:59]   --->   Operation 138 'load' 'W1_load_6' <Predicate = true> <Delay = 0.00> <CoreInst = "RAM">   --->   Core 82 'RAM' <Latency = 1> <II = 1> <Delay = 0.67> <Storage> <Opcode : 'load' 'store'> <Ports = 2> <Width = 32> <Depth = 9> <RAM>
ST_6 : Operation 139 [2/2] (0.00ns)   --->   "%W1_load_7 = load i4 %W1_addr_7" [bnn.cpp:59]   --->   Operation 139 'load' 'W1_load_7' <Predicate = true> <Delay = 0.00> <CoreInst = "RAM">   --->   Core 82 'RAM' <Latency = 1> <II = 1> <Delay = 0.67> <Storage> <Opcode : 'load' 'store'> <Ports = 2> <Width = 32> <Depth = 9> <RAM>
ST_6 : Operation 140 [2/2] (0.00ns)   --->   "%W1_load_8 = load i4 %W1_addr_8" [bnn.cpp:59]   --->   Operation 140 'load' 'W1_load_8' <Predicate = true> <Delay = 0.00> <CoreInst = "RAM">   --->   Core 82 'RAM' <Latency = 1> <II = 1> <Delay = 0.67> <Storage> <Opcode : 'load' 'store'> <Ports = 2> <Width = 32> <Depth = 9> <RAM>

State 7 <SV = 6> <Delay = 0.57>
ST_7 : Operation 141 [1/2] ( I:0.00ns O:0.00ns )   --->   "%W1_load_7 = load i4 %W1_addr_7" [bnn.cpp:59]   --->   Operation 141 'load' 'W1_load_7' <Predicate = true> <Delay = 0.00> <CoreInst = "RAM">   --->   Core 82 'RAM' <Latency = 1> <II = 1> <Delay = 0.67> <Storage> <Opcode : 'load' 'store'> <Ports = 2> <Width = 32> <Depth = 9> <RAM>
ST_7 : Operation 142 [1/2] ( I:0.00ns O:0.00ns )   --->   "%W1_load_8 = load i4 %W1_addr_8" [bnn.cpp:59]   --->   Operation 142 'load' 'W1_load_8' <Predicate = true> <Delay = 0.00> <CoreInst = "RAM">   --->   Core 82 'RAM' <Latency = 1> <II = 1> <Delay = 0.67> <Storage> <Opcode : 'load' 'store'> <Ports = 2> <Width = 32> <Depth = 9> <RAM>
ST_7 : Operation 143 [2/2] (0.57ns)   --->   "%call_ln59 = call void @bnn_top_Pipeline_VITIS_LOOP_50_2_VITIS_LOOP_51_3, i32 %img_0, i32 %img_1, i32 %img_2, i32 %img_3, i32 %W1_load_1, i5 %trunc_ln59_1, i32 %W1_load_2, i5 %trunc_ln59_2, i32 %W1_load_3, i5 %trunc_ln59_3, i32 %W1_load_4, i5 %trunc_ln59_4, i1 %cmp38_1_1, i32 %W1_load_5, i5 %trunc_ln59_6, i32 %W1_load_6, i5 %trunc_ln59_7, i32 %W1_load_7, i5 %trunc_ln59_8, i32 %W1_load_8, i5 %trunc_ln59_9, i32 %bnn_top_int_const_unsigned_int_const_int_const_unsigned_int_const_int_co_4, i32 %bnn_top_int_const_unsigned_int_const_int_const_unsigned_int_const_int_co_3, i32 %bnn_top_int_const_unsigned_int_const_int_const_unsigned_int_const_int_co_2, i32 %bnn_top_int_const_unsigned_int_const_int_const_unsigned_int_const_int_co_1, i32 %bnn_top_int_const_unsigned_int_const_int_const_unsigned_int_const_int_co" [bnn.cpp:59]   --->   Operation 143 'call' 'call_ln59' <Predicate = true> <Delay = 0.57> <CoreType = "Generic">   --->   Generic Core

State 8 <SV = 7> <Delay = 0.00>
ST_8 : Operation 144 [1/1] (0.00ns)   --->   "%zext_ln49 = zext i6 %oc_3" [bnn.cpp:49]   --->   Operation 144 'zext' 'zext_ln49' <Predicate = true> <Delay = 0.00>
ST_8 : Operation 145 [1/2] (0.00ns)   --->   "%call_ln59 = call void @bnn_top_Pipeline_VITIS_LOOP_50_2_VITIS_LOOP_51_3, i32 %img_0, i32 %img_1, i32 %img_2, i32 %img_3, i32 %W1_load_1, i5 %trunc_ln59_1, i32 %W1_load_2, i5 %trunc_ln59_2, i32 %W1_load_3, i5 %trunc_ln59_3, i32 %W1_load_4, i5 %trunc_ln59_4, i1 %cmp38_1_1, i32 %W1_load_5, i5 %trunc_ln59_6, i32 %W1_load_6, i5 %trunc_ln59_7, i32 %W1_load_7, i5 %trunc_ln59_8, i32 %W1_load_8, i5 %trunc_ln59_9, i32 %bnn_top_int_const_unsigned_int_const_int_const_unsigned_int_const_int_co_4, i32 %bnn_top_int_const_unsigned_int_const_int_const_unsigned_int_const_int_co_3, i32 %bnn_top_int_const_unsigned_int_const_int_const_unsigned_int_const_int_co_2, i32 %bnn_top_int_const_unsigned_int_const_int_const_unsigned_int_const_int_co_1, i32 %bnn_top_int_const_unsigned_int_const_int_const_unsigned_int_const_int_co" [bnn.cpp:59]   --->   Operation 145 'call' 'call_ln59' <Predicate = true> <Delay = 0.00> <CoreType = "Generic">   --->   Generic Core
ST_8 : Operation 146 [1/1] (0.00ns)   --->   "%TAU1_addr = getelementptr i32 %TAU1, i64 0, i64 %zext_ln49" [bnn.cpp:73]   --->   Operation 146 'getelementptr' 'TAU1_addr' <Predicate = true> <Delay = 0.00>
ST_8 : Operation 147 [2/2] (0.00ns)   --->   "%TAU1_load = load i5 %TAU1_addr" [bnn.cpp:73]   --->   Operation 147 'load' 'TAU1_load' <Predicate = true> <Delay = 0.00> <CoreInst = "RAM">   --->   Core 82 'RAM' <Latency = 1> <II = 1> <Delay = 1.23> <Storage> <Opcode : 'load' 'store'> <Ports = 2> <Width = 32> <Depth = 32> <RAM>

State 9 <SV = 8> <Delay = 0.00>
ST_9 : Operation 148 [1/2] ( I:0.00ns O:0.00ns )   --->   "%TAU1_load = load i5 %TAU1_addr" [bnn.cpp:73]   --->   Operation 148 'load' 'TAU1_load' <Predicate = true> <Delay = 0.00> <CoreInst = "RAM">   --->   Core 82 'RAM' <Latency = 1> <II = 1> <Delay = 1.23> <Storage> <Opcode : 'load' 'store'> <Ports = 2> <Width = 32> <Depth = 32> <RAM>
ST_9 : Operation 149 [2/2] (0.00ns)   --->   "%call_ln73 = call void @bnn_top_Pipeline_VITIS_LOOP_65_6_VITIS_LOOP_66_7, i32 %TAU1_load, i5 %trunc_ln59, i1 %bnn_top_int_const_unsigned_int_const_int_const_unsigned_int_const_int_co_20, i32 %bnn_top_int_const_unsigned_int_const_int_const_unsigned_int_const_int_co_4, i32 %bnn_top_int_const_unsigned_int_const_int_const_unsigned_int_const_int_co_3, i32 %bnn_top_int_const_unsigned_int_const_int_const_unsigned_int_const_int_co_2, i32 %bnn_top_int_const_unsigned_int_const_int_const_unsigned_int_const_int_co_1, i32 %bnn_top_int_const_unsigned_int_const_int_const_unsigned_int_const_int_co, i1 %bnn_top_int_const_unsigned_int_const_int_const_unsigned_int_const_int_co_19, i1 %bnn_top_int_const_unsigned_int_const_int_const_unsigned_int_const_int_co_18, i1 %bnn_top_int_const_unsigned_int_const_int_const_unsigned_int_const_int_co_17, i1 %bnn_top_int_const_unsigned_int_const_int_const_unsigned_int_const_int_co_16, i1 %bnn_top_int_const_unsigned_int_const_int_const_unsigned_int_const_int_co_15, i1 %bnn_top_int_const_unsigned_int_const_int_const_unsigned_int_const_int_co_14, i1 %bnn_top_int_const_unsigned_int_const_int_const_unsigned_int_const_int_co_13" [bnn.cpp:73]   --->   Operation 149 'call' 'call_ln73' <Predicate = true> <Delay = 0.00> <CoreType = "Generic">   --->   Generic Core

State 10 <SV = 9> <Delay = 0.00>
ST_10 : Operation 150 [1/1] (0.00ns)   --->   "%speclooptripcount_ln49 = speclooptripcount void @_ssdm_op_SpecLoopTripCount, i64 32, i64 32, i64 32" [bnn.cpp:49]   --->   Operation 150 'speclooptripcount' 'speclooptripcount_ln49' <Predicate = true> <Delay = 0.00>
ST_10 : Operation 151 [1/1] (0.00ns)   --->   "%specloopname_ln49 = specloopname void @_ssdm_op_SpecLoopName, void @empty_4" [bnn.cpp:49]   --->   Operation 151 'specloopname' 'specloopname_ln49' <Predicate = true> <Delay = 0.00>
ST_10 : Operation 152 [1/2] (0.00ns)   --->   "%call_ln73 = call void @bnn_top_Pipeline_VITIS_LOOP_65_6_VITIS_LOOP_66_7, i32 %TAU1_load, i5 %trunc_ln59, i1 %bnn_top_int_const_unsigned_int_const_int_const_unsigned_int_const_int_co_20, i32 %bnn_top_int_const_unsigned_int_const_int_const_unsigned_int_const_int_co_4, i32 %bnn_top_int_const_unsigned_int_const_int_const_unsigned_int_const_int_co_3, i32 %bnn_top_int_const_unsigned_int_const_int_const_unsigned_int_const_int_co_2, i32 %bnn_top_int_const_unsigned_int_const_int_const_unsigned_int_const_int_co_1, i32 %bnn_top_int_const_unsigned_int_const_int_const_unsigned_int_const_int_co, i1 %bnn_top_int_const_unsigned_int_const_int_const_unsigned_int_const_int_co_19, i1 %bnn_top_int_const_unsigned_int_const_int_const_unsigned_int_const_int_co_18, i1 %bnn_top_int_const_unsigned_int_const_int_const_unsigned_int_const_int_co_17, i1 %bnn_top_int_const_unsigned_int_const_int_const_unsigned_int_const_int_co_16, i1 %bnn_top_int_const_unsigned_int_const_int_const_unsigned_int_const_int_co_15, i1 %bnn_top_int_const_unsigned_int_const_int_const_unsigned_int_const_int_co_14, i1 %bnn_top_int_const_unsigned_int_const_int_const_unsigned_int_const_int_co_13" [bnn.cpp:73]   --->   Operation 152 'call' 'call_ln73' <Predicate = true> <Delay = 0.00> <CoreType = "Generic">   --->   Generic Core
ST_10 : Operation 153 [1/1] (0.00ns)   --->   "%br_ln49 = br void %VITIS_LOOP_50_2" [bnn.cpp:49]   --->   Operation 153 'br' 'br_ln49' <Predicate = true> <Delay = 0.00>

State 11 <SV = 2> <Delay = 1.20>
ST_11 : Operation 154 [1/1] (0.00ns)   --->   "%oc_4 = load i7 %oc_1" [bnn.cpp:78]   --->   Operation 154 'load' 'oc_4' <Predicate = true> <Delay = 0.00>
ST_11 : Operation 155 [1/1] (0.77ns)   --->   "%icmp_ln78 = icmp_eq  i7 %oc_4, i7 64" [bnn.cpp:78]   --->   Operation 155 'icmp' 'icmp_ln78' <Predicate = true> <Delay = 0.77> <CoreInst = "Cmp">   --->   Core 9 'Cmp' <Latency = 0> <II = 1> <Delay = 0.77> <FuncUnit> <Opcode : 'seteq' 'setne' 'setle' 'setge' 'setlt' 'setgt'> <InPorts = 2> <OutPorts = 1>
ST_11 : Operation 156 [1/1] (0.77ns)   --->   "%add_ln78 = add i7 %oc_4, i7 1" [bnn.cpp:78]   --->   Operation 156 'add' 'add_ln78' <Predicate = true> <Delay = 0.77> <CoreInst = "Adder">   --->   Core 1 'Adder' <Latency = 0> <II = 1> <Delay = 0.77> <FuncUnit> <Opcode : 'add' 'sub'> <InPorts = 2> <OutPorts = 1>
ST_11 : Operation 157 [1/1] (0.00ns)   --->   "%br_ln78 = br i1 %icmp_ln78, void %VITIS_LOOP_79_9.split, void %VITIS_LOOP_110_17.preheader" [bnn.cpp:78]   --->   Operation 157 'br' 'br_ln78' <Predicate = true> <Delay = 0.00>
ST_11 : Operation 158 [1/1] (0.00ns)   --->   "%p_shl3 = bitconcatenate i15 @_ssdm_op_BitConcatenate.i15.i7.i8, i7 %oc_4, i8 0" [bnn.cpp:79]   --->   Operation 158 'bitconcatenate' 'p_shl3' <Predicate = (!icmp_ln78)> <Delay = 0.00>
ST_11 : Operation 159 [1/1] (0.00ns)   --->   "%tmp_75 = bitconcatenate i12 @_ssdm_op_BitConcatenate.i12.i7.i5, i7 %oc_4, i5 0" [bnn.cpp:79]   --->   Operation 159 'bitconcatenate' 'tmp_75' <Predicate = (!icmp_ln78)> <Delay = 0.00>
ST_11 : Operation 160 [1/1] (0.00ns)   --->   "%zext_ln79 = zext i12 %tmp_75" [bnn.cpp:79]   --->   Operation 160 'zext' 'zext_ln79' <Predicate = (!icmp_ln78)> <Delay = 0.00>
ST_11 : Operation 161 [1/1] (0.84ns)   --->   "%add_ln79 = add i15 %p_shl3, i15 %zext_ln79" [bnn.cpp:79]   --->   Operation 161 'add' 'add_ln79' <Predicate = (!icmp_ln78)> <Delay = 0.84> <CoreInst = "Adder">   --->   Core 1 'Adder' <Latency = 0> <II = 1> <Delay = 0.84> <FuncUnit> <Opcode : 'add' 'sub'> <InPorts = 2> <OutPorts = 1>
ST_11 : Operation 162 [2/2] (0.00ns)   --->   "%call_ln79 = call void @bnn_top_Pipeline_VITIS_LOOP_79_9_VITIS_LOOP_80_10_VITIS_LOOP_82_11, i15 %add_ln79, i32 %W2_0, i32 %W2_1, i32 %bnn_top_int_const_unsigned_int_const_int_const_unsigned_int_const_int_co_4, i1 %bnn_top_int_const_unsigned_int_const_int_const_unsigned_int_const_int_co_20, i1 %bnn_top_int_const_unsigned_int_const_int_const_unsigned_int_const_int_co_19, i1 %bnn_top_int_const_unsigned_int_const_int_const_unsigned_int_const_int_co_18, i1 %bnn_top_int_const_unsigned_int_const_int_const_unsigned_int_const_int_co_17, i1 %bnn_top_int_const_unsigned_int_const_int_const_unsigned_int_const_int_co_16, i1 %bnn_top_int_const_unsigned_int_const_int_const_unsigned_int_const_int_co_15, i1 %bnn_top_int_const_unsigned_int_const_int_const_unsigned_int_const_int_co_14, i1 %bnn_top_int_const_unsigned_int_const_int_const_unsigned_int_const_int_co_13, i32 %bnn_top_int_const_unsigned_int_const_int_const_unsigned_int_const_int_co_3, i32 %bnn_top_int_const_unsigned_int_const_int_const_unsigned_int_const_int_co_2, i32 %bnn_top_int_const_unsigned_int_const_int_const_unsigned_int_const_int_co_1, i32 %bnn_top_int_const_unsigned_int_const_int_const_unsigned_int_const_int_co" [bnn.cpp:79]   --->   Operation 162 'call' 'call_ln79' <Predicate = (!icmp_ln78)> <Delay = 0.00> <CoreType = "Generic">   --->   Generic Core
ST_11 : Operation 163 [1/1] (0.42ns)   --->   "%store_ln78 = store i7 %add_ln78, i7 %oc_1" [bnn.cpp:78]   --->   Operation 163 'store' 'store_ln78' <Predicate = (!icmp_ln78)> <Delay = 0.42>
ST_11 : Operation 164 [1/1] (0.00ns)   --->   "%oc_2 = alloca i32 1" [bnn.cpp:109]   --->   Operation 164 'alloca' 'oc_2' <Predicate = (icmp_ln78)> <Delay = 0.00>
ST_11 : Operation 165 [1/1] (0.42ns)   --->   "%store_ln109 = store i7 0, i7 %oc_2" [bnn.cpp:109]   --->   Operation 165 'store' 'store_ln109' <Predicate = (icmp_ln78)> <Delay = 0.42>
ST_11 : Operation 166 [1/1] (0.00ns)   --->   "%br_ln109 = br void %VITIS_LOOP_110_17" [bnn.cpp:109]   --->   Operation 166 'br' 'br_ln109' <Predicate = (icmp_ln78)> <Delay = 0.00>

State 12 <SV = 3> <Delay = 0.00>
ST_12 : Operation 167 [1/1] (0.00ns)   --->   "%zext_ln78 = zext i7 %oc_4" [bnn.cpp:78]   --->   Operation 167 'zext' 'zext_ln78' <Predicate = true> <Delay = 0.00>
ST_12 : Operation 168 [1/2] (0.00ns)   --->   "%call_ln79 = call void @bnn_top_Pipeline_VITIS_LOOP_79_9_VITIS_LOOP_80_10_VITIS_LOOP_82_11, i15 %add_ln79, i32 %W2_0, i32 %W2_1, i32 %bnn_top_int_const_unsigned_int_const_int_const_unsigned_int_const_int_co_4, i1 %bnn_top_int_const_unsigned_int_const_int_const_unsigned_int_const_int_co_20, i1 %bnn_top_int_const_unsigned_int_const_int_const_unsigned_int_const_int_co_19, i1 %bnn_top_int_const_unsigned_int_const_int_const_unsigned_int_const_int_co_18, i1 %bnn_top_int_const_unsigned_int_const_int_const_unsigned_int_const_int_co_17, i1 %bnn_top_int_const_unsigned_int_const_int_const_unsigned_int_const_int_co_16, i1 %bnn_top_int_const_unsigned_int_const_int_const_unsigned_int_const_int_co_15, i1 %bnn_top_int_const_unsigned_int_const_int_const_unsigned_int_const_int_co_14, i1 %bnn_top_int_const_unsigned_int_const_int_const_unsigned_int_const_int_co_13, i32 %bnn_top_int_const_unsigned_int_const_int_const_unsigned_int_const_int_co_3, i32 %bnn_top_int_const_unsigned_int_const_int_const_unsigned_int_const_int_co_2, i32 %bnn_top_int_const_unsigned_int_const_int_const_unsigned_int_const_int_co_1, i32 %bnn_top_int_const_unsigned_int_const_int_const_unsigned_int_const_int_co" [bnn.cpp:79]   --->   Operation 168 'call' 'call_ln79' <Predicate = true> <Delay = 0.00> <CoreType = "Generic">   --->   Generic Core
ST_12 : Operation 169 [1/1] (0.00ns)   --->   "%TAU2_addr = getelementptr i32 %TAU2, i64 0, i64 %zext_ln78" [bnn.cpp:104]   --->   Operation 169 'getelementptr' 'TAU2_addr' <Predicate = true> <Delay = 0.00>
ST_12 : Operation 170 [2/2] (0.00ns)   --->   "%TAU2_load = load i6 %TAU2_addr" [bnn.cpp:104]   --->   Operation 170 'load' 'TAU2_load' <Predicate = true> <Delay = 0.00> <CoreInst = "RAM">   --->   Core 82 'RAM' <Latency = 1> <II = 1> <Delay = 1.23> <Storage> <Opcode : 'load' 'store'> <Ports = 2> <Width = 32> <Depth = 64> <RAM>
ST_12 : Operation 171 [1/1] (0.00ns)   --->   "%trunc_ln104 = trunc i7 %oc_4" [bnn.cpp:104]   --->   Operation 171 'trunc' 'trunc_ln104' <Predicate = true> <Delay = 0.00>

State 13 <SV = 4> <Delay = 0.00>
ST_13 : Operation 172 [1/2] ( I:0.00ns O:0.00ns )   --->   "%TAU2_load = load i6 %TAU2_addr" [bnn.cpp:104]   --->   Operation 172 'load' 'TAU2_load' <Predicate = true> <Delay = 0.00> <CoreInst = "RAM">   --->   Core 82 'RAM' <Latency = 1> <II = 1> <Delay = 1.23> <Storage> <Opcode : 'load' 'store'> <Ports = 2> <Width = 32> <Depth = 64> <RAM>
ST_13 : Operation 173 [1/1] (0.00ns)   --->   "%shl_ln2 = bitconcatenate i9 @_ssdm_op_BitConcatenate.i9.i6.i3, i6 %trunc_ln104, i3 0" [bnn.cpp:104]   --->   Operation 173 'bitconcatenate' 'shl_ln2' <Predicate = true> <Delay = 0.00>
ST_13 : Operation 174 [2/2] (0.00ns)   --->   "%call_ln104 = call void @bnn_top_Pipeline_VITIS_LOOP_96_14_VITIS_LOOP_97_15, i9 %shl_ln2, i32 %TAU2_load, i1 %bnn_top_int_const_unsigned_int_const_int_const_unsigned_int_const_int_co_12, i32 %bnn_top_int_const_unsigned_int_const_int_const_unsigned_int_const_int_co_4, i32 %bnn_top_int_const_unsigned_int_const_int_const_unsigned_int_const_int_co_3, i32 %bnn_top_int_const_unsigned_int_const_int_const_unsigned_int_const_int_co_2, i32 %bnn_top_int_const_unsigned_int_const_int_const_unsigned_int_const_int_co_1, i32 %bnn_top_int_const_unsigned_int_const_int_const_unsigned_int_const_int_co, i1 %bnn_top_int_const_unsigned_int_const_int_const_unsigned_int_const_int_co_6, i1 %bnn_top_int_const_unsigned_int_const_int_const_unsigned_int_const_int_co_5, i1 %bnn_top_int_const_unsigned_int_const_int_const_unsigned_int_const_int_co_11, i1 %bnn_top_int_const_unsigned_int_const_int_const_unsigned_int_const_int_co_10, i1 %bnn_top_int_const_unsigned_int_const_int_const_unsigned_int_const_int_co_9, i1 %bnn_top_int_const_unsigned_int_const_int_const_unsigned_int_const_int_co_8, i1 %bnn_top_int_const_unsigned_int_const_int_const_unsigned_int_const_int_co_7" [bnn.cpp:104]   --->   Operation 174 'call' 'call_ln104' <Predicate = true> <Delay = 0.00> <CoreType = "Generic">   --->   Generic Core

State 14 <SV = 5> <Delay = 0.00>
ST_14 : Operation 175 [1/1] (0.00ns)   --->   "%speclooptripcount_ln78 = speclooptripcount void @_ssdm_op_SpecLoopTripCount, i64 64, i64 64, i64 64" [bnn.cpp:78]   --->   Operation 175 'speclooptripcount' 'speclooptripcount_ln78' <Predicate = true> <Delay = 0.00>
ST_14 : Operation 176 [1/1] (0.00ns)   --->   "%specloopname_ln78 = specloopname void @_ssdm_op_SpecLoopName, void @empty_1" [bnn.cpp:78]   --->   Operation 176 'specloopname' 'specloopname_ln78' <Predicate = true> <Delay = 0.00>
ST_14 : Operation 177 [1/2] (0.00ns)   --->   "%call_ln104 = call void @bnn_top_Pipeline_VITIS_LOOP_96_14_VITIS_LOOP_97_15, i9 %shl_ln2, i32 %TAU2_load, i1 %bnn_top_int_const_unsigned_int_const_int_const_unsigned_int_const_int_co_12, i32 %bnn_top_int_const_unsigned_int_const_int_const_unsigned_int_const_int_co_4, i32 %bnn_top_int_const_unsigned_int_const_int_const_unsigned_int_const_int_co_3, i32 %bnn_top_int_const_unsigned_int_const_int_const_unsigned_int_const_int_co_2, i32 %bnn_top_int_const_unsigned_int_const_int_const_unsigned_int_const_int_co_1, i32 %bnn_top_int_const_unsigned_int_const_int_const_unsigned_int_const_int_co, i1 %bnn_top_int_const_unsigned_int_const_int_const_unsigned_int_const_int_co_6, i1 %bnn_top_int_const_unsigned_int_const_int_const_unsigned_int_const_int_co_5, i1 %bnn_top_int_const_unsigned_int_const_int_const_unsigned_int_const_int_co_11, i1 %bnn_top_int_const_unsigned_int_const_int_const_unsigned_int_const_int_co_10, i1 %bnn_top_int_const_unsigned_int_const_int_const_unsigned_int_const_int_co_9, i1 %bnn_top_int_const_unsigned_int_const_int_const_unsigned_int_const_int_co_8, i1 %bnn_top_int_const_unsigned_int_const_int_const_unsigned_int_const_int_co_7" [bnn.cpp:104]   --->   Operation 177 'call' 'call_ln104' <Predicate = true> <Delay = 0.00> <CoreType = "Generic">   --->   Generic Core
ST_14 : Operation 178 [1/1] (0.00ns)   --->   "%br_ln78 = br void %VITIS_LOOP_79_9" [bnn.cpp:78]   --->   Operation 178 'br' 'br_ln78' <Predicate = true> <Delay = 0.00>

State 15 <SV = 3> <Delay = 1.20>
ST_15 : Operation 179 [1/1] (0.00ns)   --->   "%oc_5 = load i7 %oc_2" [bnn.cpp:109]   --->   Operation 179 'load' 'oc_5' <Predicate = true> <Delay = 0.00>
ST_15 : Operation 180 [1/1] (0.77ns)   --->   "%icmp_ln109 = icmp_eq  i7 %oc_5, i7 64" [bnn.cpp:109]   --->   Operation 180 'icmp' 'icmp_ln109' <Predicate = true> <Delay = 0.77> <CoreInst = "Cmp">   --->   Core 9 'Cmp' <Latency = 0> <II = 1> <Delay = 0.77> <FuncUnit> <Opcode : 'seteq' 'setne' 'setle' 'setge' 'setlt' 'setgt'> <InPorts = 2> <OutPorts = 1>
ST_15 : Operation 181 [1/1] (0.77ns)   --->   "%add_ln109 = add i7 %oc_5, i7 1" [bnn.cpp:109]   --->   Operation 181 'add' 'add_ln109' <Predicate = true> <Delay = 0.77> <CoreInst = "Adder">   --->   Core 1 'Adder' <Latency = 0> <II = 1> <Delay = 0.77> <FuncUnit> <Opcode : 'add' 'sub'> <InPorts = 2> <OutPorts = 1>
ST_15 : Operation 182 [1/1] (0.00ns)   --->   "%br_ln109 = br i1 %icmp_ln109, void %VITIS_LOOP_110_17.split, void %for.inc478.preheader" [bnn.cpp:109]   --->   Operation 182 'br' 'br_ln109' <Predicate = true> <Delay = 0.00>
ST_15 : Operation 183 [1/1] (0.00ns)   --->   "%p_shl = bitconcatenate i16 @_ssdm_op_BitConcatenate.i16.i7.i9, i7 %oc_5, i9 0" [bnn.cpp:110]   --->   Operation 183 'bitconcatenate' 'p_shl' <Predicate = (!icmp_ln109)> <Delay = 0.00>
ST_15 : Operation 184 [1/1] (0.00ns)   --->   "%tmp_76 = bitconcatenate i13 @_ssdm_op_BitConcatenate.i13.i7.i6, i7 %oc_5, i6 0" [bnn.cpp:110]   --->   Operation 184 'bitconcatenate' 'tmp_76' <Predicate = (!icmp_ln109)> <Delay = 0.00>
ST_15 : Operation 185 [1/1] (0.00ns)   --->   "%zext_ln110 = zext i13 %tmp_76" [bnn.cpp:110]   --->   Operation 185 'zext' 'zext_ln110' <Predicate = (!icmp_ln109)> <Delay = 0.00>
ST_15 : Operation 186 [1/1] (0.85ns)   --->   "%add_ln110 = add i16 %p_shl, i16 %zext_ln110" [bnn.cpp:110]   --->   Operation 186 'add' 'add_ln110' <Predicate = (!icmp_ln109)> <Delay = 0.85> <CoreInst = "Adder">   --->   Core 1 'Adder' <Latency = 0> <II = 1> <Delay = 0.85> <FuncUnit> <Opcode : 'add' 'sub'> <InPorts = 2> <OutPorts = 1>
ST_15 : Operation 187 [2/2] (0.00ns)   --->   "%call_ln110 = call void @bnn_top_Pipeline_VITIS_LOOP_110_17_VITIS_LOOP_111_18_VITIS_LOOP_113_19, i16 %add_ln110, i32 %W3_0, i32 %W3_1, i32 %bnn_top_int_const_unsigned_int_const_int_const_unsigned_int_const_int_co_4, i1 %bnn_top_int_const_unsigned_int_const_int_const_unsigned_int_const_int_co_12, i1 %bnn_top_int_const_unsigned_int_const_int_const_unsigned_int_const_int_co_6, i1 %bnn_top_int_const_unsigned_int_const_int_const_unsigned_int_const_int_co_5, i1 %bnn_top_int_const_unsigned_int_const_int_const_unsigned_int_const_int_co_11, i1 %bnn_top_int_const_unsigned_int_const_int_const_unsigned_int_const_int_co_10, i1 %bnn_top_int_const_unsigned_int_const_int_const_unsigned_int_const_int_co_9, i1 %bnn_top_int_const_unsigned_int_const_int_const_unsigned_int_const_int_co_8, i1 %bnn_top_int_const_unsigned_int_const_int_const_unsigned_int_const_int_co_7, i32 %bnn_top_int_const_unsigned_int_const_int_const_unsigned_int_const_int_co_3, i32 %bnn_top_int_const_unsigned_int_const_int_const_unsigned_int_const_int_co_2, i32 %bnn_top_int_const_unsigned_int_const_int_const_unsigned_int_const_int_co_1, i32 %bnn_top_int_const_unsigned_int_const_int_const_unsigned_int_const_int_co" [bnn.cpp:110]   --->   Operation 187 'call' 'call_ln110' <Predicate = (!icmp_ln109)> <Delay = 0.00> <CoreType = "Generic">   --->   Generic Core
ST_15 : Operation 188 [1/1] (0.42ns)   --->   "%store_ln109 = store i7 %add_ln109, i7 %oc_2" [bnn.cpp:109]   --->   Operation 188 'store' 'store_ln109' <Predicate = (!icmp_ln109)> <Delay = 0.42>
ST_15 : Operation 189 [2/2] (0.00ns)   --->   "%call_ln0 = call void @bnn_top_Pipeline_VITIS_LOOP_140_24_VITIS_LOOP_142_25, i32 %WF1, i32 %TAUF1, i1 %f1, i1 %l3"   --->   Operation 189 'call' 'call_ln0' <Predicate = (icmp_ln109)> <Delay = 0.00> <CoreType = "Generic">   --->   Generic Core

State 16 <SV = 4> <Delay = 0.00>
ST_16 : Operation 190 [1/1] (0.00ns)   --->   "%trunc_ln109 = trunc i7 %oc_5" [bnn.cpp:109]   --->   Operation 190 'trunc' 'trunc_ln109' <Predicate = true> <Delay = 0.00>
ST_16 : Operation 191 [1/1] (0.00ns)   --->   "%zext_ln109 = zext i7 %oc_5" [bnn.cpp:109]   --->   Operation 191 'zext' 'zext_ln109' <Predicate = true> <Delay = 0.00>
ST_16 : Operation 192 [1/2] (0.00ns)   --->   "%call_ln110 = call void @bnn_top_Pipeline_VITIS_LOOP_110_17_VITIS_LOOP_111_18_VITIS_LOOP_113_19, i16 %add_ln110, i32 %W3_0, i32 %W3_1, i32 %bnn_top_int_const_unsigned_int_const_int_const_unsigned_int_const_int_co_4, i1 %bnn_top_int_const_unsigned_int_const_int_const_unsigned_int_const_int_co_12, i1 %bnn_top_int_const_unsigned_int_const_int_const_unsigned_int_const_int_co_6, i1 %bnn_top_int_const_unsigned_int_const_int_const_unsigned_int_const_int_co_5, i1 %bnn_top_int_const_unsigned_int_const_int_const_unsigned_int_const_int_co_11, i1 %bnn_top_int_const_unsigned_int_const_int_const_unsigned_int_const_int_co_10, i1 %bnn_top_int_const_unsigned_int_const_int_const_unsigned_int_const_int_co_9, i1 %bnn_top_int_const_unsigned_int_const_int_const_unsigned_int_const_int_co_8, i1 %bnn_top_int_const_unsigned_int_const_int_const_unsigned_int_const_int_co_7, i32 %bnn_top_int_const_unsigned_int_const_int_const_unsigned_int_const_int_co_3, i32 %bnn_top_int_const_unsigned_int_const_int_const_unsigned_int_const_int_co_2, i32 %bnn_top_int_const_unsigned_int_const_int_const_unsigned_int_const_int_co_1, i32 %bnn_top_int_const_unsigned_int_const_int_const_unsigned_int_const_int_co" [bnn.cpp:110]   --->   Operation 192 'call' 'call_ln110' <Predicate = true> <Delay = 0.00> <CoreType = "Generic">   --->   Generic Core
ST_16 : Operation 193 [1/1] (0.00ns)   --->   "%TAU3_addr = getelementptr i32 %TAU3, i64 0, i64 %zext_ln109" [bnn.cpp:135]   --->   Operation 193 'getelementptr' 'TAU3_addr' <Predicate = true> <Delay = 0.00>
ST_16 : Operation 194 [2/2] (0.00ns)   --->   "%TAU3_load = load i6 %TAU3_addr" [bnn.cpp:135]   --->   Operation 194 'load' 'TAU3_load' <Predicate = true> <Delay = 0.00> <CoreInst = "RAM">   --->   Core 82 'RAM' <Latency = 1> <II = 1> <Delay = 1.23> <Storage> <Opcode : 'load' 'store'> <Ports = 2> <Width = 32> <Depth = 64> <RAM>

State 17 <SV = 5> <Delay = 0.00>
ST_17 : Operation 195 [1/2] ( I:0.00ns O:0.00ns )   --->   "%TAU3_load = load i6 %TAU3_addr" [bnn.cpp:135]   --->   Operation 195 'load' 'TAU3_load' <Predicate = true> <Delay = 0.00> <CoreInst = "RAM">   --->   Core 82 'RAM' <Latency = 1> <II = 1> <Delay = 1.23> <Storage> <Opcode : 'load' 'store'> <Ports = 2> <Width = 32> <Depth = 64> <RAM>
ST_17 : Operation 196 [2/2] (0.00ns)   --->   "%call_ln135 = call void @bnn_top_Pipeline_VITIS_LOOP_127_22_VITIS_LOOP_128_23, i32 %TAU3_load, i6 %trunc_ln109, i32 %bnn_top_int_const_unsigned_int_const_int_const_unsigned_int_const_int_co_4, i32 %bnn_top_int_const_unsigned_int_const_int_const_unsigned_int_const_int_co_3, i32 %bnn_top_int_const_unsigned_int_const_int_const_unsigned_int_const_int_co_2, i32 %bnn_top_int_const_unsigned_int_const_int_const_unsigned_int_const_int_co_1, i32 %bnn_top_int_const_unsigned_int_const_int_const_unsigned_int_const_int_co, i1 %l3" [bnn.cpp:135]   --->   Operation 196 'call' 'call_ln135' <Predicate = true> <Delay = 0.00> <CoreType = "Generic">   --->   Generic Core

State 18 <SV = 6> <Delay = 0.00>
ST_18 : Operation 197 [1/1] (0.00ns)   --->   "%speclooptripcount_ln109 = speclooptripcount void @_ssdm_op_SpecLoopTripCount, i64 64, i64 64, i64 64" [bnn.cpp:109]   --->   Operation 197 'speclooptripcount' 'speclooptripcount_ln109' <Predicate = true> <Delay = 0.00>
ST_18 : Operation 198 [1/1] (0.00ns)   --->   "%specloopname_ln109 = specloopname void @_ssdm_op_SpecLoopName, void @empty_3" [bnn.cpp:109]   --->   Operation 198 'specloopname' 'specloopname_ln109' <Predicate = true> <Delay = 0.00>
ST_18 : Operation 199 [1/2] (0.00ns)   --->   "%call_ln135 = call void @bnn_top_Pipeline_VITIS_LOOP_127_22_VITIS_LOOP_128_23, i32 %TAU3_load, i6 %trunc_ln109, i32 %bnn_top_int_const_unsigned_int_const_int_const_unsigned_int_const_int_co_4, i32 %bnn_top_int_const_unsigned_int_const_int_const_unsigned_int_const_int_co_3, i32 %bnn_top_int_const_unsigned_int_const_int_const_unsigned_int_const_int_co_2, i32 %bnn_top_int_const_unsigned_int_const_int_const_unsigned_int_const_int_co_1, i32 %bnn_top_int_const_unsigned_int_const_int_const_unsigned_int_const_int_co, i1 %l3" [bnn.cpp:135]   --->   Operation 199 'call' 'call_ln135' <Predicate = true> <Delay = 0.00> <CoreType = "Generic">   --->   Generic Core
ST_18 : Operation 200 [1/1] (0.00ns)   --->   "%br_ln109 = br void %VITIS_LOOP_110_17" [bnn.cpp:109]   --->   Operation 200 'br' 'br_ln109' <Predicate = true> <Delay = 0.00>

State 19 <SV = 4> <Delay = 1.30>
ST_19 : Operation 201 [1/2] (1.30ns)   --->   "%call_ln0 = call void @bnn_top_Pipeline_VITIS_LOOP_140_24_VITIS_LOOP_142_25, i32 %WF1, i32 %TAUF1, i1 %f1, i1 %l3"   --->   Operation 201 'call' 'call_ln0' <Predicate = true> <Delay = 1.30> <CoreType = "Generic">   --->   Generic Core
ST_19 : Operation 202 [1/1] (0.00ns)   --->   "%BF2_addr = getelementptr i32 %BF2, i64 0, i64 0" [bnn.cpp:152]   --->   Operation 202 'getelementptr' 'BF2_addr' <Predicate = true> <Delay = 0.00>
ST_19 : Operation 203 [2/2] (0.00ns)   --->   "%a0 = load i1 %BF2_addr" [bnn.cpp:152]   --->   Operation 203 'load' 'a0' <Predicate = true> <Delay = 0.00> <CoreInst = "RAM">   --->   Core 82 'RAM' <Latency = 1> <II = 1> <Delay = 0.67> <Storage> <Opcode : 'load' 'store'> <Ports = 2> <Width = 32> <Depth = 2> <RAM>
ST_19 : Operation 204 [1/1] (0.00ns)   --->   "%BF2_addr_1 = getelementptr i32 %BF2, i64 0, i64 1" [bnn.cpp:152]   --->   Operation 204 'getelementptr' 'BF2_addr_1' <Predicate = true> <Delay = 0.00>
ST_19 : Operation 205 [2/2] (0.00ns)   --->   "%a1 = load i1 %BF2_addr_1" [bnn.cpp:152]   --->   Operation 205 'load' 'a1' <Predicate = true> <Delay = 0.00> <CoreInst = "RAM">   --->   Core 82 'RAM' <Latency = 1> <II = 1> <Delay = 0.67> <Storage> <Opcode : 'load' 'store'> <Ports = 2> <Width = 32> <Depth = 2> <RAM>

State 20 <SV = 5> <Delay = 0.42>
ST_20 : Operation 206 [1/2] ( I:0.00ns O:0.00ns )   --->   "%a0 = load i1 %BF2_addr" [bnn.cpp:152]   --->   Operation 206 'load' 'a0' <Predicate = true> <Delay = 0.00> <CoreInst = "RAM">   --->   Core 82 'RAM' <Latency = 1> <II = 1> <Delay = 0.67> <Storage> <Opcode : 'load' 'store'> <Ports = 2> <Width = 32> <Depth = 2> <RAM>
ST_20 : Operation 207 [1/2] ( I:0.00ns O:0.00ns )   --->   "%a1 = load i1 %BF2_addr_1" [bnn.cpp:152]   --->   Operation 207 'load' 'a1' <Predicate = true> <Delay = 0.00> <CoreInst = "RAM">   --->   Core 82 'RAM' <Latency = 1> <II = 1> <Delay = 0.67> <Storage> <Opcode : 'load' 'store'> <Ports = 2> <Width = 32> <Depth = 2> <RAM>
ST_20 : Operation 208 [2/2] (0.42ns)   --->   "%call_ln152 = call void @bnn_top_Pipeline_VITIS_LOOP_153_26, i32 %a1, i32 %a0, i32 %WF2, i40 %a1_1_loc, i40 %a0_1_loc, i1 %f1" [bnn.cpp:152]   --->   Operation 208 'call' 'call_ln152' <Predicate = true> <Delay = 0.42> <CoreType = "Generic">   --->   Generic Core

State 21 <SV = 6> <Delay = 1.61>
ST_21 : Operation 209 [1/2] (1.61ns)   --->   "%call_ln152 = call void @bnn_top_Pipeline_VITIS_LOOP_153_26, i32 %a1, i32 %a0, i32 %WF2, i40 %a1_1_loc, i40 %a0_1_loc, i1 %f1" [bnn.cpp:152]   --->   Operation 209 'call' 'call_ln152' <Predicate = true> <Delay = 1.61> <CoreType = "Generic">   --->   Generic Core

State 22 <SV = 7> <Delay = 1.03>
ST_22 : Operation 210 [1/1] (0.00ns)   --->   "%a1_1_loc_load = load i40 %a1_1_loc"   --->   Operation 210 'load' 'a1_1_loc_load' <Predicate = true> <Delay = 0.00>
ST_22 : Operation 211 [1/1] (0.00ns)   --->   "%a0_1_loc_load = load i40 %a0_1_loc"   --->   Operation 211 'load' 'a0_1_loc_load' <Predicate = true> <Delay = 0.00>
ST_22 : Operation 212 [1/1] (0.00ns)   --->   "%trunc_ln160 = trunc i40 %a0_1_loc_load" [bnn.cpp:160]   --->   Operation 212 'trunc' 'trunc_ln160' <Predicate = true> <Delay = 0.00>
ST_22 : Operation 213 [1/1] (0.00ns)   --->   "%write_ln160 = write void @_ssdm_op_Write.ap_auto.i32P0A, i32 %logit0, i32 %trunc_ln160" [bnn.cpp:160]   --->   Operation 213 'write' 'write_ln160' <Predicate = true> <Delay = 0.00>
ST_22 : Operation 214 [1/1] (0.00ns)   --->   "%trunc_ln161 = trunc i40 %a1_1_loc_load" [bnn.cpp:161]   --->   Operation 214 'trunc' 'trunc_ln161' <Predicate = true> <Delay = 0.00>
ST_22 : Operation 215 [1/1] (0.00ns)   --->   "%write_ln161 = write void @_ssdm_op_Write.ap_auto.i32P0A, i32 %logit1, i32 %trunc_ln161" [bnn.cpp:161]   --->   Operation 215 'write' 'write_ln161' <Predicate = true> <Delay = 0.00>
ST_22 : Operation 216 [1/1] (1.03ns)   --->   "%icmp_ln162 = icmp_sgt  i40 %a1_1_loc_load, i40 %a0_1_loc_load" [bnn.cpp:162]   --->   Operation 216 'icmp' 'icmp_ln162' <Predicate = true> <Delay = 1.03> <CoreInst = "Cmp">   --->   Core 9 'Cmp' <Latency = 0> <II = 1> <Delay = 1.03> <FuncUnit> <Opcode : 'seteq' 'setne' 'setle' 'setge' 'setlt' 'setgt'> <InPorts = 2> <OutPorts = 1>
ST_22 : Operation 217 [1/1] (0.00ns)   --->   "%zext_ln162 = zext i1 %icmp_ln162" [bnn.cpp:162]   --->   Operation 217 'zext' 'zext_ln162' <Predicate = true> <Delay = 0.00>
ST_22 : Operation 218 [1/1] (0.00ns)   --->   "%write_ln162 = write void @_ssdm_op_Write.ap_auto.i32P0A, i32 %pred_r, i32 %zext_ln162" [bnn.cpp:162]   --->   Operation 218 'write' 'write_ln162' <Predicate = true> <Delay = 0.00>
ST_22 : Operation 219 [1/1] (0.00ns)   --->   "%ret_ln163 = ret" [bnn.cpp:163]   --->   Operation 219 'ret' 'ret_ln163' <Predicate = true> <Delay = 0.00>


============================================================
+ Verbose Summary: Timing violations
============================================================
Target clock period: 10.000ns, clock uncertainty: 2.700ns.

 <State 1>: 0.427ns
The critical path consists of the following:
	'alloca' operation 6 bit ('oc', bnn.cpp:49) [43]  (0.000 ns)
	'store' operation ('store_ln49', bnn.cpp:49) of constant 0 6 bit on local variable 'oc', bnn.cpp:49 [85]  (0.427 ns)

 <State 2>: 1.541ns
The critical path consists of the following:
	'load' operation 6 bit ('oc', bnn.cpp:49) on local variable 'oc', bnn.cpp:49 [88]  (0.000 ns)
	'add' operation 9 bit ('add_ln59_8', bnn.cpp:59) [100]  (0.765 ns)
	'add' operation 9 bit ('add_ln59_3', bnn.cpp:59) [116]  (0.776 ns)

 <State 3>: 0.776ns
The critical path consists of the following:
	'add' operation 9 bit ('add_ln59', bnn.cpp:59) [104]  (0.776 ns)

 <State 4>: 0.776ns
The critical path consists of the following:
	'add' operation 9 bit ('add_ln59_1', bnn.cpp:59) [108]  (0.776 ns)

 <State 5>: 0.776ns
The critical path consists of the following:
	'add' operation 9 bit ('add_ln59_4', bnn.cpp:59) [120]  (0.776 ns)

 <State 6>: 0.776ns
The critical path consists of the following:
	'add' operation 9 bit ('add_ln59_6', bnn.cpp:59) [128]  (0.776 ns)

 <State 7>: 0.574ns
The critical path consists of the following:
	'load' operation 32 bit ('W1_load_7', bnn.cpp:59) on array 'W1' [153]  (0.000 ns)
	'call' operation ('call_ln59', bnn.cpp:59) to 'bnn_top_Pipeline_VITIS_LOOP_50_2_VITIS_LOOP_51_3' [155]  (0.574 ns)

 <State 8>: 0.000ns
The critical path consists of the following:

 <State 9>: 0.000ns
The critical path consists of the following:

 <State 10>: 0.000ns
The critical path consists of the following:

 <State 11>: 1.200ns
The critical path consists of the following:
	'load' operation 7 bit ('oc', bnn.cpp:78) on local variable 'oc', bnn.cpp:78 [166]  (0.000 ns)
	'icmp' operation 1 bit ('icmp_ln78', bnn.cpp:78) [167]  (0.773 ns)
	'store' operation ('store_ln109', bnn.cpp:109) of constant 0 7 bit on local variable 'oc', bnn.cpp:109 [188]  (0.427 ns)

 <State 12>: 0.000ns
The critical path consists of the following:

 <State 13>: 0.000ns
The critical path consists of the following:

 <State 14>: 0.000ns
The critical path consists of the following:

 <State 15>: 1.200ns
The critical path consists of the following:
	'load' operation 7 bit ('oc', bnn.cpp:109) on local variable 'oc', bnn.cpp:109 [191]  (0.000 ns)
	'icmp' operation 1 bit ('icmp_ln109', bnn.cpp:109) [192]  (0.773 ns)
	'store' operation ('store_ln109', bnn.cpp:109) of variable 'add_ln109', bnn.cpp:109 7 bit on local variable 'oc', bnn.cpp:109 [208]  (0.427 ns)

 <State 16>: 0.000ns
The critical path consists of the following:

 <State 17>: 0.000ns
The critical path consists of the following:

 <State 18>: 0.000ns
The critical path consists of the following:

 <State 19>: 1.300ns
The critical path consists of the following:
	'call' operation ('call_ln0') to 'bnn_top_Pipeline_VITIS_LOOP_140_24_VITIS_LOOP_142_25' [211]  (1.300 ns)

 <State 20>: 0.427ns
The critical path consists of the following:
	'load' operation 32 bit ('a0', bnn.cpp:152) on array 'BF2' [213]  (0.000 ns)
	'call' operation ('call_ln152', bnn.cpp:152) to 'bnn_top_Pipeline_VITIS_LOOP_153_26' [216]  (0.427 ns)

 <State 21>: 1.619ns
The critical path consists of the following:
	'call' operation ('call_ln152', bnn.cpp:152) to 'bnn_top_Pipeline_VITIS_LOOP_153_26' [216]  (1.619 ns)

 <State 22>: 1.034ns
The critical path consists of the following:
	'load' operation 40 bit ('a1_1_loc_load') on local variable 'a1_1_loc' [217]  (0.000 ns)
	'icmp' operation 1 bit ('icmp_ln162', bnn.cpp:162) [223]  (1.034 ns)


============================================================
+ Verbose Summary: Binding
============================================================
N/A
* FSMD analyzer results:
  - Output states:
 - Input state : 
  - Chain level:
	State 1
	State 2
	State 3
	State 4
	State 5
	State 6
	State 7
	State 8
	State 9
	State 10
	State 11
	State 12
	State 13
	State 14
	State 15
	State 16
	State 17
	State 18
	State 19
	State 20
	State 21
	State 22


============================================================
+ Verbose Summary: Datapath Resource usage 
============================================================
N/A
