

================================================================
== Vitis HLS Report for 'bnn_top_Pipeline_VITIS_LOOP_153_26'
================================================================
* Date:           Mon Aug 24 01:28:44 2026

* Version:        2025.2 (Build 6295257 on Nov 12 2025)
* Project:        bnn_hls
* Solution:       sol1 (Vivado IP Flow Target)
* Product family: zynquplus
* Target device:  xczu7ev-ffvc1156-2-e


================================================================
== Performance Estimates
================================================================
+ Timing: 
    * Summary: 
    +--------+----------+----------+------------+
    |  Clock |  Target  | Estimated| Uncertainty|
    +--------+----------+----------+------------+
    |ap_clk  |  10.00 ns|  2.909 ns|     2.70 ns|
    +--------+----------+----------+------------+

+ Latency: 
    * Summary: 
    +---------+---------+----------+----------+-----+-----+-------------------+
    |  Latency (cycles) |  Latency (absolute) |  Interval |      Pipeline     |
    |   min   |   max   |    min   |    max   | min | max |        Type       |
    +---------+---------+----------+----------+-----+-----+-------------------+
    |      130|      130|  1.300 us|  1.300 us|    0|    0|  loop pipeline stp|
    +---------+---------+----------+----------+-----+-----+-------------------+

    + Detail: 
        * Instance: 
        N/A

        * Loop: 
        +---------------------+---------+---------+----------+-----------+-----------+------+----------+
        |                     |  Latency (cycles) | Iteration|  Initiation Interval  | Trip |          |
        |      Loop Name      |   min   |   max   |  Latency |  achieved |   target  | Count| Pipelined|
        +---------------------+---------+---------+----------+-----------+-----------+------+----------+
        |- VITIS_LOOP_153_26  |      128|      128|         2|          1|          1|   128|       yes|
        +---------------------+---------+---------+----------+-----------+-----------+------+----------+

============================================================
+ Verbose Summary: Synthesis Manager
============================================================
InlineROM: 1
ExposeGlobal: 0
============================================================
+ Verbose Summary: CDFG Model
============================================================
IsTopModel: 0
ResetActiveHigh: 1
IsCombinational: 0
IsDatapathOnly: 0
HasWiredReturn: 1
HasMFsm: 2
HasVarLatency: 1
IsPipeline: 0
IsRtlPipelined: 0
IsInstanceOverlapped: 0
IsDontTouch: 0
HasImplIP: 0
IsGatedGlobalClock: 0

+ Individual pipeline summary: 
  * Pipeline-0: initiation interval (II) = 1, depth = 2


============================================================
+ Verbose Summary: Schedule
============================================================
* Number of FSM states : 2
* Pipeline : 1
  Pipeline-0 : II = 1, D = 2, States = { 1 2 }
* Dataflow Pipeline: 0

* FSM state transitions: 
1 --> 2 
2 --> 

* FSM state operations: 

State 1 <SV = 0> <Delay = 1.61>
ST_1 : Operation 5 [1/1] (0.00ns)   --->   "%a0 = alloca i32 1" [bnn.cpp:152]   --->   Operation 5 'alloca' 'a0' <Predicate = true> <Delay = 0.00>
ST_1 : Operation 6 [1/1] (0.00ns)   --->   "%a1 = alloca i32 1" [bnn.cpp:152]   --->   Operation 6 'alloca' 'a1' <Predicate = true> <Delay = 0.00>
ST_1 : Operation 7 [1/1] (0.00ns)   --->   "%k = alloca i32 1" [bnn.cpp:153]   --->   Operation 7 'alloca' 'k' <Predicate = true> <Delay = 0.00>
ST_1 : Operation 8 [1/1] (0.00ns)   --->   "%sext_ln152_read = read i32 @_ssdm_op_Read.ap_auto.i32, i32 %sext_ln152"   --->   Operation 8 'read' 'sext_ln152_read' <Predicate = true> <Delay = 0.00>
ST_1 : Operation 9 [1/1] (0.00ns)   --->   "%sext_ln152_1_read = read i32 @_ssdm_op_Read.ap_auto.i32, i32 %sext_ln152_1"   --->   Operation 9 'read' 'sext_ln152_1_read' <Predicate = true> <Delay = 0.00>
ST_1 : Operation 10 [1/1] (0.00ns)   --->   "%sext_ln152_cast = sext i32 %sext_ln152_read"   --->   Operation 10 'sext' 'sext_ln152_cast' <Predicate = true> <Delay = 0.00>
ST_1 : Operation 11 [1/1] (0.00ns)   --->   "%sext_ln152_1_cast = sext i32 %sext_ln152_1_read"   --->   Operation 11 'sext' 'sext_ln152_1_cast' <Predicate = true> <Delay = 0.00>
ST_1 : Operation 12 [1/1] (0.00ns)   --->   "%specinterface_ln0 = specinterface void @_ssdm_op_SpecInterface, i32 %WF2, void @empty_5, i32 0, i32 0, void @empty_2, i32 4294967295, i32 0, void @empty_2, void @empty_2, void @empty_2, i32 0, i32 0, i32 0, i32 0, void @empty_2, void @empty_2, i32 4294967295, i32 0, i32 0, i32 0"   --->   Operation 12 'specinterface' 'specinterface_ln0' <Predicate = true> <Delay = 0.00>
ST_1 : Operation 13 [1/1] (0.42ns)   --->   "%store_ln153 = store i8 0, i8 %k" [bnn.cpp:153]   --->   Operation 13 'store' 'store_ln153' <Predicate = true> <Delay = 0.42>
ST_1 : Operation 14 [1/1] (0.42ns)   --->   "%store_ln152 = store i40 %sext_ln152_1_cast, i40 %a1" [bnn.cpp:152]   --->   Operation 14 'store' 'store_ln152' <Predicate = true> <Delay = 0.42>
ST_1 : Operation 15 [1/1] (0.42ns)   --->   "%store_ln152 = store i40 %sext_ln152_cast, i40 %a0" [bnn.cpp:152]   --->   Operation 15 'store' 'store_ln152' <Predicate = true> <Delay = 0.42>
ST_1 : Operation 16 [1/1] (0.00ns)   --->   "%br_ln0 = br void %for.body501"   --->   Operation 16 'br' 'br_ln0' <Predicate = true> <Delay = 0.00>
ST_1 : Operation 17 [1/1] (0.00ns)   --->   "%k_1 = load i8 %k" [bnn.cpp:153]   --->   Operation 17 'load' 'k_1' <Predicate = true> <Delay = 0.00>
ST_1 : Operation 18 [1/1] (0.76ns)   --->   "%icmp_ln153 = icmp_eq  i8 %k_1, i8 128" [bnn.cpp:153]   --->   Operation 18 'icmp' 'icmp_ln153' <Predicate = true> <Delay = 0.76> <CoreInst = "Cmp">   --->   Core 9 'Cmp' <Latency = 0> <II = 1> <Delay = 0.76> <FuncUnit> <Opcode : 'seteq' 'setne' 'setle' 'setge' 'setlt' 'setgt'> <InPorts = 2> <OutPorts = 1>
ST_1 : Operation 19 [1/1] (0.76ns)   --->   "%add_ln153 = add i8 %k_1, i8 1" [bnn.cpp:153]   --->   Operation 19 'add' 'add_ln153' <Predicate = true> <Delay = 0.76> <CoreInst = "Adder">   --->   Core 1 'Adder' <Latency = 0> <II = 1> <Delay = 0.76> <FuncUnit> <Opcode : 'add' 'sub'> <InPorts = 2> <OutPorts = 1>
ST_1 : Operation 20 [1/1] (0.00ns)   --->   "%br_ln153 = br i1 %icmp_ln153, void %for.body501.split, void %for.end526.exitStub" [bnn.cpp:153]   --->   Operation 20 'br' 'br_ln153' <Predicate = true> <Delay = 0.00>
ST_1 : Operation 21 [1/1] (0.00ns)   --->   "%zext_ln153 = zext i8 %k_1" [bnn.cpp:153]   --->   Operation 21 'zext' 'zext_ln153' <Predicate = (!icmp_ln153)> <Delay = 0.00>
ST_1 : Operation 22 [1/1] (0.00ns)   --->   "%WF2_addr = getelementptr i32 %WF2, i64 0, i64 %zext_ln153" [bnn.cpp:155]   --->   Operation 22 'getelementptr' 'WF2_addr' <Predicate = (!icmp_ln153)> <Delay = 0.00>
ST_1 : Operation 23 [2/2] (0.00ns)   --->   "%w0 = load i8 %WF2_addr" [bnn.cpp:155]   --->   Operation 23 'load' 'w0' <Predicate = (!icmp_ln153)> <Delay = 0.00> <CoreInst = "RAM">   --->   Core 82 'RAM' <Latency = 1> <II = 1> <Delay = 1.23> <Storage> <Opcode : 'load' 'store'> <Ports = 2> <Width = 32> <Depth = 256> <RAM>
ST_1 : Operation 24 [1/1] (0.00ns)   --->   "%trunc_ln156 = trunc i8 %k_1" [bnn.cpp:156]   --->   Operation 24 'trunc' 'trunc_ln156' <Predicate = (!icmp_ln153)> <Delay = 0.00>
ST_1 : Operation 25 [1/1] (0.00ns)   --->   "%zext_ln156_cast = bitconcatenate i8 @_ssdm_op_BitConcatenate.i8.i1.i7, i1 1, i7 %trunc_ln156" [bnn.cpp:156]   --->   Operation 25 'bitconcatenate' 'zext_ln156_cast' <Predicate = (!icmp_ln153)> <Delay = 0.00>
ST_1 : Operation 26 [1/1] (0.00ns)   --->   "%zext_ln156 = zext i8 %zext_ln156_cast" [bnn.cpp:156]   --->   Operation 26 'zext' 'zext_ln156' <Predicate = (!icmp_ln153)> <Delay = 0.00>
ST_1 : Operation 27 [1/1] (0.00ns)   --->   "%WF2_addr_1 = getelementptr i32 %WF2, i64 0, i64 %zext_ln156" [bnn.cpp:156]   --->   Operation 27 'getelementptr' 'WF2_addr_1' <Predicate = (!icmp_ln153)> <Delay = 0.00>
ST_1 : Operation 28 [2/2] (0.00ns)   --->   "%w1 = load i8 %WF2_addr_1" [bnn.cpp:156]   --->   Operation 28 'load' 'w1' <Predicate = (!icmp_ln153)> <Delay = 0.00> <CoreInst = "RAM">   --->   Core 82 'RAM' <Latency = 1> <II = 1> <Delay = 1.23> <Storage> <Opcode : 'load' 'store'> <Ports = 2> <Width = 32> <Depth = 256> <RAM>
ST_1 : Operation 29 [1/1] (0.00ns)   --->   "%f1_addr = getelementptr i1 %f1, i64 0, i64 %zext_ln153" [bnn.cpp:157]   --->   Operation 29 'getelementptr' 'f1_addr' <Predicate = (!icmp_ln153)> <Delay = 0.00>
ST_1 : Operation 30 [2/2] (0.67ns)   --->   "%f1_load = load i7 %f1_addr" [bnn.cpp:157]   --->   Operation 30 'load' 'f1_load' <Predicate = (!icmp_ln153)> <Delay = 0.67> <CoreInst = "RAM">   --->   Core 82 'RAM' <Latency = 1> <II = 1> <Delay = 0.67> <Storage> <Opcode : 'load' 'store'> <Ports = 2> <Width = 1> <Depth = 128> <RAM>
ST_1 : Operation 31 [1/1] (0.42ns)   --->   "%store_ln153 = store i8 %add_ln153, i8 %k" [bnn.cpp:153]   --->   Operation 31 'store' 'store_ln153' <Predicate = (!icmp_ln153)> <Delay = 0.42>
ST_1 : Operation 53 [1/1] (0.00ns)   --->   "%a0_load = load i40 %a0"   --->   Operation 53 'load' 'a0_load' <Predicate = (icmp_ln153)> <Delay = 0.00>
ST_1 : Operation 54 [1/1] (0.00ns)   --->   "%a1_load = load i40 %a1"   --->   Operation 54 'load' 'a1_load' <Predicate = (icmp_ln153)> <Delay = 0.00>
ST_1 : Operation 55 [1/1] (0.00ns)   --->   "%write_ln0 = write void @_ssdm_op_Write.ap_auto.i40P0A, i40 %a1_1_out, i40 %a1_load"   --->   Operation 55 'write' 'write_ln0' <Predicate = (icmp_ln153)> <Delay = 0.00>
ST_1 : Operation 56 [1/1] (0.00ns)   --->   "%write_ln0 = write void @_ssdm_op_Write.ap_auto.i40P0A, i40 %a0_1_out, i40 %a0_load"   --->   Operation 56 'write' 'write_ln0' <Predicate = (icmp_ln153)> <Delay = 0.00>
ST_1 : Operation 57 [1/1] (0.42ns)   --->   "%ret_ln0 = ret"   --->   Operation 57 'ret' 'ret_ln0' <Predicate = (icmp_ln153)> <Delay = 0.42>

State 2 <SV = 1> <Delay = 2.90>
ST_2 : Operation 32 [1/1] (0.00ns)   --->   "%a0_load_1 = load i40 %a0" [bnn.cpp:157]   --->   Operation 32 'load' 'a0_load_1' <Predicate = true> <Delay = 0.00>
ST_2 : Operation 33 [1/1] (0.00ns)   --->   "%a1_load_1 = load i40 %a1" [bnn.cpp:158]   --->   Operation 33 'load' 'a1_load_1' <Predicate = true> <Delay = 0.00>
ST_2 : Operation 34 [1/1] (0.00ns)   --->   "%specpipeline_ln154 = specpipeline void @_ssdm_op_SpecPipeline, i32 1, i32 0, i32 0, i32 0, i32 4294967295, void @empty_2" [bnn.cpp:154]   --->   Operation 34 'specpipeline' 'specpipeline_ln154' <Predicate = true> <Delay = 0.00>
ST_2 : Operation 35 [1/1] (0.00ns)   --->   "%speclooptripcount_ln152 = speclooptripcount void @_ssdm_op_SpecLoopTripCount, i64 128, i64 128, i64 128" [bnn.cpp:152]   --->   Operation 35 'speclooptripcount' 'speclooptripcount_ln152' <Predicate = true> <Delay = 0.00>
ST_2 : Operation 36 [1/1] (0.00ns)   --->   "%specloopname_ln153 = specloopname void @_ssdm_op_SpecLoopName, void @empty_0" [bnn.cpp:153]   --->   Operation 36 'specloopname' 'specloopname_ln153' <Predicate = true> <Delay = 0.00>
ST_2 : Operation 37 [1/2] ( I:0.00ns O:0.00ns )   --->   "%w0 = load i8 %WF2_addr" [bnn.cpp:155]   --->   Operation 37 'load' 'w0' <Predicate = true> <Delay = 0.00> <CoreInst = "RAM">   --->   Core 82 'RAM' <Latency = 1> <II = 1> <Delay = 1.23> <Storage> <Opcode : 'load' 'store'> <Ports = 2> <Width = 32> <Depth = 256> <RAM>
ST_2 : Operation 38 [1/1] (0.00ns)   --->   "%sext_ln155 = sext i32 %w0" [bnn.cpp:155]   --->   Operation 38 'sext' 'sext_ln155' <Predicate = true> <Delay = 0.00>
ST_2 : Operation 39 [1/2] ( I:0.00ns O:0.00ns )   --->   "%w1 = load i8 %WF2_addr_1" [bnn.cpp:156]   --->   Operation 39 'load' 'w1' <Predicate = true> <Delay = 0.00> <CoreInst = "RAM">   --->   Core 82 'RAM' <Latency = 1> <II = 1> <Delay = 1.23> <Storage> <Opcode : 'load' 'store'> <Ports = 2> <Width = 32> <Depth = 256> <RAM>
ST_2 : Operation 40 [1/1] (0.00ns)   --->   "%sext_ln156 = sext i32 %w1" [bnn.cpp:156]   --->   Operation 40 'sext' 'sext_ln156' <Predicate = true> <Delay = 0.00>
ST_2 : Operation 41 [1/2] ( I:0.67ns O:0.67ns )   --->   "%f1_load = load i7 %f1_addr" [bnn.cpp:157]   --->   Operation 41 'load' 'f1_load' <Predicate = true> <Delay = 0.67> <CoreInst = "RAM">   --->   Core 82 'RAM' <Latency = 1> <II = 1> <Delay = 0.67> <Storage> <Opcode : 'load' 'store'> <Ports = 2> <Width = 1> <Depth = 128> <RAM>
ST_2 : Operation 42 [1/1] (1.01ns)   --->   "%sub_ln157 = sub i33 0, i33 %sext_ln155" [bnn.cpp:157]   --->   Operation 42 'sub' 'sub_ln157' <Predicate = true> <Delay = 1.01> <CoreInst = "Adder">   --->   Core 1 'Adder' <Latency = 0> <II = 1> <Delay = 1.01> <FuncUnit> <Opcode : 'add' 'sub'> <InPorts = 2> <OutPorts = 1>
ST_2 : Operation 43 [1/1] (0.43ns)   --->   "%select_ln157 = select i1 %f1_load, i33 %sext_ln155, i33 %sub_ln157" [bnn.cpp:157]   --->   Operation 43 'select' 'select_ln157' <Predicate = true> <Delay = 0.43> <CoreInst = "Sel">   --->   Core 73 'Sel' <Latency = 0> <II = 1> <Delay = 0.43> <FuncUnit> <Opcode : 'select'> <InPorts = 3> <OutPorts = 1>
ST_2 : Operation 44 [1/1] (0.00ns)   --->   "%sext_ln157 = sext i33 %select_ln157" [bnn.cpp:157]   --->   Operation 44 'sext' 'sext_ln157' <Predicate = true> <Delay = 0.00>
ST_2 : Operation 45 [1/1] (1.03ns)   --->   "%a0_1 = add i40 %sext_ln157, i40 %a0_load_1" [bnn.cpp:157]   --->   Operation 45 'add' 'a0_1' <Predicate = true> <Delay = 1.03> <CoreInst = "Adder">   --->   Core 1 'Adder' <Latency = 0> <II = 1> <Delay = 1.03> <FuncUnit> <Opcode : 'add' 'sub'> <InPorts = 2> <OutPorts = 1>
ST_2 : Operation 46 [1/1] (1.01ns)   --->   "%sub_ln158 = sub i33 0, i33 %sext_ln156" [bnn.cpp:158]   --->   Operation 46 'sub' 'sub_ln158' <Predicate = true> <Delay = 1.01> <CoreInst = "Adder">   --->   Core 1 'Adder' <Latency = 0> <II = 1> <Delay = 1.01> <FuncUnit> <Opcode : 'add' 'sub'> <InPorts = 2> <OutPorts = 1>
ST_2 : Operation 47 [1/1] (0.43ns)   --->   "%select_ln158 = select i1 %f1_load, i33 %sext_ln156, i33 %sub_ln158" [bnn.cpp:158]   --->   Operation 47 'select' 'select_ln158' <Predicate = true> <Delay = 0.43> <CoreInst = "Sel">   --->   Core 73 'Sel' <Latency = 0> <II = 1> <Delay = 0.43> <FuncUnit> <Opcode : 'select'> <InPorts = 3> <OutPorts = 1>
ST_2 : Operation 48 [1/1] (0.00ns)   --->   "%sext_ln158 = sext i33 %select_ln158" [bnn.cpp:158]   --->   Operation 48 'sext' 'sext_ln158' <Predicate = true> <Delay = 0.00>
ST_2 : Operation 49 [1/1] (1.03ns)   --->   "%a1_1 = add i40 %sext_ln158, i40 %a1_load_1" [bnn.cpp:158]   --->   Operation 49 'add' 'a1_1' <Predicate = true> <Delay = 1.03> <CoreInst = "Adder">   --->   Core 1 'Adder' <Latency = 0> <II = 1> <Delay = 1.03> <FuncUnit> <Opcode : 'add' 'sub'> <InPorts = 2> <OutPorts = 1>
ST_2 : Operation 50 [1/1] (0.42ns)   --->   "%store_ln152 = store i40 %a1_1, i40 %a1" [bnn.cpp:152]   --->   Operation 50 'store' 'store_ln152' <Predicate = true> <Delay = 0.42>
ST_2 : Operation 51 [1/1] (0.42ns)   --->   "%store_ln152 = store i40 %a0_1, i40 %a0" [bnn.cpp:152]   --->   Operation 51 'store' 'store_ln152' <Predicate = true> <Delay = 0.42>
ST_2 : Operation 52 [1/1] (0.00ns)   --->   "%br_ln153 = br void %for.body501" [bnn.cpp:153]   --->   Operation 52 'br' 'br_ln153' <Predicate = true> <Delay = 0.00>


============================================================
+ Verbose Summary: Timing violations
============================================================
Target clock period: 10.000ns, clock uncertainty: 2.700ns.

 <State 1>: 1.619ns
The critical path consists of the following:
	'store' operation ('store_ln153', bnn.cpp:153) of constant 0 8 bit on local variable 'k', bnn.cpp:153 [15]  (0.427 ns)
	'load' operation 8 bit ('k', bnn.cpp:153) on local variable 'k', bnn.cpp:153 [20]  (0.000 ns)
	'icmp' operation 1 bit ('icmp_ln153', bnn.cpp:153) [21]  (0.765 ns)
	'store' operation ('store_ln153', bnn.cpp:153) of variable 'add_ln153', bnn.cpp:153 8 bit on local variable 'k', bnn.cpp:153 [50]  (0.427 ns)

 <State 2>: 2.909ns
The critical path consists of the following:
	'load' operation 32 bit ('w1', bnn.cpp:156) on array 'WF2' [38]  (0.000 ns)
	'sub' operation 33 bit ('sub_ln158', bnn.cpp:158) [46]  (1.016 ns)
	'select' operation 33 bit ('select_ln158', bnn.cpp:158) [47]  (0.432 ns)
	'add' operation 40 bit ('a1', bnn.cpp:158) [49]  (1.034 ns)
	'store' operation ('store_ln152', bnn.cpp:152) of variable 'a1', bnn.cpp:158 40 bit on local variable 'a1', bnn.cpp:152 [51]  (0.427 ns)


============================================================
+ Verbose Summary: Binding
============================================================
N/A
* FSMD analyzer results:
  - Output states:
 - Input state : 
  - Chain level:
	State 1
	State 2


============================================================
+ Verbose Summary: Datapath Resource usage 
============================================================
N/A
