

================================================================
== Vitis HLS Report for 'bnn_top_Pipeline_VITIS_LOOP_65_6_VITIS_LOOP_66_7'
================================================================
* Date:           Mon Aug 24 01:28:38 2026

* Version:        2025.2 (Build 6295257 on Nov 12 2025)
* Project:        bnn_hls
* Solution:       sol1 (Vivado IP Flow Target)
* Product family: zynquplus
* Target device:  xczu7ev-ffvc1156-2-e


================================================================
== Performance Estimates
================================================================
+ Timing: 
    * Summary: 
    +--------+----------+----------+------------+
    |  Clock |  Target  | Estimated| Uncertainty|
    +--------+----------+----------+------------+
    |ap_clk  |  10.00 ns|  6.545 ns|     2.70 ns|
    +--------+----------+----------+------------+

+ Latency: 
    * Summary: 
    +---------+---------+----------+----------+-----+-----+-------------------+
    |  Latency (cycles) |  Latency (absolute) |  Interval |      Pipeline     |
    |   min   |   max   |    min   |    max   | min | max |        Type       |
    +---------+---------+----------+----------+-----+-----+-------------------+
    |      270|      270|  2.700 us|  2.700 us|    0|    0|  loop pipeline stp|
    +---------+---------+----------+----------+-----+-----+-------------------+

    + Detail: 
        * Instance: 
        N/A

        * Loop: 
        +-----------------------------------+---------+---------+----------+-----------+-----------+------+----------+
        |                                   |  Latency (cycles) | Iteration|  Initiation Interval  | Trip |          |
        |             Loop Name             |   min   |   max   |  Latency |  achieved |   target  | Count| Pipelined|
        +-----------------------------------+---------+---------+----------+-----------+-----------+------+----------+
        |- VITIS_LOOP_65_6_VITIS_LOOP_66_7  |      268|      268|        14|          1|          1|   256|       yes|
        +-----------------------------------+---------+---------+----------+-----------+-----------+------+----------+

============================================================
+ Verbose Summary: Synthesis Manager
============================================================
InlineROM: 1
ExposeGlobal: 0
============================================================
+ Verbose Summary: CDFG Model
============================================================
IsTopModel: 0
ResetActiveHigh: 1
IsCombinational: 0
IsDatapathOnly: 0
HasWiredReturn: 1
HasMFsm: 2
HasVarLatency: 1
IsPipeline: 0
IsRtlPipelined: 0
IsInstanceOverlapped: 0
IsDontTouch: 0
HasImplIP: 0
IsGatedGlobalClock: 0

+ Individual pipeline summary: 
  * Pipeline-0: initiation interval (II) = 1, depth = 14


============================================================
+ Verbose Summary: Schedule
============================================================
* Number of FSM states : 14
* Pipeline : 1
  Pipeline-0 : II = 1, D = 14, States = { 1 2 3 4 5 6 7 8 9 10 11 12 13 14 }
* Dataflow Pipeline: 0

* FSM state transitions: 
1 --> 2 
2 --> 3 
3 --> 4 
4 --> 5 
5 --> 6 
6 --> 7 
7 --> 8 
8 --> 9 
9 --> 10 
10 --> 11 
11 --> 12 
12 --> 13 
13 --> 14 
14 --> 

* FSM state operations: 

State 1 <SV = 0> <Delay = 5.55>
ST_1 : Operation 17 [1/1] (0.00ns)   --->   "%pw = alloca i32 1" [bnn.cpp:66]   --->   Operation 17 'alloca' 'pw' <Predicate = true> <Delay = 0.00>
ST_1 : Operation 18 [1/1] (0.00ns)   --->   "%ph = alloca i32 1" [bnn.cpp:65]   --->   Operation 18 'alloca' 'ph' <Predicate = true> <Delay = 0.00>
ST_1 : Operation 19 [1/1] (0.00ns)   --->   "%indvar_flatten6 = alloca i32 1"   --->   Operation 19 'alloca' 'indvar_flatten6' <Predicate = true> <Delay = 0.00>
ST_1 : Operation 20 [1/1] (0.00ns)   --->   "%tmp = read i5 @_ssdm_op_Read.ap_auto.i5, i5 %empty"   --->   Operation 20 'read' 'tmp' <Predicate = true> <Delay = 0.00>
ST_1 : Operation 21 [1/1] (0.00ns)   --->   "%TAU1_load_read = read i32 @_ssdm_op_Read.ap_auto.i32, i32 %TAU1_load"   --->   Operation 21 'read' 'TAU1_load_read' <Predicate = true> <Delay = 0.00>
ST_1 : Operation 22 [1/1] (0.42ns)   --->   "%store_ln0 = store i9 0, i9 %indvar_flatten6"   --->   Operation 22 'store' 'store_ln0' <Predicate = true> <Delay = 0.42>
ST_1 : Operation 23 [1/1] (0.42ns)   --->   "%store_ln65 = store i5 0, i5 %ph" [bnn.cpp:65]   --->   Operation 23 'store' 'store_ln65' <Predicate = true> <Delay = 0.42>
ST_1 : Operation 24 [1/1] (0.42ns)   --->   "%store_ln66 = store i5 0, i5 %pw" [bnn.cpp:66]   --->   Operation 24 'store' 'store_ln66' <Predicate = true> <Delay = 0.42>
ST_1 : Operation 25 [1/1] (0.00ns)   --->   "%br_ln0 = br void %for.body63"   --->   Operation 25 'br' 'br_ln0' <Predicate = true> <Delay = 0.00>
ST_1 : Operation 26 [1/1] (0.00ns)   --->   "%indvar_flatten6_load = load i9 %indvar_flatten6" [bnn.cpp:65]   --->   Operation 26 'load' 'indvar_flatten6_load' <Predicate = true> <Delay = 0.00>
ST_1 : Operation 27 [1/1] (0.77ns)   --->   "%icmp_ln65 = icmp_eq  i9 %indvar_flatten6_load, i9 256" [bnn.cpp:65]   --->   Operation 27 'icmp' 'icmp_ln65' <Predicate = true> <Delay = 0.77> <CoreInst = "Cmp">   --->   Core 9 'Cmp' <Latency = 0> <II = 1> <Delay = 0.77> <FuncUnit> <Opcode : 'seteq' 'setne' 'setle' 'setge' 'setlt' 'setgt'> <InPorts = 2> <OutPorts = 1>
ST_1 : Operation 28 [1/1] (0.77ns)   --->   "%add_ln65 = add i9 %indvar_flatten6_load, i9 1" [bnn.cpp:65]   --->   Operation 28 'add' 'add_ln65' <Predicate = true> <Delay = 0.77> <CoreInst = "Adder">   --->   Core 1 'Adder' <Latency = 0> <II = 1> <Delay = 0.77> <FuncUnit> <Opcode : 'add' 'sub'> <InPorts = 2> <OutPorts = 1>
ST_1 : Operation 29 [1/1] (0.00ns)   --->   "%br_ln65 = br i1 %icmp_ln65, void %for.inc113, void %for.inc116.exitStub" [bnn.cpp:65]   --->   Operation 29 'br' 'br_ln65' <Predicate = true> <Delay = 0.00>
ST_1 : Operation 30 [1/1] (0.00ns)   --->   "%pw_load = load i5 %pw" [bnn.cpp:66]   --->   Operation 30 'load' 'pw_load' <Predicate = (!icmp_ln65)> <Delay = 0.00>
ST_1 : Operation 31 [1/1] (0.00ns)   --->   "%ph_load = load i5 %ph" [bnn.cpp:65]   --->   Operation 31 'load' 'ph_load' <Predicate = (!icmp_ln65)> <Delay = 0.00>
ST_1 : Operation 32 [1/1] (0.78ns)   --->   "%icmp_ln66 = icmp_eq  i5 %pw_load, i5 16" [bnn.cpp:66]   --->   Operation 32 'icmp' 'icmp_ln66' <Predicate = (!icmp_ln65)> <Delay = 0.78> <CoreInst = "Cmp">   --->   Core 9 'Cmp' <Latency = 0> <II = 1> <Delay = 0.78> <FuncUnit> <Opcode : 'seteq' 'setne' 'setle' 'setge' 'setlt' 'setgt'> <InPorts = 2> <OutPorts = 1>
ST_1 : Operation 33 [1/1] (0.41ns)   --->   "%select_ln65 = select i1 %icmp_ln66, i5 0, i5 %pw_load" [bnn.cpp:65]   --->   Operation 33 'select' 'select_ln65' <Predicate = (!icmp_ln65)> <Delay = 0.41> <CoreInst = "Sel">   --->   Core 73 'Sel' <Latency = 0> <II = 1> <Delay = 0.41> <FuncUnit> <Opcode : 'select'> <InPorts = 3> <OutPorts = 1>
ST_1 : Operation 34 [1/1] (0.78ns)   --->   "%add_ln65_1 = add i5 %ph_load, i5 1" [bnn.cpp:65]   --->   Operation 34 'add' 'add_ln65_1' <Predicate = (!icmp_ln65)> <Delay = 0.78> <CoreInst = "Adder">   --->   Core 1 'Adder' <Latency = 0> <II = 1> <Delay = 0.78> <FuncUnit> <Opcode : 'add' 'sub'> <InPorts = 2> <OutPorts = 1>
ST_1 : Operation 35 [1/1] (0.41ns)   --->   "%select_ln65_1 = select i1 %icmp_ln66, i5 %add_ln65_1, i5 %ph_load" [bnn.cpp:65]   --->   Operation 35 'select' 'select_ln65_1' <Predicate = (!icmp_ln65)> <Delay = 0.41> <CoreInst = "Sel">   --->   Core 73 'Sel' <Latency = 0> <II = 1> <Delay = 0.41> <FuncUnit> <Opcode : 'select'> <InPorts = 3> <OutPorts = 1>
ST_1 : Operation 36 [1/1] (0.00ns)   --->   "%trunc_ln68 = trunc i5 %select_ln65_1" [bnn.cpp:68]   --->   Operation 36 'trunc' 'trunc_ln68' <Predicate = (!icmp_ln65)> <Delay = 0.00>
ST_1 : Operation 37 [1/1] (0.00ns) (grouped into LUT with out node add_ln68)   --->   "%shl_ln5 = bitconcatenate i6 @_ssdm_op_BitConcatenate.i6.i4.i2, i4 %trunc_ln68, i2 0" [bnn.cpp:68]   --->   Operation 37 'bitconcatenate' 'shl_ln5' <Predicate = (!icmp_ln65)> <Delay = 0.00>
ST_1 : Operation 38 [1/1] (0.00ns) (grouped into LUT with out node add_ln68)   --->   "%zext_ln68 = zext i6 %shl_ln5" [bnn.cpp:68]   --->   Operation 38 'zext' 'zext_ln68' <Predicate = (!icmp_ln65)> <Delay = 0.00>
ST_1 : Operation 39 [1/1] (0.00ns)   --->   "%trunc_ln66 = trunc i5 %select_ln65" [bnn.cpp:66]   --->   Operation 39 'trunc' 'trunc_ln66' <Predicate = (!icmp_ln65)> <Delay = 0.00>
ST_1 : Operation 40 [1/1] (0.00ns)   --->   "%trunc_ln68_1 = trunc i5 %select_ln65" [bnn.cpp:68]   --->   Operation 40 'trunc' 'trunc_ln68_1' <Predicate = (!icmp_ln65)> <Delay = 0.00>
ST_1 : Operation 41 [1/1] (0.00ns) (grouped into LUT with out node add_ln68)   --->   "%shl_ln68 = shl i5 %select_ln65, i5 1" [bnn.cpp:68]   --->   Operation 41 'shl' 'shl_ln68' <Predicate = (!icmp_ln65)> <Delay = 0.00>
ST_1 : Operation 42 [1/1] (0.00ns) (grouped into LUT with out node add_ln68)   --->   "%zext_ln68_1 = zext i5 %shl_ln68" [bnn.cpp:68]   --->   Operation 42 'zext' 'zext_ln68_1' <Predicate = (!icmp_ln65)> <Delay = 0.00>
ST_1 : Operation 43 [1/1] (0.78ns) (out node of the LUT)   --->   "%add_ln68 = add i7 %zext_ln68_1, i7 %zext_ln68" [bnn.cpp:68]   --->   Operation 43 'add' 'add_ln68' <Predicate = (!icmp_ln65)> <Delay = 0.78> <CoreInst = "Adder">   --->   Core 1 'Adder' <Latency = 0> <II = 1> <Delay = 0.78> <FuncUnit> <Opcode : 'add' 'sub'> <InPorts = 2> <OutPorts = 1>
ST_1 : Operation 44 [1/1] (0.00ns)   --->   "%zext_ln68_2 = zext i7 %add_ln68" [bnn.cpp:68]   --->   Operation 44 'zext' 'zext_ln68_2' <Predicate = (!icmp_ln65)> <Delay = 0.00>
ST_1 : Operation 45 [1/1] (0.00ns)   --->   "%p_shl = bitconcatenate i10 @_ssdm_op_BitConcatenate.i10.i4.i6, i4 %trunc_ln68, i6 0" [bnn.cpp:68]   --->   Operation 45 'bitconcatenate' 'p_shl' <Predicate = (!icmp_ln65)> <Delay = 0.00>
ST_1 : Operation 46 [1/1] (0.00ns)   --->   "%tmp_26 = bitconcatenate i7 @_ssdm_op_BitConcatenate.i7.i5.i2, i5 %select_ln65_1, i2 0" [bnn.cpp:68]   --->   Operation 46 'bitconcatenate' 'tmp_26' <Predicate = (!icmp_ln65)> <Delay = 0.00>
ST_1 : Operation 47 [1/1] (0.00ns)   --->   "%zext_ln68_3 = zext i7 %tmp_26" [bnn.cpp:68]   --->   Operation 47 'zext' 'zext_ln68_3' <Predicate = (!icmp_ln65)> <Delay = 0.00>
ST_1 : Operation 48 [1/1] (0.00ns) (grouped into TernaryAdder)   --->   "%sub_ln68 = sub i10 %p_shl, i10 %zext_ln68_3" [bnn.cpp:68]   --->   Operation 48 'sub' 'sub_ln68' <Predicate = (!icmp_ln65)> <Delay = 0.00> <CoreInst = "TAddSub">   --->   Core 10 'TAddSub' <Latency = 0> <II = 1> <Delay = 0.48> <IPBlock> <Opcode : 'add' 'sub'> <InPorts = 3> <OutPorts = 1> <Sync> <CReg>
ST_1 : Operation 49 [1/1] (0.96ns) (root node of TernaryAdder)   --->   "%add_ln68_1 = add i10 %zext_ln68_2, i10 %sub_ln68" [bnn.cpp:68]   --->   Operation 49 'add' 'add_ln68_1' <Predicate = (!icmp_ln65)> <Delay = 0.96> <CoreInst = "TAddSub">   --->   Core 10 'TAddSub' <Latency = 0> <II = 1> <Delay = 0.48> <IPBlock> <Opcode : 'add' 'sub'> <InPorts = 3> <OutPorts = 1> <Sync> <CReg>
ST_1 : Operation 50 [1/1] (0.00ns)   --->   "%zext_ln68_5 = zext i10 %add_ln68_1" [bnn.cpp:68]   --->   Operation 50 'zext' 'zext_ln68_5' <Predicate = (!icmp_ln65)> <Delay = 0.00>
ST_1 : Operation 51 [1/1] (2.18ns)   --->   "%mul_ln68 = mul i21 %zext_ln68_5, i21 1639" [bnn.cpp:68]   --->   Operation 51 'mul' 'mul_ln68' <Predicate = (!icmp_ln65)> <Delay = 2.18> <CoreInst = "Multiplier">   --->   Core 3 'Multiplier' <Latency = 0> <II = 1> <Delay = 2.18> <FuncUnit> <Opcode : 'mul'> <InPorts = 2> <OutPorts = 1>
ST_1 : Operation 52 [1/1] (0.00ns)   --->   "%tmp_27 = partselect i8 @_ssdm_op_PartSelect.i8.i21.i32.i32, i21 %mul_ln68, i32 13, i32 20" [bnn.cpp:68]   --->   Operation 52 'partselect' 'tmp_27' <Predicate = (!icmp_ln65)> <Delay = 0.00>
ST_1 : Operation 53 [11/11] (1.61ns)   --->   "%urem_ln68 = urem i7 %add_ln68, i7 5" [bnn.cpp:68]   --->   Operation 53 'urem' 'urem_ln68' <Predicate = (!icmp_ln65)> <Delay = 1.61> <CoreInst = "Divider">   --->   Core 6 'Divider' <Latency = 10> <II = 1> <Delay = 1.61> <FuncUnit> <Opcode : 'udiv' 'sdiv' 'urem' 'srem'> <InPorts = 2> <OutPorts = 1>
ST_1 : Operation 54 [1/1] (0.00ns)   --->   "%tmp_31 = bitselect i1 @_ssdm_op_BitSelect.i1.i5.i32, i5 %select_ln65, i32 3" [bnn.cpp:73]   --->   Operation 54 'bitselect' 'tmp_31' <Predicate = (!icmp_ln65)> <Delay = 0.00>
ST_1 : Operation 55 [1/1] (0.67ns)   --->   "%switch_ln73 = switch i3 %trunc_ln66, void %arrayidx109.case.7, i3 0, void %arrayidx109.case.0, i3 1, void %arrayidx109.case.1, i3 2, void %arrayidx109.case.2, i3 3, void %arrayidx109.case.3, i3 4, void %arrayidx109.case.4, i3 5, void %arrayidx109.case.5, i3 6, void %arrayidx109.case.6" [bnn.cpp:73]   --->   Operation 55 'switch' 'switch_ln73' <Predicate = (!icmp_ln65)> <Delay = 0.67>
ST_1 : Operation 56 [1/1] (0.78ns)   --->   "%add_ln66 = add i5 %select_ln65, i5 1" [bnn.cpp:66]   --->   Operation 56 'add' 'add_ln66' <Predicate = (!icmp_ln65)> <Delay = 0.78> <CoreInst = "Adder">   --->   Core 1 'Adder' <Latency = 0> <II = 1> <Delay = 0.78> <FuncUnit> <Opcode : 'add' 'sub'> <InPorts = 2> <OutPorts = 1>
ST_1 : Operation 57 [1/1] (0.42ns)   --->   "%store_ln65 = store i9 %add_ln65, i9 %indvar_flatten6" [bnn.cpp:65]   --->   Operation 57 'store' 'store_ln65' <Predicate = (!icmp_ln65)> <Delay = 0.42>
ST_1 : Operation 58 [1/1] (0.42ns)   --->   "%store_ln65 = store i5 %select_ln65_1, i5 %ph" [bnn.cpp:65]   --->   Operation 58 'store' 'store_ln65' <Predicate = (!icmp_ln65)> <Delay = 0.42>
ST_1 : Operation 59 [1/1] (0.42ns)   --->   "%store_ln66 = store i5 %add_ln66, i5 %pw" [bnn.cpp:66]   --->   Operation 59 'store' 'store_ln66' <Predicate = (!icmp_ln65)> <Delay = 0.42>
ST_1 : Operation 60 [1/1] (0.00ns)   --->   "%br_ln66 = br void %for.body63" [bnn.cpp:66]   --->   Operation 60 'br' 'br_ln66' <Predicate = (!icmp_ln65)> <Delay = 0.00>

State 2 <SV = 1> <Delay = 1.61>
ST_2 : Operation 61 [10/11] (1.61ns)   --->   "%urem_ln68 = urem i7 %add_ln68, i7 5" [bnn.cpp:68]   --->   Operation 61 'urem' 'urem_ln68' <Predicate = true> <Delay = 1.61> <CoreInst = "Divider">   --->   Core 6 'Divider' <Latency = 10> <II = 1> <Delay = 1.61> <FuncUnit> <Opcode : 'udiv' 'sdiv' 'urem' 'srem'> <InPorts = 2> <OutPorts = 1>

State 3 <SV = 2> <Delay = 1.61>
ST_3 : Operation 62 [9/11] (1.61ns)   --->   "%urem_ln68 = urem i7 %add_ln68, i7 5" [bnn.cpp:68]   --->   Operation 62 'urem' 'urem_ln68' <Predicate = true> <Delay = 1.61> <CoreInst = "Divider">   --->   Core 6 'Divider' <Latency = 10> <II = 1> <Delay = 1.61> <FuncUnit> <Opcode : 'udiv' 'sdiv' 'urem' 'srem'> <InPorts = 2> <OutPorts = 1>

State 4 <SV = 3> <Delay = 1.61>
ST_4 : Operation 63 [8/11] (1.61ns)   --->   "%urem_ln68 = urem i7 %add_ln68, i7 5" [bnn.cpp:68]   --->   Operation 63 'urem' 'urem_ln68' <Predicate = true> <Delay = 1.61> <CoreInst = "Divider">   --->   Core 6 'Divider' <Latency = 10> <II = 1> <Delay = 1.61> <FuncUnit> <Opcode : 'udiv' 'sdiv' 'urem' 'srem'> <InPorts = 2> <OutPorts = 1>

State 5 <SV = 4> <Delay = 1.61>
ST_5 : Operation 64 [7/11] (1.61ns)   --->   "%urem_ln68 = urem i7 %add_ln68, i7 5" [bnn.cpp:68]   --->   Operation 64 'urem' 'urem_ln68' <Predicate = true> <Delay = 1.61> <CoreInst = "Divider">   --->   Core 6 'Divider' <Latency = 10> <II = 1> <Delay = 1.61> <FuncUnit> <Opcode : 'udiv' 'sdiv' 'urem' 'srem'> <InPorts = 2> <OutPorts = 1>

State 6 <SV = 5> <Delay = 1.61>
ST_6 : Operation 65 [6/11] (1.61ns)   --->   "%urem_ln68 = urem i7 %add_ln68, i7 5" [bnn.cpp:68]   --->   Operation 65 'urem' 'urem_ln68' <Predicate = true> <Delay = 1.61> <CoreInst = "Divider">   --->   Core 6 'Divider' <Latency = 10> <II = 1> <Delay = 1.61> <FuncUnit> <Opcode : 'udiv' 'sdiv' 'urem' 'srem'> <InPorts = 2> <OutPorts = 1>

State 7 <SV = 6> <Delay = 1.61>
ST_7 : Operation 66 [5/11] (1.61ns)   --->   "%urem_ln68 = urem i7 %add_ln68, i7 5" [bnn.cpp:68]   --->   Operation 66 'urem' 'urem_ln68' <Predicate = true> <Delay = 1.61> <CoreInst = "Divider">   --->   Core 6 'Divider' <Latency = 10> <II = 1> <Delay = 1.61> <FuncUnit> <Opcode : 'udiv' 'sdiv' 'urem' 'srem'> <InPorts = 2> <OutPorts = 1>

State 8 <SV = 7> <Delay = 1.61>
ST_8 : Operation 67 [4/11] (1.61ns)   --->   "%urem_ln68 = urem i7 %add_ln68, i7 5" [bnn.cpp:68]   --->   Operation 67 'urem' 'urem_ln68' <Predicate = true> <Delay = 1.61> <CoreInst = "Divider">   --->   Core 6 'Divider' <Latency = 10> <II = 1> <Delay = 1.61> <FuncUnit> <Opcode : 'udiv' 'sdiv' 'urem' 'srem'> <InPorts = 2> <OutPorts = 1>

State 9 <SV = 8> <Delay = 1.61>
ST_9 : Operation 68 [3/11] (1.61ns)   --->   "%urem_ln68 = urem i7 %add_ln68, i7 5" [bnn.cpp:68]   --->   Operation 68 'urem' 'urem_ln68' <Predicate = true> <Delay = 1.61> <CoreInst = "Divider">   --->   Core 6 'Divider' <Latency = 10> <II = 1> <Delay = 1.61> <FuncUnit> <Opcode : 'udiv' 'sdiv' 'urem' 'srem'> <InPorts = 2> <OutPorts = 1>

State 10 <SV = 9> <Delay = 1.61>
ST_10 : Operation 69 [2/11] (1.61ns)   --->   "%urem_ln68 = urem i7 %add_ln68, i7 5" [bnn.cpp:68]   --->   Operation 69 'urem' 'urem_ln68' <Predicate = true> <Delay = 1.61> <CoreInst = "Divider">   --->   Core 6 'Divider' <Latency = 10> <II = 1> <Delay = 1.61> <FuncUnit> <Opcode : 'udiv' 'sdiv' 'urem' 'srem'> <InPorts = 2> <OutPorts = 1>

State 11 <SV = 10> <Delay = 1.61>
ST_11 : Operation 70 [1/11] (1.61ns)   --->   "%urem_ln68 = urem i7 %add_ln68, i7 5" [bnn.cpp:68]   --->   Operation 70 'urem' 'urem_ln68' <Predicate = true> <Delay = 1.61> <CoreInst = "Divider">   --->   Core 6 'Divider' <Latency = 10> <II = 1> <Delay = 1.61> <FuncUnit> <Opcode : 'udiv' 'sdiv' 'urem' 'srem'> <InPorts = 2> <OutPorts = 1>
ST_11 : Operation 71 [1/1] (0.00ns)   --->   "%trunc_ln68_2 = trunc i3 %urem_ln68" [bnn.cpp:68]   --->   Operation 71 'trunc' 'trunc_ln68_2' <Predicate = true> <Delay = 0.00>

State 12 <SV = 11> <Delay = 3.42>
ST_12 : Operation 72 [1/1] (0.00ns)   --->   "%zext_ln68_4 = zext i8 %tmp_27" [bnn.cpp:68]   --->   Operation 72 'zext' 'zext_ln68_4' <Predicate = true> <Delay = 0.00>
ST_12 : Operation 73 [1/1] (0.00ns)   --->   "%bnn_top_int_const_unsigned_int_const_int_const_unsigned_int_const_int_co_218 = getelementptr i32 %bnn_top_int_const_unsigned_int_const_int_const_unsigned_int_const_int_co_4, i64 0, i64 %zext_ln68_4" [bnn.cpp:68]   --->   Operation 73 'getelementptr' 'bnn_top_int_const_unsigned_int_const_int_const_unsigned_int_const_int_co_218' <Predicate = (trunc_ln68_2 == 0)> <Delay = 0.00>
ST_12 : Operation 74 [1/1] (0.00ns)   --->   "%bnn_top_int_const_unsigned_int_const_int_const_unsigned_int_const_int_co_219 = getelementptr i32 %bnn_top_int_const_unsigned_int_const_int_const_unsigned_int_const_int_co_3, i64 0, i64 %zext_ln68_4" [bnn.cpp:68]   --->   Operation 74 'getelementptr' 'bnn_top_int_const_unsigned_int_const_int_const_unsigned_int_const_int_co_219' <Predicate = (trunc_ln68_2 == 1)> <Delay = 0.00>
ST_12 : Operation 75 [1/1] (0.00ns)   --->   "%bnn_top_int_const_unsigned_int_const_int_const_unsigned_int_const_int_co_220 = getelementptr i32 %bnn_top_int_const_unsigned_int_const_int_const_unsigned_int_const_int_co_2, i64 0, i64 %zext_ln68_4" [bnn.cpp:68]   --->   Operation 75 'getelementptr' 'bnn_top_int_const_unsigned_int_const_int_const_unsigned_int_const_int_co_220' <Predicate = (trunc_ln68_2 == 2)> <Delay = 0.00>
ST_12 : Operation 76 [1/1] (0.00ns)   --->   "%bnn_top_int_const_unsigned_int_const_int_const_unsigned_int_const_int_co_221 = getelementptr i32 %bnn_top_int_const_unsigned_int_const_int_const_unsigned_int_const_int_co_1, i64 0, i64 %zext_ln68_4" [bnn.cpp:68]   --->   Operation 76 'getelementptr' 'bnn_top_int_const_unsigned_int_const_int_const_unsigned_int_const_int_co_221' <Predicate = (trunc_ln68_2 == 3)> <Delay = 0.00>
ST_12 : Operation 77 [1/1] (0.00ns)   --->   "%bnn_top_int_const_unsigned_int_const_int_const_unsigned_int_const_int_co_222 = getelementptr i32 %bnn_top_int_const_unsigned_int_const_int_const_unsigned_int_const_int_co, i64 0, i64 %zext_ln68_4" [bnn.cpp:68]   --->   Operation 77 'getelementptr' 'bnn_top_int_const_unsigned_int_const_int_const_unsigned_int_const_int_co_222' <Predicate = (trunc_ln68_2 == 4)> <Delay = 0.00>
ST_12 : Operation 78 [2/2] (1.23ns)   --->   "%bnn_top_int_const_unsigned_int_const_int_const_unsigned_int_const_int_co_223 = load i8 %bnn_top_int_const_unsigned_int_const_int_const_unsigned_int_const_int_co_218" [bnn.cpp:68]   --->   Operation 78 'load' 'bnn_top_int_const_unsigned_int_const_int_const_unsigned_int_const_int_co_223' <Predicate = (trunc_ln68_2 == 0)> <Delay = 1.23> <CoreInst = "RAM">   --->   Core 82 'RAM' <Latency = 1> <II = 1> <Delay = 1.23> <Storage> <Opcode : 'load' 'store'> <Ports = 2> <Width = 32> <Depth = 205> <RAM>
ST_12 : Operation 79 [2/2] (1.23ns)   --->   "%bnn_top_int_const_unsigned_int_const_int_const_unsigned_int_const_int_co_224 = load i8 %bnn_top_int_const_unsigned_int_const_int_const_unsigned_int_const_int_co_219" [bnn.cpp:68]   --->   Operation 79 'load' 'bnn_top_int_const_unsigned_int_const_int_const_unsigned_int_const_int_co_224' <Predicate = (trunc_ln68_2 == 1)> <Delay = 1.23> <CoreInst = "RAM">   --->   Core 82 'RAM' <Latency = 1> <II = 1> <Delay = 1.23> <Storage> <Opcode : 'load' 'store'> <Ports = 2> <Width = 32> <Depth = 205> <RAM>
ST_12 : Operation 80 [2/2] (1.23ns)   --->   "%bnn_top_int_const_unsigned_int_const_int_const_unsigned_int_const_int_co_225 = load i8 %bnn_top_int_const_unsigned_int_const_int_const_unsigned_int_const_int_co_220" [bnn.cpp:68]   --->   Operation 80 'load' 'bnn_top_int_const_unsigned_int_const_int_const_unsigned_int_const_int_co_225' <Predicate = (trunc_ln68_2 == 2)> <Delay = 1.23> <CoreInst = "RAM">   --->   Core 82 'RAM' <Latency = 1> <II = 1> <Delay = 1.23> <Storage> <Opcode : 'load' 'store'> <Ports = 2> <Width = 32> <Depth = 205> <RAM>
ST_12 : Operation 81 [2/2] (1.23ns)   --->   "%bnn_top_int_const_unsigned_int_const_int_const_unsigned_int_const_int_co_226 = load i8 %bnn_top_int_const_unsigned_int_const_int_const_unsigned_int_const_int_co_221" [bnn.cpp:68]   --->   Operation 81 'load' 'bnn_top_int_const_unsigned_int_const_int_const_unsigned_int_const_int_co_226' <Predicate = (trunc_ln68_2 == 3)> <Delay = 1.23> <CoreInst = "RAM">   --->   Core 82 'RAM' <Latency = 1> <II = 1> <Delay = 1.23> <Storage> <Opcode : 'load' 'store'> <Ports = 2> <Width = 32> <Depth = 205> <RAM>
ST_12 : Operation 82 [2/2] (1.23ns)   --->   "%bnn_top_int_const_unsigned_int_const_int_const_unsigned_int_const_int_co_227 = load i8 %bnn_top_int_const_unsigned_int_const_int_const_unsigned_int_const_int_co_222" [bnn.cpp:68]   --->   Operation 82 'load' 'bnn_top_int_const_unsigned_int_const_int_const_unsigned_int_const_int_co_227' <Predicate = (trunc_ln68_2 == 4)> <Delay = 1.23> <CoreInst = "RAM">   --->   Core 82 'RAM' <Latency = 1> <II = 1> <Delay = 1.23> <Storage> <Opcode : 'load' 'store'> <Ports = 2> <Width = 32> <Depth = 205> <RAM>
ST_12 : Operation 83 [1/1] (0.00ns)   --->   "%add_ln = bitconcatenate i10 @_ssdm_op_BitConcatenate.i10.i4.i1.i4.i1, i4 %trunc_ln68, i1 0, i4 %trunc_ln68_1, i1 1" [bnn.cpp:69]   --->   Operation 83 'bitconcatenate' 'add_ln' <Predicate = true> <Delay = 0.00>
ST_12 : Operation 84 [1/1] (0.00ns)   --->   "%zext_ln69_1 = zext i10 %add_ln" [bnn.cpp:69]   --->   Operation 84 'zext' 'zext_ln69_1' <Predicate = true> <Delay = 0.00>
ST_12 : Operation 85 [1/1] (2.18ns)   --->   "%mul_ln69 = mul i21 %zext_ln69_1, i21 1639" [bnn.cpp:69]   --->   Operation 85 'mul' 'mul_ln69' <Predicate = true> <Delay = 2.18> <CoreInst = "Multiplier">   --->   Core 3 'Multiplier' <Latency = 0> <II = 1> <Delay = 2.18> <FuncUnit> <Opcode : 'mul'> <InPorts = 2> <OutPorts = 1>
ST_12 : Operation 86 [1/1] (0.00ns)   --->   "%tmp_28 = partselect i8 @_ssdm_op_PartSelect.i8.i21.i32.i32, i21 %mul_ln69, i32 13, i32 20" [bnn.cpp:69]   --->   Operation 86 'partselect' 'tmp_28' <Predicate = true> <Delay = 0.00>
ST_12 : Operation 87 [1/1] (0.00ns)   --->   "%zext_ln69 = zext i8 %tmp_28" [bnn.cpp:69]   --->   Operation 87 'zext' 'zext_ln69' <Predicate = true> <Delay = 0.00>
ST_12 : Operation 88 [1/1] (0.00ns)   --->   "%bnn_top_int_const_unsigned_int_const_int_const_unsigned_int_const_int_co_228 = getelementptr i32 %bnn_top_int_const_unsigned_int_const_int_const_unsigned_int_const_int_co_4, i64 0, i64 %zext_ln69" [bnn.cpp:69]   --->   Operation 88 'getelementptr' 'bnn_top_int_const_unsigned_int_const_int_const_unsigned_int_const_int_co_228' <Predicate = (trunc_ln68_2 == 4)> <Delay = 0.00>
ST_12 : Operation 89 [1/1] (0.00ns)   --->   "%bnn_top_int_const_unsigned_int_const_int_const_unsigned_int_const_int_co_229 = getelementptr i32 %bnn_top_int_const_unsigned_int_const_int_const_unsigned_int_const_int_co_3, i64 0, i64 %zext_ln69" [bnn.cpp:69]   --->   Operation 89 'getelementptr' 'bnn_top_int_const_unsigned_int_const_int_const_unsigned_int_const_int_co_229' <Predicate = (trunc_ln68_2 == 0)> <Delay = 0.00>
ST_12 : Operation 90 [1/1] (0.00ns)   --->   "%bnn_top_int_const_unsigned_int_const_int_const_unsigned_int_const_int_co_230 = getelementptr i32 %bnn_top_int_const_unsigned_int_const_int_const_unsigned_int_const_int_co_2, i64 0, i64 %zext_ln69" [bnn.cpp:69]   --->   Operation 90 'getelementptr' 'bnn_top_int_const_unsigned_int_const_int_const_unsigned_int_const_int_co_230' <Predicate = (trunc_ln68_2 == 1)> <Delay = 0.00>
ST_12 : Operation 91 [1/1] (0.00ns)   --->   "%bnn_top_int_const_unsigned_int_const_int_const_unsigned_int_const_int_co_231 = getelementptr i32 %bnn_top_int_const_unsigned_int_const_int_const_unsigned_int_const_int_co_1, i64 0, i64 %zext_ln69" [bnn.cpp:69]   --->   Operation 91 'getelementptr' 'bnn_top_int_const_unsigned_int_const_int_const_unsigned_int_const_int_co_231' <Predicate = (trunc_ln68_2 == 2)> <Delay = 0.00>
ST_12 : Operation 92 [1/1] (0.00ns)   --->   "%bnn_top_int_const_unsigned_int_const_int_const_unsigned_int_const_int_co_232 = getelementptr i32 %bnn_top_int_const_unsigned_int_const_int_const_unsigned_int_const_int_co, i64 0, i64 %zext_ln69" [bnn.cpp:69]   --->   Operation 92 'getelementptr' 'bnn_top_int_const_unsigned_int_const_int_const_unsigned_int_const_int_co_232' <Predicate = (trunc_ln68_2 == 3)> <Delay = 0.00>
ST_12 : Operation 93 [2/2] (1.23ns)   --->   "%bnn_top_int_const_unsigned_int_const_int_const_unsigned_int_const_int_co_233 = load i8 %bnn_top_int_const_unsigned_int_const_int_const_unsigned_int_const_int_co_228" [bnn.cpp:69]   --->   Operation 93 'load' 'bnn_top_int_const_unsigned_int_const_int_const_unsigned_int_const_int_co_233' <Predicate = (trunc_ln68_2 == 4)> <Delay = 1.23> <CoreInst = "RAM">   --->   Core 82 'RAM' <Latency = 1> <II = 1> <Delay = 1.23> <Storage> <Opcode : 'load' 'store'> <Ports = 2> <Width = 32> <Depth = 205> <RAM>
ST_12 : Operation 94 [2/2] (1.23ns)   --->   "%bnn_top_int_const_unsigned_int_const_int_const_unsigned_int_const_int_co_234 = load i8 %bnn_top_int_const_unsigned_int_const_int_const_unsigned_int_const_int_co_229" [bnn.cpp:69]   --->   Operation 94 'load' 'bnn_top_int_const_unsigned_int_const_int_const_unsigned_int_const_int_co_234' <Predicate = (trunc_ln68_2 == 0)> <Delay = 1.23> <CoreInst = "RAM">   --->   Core 82 'RAM' <Latency = 1> <II = 1> <Delay = 1.23> <Storage> <Opcode : 'load' 'store'> <Ports = 2> <Width = 32> <Depth = 205> <RAM>
ST_12 : Operation 95 [2/2] (1.23ns)   --->   "%bnn_top_int_const_unsigned_int_const_int_const_unsigned_int_const_int_co_235 = load i8 %bnn_top_int_const_unsigned_int_const_int_const_unsigned_int_const_int_co_230" [bnn.cpp:69]   --->   Operation 95 'load' 'bnn_top_int_const_unsigned_int_const_int_const_unsigned_int_const_int_co_235' <Predicate = (trunc_ln68_2 == 1)> <Delay = 1.23> <CoreInst = "RAM">   --->   Core 82 'RAM' <Latency = 1> <II = 1> <Delay = 1.23> <Storage> <Opcode : 'load' 'store'> <Ports = 2> <Width = 32> <Depth = 205> <RAM>
ST_12 : Operation 96 [2/2] (1.23ns)   --->   "%bnn_top_int_const_unsigned_int_const_int_const_unsigned_int_const_int_co_236 = load i8 %bnn_top_int_const_unsigned_int_const_int_const_unsigned_int_const_int_co_231" [bnn.cpp:69]   --->   Operation 96 'load' 'bnn_top_int_const_unsigned_int_const_int_const_unsigned_int_const_int_co_236' <Predicate = (trunc_ln68_2 == 2)> <Delay = 1.23> <CoreInst = "RAM">   --->   Core 82 'RAM' <Latency = 1> <II = 1> <Delay = 1.23> <Storage> <Opcode : 'load' 'store'> <Ports = 2> <Width = 32> <Depth = 205> <RAM>
ST_12 : Operation 97 [2/2] (1.23ns)   --->   "%bnn_top_int_const_unsigned_int_const_int_const_unsigned_int_const_int_co_237 = load i8 %bnn_top_int_const_unsigned_int_const_int_const_unsigned_int_const_int_co_232" [bnn.cpp:69]   --->   Operation 97 'load' 'bnn_top_int_const_unsigned_int_const_int_const_unsigned_int_const_int_co_237' <Predicate = (trunc_ln68_2 == 3)> <Delay = 1.23> <CoreInst = "RAM">   --->   Core 82 'RAM' <Latency = 1> <II = 1> <Delay = 1.23> <Storage> <Opcode : 'load' 'store'> <Ports = 2> <Width = 32> <Depth = 205> <RAM>

State 13 <SV = 12> <Delay = 3.42>
ST_13 : Operation 98 [1/2] ( I:1.23ns O:1.23ns )   --->   "%bnn_top_int_const_unsigned_int_const_int_const_unsigned_int_const_int_co_223 = load i8 %bnn_top_int_const_unsigned_int_const_int_const_unsigned_int_const_int_co_218" [bnn.cpp:68]   --->   Operation 98 'load' 'bnn_top_int_const_unsigned_int_const_int_const_unsigned_int_const_int_co_223' <Predicate = (trunc_ln68_2 == 0)> <Delay = 1.23> <CoreInst = "RAM">   --->   Core 82 'RAM' <Latency = 1> <II = 1> <Delay = 1.23> <Storage> <Opcode : 'load' 'store'> <Ports = 2> <Width = 32> <Depth = 205> <RAM>
ST_13 : Operation 99 [1/2] ( I:1.23ns O:1.23ns )   --->   "%bnn_top_int_const_unsigned_int_const_int_const_unsigned_int_const_int_co_224 = load i8 %bnn_top_int_const_unsigned_int_const_int_const_unsigned_int_const_int_co_219" [bnn.cpp:68]   --->   Operation 99 'load' 'bnn_top_int_const_unsigned_int_const_int_const_unsigned_int_const_int_co_224' <Predicate = (trunc_ln68_2 == 1)> <Delay = 1.23> <CoreInst = "RAM">   --->   Core 82 'RAM' <Latency = 1> <II = 1> <Delay = 1.23> <Storage> <Opcode : 'load' 'store'> <Ports = 2> <Width = 32> <Depth = 205> <RAM>
ST_13 : Operation 100 [1/2] ( I:1.23ns O:1.23ns )   --->   "%bnn_top_int_const_unsigned_int_const_int_const_unsigned_int_const_int_co_225 = load i8 %bnn_top_int_const_unsigned_int_const_int_const_unsigned_int_const_int_co_220" [bnn.cpp:68]   --->   Operation 100 'load' 'bnn_top_int_const_unsigned_int_const_int_const_unsigned_int_const_int_co_225' <Predicate = (trunc_ln68_2 == 2)> <Delay = 1.23> <CoreInst = "RAM">   --->   Core 82 'RAM' <Latency = 1> <II = 1> <Delay = 1.23> <Storage> <Opcode : 'load' 'store'> <Ports = 2> <Width = 32> <Depth = 205> <RAM>
ST_13 : Operation 101 [1/2] ( I:1.23ns O:1.23ns )   --->   "%bnn_top_int_const_unsigned_int_const_int_const_unsigned_int_const_int_co_226 = load i8 %bnn_top_int_const_unsigned_int_const_int_const_unsigned_int_const_int_co_221" [bnn.cpp:68]   --->   Operation 101 'load' 'bnn_top_int_const_unsigned_int_const_int_const_unsigned_int_const_int_co_226' <Predicate = (trunc_ln68_2 == 3)> <Delay = 1.23> <CoreInst = "RAM">   --->   Core 82 'RAM' <Latency = 1> <II = 1> <Delay = 1.23> <Storage> <Opcode : 'load' 'store'> <Ports = 2> <Width = 32> <Depth = 205> <RAM>
ST_13 : Operation 102 [1/2] ( I:1.23ns O:1.23ns )   --->   "%bnn_top_int_const_unsigned_int_const_int_const_unsigned_int_const_int_co_227 = load i8 %bnn_top_int_const_unsigned_int_const_int_const_unsigned_int_const_int_co_222" [bnn.cpp:68]   --->   Operation 102 'load' 'bnn_top_int_const_unsigned_int_const_int_const_unsigned_int_const_int_co_227' <Predicate = (trunc_ln68_2 == 4)> <Delay = 1.23> <CoreInst = "RAM">   --->   Core 82 'RAM' <Latency = 1> <II = 1> <Delay = 1.23> <Storage> <Opcode : 'load' 'store'> <Ports = 2> <Width = 32> <Depth = 205> <RAM>
ST_13 : Operation 103 [1/1] (0.57ns)   --->   "%s0 = sparsemux i32 @_ssdm_op_SparseMux.ap_auto.5i32.i32.i3, i3 0, i32 %bnn_top_int_const_unsigned_int_const_int_const_unsigned_int_const_int_co_223, i3 1, i32 %bnn_top_int_const_unsigned_int_const_int_const_unsigned_int_const_int_co_224, i3 2, i32 %bnn_top_int_const_unsigned_int_const_int_const_unsigned_int_const_int_co_225, i3 3, i32 %bnn_top_int_const_unsigned_int_const_int_const_unsigned_int_const_int_co_226, i3 4, i32 %bnn_top_int_const_unsigned_int_const_int_const_unsigned_int_const_int_co_227, i32 0, i3 %trunc_ln68_2" [bnn.cpp:68]   --->   Operation 103 'sparsemux' 's0' <Predicate = true> <Delay = 0.57> <CoreInst = "BinarySparseMux_DontCare">   --->   Core 149 'BinarySparseMux_DontCare' <Latency = 0> <II = 1> <Delay = 0.57> <FuncUnit> <Opcode : 'sparsemux'> <InPorts = 2> <OutPorts = 1>
ST_13 : Operation 104 [1/2] ( I:1.23ns O:1.23ns )   --->   "%bnn_top_int_const_unsigned_int_const_int_const_unsigned_int_const_int_co_233 = load i8 %bnn_top_int_const_unsigned_int_const_int_const_unsigned_int_const_int_co_228" [bnn.cpp:69]   --->   Operation 104 'load' 'bnn_top_int_const_unsigned_int_const_int_const_unsigned_int_const_int_co_233' <Predicate = (trunc_ln68_2 == 4)> <Delay = 1.23> <CoreInst = "RAM">   --->   Core 82 'RAM' <Latency = 1> <II = 1> <Delay = 1.23> <Storage> <Opcode : 'load' 'store'> <Ports = 2> <Width = 32> <Depth = 205> <RAM>
ST_13 : Operation 105 [1/2] ( I:1.23ns O:1.23ns )   --->   "%bnn_top_int_const_unsigned_int_const_int_const_unsigned_int_const_int_co_234 = load i8 %bnn_top_int_const_unsigned_int_const_int_const_unsigned_int_const_int_co_229" [bnn.cpp:69]   --->   Operation 105 'load' 'bnn_top_int_const_unsigned_int_const_int_const_unsigned_int_const_int_co_234' <Predicate = (trunc_ln68_2 == 0)> <Delay = 1.23> <CoreInst = "RAM">   --->   Core 82 'RAM' <Latency = 1> <II = 1> <Delay = 1.23> <Storage> <Opcode : 'load' 'store'> <Ports = 2> <Width = 32> <Depth = 205> <RAM>
ST_13 : Operation 106 [1/2] ( I:1.23ns O:1.23ns )   --->   "%bnn_top_int_const_unsigned_int_const_int_const_unsigned_int_const_int_co_235 = load i8 %bnn_top_int_const_unsigned_int_const_int_const_unsigned_int_const_int_co_230" [bnn.cpp:69]   --->   Operation 106 'load' 'bnn_top_int_const_unsigned_int_const_int_const_unsigned_int_const_int_co_235' <Predicate = (trunc_ln68_2 == 1)> <Delay = 1.23> <CoreInst = "RAM">   --->   Core 82 'RAM' <Latency = 1> <II = 1> <Delay = 1.23> <Storage> <Opcode : 'load' 'store'> <Ports = 2> <Width = 32> <Depth = 205> <RAM>
ST_13 : Operation 107 [1/2] ( I:1.23ns O:1.23ns )   --->   "%bnn_top_int_const_unsigned_int_const_int_const_unsigned_int_const_int_co_236 = load i8 %bnn_top_int_const_unsigned_int_const_int_const_unsigned_int_const_int_co_231" [bnn.cpp:69]   --->   Operation 107 'load' 'bnn_top_int_const_unsigned_int_const_int_const_unsigned_int_const_int_co_236' <Predicate = (trunc_ln68_2 == 2)> <Delay = 1.23> <CoreInst = "RAM">   --->   Core 82 'RAM' <Latency = 1> <II = 1> <Delay = 1.23> <Storage> <Opcode : 'load' 'store'> <Ports = 2> <Width = 32> <Depth = 205> <RAM>
ST_13 : Operation 108 [1/2] ( I:1.23ns O:1.23ns )   --->   "%bnn_top_int_const_unsigned_int_const_int_const_unsigned_int_const_int_co_237 = load i8 %bnn_top_int_const_unsigned_int_const_int_const_unsigned_int_const_int_co_232" [bnn.cpp:69]   --->   Operation 108 'load' 'bnn_top_int_const_unsigned_int_const_int_const_unsigned_int_const_int_co_237' <Predicate = (trunc_ln68_2 == 3)> <Delay = 1.23> <CoreInst = "RAM">   --->   Core 82 'RAM' <Latency = 1> <II = 1> <Delay = 1.23> <Storage> <Opcode : 'load' 'store'> <Ports = 2> <Width = 32> <Depth = 205> <RAM>
ST_13 : Operation 109 [1/1] (0.57ns)   --->   "%s1 = sparsemux i32 @_ssdm_op_SparseMux.ap_auto.5i32.i32.i3, i3 4, i32 %bnn_top_int_const_unsigned_int_const_int_const_unsigned_int_const_int_co_233, i3 0, i32 %bnn_top_int_const_unsigned_int_const_int_const_unsigned_int_const_int_co_234, i3 1, i32 %bnn_top_int_const_unsigned_int_const_int_const_unsigned_int_const_int_co_235, i3 2, i32 %bnn_top_int_const_unsigned_int_const_int_const_unsigned_int_const_int_co_236, i3 3, i32 %bnn_top_int_const_unsigned_int_const_int_const_unsigned_int_const_int_co_237, i32 0, i3 %trunc_ln68_2" [bnn.cpp:69]   --->   Operation 109 'sparsemux' 's1' <Predicate = true> <Delay = 0.57> <CoreInst = "BinarySparseMux_DontCare">   --->   Core 149 'BinarySparseMux_DontCare' <Latency = 0> <II = 1> <Delay = 0.57> <FuncUnit> <Opcode : 'sparsemux'> <InPorts = 2> <OutPorts = 1>
ST_13 : Operation 110 [1/1] (0.00ns)   --->   "%add_ln1 = bitconcatenate i10 @_ssdm_op_BitConcatenate.i10.i4.i1.i4.i1, i4 %trunc_ln68, i1 1, i4 %trunc_ln68_1, i1 0" [bnn.cpp:70]   --->   Operation 110 'bitconcatenate' 'add_ln1' <Predicate = true> <Delay = 0.00>
ST_13 : Operation 111 [1/1] (0.00ns)   --->   "%zext_ln70_1 = zext i10 %add_ln1" [bnn.cpp:70]   --->   Operation 111 'zext' 'zext_ln70_1' <Predicate = true> <Delay = 0.00>
ST_13 : Operation 112 [1/1] (2.18ns)   --->   "%mul_ln70 = mul i21 %zext_ln70_1, i21 1639" [bnn.cpp:70]   --->   Operation 112 'mul' 'mul_ln70' <Predicate = true> <Delay = 2.18> <CoreInst = "Multiplier">   --->   Core 3 'Multiplier' <Latency = 0> <II = 1> <Delay = 2.18> <FuncUnit> <Opcode : 'mul'> <InPorts = 2> <OutPorts = 1>
ST_13 : Operation 113 [1/1] (0.00ns)   --->   "%tmp_29 = partselect i8 @_ssdm_op_PartSelect.i8.i21.i32.i32, i21 %mul_ln70, i32 13, i32 20" [bnn.cpp:70]   --->   Operation 113 'partselect' 'tmp_29' <Predicate = true> <Delay = 0.00>
ST_13 : Operation 114 [1/1] (0.00ns)   --->   "%zext_ln70 = zext i8 %tmp_29" [bnn.cpp:70]   --->   Operation 114 'zext' 'zext_ln70' <Predicate = true> <Delay = 0.00>
ST_13 : Operation 115 [1/1] (0.00ns)   --->   "%bnn_top_int_const_unsigned_int_const_int_const_unsigned_int_const_int_co_238 = getelementptr i32 %bnn_top_int_const_unsigned_int_const_int_const_unsigned_int_const_int_co_4, i64 0, i64 %zext_ln70" [bnn.cpp:70]   --->   Operation 115 'getelementptr' 'bnn_top_int_const_unsigned_int_const_int_const_unsigned_int_const_int_co_238' <Predicate = (trunc_ln68_2 == 3)> <Delay = 0.00>
ST_13 : Operation 116 [1/1] (0.00ns)   --->   "%bnn_top_int_const_unsigned_int_const_int_const_unsigned_int_const_int_co_239 = getelementptr i32 %bnn_top_int_const_unsigned_int_const_int_const_unsigned_int_const_int_co_3, i64 0, i64 %zext_ln70" [bnn.cpp:70]   --->   Operation 116 'getelementptr' 'bnn_top_int_const_unsigned_int_const_int_const_unsigned_int_const_int_co_239' <Predicate = (trunc_ln68_2 == 4)> <Delay = 0.00>
ST_13 : Operation 117 [1/1] (0.00ns)   --->   "%bnn_top_int_const_unsigned_int_const_int_const_unsigned_int_const_int_co_240 = getelementptr i32 %bnn_top_int_const_unsigned_int_const_int_const_unsigned_int_const_int_co_2, i64 0, i64 %zext_ln70" [bnn.cpp:70]   --->   Operation 117 'getelementptr' 'bnn_top_int_const_unsigned_int_const_int_const_unsigned_int_const_int_co_240' <Predicate = (trunc_ln68_2 == 0)> <Delay = 0.00>
ST_13 : Operation 118 [1/1] (0.00ns)   --->   "%bnn_top_int_const_unsigned_int_const_int_const_unsigned_int_const_int_co_241 = getelementptr i32 %bnn_top_int_const_unsigned_int_const_int_const_unsigned_int_const_int_co_1, i64 0, i64 %zext_ln70" [bnn.cpp:70]   --->   Operation 118 'getelementptr' 'bnn_top_int_const_unsigned_int_const_int_const_unsigned_int_const_int_co_241' <Predicate = (trunc_ln68_2 == 1)> <Delay = 0.00>
ST_13 : Operation 119 [1/1] (0.00ns)   --->   "%bnn_top_int_const_unsigned_int_const_int_const_unsigned_int_const_int_co_242 = getelementptr i32 %bnn_top_int_const_unsigned_int_const_int_const_unsigned_int_const_int_co, i64 0, i64 %zext_ln70" [bnn.cpp:70]   --->   Operation 119 'getelementptr' 'bnn_top_int_const_unsigned_int_const_int_const_unsigned_int_const_int_co_242' <Predicate = (trunc_ln68_2 == 2)> <Delay = 0.00>
ST_13 : Operation 120 [2/2] (1.23ns)   --->   "%bnn_top_int_const_unsigned_int_const_int_const_unsigned_int_const_int_co_243 = load i8 %bnn_top_int_const_unsigned_int_const_int_const_unsigned_int_const_int_co_238" [bnn.cpp:70]   --->   Operation 120 'load' 'bnn_top_int_const_unsigned_int_const_int_const_unsigned_int_const_int_co_243' <Predicate = (trunc_ln68_2 == 3)> <Delay = 1.23> <CoreInst = "RAM">   --->   Core 82 'RAM' <Latency = 1> <II = 1> <Delay = 1.23> <Storage> <Opcode : 'load' 'store'> <Ports = 2> <Width = 32> <Depth = 205> <RAM>
ST_13 : Operation 121 [2/2] (1.23ns)   --->   "%bnn_top_int_const_unsigned_int_const_int_const_unsigned_int_const_int_co_244 = load i8 %bnn_top_int_const_unsigned_int_const_int_const_unsigned_int_const_int_co_239" [bnn.cpp:70]   --->   Operation 121 'load' 'bnn_top_int_const_unsigned_int_const_int_const_unsigned_int_const_int_co_244' <Predicate = (trunc_ln68_2 == 4)> <Delay = 1.23> <CoreInst = "RAM">   --->   Core 82 'RAM' <Latency = 1> <II = 1> <Delay = 1.23> <Storage> <Opcode : 'load' 'store'> <Ports = 2> <Width = 32> <Depth = 205> <RAM>
ST_13 : Operation 122 [2/2] (1.23ns)   --->   "%bnn_top_int_const_unsigned_int_const_int_const_unsigned_int_const_int_co_245 = load i8 %bnn_top_int_const_unsigned_int_const_int_const_unsigned_int_const_int_co_240" [bnn.cpp:70]   --->   Operation 122 'load' 'bnn_top_int_const_unsigned_int_const_int_const_unsigned_int_const_int_co_245' <Predicate = (trunc_ln68_2 == 0)> <Delay = 1.23> <CoreInst = "RAM">   --->   Core 82 'RAM' <Latency = 1> <II = 1> <Delay = 1.23> <Storage> <Opcode : 'load' 'store'> <Ports = 2> <Width = 32> <Depth = 205> <RAM>
ST_13 : Operation 123 [2/2] (1.23ns)   --->   "%bnn_top_int_const_unsigned_int_const_int_const_unsigned_int_const_int_co_246 = load i8 %bnn_top_int_const_unsigned_int_const_int_const_unsigned_int_const_int_co_241" [bnn.cpp:70]   --->   Operation 123 'load' 'bnn_top_int_const_unsigned_int_const_int_const_unsigned_int_const_int_co_246' <Predicate = (trunc_ln68_2 == 1)> <Delay = 1.23> <CoreInst = "RAM">   --->   Core 82 'RAM' <Latency = 1> <II = 1> <Delay = 1.23> <Storage> <Opcode : 'load' 'store'> <Ports = 2> <Width = 32> <Depth = 205> <RAM>
ST_13 : Operation 124 [2/2] (1.23ns)   --->   "%bnn_top_int_const_unsigned_int_const_int_const_unsigned_int_const_int_co_247 = load i8 %bnn_top_int_const_unsigned_int_const_int_const_unsigned_int_const_int_co_242" [bnn.cpp:70]   --->   Operation 124 'load' 'bnn_top_int_const_unsigned_int_const_int_const_unsigned_int_const_int_co_247' <Predicate = (trunc_ln68_2 == 2)> <Delay = 1.23> <CoreInst = "RAM">   --->   Core 82 'RAM' <Latency = 1> <II = 1> <Delay = 1.23> <Storage> <Opcode : 'load' 'store'> <Ports = 2> <Width = 32> <Depth = 205> <RAM>
ST_13 : Operation 125 [1/1] (0.00ns)   --->   "%add_ln2 = bitconcatenate i10 @_ssdm_op_BitConcatenate.i10.i4.i1.i4.i1, i4 %trunc_ln68, i1 1, i4 %trunc_ln68_1, i1 1" [bnn.cpp:71]   --->   Operation 125 'bitconcatenate' 'add_ln2' <Predicate = true> <Delay = 0.00>
ST_13 : Operation 126 [1/1] (0.00ns)   --->   "%zext_ln71_1 = zext i10 %add_ln2" [bnn.cpp:71]   --->   Operation 126 'zext' 'zext_ln71_1' <Predicate = true> <Delay = 0.00>
ST_13 : Operation 127 [1/1] (2.18ns)   --->   "%mul_ln71 = mul i21 %zext_ln71_1, i21 1639" [bnn.cpp:71]   --->   Operation 127 'mul' 'mul_ln71' <Predicate = true> <Delay = 2.18> <CoreInst = "Multiplier">   --->   Core 3 'Multiplier' <Latency = 0> <II = 1> <Delay = 2.18> <FuncUnit> <Opcode : 'mul'> <InPorts = 2> <OutPorts = 1>
ST_13 : Operation 128 [1/1] (0.00ns)   --->   "%tmp_30 = partselect i8 @_ssdm_op_PartSelect.i8.i21.i32.i32, i21 %mul_ln71, i32 13, i32 20" [bnn.cpp:71]   --->   Operation 128 'partselect' 'tmp_30' <Predicate = true> <Delay = 0.00>
ST_13 : Operation 129 [1/1] (0.00ns)   --->   "%zext_ln71 = zext i8 %tmp_30" [bnn.cpp:71]   --->   Operation 129 'zext' 'zext_ln71' <Predicate = true> <Delay = 0.00>
ST_13 : Operation 130 [1/1] (0.00ns)   --->   "%bnn_top_int_const_unsigned_int_const_int_const_unsigned_int_const_int_co_248 = getelementptr i32 %bnn_top_int_const_unsigned_int_const_int_const_unsigned_int_const_int_co_4, i64 0, i64 %zext_ln71" [bnn.cpp:71]   --->   Operation 130 'getelementptr' 'bnn_top_int_const_unsigned_int_const_int_const_unsigned_int_const_int_co_248' <Predicate = (trunc_ln68_2 == 2)> <Delay = 0.00>
ST_13 : Operation 131 [1/1] (0.00ns)   --->   "%bnn_top_int_const_unsigned_int_const_int_const_unsigned_int_const_int_co_249 = getelementptr i32 %bnn_top_int_const_unsigned_int_const_int_const_unsigned_int_const_int_co_3, i64 0, i64 %zext_ln71" [bnn.cpp:71]   --->   Operation 131 'getelementptr' 'bnn_top_int_const_unsigned_int_const_int_const_unsigned_int_const_int_co_249' <Predicate = (trunc_ln68_2 == 3)> <Delay = 0.00>
ST_13 : Operation 132 [1/1] (0.00ns)   --->   "%bnn_top_int_const_unsigned_int_const_int_const_unsigned_int_const_int_co_250 = getelementptr i32 %bnn_top_int_const_unsigned_int_const_int_const_unsigned_int_const_int_co_2, i64 0, i64 %zext_ln71" [bnn.cpp:71]   --->   Operation 132 'getelementptr' 'bnn_top_int_const_unsigned_int_const_int_const_unsigned_int_const_int_co_250' <Predicate = (trunc_ln68_2 == 4)> <Delay = 0.00>
ST_13 : Operation 133 [1/1] (0.00ns)   --->   "%bnn_top_int_const_unsigned_int_const_int_const_unsigned_int_const_int_co_251 = getelementptr i32 %bnn_top_int_const_unsigned_int_const_int_const_unsigned_int_const_int_co_1, i64 0, i64 %zext_ln71" [bnn.cpp:71]   --->   Operation 133 'getelementptr' 'bnn_top_int_const_unsigned_int_const_int_const_unsigned_int_const_int_co_251' <Predicate = (trunc_ln68_2 == 0)> <Delay = 0.00>
ST_13 : Operation 134 [1/1] (0.00ns)   --->   "%bnn_top_int_const_unsigned_int_const_int_const_unsigned_int_const_int_co_252 = getelementptr i32 %bnn_top_int_const_unsigned_int_const_int_const_unsigned_int_const_int_co, i64 0, i64 %zext_ln71" [bnn.cpp:71]   --->   Operation 134 'getelementptr' 'bnn_top_int_const_unsigned_int_const_int_const_unsigned_int_const_int_co_252' <Predicate = (trunc_ln68_2 == 1)> <Delay = 0.00>
ST_13 : Operation 135 [2/2] (1.23ns)   --->   "%bnn_top_int_const_unsigned_int_const_int_const_unsigned_int_const_int_co_253 = load i8 %bnn_top_int_const_unsigned_int_const_int_const_unsigned_int_const_int_co_248" [bnn.cpp:71]   --->   Operation 135 'load' 'bnn_top_int_const_unsigned_int_const_int_const_unsigned_int_const_int_co_253' <Predicate = (trunc_ln68_2 == 2)> <Delay = 1.23> <CoreInst = "RAM">   --->   Core 82 'RAM' <Latency = 1> <II = 1> <Delay = 1.23> <Storage> <Opcode : 'load' 'store'> <Ports = 2> <Width = 32> <Depth = 205> <RAM>
ST_13 : Operation 136 [2/2] (1.23ns)   --->   "%bnn_top_int_const_unsigned_int_const_int_const_unsigned_int_const_int_co_254 = load i8 %bnn_top_int_const_unsigned_int_const_int_const_unsigned_int_const_int_co_249" [bnn.cpp:71]   --->   Operation 136 'load' 'bnn_top_int_const_unsigned_int_const_int_const_unsigned_int_const_int_co_254' <Predicate = (trunc_ln68_2 == 3)> <Delay = 1.23> <CoreInst = "RAM">   --->   Core 82 'RAM' <Latency = 1> <II = 1> <Delay = 1.23> <Storage> <Opcode : 'load' 'store'> <Ports = 2> <Width = 32> <Depth = 205> <RAM>
ST_13 : Operation 137 [2/2] (1.23ns)   --->   "%bnn_top_int_const_unsigned_int_const_int_const_unsigned_int_const_int_co_255 = load i8 %bnn_top_int_const_unsigned_int_const_int_const_unsigned_int_const_int_co_250" [bnn.cpp:71]   --->   Operation 137 'load' 'bnn_top_int_const_unsigned_int_const_int_const_unsigned_int_const_int_co_255' <Predicate = (trunc_ln68_2 == 4)> <Delay = 1.23> <CoreInst = "RAM">   --->   Core 82 'RAM' <Latency = 1> <II = 1> <Delay = 1.23> <Storage> <Opcode : 'load' 'store'> <Ports = 2> <Width = 32> <Depth = 205> <RAM>
ST_13 : Operation 138 [2/2] (1.23ns)   --->   "%bnn_top_int_const_unsigned_int_const_int_const_unsigned_int_const_int_co_256 = load i8 %bnn_top_int_const_unsigned_int_const_int_const_unsigned_int_const_int_co_251" [bnn.cpp:71]   --->   Operation 138 'load' 'bnn_top_int_const_unsigned_int_const_int_const_unsigned_int_const_int_co_256' <Predicate = (trunc_ln68_2 == 0)> <Delay = 1.23> <CoreInst = "RAM">   --->   Core 82 'RAM' <Latency = 1> <II = 1> <Delay = 1.23> <Storage> <Opcode : 'load' 'store'> <Ports = 2> <Width = 32> <Depth = 205> <RAM>
ST_13 : Operation 139 [2/2] (1.23ns)   --->   "%bnn_top_int_const_unsigned_int_const_int_const_unsigned_int_const_int_co_257 = load i8 %bnn_top_int_const_unsigned_int_const_int_const_unsigned_int_const_int_co_252" [bnn.cpp:71]   --->   Operation 139 'load' 'bnn_top_int_const_unsigned_int_const_int_const_unsigned_int_const_int_co_257' <Predicate = (trunc_ln68_2 == 1)> <Delay = 1.23> <CoreInst = "RAM">   --->   Core 82 'RAM' <Latency = 1> <II = 1> <Delay = 1.23> <Storage> <Opcode : 'load' 'store'> <Ports = 2> <Width = 32> <Depth = 205> <RAM>
ST_13 : Operation 140 [1/1] (1.01ns)   --->   "%icmp_ln72 = icmp_sgt  i32 %s1, i32 %s0" [bnn.cpp:72]   --->   Operation 140 'icmp' 'icmp_ln72' <Predicate = true> <Delay = 1.01> <CoreInst = "Cmp">   --->   Core 9 'Cmp' <Latency = 0> <II = 1> <Delay = 1.01> <FuncUnit> <Opcode : 'seteq' 'setne' 'setle' 'setge' 'setlt' 'setgt'> <InPorts = 2> <OutPorts = 1>
ST_13 : Operation 141 [1/1] (0.44ns)   --->   "%m_5 = select i1 %icmp_ln72, i32 %s1, i32 %s0" [bnn.cpp:72]   --->   Operation 141 'select' 'm_5' <Predicate = true> <Delay = 0.44> <CoreInst = "Sel">   --->   Core 73 'Sel' <Latency = 0> <II = 1> <Delay = 0.44> <FuncUnit> <Opcode : 'select'> <InPorts = 3> <OutPorts = 1>
ST_13 : Operation 188 [1/1] (0.42ns)   --->   "%ret_ln0 = ret"   --->   Operation 188 'ret' 'ret_ln0' <Predicate = (icmp_ln65)> <Delay = 0.42>

State 14 <SV = 13> <Delay = 6.54>
ST_14 : Operation 142 [1/1] (0.00ns)   --->   "%specloopname_ln0 = specloopname void @_ssdm_op_SpecLoopName, void @VITIS_LOOP_65_6_VITIS_LOOP_66_7_str"   --->   Operation 142 'specloopname' 'specloopname_ln0' <Predicate = true> <Delay = 0.00>
ST_14 : Operation 143 [1/1] (0.00ns)   --->   "%speclooptripcount_ln0 = speclooptripcount void @_ssdm_op_SpecLoopTripCount, i64 256, i64 256, i64 256"   --->   Operation 143 'speclooptripcount' 'speclooptripcount_ln0' <Predicate = true> <Delay = 0.00>
ST_14 : Operation 144 [1/1] (0.00ns)   --->   "%specpipeline_ln67 = specpipeline void @_ssdm_op_SpecPipeline, i32 1, i32 0, i32 0, i32 0, i32 4294967295, void @empty_2" [bnn.cpp:67]   --->   Operation 144 'specpipeline' 'specpipeline_ln67' <Predicate = true> <Delay = 0.00>
ST_14 : Operation 145 [1/2] ( I:1.23ns O:1.23ns )   --->   "%bnn_top_int_const_unsigned_int_const_int_const_unsigned_int_const_int_co_243 = load i8 %bnn_top_int_const_unsigned_int_const_int_const_unsigned_int_const_int_co_238" [bnn.cpp:70]   --->   Operation 145 'load' 'bnn_top_int_const_unsigned_int_const_int_const_unsigned_int_const_int_co_243' <Predicate = (trunc_ln68_2 == 3)> <Delay = 1.23> <CoreInst = "RAM">   --->   Core 82 'RAM' <Latency = 1> <II = 1> <Delay = 1.23> <Storage> <Opcode : 'load' 'store'> <Ports = 2> <Width = 32> <Depth = 205> <RAM>
ST_14 : Operation 146 [1/2] ( I:1.23ns O:1.23ns )   --->   "%bnn_top_int_const_unsigned_int_const_int_const_unsigned_int_const_int_co_244 = load i8 %bnn_top_int_const_unsigned_int_const_int_const_unsigned_int_const_int_co_239" [bnn.cpp:70]   --->   Operation 146 'load' 'bnn_top_int_const_unsigned_int_const_int_const_unsigned_int_const_int_co_244' <Predicate = (trunc_ln68_2 == 4)> <Delay = 1.23> <CoreInst = "RAM">   --->   Core 82 'RAM' <Latency = 1> <II = 1> <Delay = 1.23> <Storage> <Opcode : 'load' 'store'> <Ports = 2> <Width = 32> <Depth = 205> <RAM>
ST_14 : Operation 147 [1/2] ( I:1.23ns O:1.23ns )   --->   "%bnn_top_int_const_unsigned_int_const_int_const_unsigned_int_const_int_co_245 = load i8 %bnn_top_int_const_unsigned_int_const_int_const_unsigned_int_const_int_co_240" [bnn.cpp:70]   --->   Operation 147 'load' 'bnn_top_int_const_unsigned_int_const_int_const_unsigned_int_const_int_co_245' <Predicate = (trunc_ln68_2 == 0)> <Delay = 1.23> <CoreInst = "RAM">   --->   Core 82 'RAM' <Latency = 1> <II = 1> <Delay = 1.23> <Storage> <Opcode : 'load' 'store'> <Ports = 2> <Width = 32> <Depth = 205> <RAM>
ST_14 : Operation 148 [1/2] ( I:1.23ns O:1.23ns )   --->   "%bnn_top_int_const_unsigned_int_const_int_const_unsigned_int_const_int_co_246 = load i8 %bnn_top_int_const_unsigned_int_const_int_const_unsigned_int_const_int_co_241" [bnn.cpp:70]   --->   Operation 148 'load' 'bnn_top_int_const_unsigned_int_const_int_const_unsigned_int_const_int_co_246' <Predicate = (trunc_ln68_2 == 1)> <Delay = 1.23> <CoreInst = "RAM">   --->   Core 82 'RAM' <Latency = 1> <II = 1> <Delay = 1.23> <Storage> <Opcode : 'load' 'store'> <Ports = 2> <Width = 32> <Depth = 205> <RAM>
ST_14 : Operation 149 [1/2] ( I:1.23ns O:1.23ns )   --->   "%bnn_top_int_const_unsigned_int_const_int_const_unsigned_int_const_int_co_247 = load i8 %bnn_top_int_const_unsigned_int_const_int_const_unsigned_int_const_int_co_242" [bnn.cpp:70]   --->   Operation 149 'load' 'bnn_top_int_const_unsigned_int_const_int_const_unsigned_int_const_int_co_247' <Predicate = (trunc_ln68_2 == 2)> <Delay = 1.23> <CoreInst = "RAM">   --->   Core 82 'RAM' <Latency = 1> <II = 1> <Delay = 1.23> <Storage> <Opcode : 'load' 'store'> <Ports = 2> <Width = 32> <Depth = 205> <RAM>
ST_14 : Operation 150 [1/1] (0.57ns)   --->   "%s2 = sparsemux i32 @_ssdm_op_SparseMux.ap_auto.5i32.i32.i3, i3 3, i32 %bnn_top_int_const_unsigned_int_const_int_const_unsigned_int_const_int_co_243, i3 4, i32 %bnn_top_int_const_unsigned_int_const_int_const_unsigned_int_const_int_co_244, i3 0, i32 %bnn_top_int_const_unsigned_int_const_int_const_unsigned_int_const_int_co_245, i3 1, i32 %bnn_top_int_const_unsigned_int_const_int_const_unsigned_int_const_int_co_246, i3 2, i32 %bnn_top_int_const_unsigned_int_const_int_const_unsigned_int_const_int_co_247, i32 0, i3 %trunc_ln68_2" [bnn.cpp:70]   --->   Operation 150 'sparsemux' 's2' <Predicate = true> <Delay = 0.57> <CoreInst = "BinarySparseMux_DontCare">   --->   Core 149 'BinarySparseMux_DontCare' <Latency = 0> <II = 1> <Delay = 0.57> <FuncUnit> <Opcode : 'sparsemux'> <InPorts = 2> <OutPorts = 1>
ST_14 : Operation 151 [1/2] ( I:1.23ns O:1.23ns )   --->   "%bnn_top_int_const_unsigned_int_const_int_const_unsigned_int_const_int_co_253 = load i8 %bnn_top_int_const_unsigned_int_const_int_const_unsigned_int_const_int_co_248" [bnn.cpp:71]   --->   Operation 151 'load' 'bnn_top_int_const_unsigned_int_const_int_const_unsigned_int_const_int_co_253' <Predicate = (trunc_ln68_2 == 2)> <Delay = 1.23> <CoreInst = "RAM">   --->   Core 82 'RAM' <Latency = 1> <II = 1> <Delay = 1.23> <Storage> <Opcode : 'load' 'store'> <Ports = 2> <Width = 32> <Depth = 205> <RAM>
ST_14 : Operation 152 [1/2] ( I:1.23ns O:1.23ns )   --->   "%bnn_top_int_const_unsigned_int_const_int_const_unsigned_int_const_int_co_254 = load i8 %bnn_top_int_const_unsigned_int_const_int_const_unsigned_int_const_int_co_249" [bnn.cpp:71]   --->   Operation 152 'load' 'bnn_top_int_const_unsigned_int_const_int_const_unsigned_int_const_int_co_254' <Predicate = (trunc_ln68_2 == 3)> <Delay = 1.23> <CoreInst = "RAM">   --->   Core 82 'RAM' <Latency = 1> <II = 1> <Delay = 1.23> <Storage> <Opcode : 'load' 'store'> <Ports = 2> <Width = 32> <Depth = 205> <RAM>
ST_14 : Operation 153 [1/2] ( I:1.23ns O:1.23ns )   --->   "%bnn_top_int_const_unsigned_int_const_int_const_unsigned_int_const_int_co_255 = load i8 %bnn_top_int_const_unsigned_int_const_int_const_unsigned_int_const_int_co_250" [bnn.cpp:71]   --->   Operation 153 'load' 'bnn_top_int_const_unsigned_int_const_int_const_unsigned_int_const_int_co_255' <Predicate = (trunc_ln68_2 == 4)> <Delay = 1.23> <CoreInst = "RAM">   --->   Core 82 'RAM' <Latency = 1> <II = 1> <Delay = 1.23> <Storage> <Opcode : 'load' 'store'> <Ports = 2> <Width = 32> <Depth = 205> <RAM>
ST_14 : Operation 154 [1/2] ( I:1.23ns O:1.23ns )   --->   "%bnn_top_int_const_unsigned_int_const_int_const_unsigned_int_const_int_co_256 = load i8 %bnn_top_int_const_unsigned_int_const_int_const_unsigned_int_const_int_co_251" [bnn.cpp:71]   --->   Operation 154 'load' 'bnn_top_int_const_unsigned_int_const_int_const_unsigned_int_const_int_co_256' <Predicate = (trunc_ln68_2 == 0)> <Delay = 1.23> <CoreInst = "RAM">   --->   Core 82 'RAM' <Latency = 1> <II = 1> <Delay = 1.23> <Storage> <Opcode : 'load' 'store'> <Ports = 2> <Width = 32> <Depth = 205> <RAM>
ST_14 : Operation 155 [1/2] ( I:1.23ns O:1.23ns )   --->   "%bnn_top_int_const_unsigned_int_const_int_const_unsigned_int_const_int_co_257 = load i8 %bnn_top_int_const_unsigned_int_const_int_const_unsigned_int_const_int_co_252" [bnn.cpp:71]   --->   Operation 155 'load' 'bnn_top_int_const_unsigned_int_const_int_const_unsigned_int_const_int_co_257' <Predicate = (trunc_ln68_2 == 1)> <Delay = 1.23> <CoreInst = "RAM">   --->   Core 82 'RAM' <Latency = 1> <II = 1> <Delay = 1.23> <Storage> <Opcode : 'load' 'store'> <Ports = 2> <Width = 32> <Depth = 205> <RAM>
ST_14 : Operation 156 [1/1] (0.57ns)   --->   "%s3 = sparsemux i32 @_ssdm_op_SparseMux.ap_auto.5i32.i32.i3, i3 2, i32 %bnn_top_int_const_unsigned_int_const_int_const_unsigned_int_const_int_co_253, i3 3, i32 %bnn_top_int_const_unsigned_int_const_int_const_unsigned_int_const_int_co_254, i3 4, i32 %bnn_top_int_const_unsigned_int_const_int_const_unsigned_int_const_int_co_255, i3 0, i32 %bnn_top_int_const_unsigned_int_const_int_const_unsigned_int_const_int_co_256, i3 1, i32 %bnn_top_int_const_unsigned_int_const_int_const_unsigned_int_const_int_co_257, i32 0, i3 %trunc_ln68_2" [bnn.cpp:71]   --->   Operation 156 'sparsemux' 's3' <Predicate = true> <Delay = 0.57> <CoreInst = "BinarySparseMux_DontCare">   --->   Core 149 'BinarySparseMux_DontCare' <Latency = 0> <II = 1> <Delay = 0.57> <FuncUnit> <Opcode : 'sparsemux'> <InPorts = 2> <OutPorts = 1>
ST_14 : Operation 157 [1/1] (1.01ns)   --->   "%icmp_ln72_1 = icmp_sgt  i32 %s2, i32 %m_5" [bnn.cpp:72]   --->   Operation 157 'icmp' 'icmp_ln72_1' <Predicate = true> <Delay = 1.01> <CoreInst = "Cmp">   --->   Core 9 'Cmp' <Latency = 0> <II = 1> <Delay = 1.01> <FuncUnit> <Opcode : 'seteq' 'setne' 'setle' 'setge' 'setlt' 'setgt'> <InPorts = 2> <OutPorts = 1>
ST_14 : Operation 158 [1/1] (0.44ns)   --->   "%m_7 = select i1 %icmp_ln72_1, i32 %s2, i32 %m_5" [bnn.cpp:72]   --->   Operation 158 'select' 'm_7' <Predicate = true> <Delay = 0.44> <CoreInst = "Sel">   --->   Core 73 'Sel' <Latency = 0> <II = 1> <Delay = 0.44> <FuncUnit> <Opcode : 'select'> <InPorts = 3> <OutPorts = 1>
ST_14 : Operation 159 [1/1] (1.01ns)   --->   "%icmp_ln72_2 = icmp_sgt  i32 %s3, i32 %m_7" [bnn.cpp:72]   --->   Operation 159 'icmp' 'icmp_ln72_2' <Predicate = true> <Delay = 1.01> <CoreInst = "Cmp">   --->   Core 9 'Cmp' <Latency = 0> <II = 1> <Delay = 1.01> <FuncUnit> <Opcode : 'seteq' 'setne' 'setle' 'setge' 'setlt' 'setgt'> <InPorts = 2> <OutPorts = 1>
ST_14 : Operation 160 [1/1] (0.00ns) (grouped into LUT with out node icmp_ln73)   --->   "%m_8 = select i1 %icmp_ln72_2, i32 %s3, i32 %m_7" [bnn.cpp:72]   --->   Operation 160 'select' 'm_8' <Predicate = true> <Delay = 0.00> <CoreInst = "Sel">   --->   Core 73 'Sel' <Latency = 0> <II = 1> <Delay = 0.44> <FuncUnit> <Opcode : 'select'> <InPorts = 3> <OutPorts = 1>
ST_14 : Operation 161 [1/1] (1.01ns) (out node of the LUT)   --->   "%icmp_ln73 = icmp_sgt  i32 %m_8, i32 %TAU1_load_read" [bnn.cpp:73]   --->   Operation 161 'icmp' 'icmp_ln73' <Predicate = true> <Delay = 1.01> <CoreInst = "Cmp">   --->   Core 9 'Cmp' <Latency = 0> <II = 1> <Delay = 1.01> <FuncUnit> <Opcode : 'seteq' 'setne' 'setle' 'setge' 'setlt' 'setgt'> <InPorts = 2> <OutPorts = 1>
ST_14 : Operation 162 [1/1] (0.00ns)   --->   "%add_ln73_1 = bitconcatenate i10 @_ssdm_op_BitConcatenate.i10.i5.i4.i1, i5 %tmp, i4 %trunc_ln68, i1 %tmp_31" [bnn.cpp:73]   --->   Operation 162 'bitconcatenate' 'add_ln73_1' <Predicate = true> <Delay = 0.00>
ST_14 : Operation 163 [1/1] (0.00ns)   --->   "%zext_ln73 = zext i10 %add_ln73_1" [bnn.cpp:73]   --->   Operation 163 'zext' 'zext_ln73' <Predicate = true> <Delay = 0.00>
ST_14 : Operation 164 [1/1] (0.00ns)   --->   "%bnn_top_int_const_unsigned_int_const_int_const_unsigned_int_const_int_co_258 = getelementptr i1 %bnn_top_int_const_unsigned_int_const_int_const_unsigned_int_const_int_co_20, i64 0, i64 %zext_ln73" [bnn.cpp:73]   --->   Operation 164 'getelementptr' 'bnn_top_int_const_unsigned_int_const_int_const_unsigned_int_const_int_co_258' <Predicate = true> <Delay = 0.00>
ST_14 : Operation 165 [1/1] (0.00ns)   --->   "%bnn_top_int_const_unsigned_int_const_int_const_unsigned_int_const_int_co_259 = getelementptr i1 %bnn_top_int_const_unsigned_int_const_int_const_unsigned_int_const_int_co_19, i64 0, i64 %zext_ln73" [bnn.cpp:73]   --->   Operation 165 'getelementptr' 'bnn_top_int_const_unsigned_int_const_int_const_unsigned_int_const_int_co_259' <Predicate = true> <Delay = 0.00>
ST_14 : Operation 166 [1/1] (0.00ns)   --->   "%bnn_top_int_const_unsigned_int_const_int_const_unsigned_int_const_int_co_260 = getelementptr i1 %bnn_top_int_const_unsigned_int_const_int_const_unsigned_int_const_int_co_18, i64 0, i64 %zext_ln73" [bnn.cpp:73]   --->   Operation 166 'getelementptr' 'bnn_top_int_const_unsigned_int_const_int_const_unsigned_int_const_int_co_260' <Predicate = true> <Delay = 0.00>
ST_14 : Operation 167 [1/1] (0.00ns)   --->   "%bnn_top_int_const_unsigned_int_const_int_const_unsigned_int_const_int_co_261 = getelementptr i1 %bnn_top_int_const_unsigned_int_const_int_const_unsigned_int_const_int_co_17, i64 0, i64 %zext_ln73" [bnn.cpp:73]   --->   Operation 167 'getelementptr' 'bnn_top_int_const_unsigned_int_const_int_const_unsigned_int_const_int_co_261' <Predicate = true> <Delay = 0.00>
ST_14 : Operation 168 [1/1] (0.00ns)   --->   "%bnn_top_int_const_unsigned_int_const_int_const_unsigned_int_const_int_co_262 = getelementptr i1 %bnn_top_int_const_unsigned_int_const_int_const_unsigned_int_const_int_co_16, i64 0, i64 %zext_ln73" [bnn.cpp:73]   --->   Operation 168 'getelementptr' 'bnn_top_int_const_unsigned_int_const_int_const_unsigned_int_const_int_co_262' <Predicate = true> <Delay = 0.00>
ST_14 : Operation 169 [1/1] (0.00ns)   --->   "%bnn_top_int_const_unsigned_int_const_int_const_unsigned_int_const_int_co_263 = getelementptr i1 %bnn_top_int_const_unsigned_int_const_int_const_unsigned_int_const_int_co_15, i64 0, i64 %zext_ln73" [bnn.cpp:73]   --->   Operation 169 'getelementptr' 'bnn_top_int_const_unsigned_int_const_int_const_unsigned_int_const_int_co_263' <Predicate = true> <Delay = 0.00>
ST_14 : Operation 170 [1/1] (0.00ns)   --->   "%bnn_top_int_const_unsigned_int_const_int_const_unsigned_int_const_int_co_264 = getelementptr i1 %bnn_top_int_const_unsigned_int_const_int_const_unsigned_int_const_int_co_14, i64 0, i64 %zext_ln73" [bnn.cpp:73]   --->   Operation 170 'getelementptr' 'bnn_top_int_const_unsigned_int_const_int_const_unsigned_int_const_int_co_264' <Predicate = true> <Delay = 0.00>
ST_14 : Operation 171 [1/1] (0.00ns)   --->   "%bnn_top_int_const_unsigned_int_const_int_const_unsigned_int_const_int_co_265 = getelementptr i1 %bnn_top_int_const_unsigned_int_const_int_const_unsigned_int_const_int_co_13, i64 0, i64 %zext_ln73" [bnn.cpp:73]   --->   Operation 171 'getelementptr' 'bnn_top_int_const_unsigned_int_const_int_const_unsigned_int_const_int_co_265' <Predicate = true> <Delay = 0.00>
ST_14 : Operation 172 [1/1] ( I:1.23ns O:1.23ns )   --->   "%store_ln73 = store i1 %icmp_ln73, i10 %bnn_top_int_const_unsigned_int_const_int_const_unsigned_int_const_int_co_264" [bnn.cpp:73]   --->   Operation 172 'store' 'store_ln73' <Predicate = (trunc_ln66 == 6)> <Delay = 1.23> <CoreInst = "RAM">   --->   Core 82 'RAM' <Latency = 1> <II = 1> <Delay = 1.23> <Storage> <Opcode : 'load' 'store'> <Ports = 2> <Width = 1> <Depth = 1024> <RAM>
ST_14 : Operation 173 [1/1] (0.00ns)   --->   "%br_ln73 = br void %arrayidx109.exit" [bnn.cpp:73]   --->   Operation 173 'br' 'br_ln73' <Predicate = (trunc_ln66 == 6)> <Delay = 0.00>
ST_14 : Operation 174 [1/1] ( I:1.23ns O:1.23ns )   --->   "%store_ln73 = store i1 %icmp_ln73, i10 %bnn_top_int_const_unsigned_int_const_int_const_unsigned_int_const_int_co_263" [bnn.cpp:73]   --->   Operation 174 'store' 'store_ln73' <Predicate = (trunc_ln66 == 5)> <Delay = 1.23> <CoreInst = "RAM">   --->   Core 82 'RAM' <Latency = 1> <II = 1> <Delay = 1.23> <Storage> <Opcode : 'load' 'store'> <Ports = 2> <Width = 1> <Depth = 1024> <RAM>
ST_14 : Operation 175 [1/1] (0.00ns)   --->   "%br_ln73 = br void %arrayidx109.exit" [bnn.cpp:73]   --->   Operation 175 'br' 'br_ln73' <Predicate = (trunc_ln66 == 5)> <Delay = 0.00>
ST_14 : Operation 176 [1/1] ( I:1.23ns O:1.23ns )   --->   "%store_ln73 = store i1 %icmp_ln73, i10 %bnn_top_int_const_unsigned_int_const_int_const_unsigned_int_const_int_co_262" [bnn.cpp:73]   --->   Operation 176 'store' 'store_ln73' <Predicate = (trunc_ln66 == 4)> <Delay = 1.23> <CoreInst = "RAM">   --->   Core 82 'RAM' <Latency = 1> <II = 1> <Delay = 1.23> <Storage> <Opcode : 'load' 'store'> <Ports = 2> <Width = 1> <Depth = 1024> <RAM>
ST_14 : Operation 177 [1/1] (0.00ns)   --->   "%br_ln73 = br void %arrayidx109.exit" [bnn.cpp:73]   --->   Operation 177 'br' 'br_ln73' <Predicate = (trunc_ln66 == 4)> <Delay = 0.00>
ST_14 : Operation 178 [1/1] ( I:1.23ns O:1.23ns )   --->   "%store_ln73 = store i1 %icmp_ln73, i10 %bnn_top_int_const_unsigned_int_const_int_const_unsigned_int_const_int_co_261" [bnn.cpp:73]   --->   Operation 178 'store' 'store_ln73' <Predicate = (trunc_ln66 == 3)> <Delay = 1.23> <CoreInst = "RAM">   --->   Core 82 'RAM' <Latency = 1> <II = 1> <Delay = 1.23> <Storage> <Opcode : 'load' 'store'> <Ports = 2> <Width = 1> <Depth = 1024> <RAM>
ST_14 : Operation 179 [1/1] (0.00ns)   --->   "%br_ln73 = br void %arrayidx109.exit" [bnn.cpp:73]   --->   Operation 179 'br' 'br_ln73' <Predicate = (trunc_ln66 == 3)> <Delay = 0.00>
ST_14 : Operation 180 [1/1] ( I:1.23ns O:1.23ns )   --->   "%store_ln73 = store i1 %icmp_ln73, i10 %bnn_top_int_const_unsigned_int_const_int_const_unsigned_int_const_int_co_260" [bnn.cpp:73]   --->   Operation 180 'store' 'store_ln73' <Predicate = (trunc_ln66 == 2)> <Delay = 1.23> <CoreInst = "RAM">   --->   Core 82 'RAM' <Latency = 1> <II = 1> <Delay = 1.23> <Storage> <Opcode : 'load' 'store'> <Ports = 2> <Width = 1> <Depth = 1024> <RAM>
ST_14 : Operation 181 [1/1] (0.00ns)   --->   "%br_ln73 = br void %arrayidx109.exit" [bnn.cpp:73]   --->   Operation 181 'br' 'br_ln73' <Predicate = (trunc_ln66 == 2)> <Delay = 0.00>
ST_14 : Operation 182 [1/1] ( I:1.23ns O:1.23ns )   --->   "%store_ln73 = store i1 %icmp_ln73, i10 %bnn_top_int_const_unsigned_int_const_int_const_unsigned_int_const_int_co_259" [bnn.cpp:73]   --->   Operation 182 'store' 'store_ln73' <Predicate = (trunc_ln66 == 1)> <Delay = 1.23> <CoreInst = "RAM">   --->   Core 82 'RAM' <Latency = 1> <II = 1> <Delay = 1.23> <Storage> <Opcode : 'load' 'store'> <Ports = 2> <Width = 1> <Depth = 1024> <RAM>
ST_14 : Operation 183 [1/1] (0.00ns)   --->   "%br_ln73 = br void %arrayidx109.exit" [bnn.cpp:73]   --->   Operation 183 'br' 'br_ln73' <Predicate = (trunc_ln66 == 1)> <Delay = 0.00>
ST_14 : Operation 184 [1/1] ( I:1.23ns O:1.23ns )   --->   "%store_ln73 = store i1 %icmp_ln73, i10 %bnn_top_int_const_unsigned_int_const_int_const_unsigned_int_const_int_co_258" [bnn.cpp:73]   --->   Operation 184 'store' 'store_ln73' <Predicate = (trunc_ln66 == 0)> <Delay = 1.23> <CoreInst = "RAM">   --->   Core 82 'RAM' <Latency = 1> <II = 1> <Delay = 1.23> <Storage> <Opcode : 'load' 'store'> <Ports = 2> <Width = 1> <Depth = 1024> <RAM>
ST_14 : Operation 185 [1/1] (0.00ns)   --->   "%br_ln73 = br void %arrayidx109.exit" [bnn.cpp:73]   --->   Operation 185 'br' 'br_ln73' <Predicate = (trunc_ln66 == 0)> <Delay = 0.00>
ST_14 : Operation 186 [1/1] ( I:1.23ns O:1.23ns )   --->   "%store_ln73 = store i1 %icmp_ln73, i10 %bnn_top_int_const_unsigned_int_const_int_const_unsigned_int_const_int_co_265" [bnn.cpp:73]   --->   Operation 186 'store' 'store_ln73' <Predicate = (trunc_ln66 == 7)> <Delay = 1.23> <CoreInst = "RAM">   --->   Core 82 'RAM' <Latency = 1> <II = 1> <Delay = 1.23> <Storage> <Opcode : 'load' 'store'> <Ports = 2> <Width = 1> <Depth = 1024> <RAM>
ST_14 : Operation 187 [1/1] (0.00ns)   --->   "%br_ln73 = br void %arrayidx109.exit" [bnn.cpp:73]   --->   Operation 187 'br' 'br_ln73' <Predicate = (trunc_ln66 == 7)> <Delay = 0.00>


============================================================
+ Verbose Summary: Timing violations
============================================================
Target clock period: 10.000ns, clock uncertainty: 2.700ns.

 <State 1>: 5.559ns
The critical path consists of the following:
	'store' operation ('store_ln65', bnn.cpp:65) of constant 0 5 bit on local variable 'ph', bnn.cpp:65 [22]  (0.427 ns)
	'load' operation 5 bit ('ph_load', bnn.cpp:65) on local variable 'ph', bnn.cpp:65 [32]  (0.000 ns)
	'add' operation 5 bit ('add_ln65_1', bnn.cpp:65) [37]  (0.789 ns)
	'select' operation 5 bit ('select_ln65_1', bnn.cpp:65) [38]  (0.414 ns)
	'add' operation 7 bit ('add_ln68', bnn.cpp:68) [47]  (0.781 ns)
	'add' operation 10 bit ('add_ln68_1', bnn.cpp:68) [53]  (0.960 ns)
	'mul' operation 21 bit ('mul_ln68', bnn.cpp:68) [55]  (2.188 ns)

 <State 2>: 1.615ns
The critical path consists of the following:
	'urem' operation 3 bit ('urem_ln68', bnn.cpp:68) [58]  (1.615 ns)

 <State 3>: 1.615ns
The critical path consists of the following:
	'urem' operation 3 bit ('urem_ln68', bnn.cpp:68) [58]  (1.615 ns)

 <State 4>: 1.615ns
The critical path consists of the following:
	'urem' operation 3 bit ('urem_ln68', bnn.cpp:68) [58]  (1.615 ns)

 <State 5>: 1.615ns
The critical path consists of the following:
	'urem' operation 3 bit ('urem_ln68', bnn.cpp:68) [58]  (1.615 ns)

 <State 6>: 1.615ns
The critical path consists of the following:
	'urem' operation 3 bit ('urem_ln68', bnn.cpp:68) [58]  (1.615 ns)

 <State 7>: 1.615ns
The critical path consists of the following:
	'urem' operation 3 bit ('urem_ln68', bnn.cpp:68) [58]  (1.615 ns)

 <State 8>: 1.615ns
The critical path consists of the following:
	'urem' operation 3 bit ('urem_ln68', bnn.cpp:68) [58]  (1.615 ns)

 <State 9>: 1.615ns
The critical path consists of the following:
	'urem' operation 3 bit ('urem_ln68', bnn.cpp:68) [58]  (1.615 ns)

 <State 10>: 1.615ns
The critical path consists of the following:
	'urem' operation 3 bit ('urem_ln68', bnn.cpp:68) [58]  (1.615 ns)

 <State 11>: 1.615ns
The critical path consists of the following:
	'urem' operation 3 bit ('urem_ln68', bnn.cpp:68) [58]  (1.615 ns)

 <State 12>: 3.425ns
The critical path consists of the following:
	'mul' operation 21 bit ('mul_ln69', bnn.cpp:69) [73]  (2.188 ns)
	'getelementptr' operation 8 bit ('bnn_top_int_const_unsigned_int_const_int_const_unsigned_int_const_int_co_228', bnn.cpp:69) [76]  (0.000 ns)
	'load' operation 32 bit ('bnn_top_int_const_unsigned_int_const_int_const_unsigned_int_const_int_co_233', bnn.cpp:69) on array 'bnn_top_int_const_unsigned_int_const_int_const_unsigned_int_const_int_co_4' [81]  (1.237 ns)

 <State 13>: 3.425ns
The critical path consists of the following:
	'mul' operation 21 bit ('mul_ln70', bnn.cpp:70) [89]  (2.188 ns)
	'getelementptr' operation 8 bit ('bnn_top_int_const_unsigned_int_const_int_const_unsigned_int_const_int_co_238', bnn.cpp:70) [92]  (0.000 ns)
	'load' operation 32 bit ('bnn_top_int_const_unsigned_int_const_int_const_unsigned_int_const_int_co_243', bnn.cpp:70) on array 'bnn_top_int_const_unsigned_int_const_int_const_unsigned_int_const_int_co_4' [97]  (1.237 ns)

 <State 14>: 6.545ns
The critical path consists of the following:
	'load' operation 32 bit ('bnn_top_int_const_unsigned_int_const_int_const_unsigned_int_const_int_co_243', bnn.cpp:70) on array 'bnn_top_int_const_unsigned_int_const_int_const_unsigned_int_const_int_co_4' [97]  (1.237 ns)
	'sparsemux' operation 32 bit ('s2', bnn.cpp:70) [102]  (0.574 ns)
	'icmp' operation 1 bit ('icmp_ln72_1', bnn.cpp:72) [121]  (1.016 ns)
	'select' operation 32 bit ('m', bnn.cpp:72) [122]  (0.449 ns)
	'icmp' operation 1 bit ('icmp_ln72_2', bnn.cpp:72) [123]  (1.016 ns)
	'select' operation 32 bit ('m', bnn.cpp:72) [124]  (0.000 ns)
	'icmp' operation 1 bit ('icmp_ln73', bnn.cpp:73) [125]  (1.016 ns)
	'store' operation ('store_ln73', bnn.cpp:73) of variable 'icmp_ln73', bnn.cpp:73 1 bit on array 'bnn_top_int_const_unsigned_int_const_int_const_unsigned_int_const_int_co_19' [154]  (1.237 ns)


============================================================
+ Verbose Summary: Binding
============================================================
N/A
* FSMD analyzer results:
  - Output states:
 - Input state : 
  - Chain level:
	State 1
	State 2
	State 3
	State 4
	State 5
	State 6
	State 7
	State 8
	State 9
	State 10
	State 11
	State 12
	State 13
	State 14


============================================================
+ Verbose Summary: Datapath Resource usage 
============================================================
N/A
