

================================================================
== Vitis HLS Report for 'bnn_top_Pipeline_VITIS_LOOP_140_24_VITIS_LOOP_142_25'
================================================================
* Date:           Mon Aug 24 01:28:44 2026

* Version:        2025.2 (Build 6295257 on Nov 12 2025)
* Project:        bnn_hls
* Solution:       sol1 (Vivado IP Flow Target)
* Product family: zynquplus
* Target device:  xczu7ev-ffvc1156-2-e


================================================================
== Performance Estimates
================================================================
+ Timing: 
    * Summary: 
    +--------+----------+----------+------------+
    |  Clock |  Target  | Estimated| Uncertainty|
    +--------+----------+----------+------------+
    |ap_clk  |  10.00 ns|  3.890 ns|     2.70 ns|
    +--------+----------+----------+------------+

+ Latency: 
    * Summary: 
    +---------+---------+----------+----------+-----+-----+-------------------+
    |  Latency (cycles) |  Latency (absolute) |  Interval |      Pipeline     |
    |   min   |   max   |    min   |    max   | min | max |        Type       |
    +---------+---------+----------+----------+-----+-----+-------------------+
    |   131074|   131074|  1.311 ms|  1.311 ms|    0|    0|  loop pipeline stp|
    +---------+---------+----------+----------+-----+-----+-------------------+

    + Detail: 
        * Instance: 
        N/A

        * Loop: 
        +---------------------------------------+---------+---------+----------+-----------+-----------+--------+----------+
        |                                       |  Latency (cycles) | Iteration|  Initiation Interval  |  Trip  |          |
        |               Loop Name               |   min   |   max   |  Latency |  achieved |   target  |  Count | Pipelined|
        +---------------------------------------+---------+---------+----------+-----------+-----------+--------+----------+
        |- VITIS_LOOP_140_24_VITIS_LOOP_142_25  |   131072|   131072|         2|          1|          1|  131072|       yes|
        +---------------------------------------+---------+---------+----------+-----------+-----------+--------+----------+

============================================================
+ Verbose Summary: Synthesis Manager
============================================================
InlineROM: 1
ExposeGlobal: 0
============================================================
+ Verbose Summary: CDFG Model
============================================================
IsTopModel: 0
ResetActiveHigh: 1
IsCombinational: 0
IsDatapathOnly: 0
HasWiredReturn: 1
HasMFsm: 2
HasVarLatency: 1
IsPipeline: 0
IsRtlPipelined: 0
IsInstanceOverlapped: 0
IsDontTouch: 0
HasImplIP: 0
IsGatedGlobalClock: 0

+ Individual pipeline summary: 
  * Pipeline-0: initiation interval (II) = 1, depth = 3


============================================================
+ Verbose Summary: Schedule
============================================================
* Number of FSM states : 3
* Pipeline : 1
  Pipeline-0 : II = 1, D = 3, States = { 1 2 3 }
* Dataflow Pipeline: 0

* FSM state transitions: 
1 --> 2 
2 --> 3 
3 --> 

* FSM state operations: 

State 1 <SV = 0> <Delay = 0.42>
ST_1 : Operation 5 [1/1] (0.00ns)   --->   "%acc_11 = alloca i32 1" [bnn.cpp:141]   --->   Operation 5 'alloca' 'acc_11' <Predicate = true> <Delay = 0.00>
ST_1 : Operation 6 [1/1] (0.00ns)   --->   "%k_1 = alloca i32 1" [bnn.cpp:142]   --->   Operation 6 'alloca' 'k_1' <Predicate = true> <Delay = 0.00>
ST_1 : Operation 7 [1/1] (0.00ns)   --->   "%n = alloca i32 1" [bnn.cpp:140]   --->   Operation 7 'alloca' 'n' <Predicate = true> <Delay = 0.00>
ST_1 : Operation 8 [1/1] (0.00ns)   --->   "%indvar_flatten73 = alloca i32 1"   --->   Operation 8 'alloca' 'indvar_flatten73' <Predicate = true> <Delay = 0.00>
ST_1 : Operation 9 [1/1] (0.00ns)   --->   "%specinterface_ln0 = specinterface void @_ssdm_op_SpecInterface, i32 %TAUF1, void @empty_5, i32 0, i32 0, void @empty_2, i32 4294967295, i32 0, void @empty_2, void @empty_2, void @empty_2, i32 0, i32 0, i32 0, i32 0, void @empty_2, void @empty_2, i32 4294967295, i32 0, i32 0, i32 0"   --->   Operation 9 'specinterface' 'specinterface_ln0' <Predicate = true> <Delay = 0.00>
ST_1 : Operation 10 [1/1] (0.00ns)   --->   "%specinterface_ln0 = specinterface void @_ssdm_op_SpecInterface, i32 %WF1, void @empty_5, i32 0, i32 0, void @empty_2, i32 4294967295, i32 0, void @empty_2, void @empty_2, void @empty_2, i32 0, i32 0, i32 0, i32 0, void @empty_2, void @empty_2, i32 4294967295, i32 0, i32 0, i32 0"   --->   Operation 10 'specinterface' 'specinterface_ln0' <Predicate = true> <Delay = 0.00>
ST_1 : Operation 11 [1/1] (0.42ns)   --->   "%store_ln0 = store i18 0, i18 %indvar_flatten73"   --->   Operation 11 'store' 'store_ln0' <Predicate = true> <Delay = 0.42>
ST_1 : Operation 12 [1/1] (0.42ns)   --->   "%store_ln140 = store i8 0, i8 %n" [bnn.cpp:140]   --->   Operation 12 'store' 'store_ln140' <Predicate = true> <Delay = 0.42>
ST_1 : Operation 13 [1/1] (0.42ns)   --->   "%store_ln142 = store i11 0, i11 %k_1" [bnn.cpp:142]   --->   Operation 13 'store' 'store_ln142' <Predicate = true> <Delay = 0.42>
ST_1 : Operation 14 [1/1] (0.42ns)   --->   "%store_ln141 = store i12 0, i12 %acc_11" [bnn.cpp:141]   --->   Operation 14 'store' 'store_ln141' <Predicate = true> <Delay = 0.42>
ST_1 : Operation 15 [1/1] (0.00ns)   --->   "%br_ln0 = br void %for.inc478"   --->   Operation 15 'br' 'br_ln0' <Predicate = true> <Delay = 0.00>

State 2 <SV = 1> <Delay = 2.78>
ST_2 : Operation 16 [1/1] (0.00ns)   --->   "%indvar_flatten73_load = load i18 %indvar_flatten73" [bnn.cpp:140]   --->   Operation 16 'load' 'indvar_flatten73_load' <Predicate = true> <Delay = 0.00>
ST_2 : Operation 17 [1/1] (0.87ns)   --->   "%icmp_ln140 = icmp_eq  i18 %indvar_flatten73_load, i18 131072" [bnn.cpp:140]   --->   Operation 17 'icmp' 'icmp_ln140' <Predicate = true> <Delay = 0.87> <CoreInst = "Cmp">   --->   Core 9 'Cmp' <Latency = 0> <II = 1> <Delay = 0.87> <FuncUnit> <Opcode : 'seteq' 'setne' 'setle' 'setge' 'setlt' 'setgt'> <InPorts = 2> <OutPorts = 1>
ST_2 : Operation 18 [1/1] (0.87ns)   --->   "%add_ln140 = add i18 %indvar_flatten73_load, i18 1" [bnn.cpp:140]   --->   Operation 18 'add' 'add_ln140' <Predicate = true> <Delay = 0.87> <CoreInst = "Adder">   --->   Core 1 'Adder' <Latency = 0> <II = 1> <Delay = 0.87> <FuncUnit> <Opcode : 'add' 'sub'> <InPorts = 2> <OutPorts = 1>
ST_2 : Operation 19 [1/1] (0.00ns)   --->   "%br_ln140 = br i1 %icmp_ln140, void %for.inc490, void %for.end492.exitStub" [bnn.cpp:140]   --->   Operation 19 'br' 'br_ln140' <Predicate = true> <Delay = 0.00>
ST_2 : Operation 20 [1/1] (0.00ns)   --->   "%k_1_load = load i11 %k_1" [bnn.cpp:142]   --->   Operation 20 'load' 'k_1_load' <Predicate = (!icmp_ln140)> <Delay = 0.00>
ST_2 : Operation 21 [1/1] (0.00ns)   --->   "%n_load = load i8 %n" [bnn.cpp:140]   --->   Operation 21 'load' 'n_load' <Predicate = (!icmp_ln140)> <Delay = 0.00>
ST_2 : Operation 22 [1/1] (0.79ns)   --->   "%icmp_ln142 = icmp_eq  i11 %k_1_load, i11 1024" [bnn.cpp:142]   --->   Operation 22 'icmp' 'icmp_ln142' <Predicate = (!icmp_ln140)> <Delay = 0.79> <CoreInst = "Cmp">   --->   Core 9 'Cmp' <Latency = 0> <II = 1> <Delay = 0.79> <FuncUnit> <Opcode : 'seteq' 'setne' 'setle' 'setge' 'setlt' 'setgt'> <InPorts = 2> <OutPorts = 1>
ST_2 : Operation 23 [1/1] (0.38ns)   --->   "%select_ln140 = select i1 %icmp_ln142, i11 0, i11 %k_1_load" [bnn.cpp:140]   --->   Operation 23 'select' 'select_ln140' <Predicate = (!icmp_ln140)> <Delay = 0.38> <CoreInst = "Sel">   --->   Core 73 'Sel' <Latency = 0> <II = 1> <Delay = 0.38> <FuncUnit> <Opcode : 'select'> <InPorts = 3> <OutPorts = 1>
ST_2 : Operation 24 [1/1] (0.76ns)   --->   "%add_ln140_1 = add i8 %n_load, i8 1" [bnn.cpp:140]   --->   Operation 24 'add' 'add_ln140_1' <Predicate = (!icmp_ln140)> <Delay = 0.76> <CoreInst = "Adder">   --->   Core 1 'Adder' <Latency = 0> <II = 1> <Delay = 0.76> <FuncUnit> <Opcode : 'add' 'sub'> <InPorts = 2> <OutPorts = 1>
ST_2 : Operation 25 [1/1] (0.39ns)   --->   "%select_ln140_2 = select i1 %icmp_ln142, i8 %add_ln140_1, i8 %n_load" [bnn.cpp:140]   --->   Operation 25 'select' 'select_ln140_2' <Predicate = (!icmp_ln140)> <Delay = 0.39> <CoreInst = "Sel">   --->   Core 73 'Sel' <Latency = 0> <II = 1> <Delay = 0.39> <FuncUnit> <Opcode : 'select'> <InPorts = 3> <OutPorts = 1>
ST_2 : Operation 26 [1/1] (0.00ns)   --->   "%zext_ln140 = zext i8 %select_ln140_2" [bnn.cpp:140]   --->   Operation 26 'zext' 'zext_ln140' <Predicate = (!icmp_ln140)> <Delay = 0.00>
ST_2 : Operation 27 [1/1] (0.00ns)   --->   "%trunc_ln145 = trunc i8 %select_ln140_2" [bnn.cpp:145]   --->   Operation 27 'trunc' 'trunc_ln145' <Predicate = (!icmp_ln140)> <Delay = 0.00>
ST_2 : Operation 28 [1/1] (0.00ns)   --->   "%zext_ln142 = zext i11 %select_ln140" [bnn.cpp:142]   --->   Operation 28 'zext' 'zext_ln142' <Predicate = (!icmp_ln140)> <Delay = 0.00>
ST_2 : Operation 29 [1/1] (0.00ns)   --->   "%l3_addr = getelementptr i1 %l3, i64 0, i64 %zext_ln142" [bnn.cpp:144]   --->   Operation 29 'getelementptr' 'l3_addr' <Predicate = (!icmp_ln140)> <Delay = 0.00>
ST_2 : Operation 30 [2/2] (1.23ns)   --->   "%a = load i10 %l3_addr" [bnn.cpp:144]   --->   Operation 30 'load' 'a' <Predicate = (!icmp_ln140)> <Delay = 1.23> <CoreInst = "RAM">   --->   Core 82 'RAM' <Latency = 1> <II = 1> <Delay = 1.23> <Storage> <Opcode : 'load' 'store'> <Ports = 2> <Width = 1> <Depth = 1024> <RAM>
ST_2 : Operation 31 [1/1] (0.00ns)   --->   "%trunc_ln145_1 = trunc i11 %select_ln140" [bnn.cpp:145]   --->   Operation 31 'trunc' 'trunc_ln145_1' <Predicate = (!icmp_ln140)> <Delay = 0.00>
ST_2 : Operation 32 [1/1] (0.00ns)   --->   "%tmp_s = partselect i5 @_ssdm_op_PartSelect.i5.i11.i32.i32, i11 %select_ln140, i32 5, i32 9" [bnn.cpp:145]   --->   Operation 32 'partselect' 'tmp_s' <Predicate = (!icmp_ln140)> <Delay = 0.00>
ST_2 : Operation 33 [1/1] (0.00ns)   --->   "%lshr_ln4 = bitconcatenate i12 @_ssdm_op_BitConcatenate.i12.i7.i5, i7 %trunc_ln145, i5 %tmp_s" [bnn.cpp:145]   --->   Operation 33 'bitconcatenate' 'lshr_ln4' <Predicate = (!icmp_ln140)> <Delay = 0.00>
ST_2 : Operation 34 [1/1] (0.00ns)   --->   "%zext_ln145 = zext i12 %lshr_ln4" [bnn.cpp:145]   --->   Operation 34 'zext' 'zext_ln145' <Predicate = (!icmp_ln140)> <Delay = 0.00>
ST_2 : Operation 35 [1/1] (0.00ns)   --->   "%WF1_addr = getelementptr i32 %WF1, i64 0, i64 %zext_ln145" [bnn.cpp:145]   --->   Operation 35 'getelementptr' 'WF1_addr' <Predicate = (!icmp_ln140)> <Delay = 0.00>
ST_2 : Operation 36 [2/2] (0.00ns)   --->   "%WF1_load = load i12 %WF1_addr" [bnn.cpp:145]   --->   Operation 36 'load' 'WF1_load' <Predicate = (!icmp_ln140)> <Delay = 0.00> <CoreInst = "RAM">   --->   Core 82 'RAM' <Latency = 1> <II = 1> <Delay = 1.23> <Storage> <Opcode : 'load' 'store'> <Ports = 2> <Width = 32> <Depth = 4096> <RAM>
ST_2 : Operation 37 [1/1] (0.79ns)   --->   "%add_ln142 = add i11 %select_ln140, i11 1" [bnn.cpp:142]   --->   Operation 37 'add' 'add_ln142' <Predicate = (!icmp_ln140)> <Delay = 0.79> <CoreInst = "Adder">   --->   Core 1 'Adder' <Latency = 0> <II = 1> <Delay = 0.79> <FuncUnit> <Opcode : 'add' 'sub'> <InPorts = 2> <OutPorts = 1>
ST_2 : Operation 38 [1/1] (0.79ns)   --->   "%icmp_ln142_1 = icmp_eq  i11 %add_ln142, i11 1024" [bnn.cpp:142]   --->   Operation 38 'icmp' 'icmp_ln142_1' <Predicate = (!icmp_ln140)> <Delay = 0.79> <CoreInst = "Cmp">   --->   Core 9 'Cmp' <Latency = 0> <II = 1> <Delay = 0.79> <FuncUnit> <Opcode : 'seteq' 'setne' 'setle' 'setge' 'setlt' 'setgt'> <InPorts = 2> <OutPorts = 1>
ST_2 : Operation 39 [1/1] (0.00ns)   --->   "%TAUF1_addr = getelementptr i32 %TAUF1, i64 0, i64 %zext_ln140" [bnn.cpp:148]   --->   Operation 39 'getelementptr' 'TAUF1_addr' <Predicate = (!icmp_ln140)> <Delay = 0.00>
ST_2 : Operation 40 [2/2] (0.00ns)   --->   "%TAUF1_load = load i7 %TAUF1_addr" [bnn.cpp:148]   --->   Operation 40 'load' 'TAUF1_load' <Predicate = (!icmp_ln140)> <Delay = 0.00> <CoreInst = "RAM">   --->   Core 82 'RAM' <Latency = 1> <II = 1> <Delay = 1.23> <Storage> <Opcode : 'load' 'store'> <Ports = 2> <Width = 32> <Depth = 128> <RAM>
ST_2 : Operation 41 [1/1] (0.00ns)   --->   "%f1_addr = getelementptr i1 %f1, i64 0, i64 %zext_ln140" [bnn.cpp:148]   --->   Operation 41 'getelementptr' 'f1_addr' <Predicate = (!icmp_ln140)> <Delay = 0.00>
ST_2 : Operation 42 [1/1] (0.00ns)   --->   "%br_ln142 = br i1 %icmp_ln142_1, void %new.latch.for.inc478.split, void %last.iter.for.inc478.split" [bnn.cpp:142]   --->   Operation 42 'br' 'br_ln142' <Predicate = (!icmp_ln140)> <Delay = 0.00>
ST_2 : Operation 43 [1/1] (0.42ns)   --->   "%store_ln140 = store i18 %add_ln140, i18 %indvar_flatten73" [bnn.cpp:140]   --->   Operation 43 'store' 'store_ln140' <Predicate = (!icmp_ln140)> <Delay = 0.42>
ST_2 : Operation 44 [1/1] (0.42ns)   --->   "%store_ln140 = store i8 %select_ln140_2, i8 %n" [bnn.cpp:140]   --->   Operation 44 'store' 'store_ln140' <Predicate = (!icmp_ln140)> <Delay = 0.42>
ST_2 : Operation 45 [1/1] (0.42ns)   --->   "%store_ln142 = store i11 %add_ln142, i11 %k_1" [bnn.cpp:142]   --->   Operation 45 'store' 'store_ln142' <Predicate = (!icmp_ln140)> <Delay = 0.42>
ST_2 : Operation 67 [1/1] (0.42ns)   --->   "%ret_ln0 = ret"   --->   Operation 67 'ret' 'ret_ln0' <Predicate = (icmp_ln140)> <Delay = 0.42>

State 3 <SV = 2> <Delay = 3.88>
ST_3 : Operation 46 [1/1] (0.00ns)   --->   "%acc_11_load = load i12 %acc_11" [bnn.cpp:140]   --->   Operation 46 'load' 'acc_11_load' <Predicate = (!icmp_ln142)> <Delay = 0.00>
ST_3 : Operation 47 [1/1] (0.00ns)   --->   "%specloopname_ln0 = specloopname void @_ssdm_op_SpecLoopName, void @VITIS_LOOP_140_24_VITIS_LOOP_142_25_str"   --->   Operation 47 'specloopname' 'specloopname_ln0' <Predicate = true> <Delay = 0.00>
ST_3 : Operation 48 [1/1] (0.00ns)   --->   "%speclooptripcount_ln0 = speclooptripcount void @_ssdm_op_SpecLoopTripCount, i64 131072, i64 131072, i64 131072"   --->   Operation 48 'speclooptripcount' 'speclooptripcount_ln0' <Predicate = true> <Delay = 0.00>
ST_3 : Operation 49 [1/1] (0.00ns) (grouped into LUT with out node acc)   --->   "%select_ln140_1 = select i1 %icmp_ln142, i12 0, i12 %acc_11_load" [bnn.cpp:140]   --->   Operation 49 'select' 'select_ln140_1' <Predicate = true> <Delay = 0.00> <CoreInst = "Sel">   --->   Core 73 'Sel' <Latency = 0> <II = 1> <Delay = 0.37> <FuncUnit> <Opcode : 'select'> <InPorts = 3> <OutPorts = 1>
ST_3 : Operation 50 [1/1] (0.00ns)   --->   "%specpipeline_ln143 = specpipeline void @_ssdm_op_SpecPipeline, i32 1, i32 0, i32 0, i32 0, i32 4294967295, void @empty_2" [bnn.cpp:143]   --->   Operation 50 'specpipeline' 'specpipeline_ln143' <Predicate = true> <Delay = 0.00>
ST_3 : Operation 51 [1/2] ( I:1.23ns O:1.23ns )   --->   "%a = load i10 %l3_addr" [bnn.cpp:144]   --->   Operation 51 'load' 'a' <Predicate = true> <Delay = 1.23> <CoreInst = "RAM">   --->   Core 82 'RAM' <Latency = 1> <II = 1> <Delay = 1.23> <Storage> <Opcode : 'load' 'store'> <Ports = 2> <Width = 1> <Depth = 1024> <RAM>
ST_3 : Operation 52 [1/2] ( I:0.00ns O:0.00ns )   --->   "%WF1_load = load i12 %WF1_addr" [bnn.cpp:145]   --->   Operation 52 'load' 'WF1_load' <Predicate = true> <Delay = 0.00> <CoreInst = "RAM">   --->   Core 82 'RAM' <Latency = 1> <II = 1> <Delay = 1.23> <Storage> <Opcode : 'load' 'store'> <Ports = 2> <Width = 32> <Depth = 4096> <RAM>
ST_3 : Operation 53 [1/1] (0.00ns)   --->   "%zext_ln145_1 = zext i5 %trunc_ln145_1" [bnn.cpp:145]   --->   Operation 53 'zext' 'zext_ln145_1' <Predicate = true> <Delay = 0.00>
ST_3 : Operation 54 [1/1] (1.38ns)   --->   "%lshr_ln145 = lshr i32 %WF1_load, i32 %zext_ln145_1" [bnn.cpp:145]   --->   Operation 54 'lshr' 'lshr_ln145' <Predicate = true> <Delay = 1.38> <CoreInst = "Shifter">   --->   Core 75 'Shifter' <Latency = 0> <II = 1> <Delay = 1.38> <FuncUnit> <Opcode : 'shl' 'lshr' 'ashr'> <InPorts = 2> <OutPorts = 1>
ST_3 : Operation 55 [1/1] (0.00ns) (grouped into LUT with out node acc)   --->   "%w = trunc i32 %lshr_ln145" [bnn.cpp:145]   --->   Operation 55 'trunc' 'w' <Predicate = true> <Delay = 0.00>
ST_3 : Operation 56 [1/1] (0.00ns) (grouped into LUT with out node acc)   --->   "%xor_ln146 = xor i1 %a, i1 %w" [bnn.cpp:146]   --->   Operation 56 'xor' 'xor_ln146' <Predicate = true> <Delay = 0.00> <CoreInst = "LogicGate">   --->   Core 74 'LogicGate' <Latency = 0> <II = 1> <Delay = 0.28> <FuncUnit> <Opcode : 'and' 'or' 'xor'> <InPorts = 2> <OutPorts = 1>
ST_3 : Operation 57 [1/1] (0.00ns) (grouped into LUT with out node acc)   --->   "%select_ln146 = select i1 %xor_ln146, i12 4095, i12 1" [bnn.cpp:146]   --->   Operation 57 'select' 'select_ln146' <Predicate = true> <Delay = 0.00> <CoreInst = "Sel">   --->   Core 73 'Sel' <Latency = 0> <II = 1> <Delay = 0.17> <FuncUnit> <Opcode : 'select'> <InPorts = 3> <OutPorts = 1>
ST_3 : Operation 58 [1/1] (0.80ns) (out node of the LUT)   --->   "%acc = add i12 %select_ln146, i12 %select_ln140_1" [bnn.cpp:146]   --->   Operation 58 'add' 'acc' <Predicate = true> <Delay = 0.80> <CoreInst = "Adder">   --->   Core 1 'Adder' <Latency = 0> <II = 1> <Delay = 0.80> <FuncUnit> <Opcode : 'add' 'sub'> <InPorts = 2> <OutPorts = 1>
ST_3 : Operation 59 [1/1] (0.00ns)   --->   "%shl_ln6 = bitconcatenate i20 @_ssdm_op_BitConcatenate.i20.i12.i8, i12 %acc, i8 0" [bnn.cpp:148]   --->   Operation 59 'bitconcatenate' 'shl_ln6' <Predicate = true> <Delay = 0.00>
ST_3 : Operation 60 [1/1] (0.00ns)   --->   "%sext_ln148 = sext i20 %shl_ln6" [bnn.cpp:148]   --->   Operation 60 'sext' 'sext_ln148' <Predicate = true> <Delay = 0.00>
ST_3 : Operation 61 [1/2] ( I:0.00ns O:0.00ns )   --->   "%TAUF1_load = load i7 %TAUF1_addr" [bnn.cpp:148]   --->   Operation 61 'load' 'TAUF1_load' <Predicate = true> <Delay = 0.00> <CoreInst = "RAM">   --->   Core 82 'RAM' <Latency = 1> <II = 1> <Delay = 1.23> <Storage> <Opcode : 'load' 'store'> <Ports = 2> <Width = 32> <Depth = 128> <RAM>
ST_3 : Operation 62 [1/1] (1.01ns)   --->   "%icmp_ln148 = icmp_sgt  i32 %sext_ln148, i32 %TAUF1_load" [bnn.cpp:148]   --->   Operation 62 'icmp' 'icmp_ln148' <Predicate = true> <Delay = 1.01> <CoreInst = "Cmp">   --->   Core 9 'Cmp' <Latency = 0> <II = 1> <Delay = 1.01> <FuncUnit> <Opcode : 'seteq' 'setne' 'setle' 'setge' 'setlt' 'setgt'> <InPorts = 2> <OutPorts = 1>
ST_3 : Operation 63 [1/1] ( I:0.67ns O:0.67ns )   --->   "%store_ln148 = store i1 %icmp_ln148, i7 %f1_addr" [bnn.cpp:148]   --->   Operation 63 'store' 'store_ln148' <Predicate = (icmp_ln142_1)> <Delay = 0.67> <CoreInst = "RAM">   --->   Core 82 'RAM' <Latency = 1> <II = 1> <Delay = 0.67> <Storage> <Opcode : 'load' 'store'> <Ports = 2> <Width = 1> <Depth = 128> <RAM>
ST_3 : Operation 64 [1/1] (0.00ns)   --->   "%br_ln142 = br void %new.latch.for.inc478.split" [bnn.cpp:142]   --->   Operation 64 'br' 'br_ln142' <Predicate = (icmp_ln142_1)> <Delay = 0.00>
ST_3 : Operation 65 [1/1] (0.42ns)   --->   "%store_ln141 = store i12 %acc, i12 %acc_11" [bnn.cpp:141]   --->   Operation 65 'store' 'store_ln141' <Predicate = true> <Delay = 0.42>
ST_3 : Operation 66 [1/1] (0.00ns)   --->   "%br_ln142 = br void %for.inc478" [bnn.cpp:142]   --->   Operation 66 'br' 'br_ln142' <Predicate = true> <Delay = 0.00>


============================================================
+ Verbose Summary: Binding
============================================================
STG Binding: 
---------------- STG Properties BEGIN ----------------
- Is combinational: 0
- Is one-state seq: 0
- Is datapath-only: 0
- Is pipelined: 0
- Is top level: 0
Port [ Return ] is wired: 1; IO mode=ap_ctrl_hs:ce=0
Port [ WF1]:  wired=1; compound=1; hidden=0; nouse=0; global=0; static=0; extern=0; dir=0; type=1; pingpong=0; private_global=0; MemPort=[13]; IO mode=ap_memory:ce=0
Port [ TAUF1]:  wired=1; compound=1; hidden=0; nouse=0; global=0; static=0; extern=0; dir=0; type=1; pingpong=0; private_global=0; MemPort=[13]; IO mode=ap_memory:ce=0
Port [ f1]:  wired=1; compound=1; hidden=0; nouse=0; global=1; static=1; extern=0; dir=1; type=1; pingpong=0; private_global=0; MemPort=[03]; IO mode=ap_memory:ce=0
Port [ l3]:  wired=1; compound=1; hidden=0; nouse=0; global=1; static=1; extern=0; dir=0; type=1; pingpong=0; private_global=0; MemPort=[13]; IO mode=ap_memory:ce=0
---------------- STG Properties END ------------------

---------------- Datapath Model BEGIN ----------------

<LifeTime>
<method=bitvector/>
acc_11                (alloca           ) [ 0111]
k_1                   (alloca           ) [ 0110]
n                     (alloca           ) [ 0110]
indvar_flatten73      (alloca           ) [ 0110]
specinterface_ln0     (specinterface    ) [ 0000]
specinterface_ln0     (specinterface    ) [ 0000]
store_ln0             (store            ) [ 0000]
store_ln140           (store            ) [ 0000]
store_ln142           (store            ) [ 0000]
store_ln141           (store            ) [ 0000]
br_ln0                (br               ) [ 0000]
indvar_flatten73_load (load             ) [ 0000]
icmp_ln140            (icmp             ) [ 0110]
add_ln140             (add              ) [ 0000]
br_ln140              (br               ) [ 0000]
k_1_load              (load             ) [ 0000]
n_load                (load             ) [ 0000]
icmp_ln142            (icmp             ) [ 0101]
select_ln140          (select           ) [ 0000]
add_ln140_1           (add              ) [ 0000]
select_ln140_2        (select           ) [ 0000]
zext_ln140            (zext             ) [ 0000]
trunc_ln145           (trunc            ) [ 0000]
zext_ln142            (zext             ) [ 0000]
l3_addr               (getelementptr    ) [ 0101]
trunc_ln145_1         (trunc            ) [ 0101]
tmp_s                 (partselect       ) [ 0000]
lshr_ln4              (bitconcatenate   ) [ 0000]
zext_ln145            (zext             ) [ 0000]
WF1_addr              (getelementptr    ) [ 0101]
add_ln142             (add              ) [ 0000]
icmp_ln142_1          (icmp             ) [ 0101]
TAUF1_addr            (getelementptr    ) [ 0101]
f1_addr               (getelementptr    ) [ 0101]
br_ln142              (br               ) [ 0000]
store_ln140           (store            ) [ 0000]
store_ln140           (store            ) [ 0000]
store_ln142           (store            ) [ 0000]
acc_11_load           (load             ) [ 0000]
specloopname_ln0      (specloopname     ) [ 0000]
speclooptripcount_ln0 (speclooptripcount) [ 0000]
select_ln140_1        (select           ) [ 0000]
specpipeline_ln143    (specpipeline     ) [ 0000]
a                     (load             ) [ 0000]
WF1_load              (load             ) [ 0000]
zext_ln145_1          (zext             ) [ 0000]
lshr_ln145            (lshr             ) [ 0000]
w                     (trunc            ) [ 0000]
xor_ln146             (xor              ) [ 0000]
select_ln146          (select           ) [ 0000]
acc                   (add              ) [ 0000]
shl_ln6               (bitconcatenate   ) [ 0000]
sext_ln148            (sext             ) [ 0000]
TAUF1_load            (load             ) [ 0000]
icmp_ln148            (icmp             ) [ 0000]
store_ln148           (store            ) [ 0000]
br_ln142              (br               ) [ 0000]
store_ln141           (store            ) [ 0000]
br_ln142              (br               ) [ 0000]
ret_ln0               (ret              ) [ 0000]
</LifeTime>

<model>

<comp_list>
<comp id="0" class="1000" name="WF1">
<pin_list>
<pin id="1" dir="1" index="0" bw="1" slack="0"/>
</pin_list>
<bind>
<StgValue><ssdm name="WF1"/><MemPortTyVec>1 3 </MemPortTyVec>
</StgValue>
</bind>
</comp>

<comp id="2" class="1000" name="TAUF1">
<pin_list>
<pin id="3" dir="1" index="0" bw="1" slack="0"/>
</pin_list>
<bind>
<StgValue><ssdm name="TAUF1"/><MemPortTyVec>1 3 </MemPortTyVec>
</StgValue>
</bind>
</comp>

<comp id="4" class="1000" name="f1">
<pin_list>
<pin id="5" dir="1" index="0" bw="1" slack="0"/>
</pin_list>
<bind>
<StgValue><ssdm name="f1"/><MemPortTyVec>0 3 </MemPortTyVec>
</StgValue>
</bind>
</comp>

<comp id="6" class="1000" name="l3">
<pin_list>
<pin id="7" dir="1" index="0" bw="1" slack="0"/>
</pin_list>
<bind>
<StgValue><ssdm name="l3"/><MemPortTyVec>1 3 </MemPortTyVec>
</StgValue>
</bind>
</comp>

<comp id="8" class="1001" name="const_8">
<pin_list>
<pin id="9" dir="1" index="0" bw="1" slack="0"/>
</pin_list>
<bind>
<StgValue><ssdm name=""/></StgValue>
</bind>
</comp>

<comp id="10" class="1001" name="const_10">
<pin_list>
<pin id="11" dir="1" index="0" bw="1" slack="2147483647"/>
</pin_list>
<bind>
<StgValue><ssdm name="_ssdm_op_SpecInterface"/></StgValue>
</bind>
</comp>

<comp id="12" class="1001" name="const_12">
<pin_list>
<pin id="13" dir="1" index="0" bw="1" slack="2147483647"/>
</pin_list>
<bind>
<StgValue><ssdm name="empty_5"/></StgValue>
</bind>
</comp>

<comp id="14" class="1001" name="const_14">
<pin_list>
<pin id="15" dir="1" index="0" bw="1" slack="2147483647"/>
</pin_list>
<bind>
<StgValue><ssdm name=""/></StgValue>
</bind>
</comp>

<comp id="16" class="1001" name="const_16">
<pin_list>
<pin id="17" dir="1" index="0" bw="1" slack="2147483647"/>
</pin_list>
<bind>
<StgValue><ssdm name="empty_2"/></StgValue>
</bind>
</comp>

<comp id="18" class="1001" name="const_18">
<pin_list>
<pin id="19" dir="1" index="0" bw="1" slack="2147483647"/>
</pin_list>
<bind>
<StgValue><ssdm name=""/></StgValue>
</bind>
</comp>

<comp id="20" class="1001" name="const_20">
<pin_list>
<pin id="21" dir="1" index="0" bw="1" slack="0"/>
</pin_list>
<bind>
<StgValue><ssdm name=""/></StgValue>
</bind>
</comp>

<comp id="22" class="1001" name="const_22">
<pin_list>
<pin id="23" dir="1" index="0" bw="1" slack="0"/>
</pin_list>
<bind>
<StgValue><ssdm name=""/></StgValue>
</bind>
</comp>

<comp id="24" class="1001" name="const_24">
<pin_list>
<pin id="25" dir="1" index="0" bw="1" slack="0"/>
</pin_list>
<bind>
<StgValue><ssdm name=""/></StgValue>
</bind>
</comp>

<comp id="26" class="1001" name="const_26">
<pin_list>
<pin id="27" dir="1" index="0" bw="1" slack="0"/>
</pin_list>
<bind>
<StgValue><ssdm name=""/></StgValue>
</bind>
</comp>

<comp id="28" class="1001" name="const_28">
<pin_list>
<pin id="29" dir="1" index="0" bw="1" slack="0"/>
</pin_list>
<bind>
<StgValue><ssdm name=""/></StgValue>
</bind>
</comp>

<comp id="30" class="1001" name="const_30">
<pin_list>
<pin id="31" dir="1" index="0" bw="1" slack="0"/>
</pin_list>
<bind>
<StgValue><ssdm name=""/></StgValue>
</bind>
</comp>

<comp id="32" class="1001" name="const_32">
<pin_list>
<pin id="33" dir="1" index="0" bw="1" slack="0"/>
</pin_list>
<bind>
<StgValue><ssdm name=""/></StgValue>
</bind>
</comp>

<comp id="34" class="1001" name="const_34">
<pin_list>
<pin id="35" dir="1" index="0" bw="1" slack="0"/>
</pin_list>
<bind>
<StgValue><ssdm name=""/></StgValue>
</bind>
</comp>

<comp id="36" class="1001" name="const_36">
<pin_list>
<pin id="37" dir="1" index="0" bw="1" slack="0"/>
</pin_list>
<bind>
<StgValue><ssdm name=""/></StgValue>
</bind>
</comp>

<comp id="38" class="1001" name="const_38">
<pin_list>
<pin id="39" dir="1" index="0" bw="1" slack="0"/>
</pin_list>
<bind>
<StgValue><ssdm name="_ssdm_op_PartSelect.i5.i11.i32.i32"/></StgValue>
</bind>
</comp>

<comp id="40" class="1001" name="const_40">
<pin_list>
<pin id="41" dir="1" index="0" bw="1" slack="0"/>
</pin_list>
<bind>
<StgValue><ssdm name=""/></StgValue>
</bind>
</comp>

<comp id="42" class="1001" name="const_42">
<pin_list>
<pin id="43" dir="1" index="0" bw="1" slack="0"/>
</pin_list>
<bind>
<StgValue><ssdm name=""/></StgValue>
</bind>
</comp>

<comp id="44" class="1001" name="const_44">
<pin_list>
<pin id="45" dir="1" index="0" bw="1" slack="0"/>
</pin_list>
<bind>
<StgValue><ssdm name="_ssdm_op_BitConcatenate.i12.i7.i5"/></StgValue>
</bind>
</comp>

<comp id="46" class="1001" name="const_46">
<pin_list>
<pin id="47" dir="1" index="0" bw="1" slack="0"/>
</pin_list>
<bind>
<StgValue><ssdm name=""/></StgValue>
</bind>
</comp>

<comp id="48" class="1001" name="const_48">
<pin_list>
<pin id="49" dir="1" index="0" bw="1" slack="2147483647"/>
</pin_list>
<bind>
<StgValue><ssdm name="_ssdm_op_SpecLoopName"/></StgValue>
</bind>
</comp>

<comp id="50" class="1001" name="const_50">
<pin_list>
<pin id="51" dir="1" index="0" bw="1" slack="2147483647"/>
</pin_list>
<bind>
<StgValue><ssdm name="VITIS_LOOP_140_24_VITIS_LOOP_142_25_str"/></StgValue>
</bind>
</comp>

<comp id="52" class="1001" name="const_52">
<pin_list>
<pin id="53" dir="1" index="0" bw="1" slack="2147483647"/>
</pin_list>
<bind>
<StgValue><ssdm name="_ssdm_op_SpecLoopTripCount"/></StgValue>
</bind>
</comp>

<comp id="54" class="1001" name="const_54">
<pin_list>
<pin id="55" dir="1" index="0" bw="1" slack="2147483647"/>
</pin_list>
<bind>
<StgValue><ssdm name=""/></StgValue>
</bind>
</comp>

<comp id="56" class="1001" name="const_56">
<pin_list>
<pin id="57" dir="1" index="0" bw="1" slack="2147483647"/>
</pin_list>
<bind>
<StgValue><ssdm name="_ssdm_op_SpecPipeline"/></StgValue>
</bind>
</comp>

<comp id="58" class="1001" name="const_58">
<pin_list>
<pin id="59" dir="1" index="0" bw="1" slack="0"/>
</pin_list>
<bind>
<StgValue><ssdm name=""/></StgValue>
</bind>
</comp>

<comp id="60" class="1001" name="const_60">
<pin_list>
<pin id="61" dir="1" index="0" bw="1" slack="0"/>
</pin_list>
<bind>
<StgValue><ssdm name=""/></StgValue>
</bind>
</comp>

<comp id="62" class="1001" name="const_62">
<pin_list>
<pin id="63" dir="1" index="0" bw="1" slack="0"/>
</pin_list>
<bind>
<StgValue><ssdm name="_ssdm_op_BitConcatenate.i20.i12.i8"/></StgValue>
</bind>
</comp>

<comp id="64" class="1004" name="acc_11_fu_64">
<pin_list>
<pin id="65" dir="0" index="0" bw="1" slack="0"/>
<pin id="66" dir="1" index="1" bw="12" slack="0"/>
</pin_list>
<bind>
<opcode="alloca(26) " fcode="alloca"/>
<opset="acc_11/1 "/>
</bind>
</comp>

<comp id="68" class="1004" name="k_1_fu_68">
<pin_list>
<pin id="69" dir="0" index="0" bw="1" slack="0"/>
<pin id="70" dir="1" index="1" bw="11" slack="0"/>
</pin_list>
<bind>
<opcode="alloca(26) " fcode="alloca"/>
<opset="k_1/1 "/>
</bind>
</comp>

<comp id="72" class="1004" name="n_fu_72">
<pin_list>
<pin id="73" dir="0" index="0" bw="1" slack="0"/>
<pin id="74" dir="1" index="1" bw="8" slack="0"/>
</pin_list>
<bind>
<opcode="alloca(26) " fcode="alloca"/>
<opset="n/1 "/>
</bind>
</comp>

<comp id="76" class="1004" name="indvar_flatten73_fu_76">
<pin_list>
<pin id="77" dir="0" index="0" bw="1" slack="0"/>
<pin id="78" dir="1" index="1" bw="18" slack="0"/>
</pin_list>
<bind>
<opcode="alloca(26) " fcode="alloca"/>
<opset="indvar_flatten73/1 "/>
</bind>
</comp>

<comp id="80" class="1004" name="l3_addr_gep_fu_80">
<pin_list>
<pin id="81" dir="0" index="0" bw="1" slack="0"/>
<pin id="82" dir="0" index="1" bw="1" slack="0"/>
<pin id="83" dir="0" index="2" bw="11" slack="0"/>
<pin id="84" dir="1" index="3" bw="10" slack="0"/>
</pin_list>
<bind>
<opcode="getelementptr(29) " fcode="getelementptr"/>
<opset="l3_addr/2 "/>
</bind>
</comp>

<comp id="87" class="1004" name="grp_access_fu_87">
<pin_list>
<pin id="88" dir="0" index="0" bw="10" slack="0"/>
<pin id="89" dir="0" index="1" bw="1" slack="2147483647"/>
<pin id="90" dir="0" index="2" bw="0" slack="2147483647"/>
<pin id="91" dir="1" index="3" bw="1" slack="0"/>
</pin_list>
<bind>
<opcode="load(27) " fcode="load"/>
<opset="a/2 "/>
</bind>
</comp>

<comp id="93" class="1004" name="WF1_addr_gep_fu_93">
<pin_list>
<pin id="94" dir="0" index="0" bw="32" slack="0"/>
<pin id="95" dir="0" index="1" bw="1" slack="0"/>
<pin id="96" dir="0" index="2" bw="12" slack="0"/>
<pin id="97" dir="1" index="3" bw="12" slack="0"/>
</pin_list>
<bind>
<opcode="getelementptr(29) " fcode="getelementptr"/>
<opset="WF1_addr/2 "/>
</bind>
</comp>

<comp id="100" class="1004" name="grp_access_fu_100">
<pin_list>
<pin id="101" dir="0" index="0" bw="12" slack="0"/>
<pin id="102" dir="0" index="1" bw="32" slack="2147483647"/>
<pin id="103" dir="0" index="2" bw="0" slack="2147483647"/>
<pin id="104" dir="1" index="3" bw="32" slack="0"/>
</pin_list>
<bind>
<opcode="load(27) " fcode="load"/>
<opset="WF1_load/2 "/>
</bind>
</comp>

<comp id="106" class="1004" name="TAUF1_addr_gep_fu_106">
<pin_list>
<pin id="107" dir="0" index="0" bw="32" slack="0"/>
<pin id="108" dir="0" index="1" bw="1" slack="0"/>
<pin id="109" dir="0" index="2" bw="8" slack="0"/>
<pin id="110" dir="1" index="3" bw="7" slack="0"/>
</pin_list>
<bind>
<opcode="getelementptr(29) " fcode="getelementptr"/>
<opset="TAUF1_addr/2 "/>
</bind>
</comp>

<comp id="113" class="1004" name="grp_access_fu_113">
<pin_list>
<pin id="114" dir="0" index="0" bw="7" slack="0"/>
<pin id="115" dir="0" index="1" bw="32" slack="2147483647"/>
<pin id="116" dir="0" index="2" bw="0" slack="2147483647"/>
<pin id="117" dir="1" index="3" bw="32" slack="0"/>
</pin_list>
<bind>
<opcode="load(27) " fcode="load"/>
<opset="TAUF1_load/2 "/>
</bind>
</comp>

<comp id="119" class="1004" name="f1_addr_gep_fu_119">
<pin_list>
<pin id="120" dir="0" index="0" bw="1" slack="0"/>
<pin id="121" dir="0" index="1" bw="1" slack="0"/>
<pin id="122" dir="0" index="2" bw="8" slack="0"/>
<pin id="123" dir="1" index="3" bw="7" slack="1"/>
</pin_list>
<bind>
<opcode="getelementptr(29) " fcode="getelementptr"/>
<opset="f1_addr/2 "/>
</bind>
</comp>

<comp id="126" class="1004" name="store_ln148_access_fu_126">
<pin_list>
<pin id="127" dir="0" index="0" bw="7" slack="1"/>
<pin id="128" dir="0" index="1" bw="1" slack="0"/>
<pin id="129" dir="0" index="2" bw="0" slack="2147483647"/>
<pin id="130" dir="1" index="3" bw="1" slack="2147483647"/>
</pin_list>
<bind>
<opcode="store(28) " fcode="store"/>
<opset="store_ln148/3 "/>
</bind>
</comp>

<comp id="131" class="1004" name="store_ln0_store_fu_131">
<pin_list>
<pin id="132" dir="0" index="0" bw="1" slack="0"/>
<pin id="133" dir="0" index="1" bw="18" slack="0"/>
<pin id="134" dir="1" index="2" bw="0" slack="2147483647"/>
</pin_list>
<bind>
<opcode="store(28) " fcode="store"/>
<opset="store_ln0/1 "/>
</bind>
</comp>

<comp id="136" class="1004" name="store_ln140_store_fu_136">
<pin_list>
<pin id="137" dir="0" index="0" bw="1" slack="0"/>
<pin id="138" dir="0" index="1" bw="8" slack="0"/>
<pin id="139" dir="1" index="2" bw="0" slack="2147483647"/>
</pin_list>
<bind>
<opcode="store(28) " fcode="store"/>
<opset="store_ln140/1 "/>
</bind>
</comp>

<comp id="141" class="1004" name="store_ln142_store_fu_141">
<pin_list>
<pin id="142" dir="0" index="0" bw="1" slack="0"/>
<pin id="143" dir="0" index="1" bw="11" slack="0"/>
<pin id="144" dir="1" index="2" bw="0" slack="2147483647"/>
</pin_list>
<bind>
<opcode="store(28) " fcode="store"/>
<opset="store_ln142/1 "/>
</bind>
</comp>

<comp id="146" class="1004" name="store_ln141_store_fu_146">
<pin_list>
<pin id="147" dir="0" index="0" bw="1" slack="0"/>
<pin id="148" dir="0" index="1" bw="12" slack="0"/>
<pin id="149" dir="1" index="2" bw="0" slack="2147483647"/>
</pin_list>
<bind>
<opcode="store(28) " fcode="store"/>
<opset="store_ln141/1 "/>
</bind>
</comp>

<comp id="151" class="1004" name="indvar_flatten73_load_load_fu_151">
<pin_list>
<pin id="152" dir="0" index="0" bw="18" slack="1"/>
<pin id="153" dir="1" index="1" bw="18" slack="0"/>
</pin_list>
<bind>
<opcode="load(27) " fcode="load"/>
<opset="indvar_flatten73_load/2 "/>
</bind>
</comp>

<comp id="154" class="1004" name="icmp_ln140_fu_154">
<pin_list>
<pin id="155" dir="0" index="0" bw="18" slack="0"/>
<pin id="156" dir="0" index="1" bw="18" slack="0"/>
<pin id="157" dir="1" index="2" bw="1" slack="2147483647"/>
</pin_list>
<bind>
<opcode="icmp(45) " fcode="icmp"/>
<opset="icmp_ln140/2 "/>
</bind>
</comp>

<comp id="160" class="1004" name="add_ln140_fu_160">
<pin_list>
<pin id="161" dir="0" index="0" bw="18" slack="0"/>
<pin id="162" dir="0" index="1" bw="1" slack="0"/>
<pin id="163" dir="1" index="2" bw="18" slack="0"/>
</pin_list>
<bind>
<opcode="add(8) " fcode="add"/>
<opset="add_ln140/2 "/>
</bind>
</comp>

<comp id="166" class="1004" name="k_1_load_load_fu_166">
<pin_list>
<pin id="167" dir="0" index="0" bw="11" slack="1"/>
<pin id="168" dir="1" index="1" bw="11" slack="0"/>
</pin_list>
<bind>
<opcode="load(27) " fcode="load"/>
<opset="k_1_load/2 "/>
</bind>
</comp>

<comp id="169" class="1004" name="n_load_load_fu_169">
<pin_list>
<pin id="170" dir="0" index="0" bw="8" slack="1"/>
<pin id="171" dir="1" index="1" bw="8" slack="0"/>
</pin_list>
<bind>
<opcode="load(27) " fcode="load"/>
<opset="n_load/2 "/>
</bind>
</comp>

<comp id="172" class="1004" name="icmp_ln142_fu_172">
<pin_list>
<pin id="173" dir="0" index="0" bw="11" slack="0"/>
<pin id="174" dir="0" index="1" bw="11" slack="0"/>
<pin id="175" dir="1" index="2" bw="1" slack="0"/>
</pin_list>
<bind>
<opcode="icmp(45) " fcode="icmp"/>
<opset="icmp_ln142/2 "/>
</bind>
</comp>

<comp id="178" class="1004" name="select_ln140_fu_178">
<pin_list>
<pin id="179" dir="0" index="0" bw="1" slack="0"/>
<pin id="180" dir="0" index="1" bw="1" slack="0"/>
<pin id="181" dir="0" index="2" bw="11" slack="0"/>
<pin id="182" dir="1" index="3" bw="11" slack="0"/>
</pin_list>
<bind>
<opcode="select(49) " fcode="select"/>
<opset="select_ln140/2 "/>
</bind>
</comp>

<comp id="186" class="1004" name="add_ln140_1_fu_186">
<pin_list>
<pin id="187" dir="0" index="0" bw="8" slack="0"/>
<pin id="188" dir="0" index="1" bw="1" slack="0"/>
<pin id="189" dir="1" index="2" bw="8" slack="0"/>
</pin_list>
<bind>
<opcode="add(8) " fcode="add"/>
<opset="add_ln140_1/2 "/>
</bind>
</comp>

<comp id="192" class="1004" name="select_ln140_2_fu_192">
<pin_list>
<pin id="193" dir="0" index="0" bw="1" slack="0"/>
<pin id="194" dir="0" index="1" bw="8" slack="0"/>
<pin id="195" dir="0" index="2" bw="8" slack="0"/>
<pin id="196" dir="1" index="3" bw="8" slack="0"/>
</pin_list>
<bind>
<opcode="select(49) " fcode="select"/>
<opset="select_ln140_2/2 "/>
</bind>
</comp>

<comp id="200" class="1004" name="zext_ln140_fu_200">
<pin_list>
<pin id="201" dir="0" index="0" bw="8" slack="0"/>
<pin id="202" dir="1" index="1" bw="64" slack="0"/>
</pin_list>
<bind>
<opcode="zext(34) " fcode="zext"/>
<opset="zext_ln140/2 "/>
</bind>
</comp>

<comp id="206" class="1004" name="trunc_ln145_fu_206">
<pin_list>
<pin id="207" dir="0" index="0" bw="8" slack="0"/>
<pin id="208" dir="1" index="1" bw="7" slack="0"/>
</pin_list>
<bind>
<opcode="trunc(33) " fcode="trunc"/>
<opset="trunc_ln145/2 "/>
</bind>
</comp>

<comp id="210" class="1004" name="zext_ln142_fu_210">
<pin_list>
<pin id="211" dir="0" index="0" bw="11" slack="0"/>
<pin id="212" dir="1" index="1" bw="64" slack="0"/>
</pin_list>
<bind>
<opcode="zext(34) " fcode="zext"/>
<opset="zext_ln142/2 "/>
</bind>
</comp>

<comp id="215" class="1004" name="trunc_ln145_1_fu_215">
<pin_list>
<pin id="216" dir="0" index="0" bw="11" slack="0"/>
<pin id="217" dir="1" index="1" bw="5" slack="1"/>
</pin_list>
<bind>
<opcode="trunc(33) " fcode="trunc"/>
<opset="trunc_ln145_1/2 "/>
</bind>
</comp>

<comp id="219" class="1004" name="tmp_s_fu_219">
<pin_list>
<pin id="220" dir="0" index="0" bw="5" slack="0"/>
<pin id="221" dir="0" index="1" bw="11" slack="0"/>
<pin id="222" dir="0" index="2" bw="4" slack="0"/>
<pin id="223" dir="0" index="3" bw="5" slack="0"/>
<pin id="224" dir="1" index="4" bw="5" slack="0"/>
</pin_list>
<bind>
<opcode="partselect(1002) " fcode="partselect"/>
<opset="tmp_s/2 "/>
</bind>
</comp>

<comp id="229" class="1004" name="lshr_ln4_fu_229">
<pin_list>
<pin id="230" dir="0" index="0" bw="12" slack="0"/>
<pin id="231" dir="0" index="1" bw="7" slack="0"/>
<pin id="232" dir="0" index="2" bw="5" slack="0"/>
<pin id="233" dir="1" index="3" bw="12" slack="0"/>
</pin_list>
<bind>
<opcode="bitconcatenate(1004) " fcode="bitconcatenate"/>
<opset="lshr_ln4/2 "/>
</bind>
</comp>

<comp id="237" class="1004" name="zext_ln145_fu_237">
<pin_list>
<pin id="238" dir="0" index="0" bw="12" slack="0"/>
<pin id="239" dir="1" index="1" bw="64" slack="0"/>
</pin_list>
<bind>
<opcode="zext(34) " fcode="zext"/>
<opset="zext_ln145/2 "/>
</bind>
</comp>

<comp id="242" class="1004" name="add_ln142_fu_242">
<pin_list>
<pin id="243" dir="0" index="0" bw="11" slack="0"/>
<pin id="244" dir="0" index="1" bw="1" slack="0"/>
<pin id="245" dir="1" index="2" bw="11" slack="0"/>
</pin_list>
<bind>
<opcode="add(8) " fcode="add"/>
<opset="add_ln142/2 "/>
</bind>
</comp>

<comp id="248" class="1004" name="icmp_ln142_1_fu_248">
<pin_list>
<pin id="249" dir="0" index="0" bw="11" slack="0"/>
<pin id="250" dir="0" index="1" bw="11" slack="0"/>
<pin id="251" dir="1" index="2" bw="1" slack="1"/>
</pin_list>
<bind>
<opcode="icmp(45) " fcode="icmp"/>
<opset="icmp_ln142_1/2 "/>
</bind>
</comp>

<comp id="254" class="1004" name="store_ln140_store_fu_254">
<pin_list>
<pin id="255" dir="0" index="0" bw="18" slack="0"/>
<pin id="256" dir="0" index="1" bw="18" slack="1"/>
<pin id="257" dir="1" index="2" bw="0" slack="2147483647"/>
</pin_list>
<bind>
<opcode="store(28) " fcode="store"/>
<opset="store_ln140/2 "/>
</bind>
</comp>

<comp id="259" class="1004" name="store_ln140_store_fu_259">
<pin_list>
<pin id="260" dir="0" index="0" bw="8" slack="0"/>
<pin id="261" dir="0" index="1" bw="8" slack="1"/>
<pin id="262" dir="1" index="2" bw="0" slack="2147483647"/>
</pin_list>
<bind>
<opcode="store(28) " fcode="store"/>
<opset="store_ln140/2 "/>
</bind>
</comp>

<comp id="264" class="1004" name="store_ln142_store_fu_264">
<pin_list>
<pin id="265" dir="0" index="0" bw="11" slack="0"/>
<pin id="266" dir="0" index="1" bw="11" slack="1"/>
<pin id="267" dir="1" index="2" bw="0" slack="2147483647"/>
</pin_list>
<bind>
<opcode="store(28) " fcode="store"/>
<opset="store_ln142/2 "/>
</bind>
</comp>

<comp id="269" class="1004" name="acc_11_load_load_fu_269">
<pin_list>
<pin id="270" dir="0" index="0" bw="12" slack="2"/>
<pin id="271" dir="1" index="1" bw="12" slack="0"/>
</pin_list>
<bind>
<opcode="load(27) " fcode="load"/>
<opset="acc_11_load/3 "/>
</bind>
</comp>

<comp id="272" class="1004" name="select_ln140_1_fu_272">
<pin_list>
<pin id="273" dir="0" index="0" bw="1" slack="1"/>
<pin id="274" dir="0" index="1" bw="1" slack="0"/>
<pin id="275" dir="0" index="2" bw="12" slack="0"/>
<pin id="276" dir="1" index="3" bw="12" slack="0"/>
</pin_list>
<bind>
<opcode="select(49) " fcode="select"/>
<opset="select_ln140_1/3 "/>
</bind>
</comp>

<comp id="279" class="1004" name="zext_ln145_1_fu_279">
<pin_list>
<pin id="280" dir="0" index="0" bw="5" slack="1"/>
<pin id="281" dir="1" index="1" bw="32" slack="0"/>
</pin_list>
<bind>
<opcode="zext(34) " fcode="zext"/>
<opset="zext_ln145_1/3 "/>
</bind>
</comp>

<comp id="282" class="1004" name="lshr_ln145_fu_282">
<pin_list>
<pin id="283" dir="0" index="0" bw="32" slack="0"/>
<pin id="284" dir="0" index="1" bw="5" slack="0"/>
<pin id="285" dir="1" index="2" bw="32" slack="0"/>
</pin_list>
<bind>
<opcode="lshr(21) " fcode="lshr"/>
<opset="lshr_ln145/3 "/>
</bind>
</comp>

<comp id="288" class="1004" name="w_fu_288">
<pin_list>
<pin id="289" dir="0" index="0" bw="32" slack="0"/>
<pin id="290" dir="1" index="1" bw="1" slack="0"/>
</pin_list>
<bind>
<opcode="trunc(33) " fcode="trunc"/>
<opset="w/3 "/>
</bind>
</comp>

<comp id="292" class="1004" name="xor_ln146_fu_292">
<pin_list>
<pin id="293" dir="0" index="0" bw="1" slack="0"/>
<pin id="294" dir="0" index="1" bw="1" slack="0"/>
<pin id="295" dir="1" index="2" bw="1" slack="0"/>
</pin_list>
<bind>
<opcode="xor(25) " fcode="xor"/>
<opset="xor_ln146/3 "/>
</bind>
</comp>

<comp id="298" class="1004" name="select_ln146_fu_298">
<pin_list>
<pin id="299" dir="0" index="0" bw="1" slack="0"/>
<pin id="300" dir="0" index="1" bw="1" slack="0"/>
<pin id="301" dir="0" index="2" bw="1" slack="0"/>
<pin id="302" dir="1" index="3" bw="12" slack="0"/>
</pin_list>
<bind>
<opcode="select(49) " fcode="select"/>
<opset="select_ln146/3 "/>
</bind>
</comp>

<comp id="306" class="1004" name="acc_fu_306">
<pin_list>
<pin id="307" dir="0" index="0" bw="12" slack="0"/>
<pin id="308" dir="0" index="1" bw="12" slack="0"/>
<pin id="309" dir="1" index="2" bw="12" slack="0"/>
</pin_list>
<bind>
<opcode="add(8) " fcode="add"/>
<opset="acc/3 "/>
</bind>
</comp>

<comp id="312" class="1004" name="shl_ln6_fu_312">
<pin_list>
<pin id="313" dir="0" index="0" bw="20" slack="0"/>
<pin id="314" dir="0" index="1" bw="12" slack="0"/>
<pin id="315" dir="0" index="2" bw="1" slack="0"/>
<pin id="316" dir="1" index="3" bw="20" slack="0"/>
</pin_list>
<bind>
<opcode="bitconcatenate(1004) " fcode="bitconcatenate"/>
<opset="shl_ln6/3 "/>
</bind>
</comp>

<comp id="320" class="1004" name="sext_ln148_fu_320">
<pin_list>
<pin id="321" dir="0" index="0" bw="20" slack="0"/>
<pin id="322" dir="1" index="1" bw="32" slack="0"/>
</pin_list>
<bind>
<opcode="sext(35) " fcode="sext"/>
<opset="sext_ln148/3 "/>
</bind>
</comp>

<comp id="324" class="1004" name="icmp_ln148_fu_324">
<pin_list>
<pin id="325" dir="0" index="0" bw="20" slack="0"/>
<pin id="326" dir="0" index="1" bw="32" slack="0"/>
<pin id="327" dir="1" index="2" bw="1" slack="0"/>
</pin_list>
<bind>
<opcode="icmp(45) " fcode="icmp"/>
<opset="icmp_ln148/3 "/>
</bind>
</comp>

<comp id="331" class="1004" name="store_ln141_store_fu_331">
<pin_list>
<pin id="332" dir="0" index="0" bw="12" slack="0"/>
<pin id="333" dir="0" index="1" bw="12" slack="2"/>
<pin id="334" dir="1" index="2" bw="0" slack="2147483647"/>
</pin_list>
<bind>
<opcode="store(28) " fcode="store"/>
<opset="store_ln141/3 "/>
</bind>
</comp>

<comp id="336" class="1005" name="acc_11_reg_336">
<pin_list>
<pin id="337" dir="0" index="0" bw="12" slack="0"/>
<pin id="338" dir="1" index="1" bw="12" slack="0"/>
</pin_list>
<bind>
<opset="acc_11 "/>
</bind>
</comp>

<comp id="343" class="1005" name="k_1_reg_343">
<pin_list>
<pin id="344" dir="0" index="0" bw="11" slack="0"/>
<pin id="345" dir="1" index="1" bw="11" slack="0"/>
</pin_list>
<bind>
<opset="k_1 "/>
</bind>
</comp>

<comp id="350" class="1005" name="n_reg_350">
<pin_list>
<pin id="351" dir="0" index="0" bw="8" slack="0"/>
<pin id="352" dir="1" index="1" bw="8" slack="0"/>
</pin_list>
<bind>
<opset="n "/>
</bind>
</comp>

<comp id="357" class="1005" name="indvar_flatten73_reg_357">
<pin_list>
<pin id="358" dir="0" index="0" bw="18" slack="0"/>
<pin id="359" dir="1" index="1" bw="18" slack="0"/>
</pin_list>
<bind>
<opset="indvar_flatten73 "/>
</bind>
</comp>

<comp id="367" class="1005" name="icmp_ln142_reg_367">
<pin_list>
<pin id="368" dir="0" index="0" bw="1" slack="1"/>
<pin id="369" dir="1" index="1" bw="1" slack="1"/>
</pin_list>
<bind>
<opset="icmp_ln142 "/>
</bind>
</comp>

<comp id="372" class="1005" name="l3_addr_reg_372">
<pin_list>
<pin id="373" dir="0" index="0" bw="10" slack="1"/>
<pin id="374" dir="1" index="1" bw="10" slack="1"/>
</pin_list>
<bind>
<opset="l3_addr "/>
</bind>
</comp>

<comp id="377" class="1005" name="trunc_ln145_1_reg_377">
<pin_list>
<pin id="378" dir="0" index="0" bw="5" slack="1"/>
<pin id="379" dir="1" index="1" bw="5" slack="1"/>
</pin_list>
<bind>
<opset="trunc_ln145_1 "/>
</bind>
</comp>

<comp id="382" class="1005" name="WF1_addr_reg_382">
<pin_list>
<pin id="383" dir="0" index="0" bw="12" slack="1"/>
<pin id="384" dir="1" index="1" bw="12" slack="1"/>
</pin_list>
<bind>
<opset="WF1_addr "/>
</bind>
</comp>

<comp id="387" class="1005" name="icmp_ln142_1_reg_387">
<pin_list>
<pin id="388" dir="0" index="0" bw="1" slack="1"/>
<pin id="389" dir="1" index="1" bw="1" slack="2147483647"/>
</pin_list>
<bind>
<opset="icmp_ln142_1 "/>
</bind>
</comp>

<comp id="391" class="1005" name="TAUF1_addr_reg_391">
<pin_list>
<pin id="392" dir="0" index="0" bw="7" slack="1"/>
<pin id="393" dir="1" index="1" bw="7" slack="1"/>
</pin_list>
<bind>
<opset="TAUF1_addr "/>
</bind>
</comp>

<comp id="396" class="1005" name="f1_addr_reg_396">
<pin_list>
<pin id="397" dir="0" index="0" bw="7" slack="1"/>
<pin id="398" dir="1" index="1" bw="7" slack="1"/>
</pin_list>
<bind>
<opset="f1_addr "/>
</bind>
</comp>

</comp_list>

<net_list>
<net id="67"><net_src comp="8" pin="0"/><net_sink comp="64" pin=0"/></net>

<net id="71"><net_src comp="8" pin="0"/><net_sink comp="68" pin=0"/></net>

<net id="75"><net_src comp="8" pin="0"/><net_sink comp="72" pin=0"/></net>

<net id="79"><net_src comp="8" pin="0"/><net_sink comp="76" pin=0"/></net>

<net id="85"><net_src comp="6" pin="0"/><net_sink comp="80" pin=0"/></net>

<net id="86"><net_src comp="36" pin="0"/><net_sink comp="80" pin=1"/></net>

<net id="92"><net_src comp="80" pin="3"/><net_sink comp="87" pin=0"/></net>

<net id="98"><net_src comp="0" pin="0"/><net_sink comp="93" pin=0"/></net>

<net id="99"><net_src comp="36" pin="0"/><net_sink comp="93" pin=1"/></net>

<net id="105"><net_src comp="93" pin="3"/><net_sink comp="100" pin=0"/></net>

<net id="111"><net_src comp="2" pin="0"/><net_sink comp="106" pin=0"/></net>

<net id="112"><net_src comp="36" pin="0"/><net_sink comp="106" pin=1"/></net>

<net id="118"><net_src comp="106" pin="3"/><net_sink comp="113" pin=0"/></net>

<net id="124"><net_src comp="4" pin="0"/><net_sink comp="119" pin=0"/></net>

<net id="125"><net_src comp="36" pin="0"/><net_sink comp="119" pin=1"/></net>

<net id="135"><net_src comp="20" pin="0"/><net_sink comp="131" pin=0"/></net>

<net id="140"><net_src comp="22" pin="0"/><net_sink comp="136" pin=0"/></net>

<net id="145"><net_src comp="24" pin="0"/><net_sink comp="141" pin=0"/></net>

<net id="150"><net_src comp="26" pin="0"/><net_sink comp="146" pin=0"/></net>

<net id="158"><net_src comp="151" pin="1"/><net_sink comp="154" pin=0"/></net>

<net id="159"><net_src comp="28" pin="0"/><net_sink comp="154" pin=1"/></net>

<net id="164"><net_src comp="151" pin="1"/><net_sink comp="160" pin=0"/></net>

<net id="165"><net_src comp="30" pin="0"/><net_sink comp="160" pin=1"/></net>

<net id="176"><net_src comp="166" pin="1"/><net_sink comp="172" pin=0"/></net>

<net id="177"><net_src comp="32" pin="0"/><net_sink comp="172" pin=1"/></net>

<net id="183"><net_src comp="172" pin="2"/><net_sink comp="178" pin=0"/></net>

<net id="184"><net_src comp="24" pin="0"/><net_sink comp="178" pin=1"/></net>

<net id="185"><net_src comp="166" pin="1"/><net_sink comp="178" pin=2"/></net>

<net id="190"><net_src comp="169" pin="1"/><net_sink comp="186" pin=0"/></net>

<net id="191"><net_src comp="34" pin="0"/><net_sink comp="186" pin=1"/></net>

<net id="197"><net_src comp="172" pin="2"/><net_sink comp="192" pin=0"/></net>

<net id="198"><net_src comp="186" pin="2"/><net_sink comp="192" pin=1"/></net>

<net id="199"><net_src comp="169" pin="1"/><net_sink comp="192" pin=2"/></net>

<net id="203"><net_src comp="192" pin="3"/><net_sink comp="200" pin=0"/></net>

<net id="204"><net_src comp="200" pin="1"/><net_sink comp="106" pin=2"/></net>

<net id="205"><net_src comp="200" pin="1"/><net_sink comp="119" pin=2"/></net>

<net id="209"><net_src comp="192" pin="3"/><net_sink comp="206" pin=0"/></net>

<net id="213"><net_src comp="178" pin="3"/><net_sink comp="210" pin=0"/></net>

<net id="214"><net_src comp="210" pin="1"/><net_sink comp="80" pin=2"/></net>

<net id="218"><net_src comp="178" pin="3"/><net_sink comp="215" pin=0"/></net>

<net id="225"><net_src comp="38" pin="0"/><net_sink comp="219" pin=0"/></net>

<net id="226"><net_src comp="178" pin="3"/><net_sink comp="219" pin=1"/></net>

<net id="227"><net_src comp="40" pin="0"/><net_sink comp="219" pin=2"/></net>

<net id="228"><net_src comp="42" pin="0"/><net_sink comp="219" pin=3"/></net>

<net id="234"><net_src comp="44" pin="0"/><net_sink comp="229" pin=0"/></net>

<net id="235"><net_src comp="206" pin="1"/><net_sink comp="229" pin=1"/></net>

<net id="236"><net_src comp="219" pin="4"/><net_sink comp="229" pin=2"/></net>

<net id="240"><net_src comp="229" pin="3"/><net_sink comp="237" pin=0"/></net>

<net id="241"><net_src comp="237" pin="1"/><net_sink comp="93" pin=2"/></net>

<net id="246"><net_src comp="178" pin="3"/><net_sink comp="242" pin=0"/></net>

<net id="247"><net_src comp="46" pin="0"/><net_sink comp="242" pin=1"/></net>

<net id="252"><net_src comp="242" pin="2"/><net_sink comp="248" pin=0"/></net>

<net id="253"><net_src comp="32" pin="0"/><net_sink comp="248" pin=1"/></net>

<net id="258"><net_src comp="160" pin="2"/><net_sink comp="254" pin=0"/></net>

<net id="263"><net_src comp="192" pin="3"/><net_sink comp="259" pin=0"/></net>

<net id="268"><net_src comp="242" pin="2"/><net_sink comp="264" pin=0"/></net>

<net id="277"><net_src comp="26" pin="0"/><net_sink comp="272" pin=1"/></net>

<net id="278"><net_src comp="269" pin="1"/><net_sink comp="272" pin=2"/></net>

<net id="286"><net_src comp="100" pin="3"/><net_sink comp="282" pin=0"/></net>

<net id="287"><net_src comp="279" pin="1"/><net_sink comp="282" pin=1"/></net>

<net id="291"><net_src comp="282" pin="2"/><net_sink comp="288" pin=0"/></net>

<net id="296"><net_src comp="87" pin="3"/><net_sink comp="292" pin=0"/></net>

<net id="297"><net_src comp="288" pin="1"/><net_sink comp="292" pin=1"/></net>

<net id="303"><net_src comp="292" pin="2"/><net_sink comp="298" pin=0"/></net>

<net id="304"><net_src comp="58" pin="0"/><net_sink comp="298" pin=1"/></net>

<net id="305"><net_src comp="60" pin="0"/><net_sink comp="298" pin=2"/></net>

<net id="310"><net_src comp="298" pin="3"/><net_sink comp="306" pin=0"/></net>

<net id="311"><net_src comp="272" pin="3"/><net_sink comp="306" pin=1"/></net>

<net id="317"><net_src comp="62" pin="0"/><net_sink comp="312" pin=0"/></net>

<net id="318"><net_src comp="306" pin="2"/><net_sink comp="312" pin=1"/></net>

<net id="319"><net_src comp="22" pin="0"/><net_sink comp="312" pin=2"/></net>

<net id="323"><net_src comp="312" pin="3"/><net_sink comp="320" pin=0"/></net>

<net id="328"><net_src comp="320" pin="1"/><net_sink comp="324" pin=0"/></net>

<net id="329"><net_src comp="113" pin="3"/><net_sink comp="324" pin=1"/></net>

<net id="330"><net_src comp="324" pin="2"/><net_sink comp="126" pin=1"/></net>

<net id="335"><net_src comp="306" pin="2"/><net_sink comp="331" pin=0"/></net>

<net id="339"><net_src comp="64" pin="1"/><net_sink comp="336" pin=0"/></net>

<net id="340"><net_src comp="336" pin="1"/><net_sink comp="146" pin=1"/></net>

<net id="341"><net_src comp="336" pin="1"/><net_sink comp="269" pin=0"/></net>

<net id="342"><net_src comp="336" pin="1"/><net_sink comp="331" pin=1"/></net>

<net id="346"><net_src comp="68" pin="1"/><net_sink comp="343" pin=0"/></net>

<net id="347"><net_src comp="343" pin="1"/><net_sink comp="141" pin=1"/></net>

<net id="348"><net_src comp="343" pin="1"/><net_sink comp="166" pin=0"/></net>

<net id="349"><net_src comp="343" pin="1"/><net_sink comp="264" pin=1"/></net>

<net id="353"><net_src comp="72" pin="1"/><net_sink comp="350" pin=0"/></net>

<net id="354"><net_src comp="350" pin="1"/><net_sink comp="136" pin=1"/></net>

<net id="355"><net_src comp="350" pin="1"/><net_sink comp="169" pin=0"/></net>

<net id="356"><net_src comp="350" pin="1"/><net_sink comp="259" pin=1"/></net>

<net id="360"><net_src comp="76" pin="1"/><net_sink comp="357" pin=0"/></net>

<net id="361"><net_src comp="357" pin="1"/><net_sink comp="131" pin=1"/></net>

<net id="362"><net_src comp="357" pin="1"/><net_sink comp="151" pin=0"/></net>

<net id="363"><net_src comp="357" pin="1"/><net_sink comp="254" pin=1"/></net>

<net id="370"><net_src comp="172" pin="2"/><net_sink comp="367" pin=0"/></net>

<net id="371"><net_src comp="367" pin="1"/><net_sink comp="272" pin=0"/></net>

<net id="375"><net_src comp="80" pin="3"/><net_sink comp="372" pin=0"/></net>

<net id="376"><net_src comp="372" pin="1"/><net_sink comp="87" pin=0"/></net>

<net id="380"><net_src comp="215" pin="1"/><net_sink comp="377" pin=0"/></net>

<net id="381"><net_src comp="377" pin="1"/><net_sink comp="279" pin=0"/></net>

<net id="385"><net_src comp="93" pin="3"/><net_sink comp="382" pin=0"/></net>

<net id="386"><net_src comp="382" pin="1"/><net_sink comp="100" pin=0"/></net>

<net id="390"><net_src comp="248" pin="2"/><net_sink comp="387" pin=0"/></net>

<net id="394"><net_src comp="106" pin="3"/><net_sink comp="391" pin=0"/></net>

<net id="395"><net_src comp="391" pin="1"/><net_sink comp="113" pin=0"/></net>

<net id="399"><net_src comp="119" pin="3"/><net_sink comp="396" pin=0"/></net>

<net id="400"><net_src comp="396" pin="1"/><net_sink comp="126" pin=0"/></net>

</net_list>

</model> 
---------------- Datapath Model END ------------------

* FSMD analyzer results:
  - Output states:
	Port: f1 | {3 }
 - Input state : 
	Port: bnn_top_Pipeline_VITIS_LOOP_140_24_VITIS_LOOP_142_25 : WF1 | {2 3 }
	Port: bnn_top_Pipeline_VITIS_LOOP_140_24_VITIS_LOOP_142_25 : TAUF1 | {2 3 }
	Port: bnn_top_Pipeline_VITIS_LOOP_140_24_VITIS_LOOP_142_25 : l3 | {2 3 }
  - Chain level:
	State 1
		store_ln0 : 1
		store_ln140 : 1
		store_ln142 : 1
		store_ln141 : 1
	State 2
		icmp_ln140 : 1
		add_ln140 : 1
		br_ln140 : 2
		icmp_ln142 : 1
		select_ln140 : 2
		add_ln140_1 : 1
		select_ln140_2 : 2
		zext_ln140 : 3
		trunc_ln145 : 3
		zext_ln142 : 3
		l3_addr : 4
		a : 5
		trunc_ln145_1 : 3
		tmp_s : 3
		lshr_ln4 : 4
		zext_ln145 : 5
		WF1_addr : 6
		WF1_load : 7
		add_ln142 : 3
		icmp_ln142_1 : 4
		TAUF1_addr : 4
		TAUF1_load : 5
		f1_addr : 4
		br_ln142 : 5
		store_ln140 : 2
		store_ln140 : 3
		store_ln142 : 4
	State 3
		select_ln140_1 : 1
		lshr_ln145 : 1
		w : 2
		xor_ln146 : 3
		select_ln146 : 3
		acc : 4
		shl_ln6 : 5
		sext_ln148 : 6
		icmp_ln148 : 7
		store_ln148 : 8
		store_ln141 : 5


============================================================
+ Verbose Summary: Datapath Resource usage 
============================================================

* Functional unit list:
|----------|-----------------------|---------|---------|
| Operation|    Functional Unit    |    FF   |   LUT   |
|----------|-----------------------|---------|---------|
|          |   icmp_ln140_fu_154   |    0    |    25   |
|   icmp   |   icmp_ln142_fu_172   |    0    |    18   |
|          |  icmp_ln142_1_fu_248  |    0    |    18   |
|          |   icmp_ln148_fu_324   |    0    |    39   |
|----------|-----------------------|---------|---------|
|   lshr   |   lshr_ln145_fu_282   |    0    |    96   |
|----------|-----------------------|---------|---------|
|          |    add_ln140_fu_160   |    0    |    25   |
|    add   |   add_ln140_1_fu_186  |    0    |    15   |
|          |    add_ln142_fu_242   |    0    |    18   |
|          |       acc_fu_306      |    0    |    19   |
|----------|-----------------------|---------|---------|
|          |  select_ln140_fu_178  |    0    |    10   |
|  select  | select_ln140_2_fu_192 |    0    |    8    |
|          | select_ln140_1_fu_272 |    0    |    11   |
|          |  select_ln146_fu_298  |    0    |    2    |
|----------|-----------------------|---------|---------|
|    xor   |    xor_ln146_fu_292   |    0    |    2    |
|----------|-----------------------|---------|---------|
|          |   zext_ln140_fu_200   |    0    |    0    |
|   zext   |   zext_ln142_fu_210   |    0    |    0    |
|          |   zext_ln145_fu_237   |    0    |    0    |
|          |  zext_ln145_1_fu_279  |    0    |    0    |
|----------|-----------------------|---------|---------|
|          |   trunc_ln145_fu_206  |    0    |    0    |
|   trunc  |  trunc_ln145_1_fu_215 |    0    |    0    |
|          |        w_fu_288       |    0    |    0    |
|----------|-----------------------|---------|---------|
|partselect|      tmp_s_fu_219     |    0    |    0    |
|----------|-----------------------|---------|---------|
|bitconcatenate|    lshr_ln4_fu_229    |    0    |    0    |
|          |     shl_ln6_fu_312    |    0    |    0    |
|----------|-----------------------|---------|---------|
|   sext   |   sext_ln148_fu_320   |    0    |    0    |
|----------|-----------------------|---------|---------|
|   Total  |                       |    0    |   306   |
|----------|-----------------------|---------|---------|

Memories:
N/A

* Register list:
+------------------------+--------+
|                        |   FF   |
+------------------------+--------+
|   TAUF1_addr_reg_391   |    7   |
|    WF1_addr_reg_382    |   12   |
|     acc_11_reg_336     |   12   |
|     f1_addr_reg_396    |    7   |
|  icmp_ln142_1_reg_387  |    1   |
|   icmp_ln142_reg_367   |    1   |
|indvar_flatten73_reg_357|   18   |
|       k_1_reg_343      |   11   |
|     l3_addr_reg_372    |   10   |
|        n_reg_350       |    8   |
|  trunc_ln145_1_reg_377 |    5   |
+------------------------+--------+
|          Total         |   92   |
+------------------------+--------+

* Multiplexer (MUX) list: 
|-------------------|------|------|------|--------||---------||---------||---------|
|        Comp       |  Pin | Size |  BW  | S x BW ||  Delay  ||    FF   ||   LUT   |
|-------------------|------|------|------|--------||---------||---------||---------|
|  grp_access_fu_87 |  p0  |   2  |  10  |   20   ||    0    ||    9    |
| grp_access_fu_100 |  p0  |   2  |  12  |   24   ||    0    ||    9    |
| grp_access_fu_113 |  p0  |   2  |   7  |   14   ||    0    ||    9    |
|-------------------|------|------|------|--------||---------||---------||---------|
|       Total       |      |      |      |   58   ||  1.281  ||    0    ||    27   |
|-------------------|------|------|------|--------||---------||---------||---------|



* Summary:
+-----------+--------+--------+--------+
|           |  Delay |   FF   |   LUT  |
+-----------+--------+--------+--------+
|  Function |    -   |    0   |   306  |
|   Memory  |    -   |    -   |    -   |
|Multiplexer|    1   |    0   |   27   |
|  Register |    -   |   92   |    -   |
+-----------+--------+--------+--------+
|   Total   |    1   |   92   |   333  |
+-----------+--------+--------+--------+
