

================================================================
== Vitis HLS Report for 'bnn_top_Pipeline_VITIS_LOOP_127_22_VITIS_LOOP_128_23'
================================================================
* Date:           Mon Aug 24 01:28:43 2026

* Version:        2025.2 (Build 6295257 on Nov 12 2025)
* Project:        bnn_hls
* Solution:       sol1 (Vivado IP Flow Target)
* Product family: zynquplus
* Target device:  xczu7ev-ffvc1156-2-e


================================================================
== Performance Estimates
================================================================
+ Timing: 
    * Summary: 
    +--------+----------+----------+------------+
    |  Clock |  Target  | Estimated| Uncertainty|
    +--------+----------+----------+------------+
    |ap_clk  |  10.00 ns|  6.563 ns|     2.70 ns|
    +--------+----------+----------+------------+

+ Latency: 
    * Summary: 
    +---------+---------+----------+----------+-----+-----+-------------------+
    |  Latency (cycles) |  Latency (absolute) |  Interval |      Pipeline     |
    |   min   |   max   |    min   |    max   | min | max |        Type       |
    +---------+---------+----------+----------+-----+-----+-------------------+
    |       28|       28|  0.280 us|  0.280 us|    0|    0|  loop pipeline stp|
    +---------+---------+----------+----------+-----+-----+-------------------+

    + Detail: 
        * Instance: 
        N/A

        * Loop: 
        +---------------------------------------+---------+---------+----------+-----------+-----------+------+----------+
        |                                       |  Latency (cycles) | Iteration|  Initiation Interval  | Trip |          |
        |               Loop Name               |   min   |   max   |  Latency |  achieved |   target  | Count| Pipelined|
        +---------------------------------------+---------+---------+----------+-----------+-----------+------+----------+
        |- VITIS_LOOP_127_22_VITIS_LOOP_128_23  |       26|       26|        12|          1|          1|    16|       yes|
        +---------------------------------------+---------+---------+----------+-----------+-----------+------+----------+

============================================================
+ Verbose Summary: Synthesis Manager
============================================================
InlineROM: 1
ExposeGlobal: 0
============================================================
+ Verbose Summary: CDFG Model
============================================================
IsTopModel: 0
ResetActiveHigh: 1
IsCombinational: 0
IsDatapathOnly: 0
HasWiredReturn: 1
HasMFsm: 2
HasVarLatency: 1
IsPipeline: 0
IsRtlPipelined: 0
IsInstanceOverlapped: 0
IsDontTouch: 0
HasImplIP: 0
IsGatedGlobalClock: 0

+ Individual pipeline summary: 
  * Pipeline-0: initiation interval (II) = 1, depth = 12


============================================================
+ Verbose Summary: Schedule
============================================================
* Number of FSM states : 12
* Pipeline : 1
  Pipeline-0 : II = 1, D = 12, States = { 1 2 3 4 5 6 7 8 9 10 11 12 }
* Dataflow Pipeline: 0

* FSM state transitions: 
1 --> 2 
2 --> 3 
3 --> 4 
4 --> 5 
5 --> 6 
6 --> 7 
7 --> 8 
8 --> 9 
9 --> 10 
10 --> 11 
11 --> 12 
12 --> 

* FSM state operations: 

State 1 <SV = 0> <Delay = 5.48>
ST_1 : Operation 15 [1/1] (0.00ns)   --->   "%pw = alloca i32 1" [bnn.cpp:128]   --->   Operation 15 'alloca' 'pw' <Predicate = true> <Delay = 0.00>
ST_1 : Operation 16 [1/1] (0.00ns)   --->   "%ph = alloca i32 1" [bnn.cpp:127]   --->   Operation 16 'alloca' 'ph' <Predicate = true> <Delay = 0.00>
ST_1 : Operation 17 [1/1] (0.00ns)   --->   "%indvar_flatten66 = alloca i32 1"   --->   Operation 17 'alloca' 'indvar_flatten66' <Predicate = true> <Delay = 0.00>
ST_1 : Operation 18 [1/1] (0.00ns)   --->   "%oc_2_read = read i6 @_ssdm_op_Read.ap_auto.i6, i6 %oc_2"   --->   Operation 18 'read' 'oc_2_read' <Predicate = true> <Delay = 0.00>
ST_1 : Operation 19 [1/1] (0.00ns)   --->   "%sext_ln135_read = read i32 @_ssdm_op_Read.ap_auto.i32, i32 %sext_ln135"   --->   Operation 19 'read' 'sext_ln135_read' <Predicate = true> <Delay = 0.00>
ST_1 : Operation 20 [1/1] (0.00ns)   --->   "%sext_ln135_cast = sext i32 %sext_ln135_read"   --->   Operation 20 'sext' 'sext_ln135_cast' <Predicate = true> <Delay = 0.00>
ST_1 : Operation 21 [1/1] (0.42ns)   --->   "%store_ln0 = store i5 0, i5 %indvar_flatten66"   --->   Operation 21 'store' 'store_ln0' <Predicate = true> <Delay = 0.42>
ST_1 : Operation 22 [1/1] (0.42ns)   --->   "%store_ln127 = store i3 0, i3 %ph" [bnn.cpp:127]   --->   Operation 22 'store' 'store_ln127' <Predicate = true> <Delay = 0.42>
ST_1 : Operation 23 [1/1] (0.42ns)   --->   "%store_ln128 = store i3 0, i3 %pw" [bnn.cpp:128]   --->   Operation 23 'store' 'store_ln128' <Predicate = true> <Delay = 0.42>
ST_1 : Operation 24 [1/1] (0.00ns)   --->   "%br_ln0 = br void %for.body387"   --->   Operation 24 'br' 'br_ln0' <Predicate = true> <Delay = 0.00>
ST_1 : Operation 25 [1/1] (0.00ns)   --->   "%indvar_flatten66_load = load i5 %indvar_flatten66" [bnn.cpp:127]   --->   Operation 25 'load' 'indvar_flatten66_load' <Predicate = true> <Delay = 0.00>
ST_1 : Operation 26 [1/1] (0.78ns)   --->   "%icmp_ln127 = icmp_eq  i5 %indvar_flatten66_load, i5 16" [bnn.cpp:127]   --->   Operation 26 'icmp' 'icmp_ln127' <Predicate = true> <Delay = 0.78> <CoreInst = "Cmp">   --->   Core 9 'Cmp' <Latency = 0> <II = 1> <Delay = 0.78> <FuncUnit> <Opcode : 'seteq' 'setne' 'setle' 'setge' 'setlt' 'setgt'> <InPorts = 2> <OutPorts = 1>
ST_1 : Operation 27 [1/1] (0.78ns)   --->   "%add_ln127 = add i5 %indvar_flatten66_load, i5 1" [bnn.cpp:127]   --->   Operation 27 'add' 'add_ln127' <Predicate = true> <Delay = 0.78> <CoreInst = "Adder">   --->   Core 1 'Adder' <Latency = 0> <II = 1> <Delay = 0.78> <FuncUnit> <Opcode : 'add' 'sub'> <InPorts = 2> <OutPorts = 1>
ST_1 : Operation 28 [1/1] (0.00ns)   --->   "%br_ln127 = br i1 %icmp_ln127, void %for.inc446, void %for.inc449.exitStub" [bnn.cpp:127]   --->   Operation 28 'br' 'br_ln127' <Predicate = true> <Delay = 0.00>
ST_1 : Operation 29 [1/1] (0.00ns)   --->   "%pw_load = load i3 %pw" [bnn.cpp:128]   --->   Operation 29 'load' 'pw_load' <Predicate = (!icmp_ln127)> <Delay = 0.00>
ST_1 : Operation 30 [1/1] (0.00ns)   --->   "%ph_load = load i3 %ph" [bnn.cpp:127]   --->   Operation 30 'load' 'ph_load' <Predicate = (!icmp_ln127)> <Delay = 0.00>
ST_1 : Operation 31 [1/1] (0.67ns)   --->   "%icmp_ln128 = icmp_eq  i3 %pw_load, i3 4" [bnn.cpp:128]   --->   Operation 31 'icmp' 'icmp_ln128' <Predicate = (!icmp_ln127)> <Delay = 0.67> <CoreInst = "Cmp">   --->   Core 9 'Cmp' <Latency = 0> <II = 1> <Delay = 0.67> <FuncUnit> <Opcode : 'seteq' 'setne' 'setle' 'setge' 'setlt' 'setgt'> <InPorts = 2> <OutPorts = 1>
ST_1 : Operation 32 [1/1] (0.20ns)   --->   "%select_ln127 = select i1 %icmp_ln128, i3 0, i3 %pw_load" [bnn.cpp:127]   --->   Operation 32 'select' 'select_ln127' <Predicate = (!icmp_ln127)> <Delay = 0.20> <CoreInst = "Sel">   --->   Core 73 'Sel' <Latency = 0> <II = 1> <Delay = 0.20> <FuncUnit> <Opcode : 'select'> <InPorts = 3> <OutPorts = 1>
ST_1 : Operation 33 [1/1] (0.67ns)   --->   "%add_ln127_1 = add i3 %ph_load, i3 1" [bnn.cpp:127]   --->   Operation 33 'add' 'add_ln127_1' <Predicate = (!icmp_ln127)> <Delay = 0.67> <CoreInst = "Adder">   --->   Core 1 'Adder' <Latency = 0> <II = 1> <Delay = 0.67> <FuncUnit> <Opcode : 'add' 'sub'> <InPorts = 2> <OutPorts = 1>
ST_1 : Operation 34 [1/1] (0.20ns)   --->   "%select_ln127_1 = select i1 %icmp_ln128, i3 %add_ln127_1, i3 %ph_load" [bnn.cpp:127]   --->   Operation 34 'select' 'select_ln127_1' <Predicate = (!icmp_ln127)> <Delay = 0.20> <CoreInst = "Sel">   --->   Core 73 'Sel' <Latency = 0> <II = 1> <Delay = 0.20> <FuncUnit> <Opcode : 'select'> <InPorts = 3> <OutPorts = 1>
ST_1 : Operation 35 [1/1] (0.00ns)   --->   "%trunc_ln130 = trunc i3 %select_ln127_1" [bnn.cpp:130]   --->   Operation 35 'trunc' 'trunc_ln130' <Predicate = (!icmp_ln127)> <Delay = 0.00>
ST_1 : Operation 36 [1/1] (0.00ns)   --->   "%p_shl = bitconcatenate i5 @_ssdm_op_BitConcatenate.i5.i2.i3, i2 %trunc_ln130, i3 0" [bnn.cpp:130]   --->   Operation 36 'bitconcatenate' 'p_shl' <Predicate = (!icmp_ln127)> <Delay = 0.00>
ST_1 : Operation 37 [1/1] (0.00ns)   --->   "%tmp = bitconcatenate i4 @_ssdm_op_BitConcatenate.i4.i3.i1, i3 %select_ln127_1, i1 0" [bnn.cpp:130]   --->   Operation 37 'bitconcatenate' 'tmp' <Predicate = (!icmp_ln127)> <Delay = 0.00>
ST_1 : Operation 38 [1/1] (0.00ns)   --->   "%zext_ln130 = zext i4 %tmp" [bnn.cpp:130]   --->   Operation 38 'zext' 'zext_ln130' <Predicate = (!icmp_ln127)> <Delay = 0.00>
ST_1 : Operation 39 [1/1] (0.00ns) (grouped into TernaryAdder)   --->   "%sub_ln130 = sub i5 %p_shl, i5 %zext_ln130" [bnn.cpp:130]   --->   Operation 39 'sub' 'sub_ln130' <Predicate = (!icmp_ln127)> <Delay = 0.00> <CoreInst = "TAddSub">   --->   Core 10 'TAddSub' <Latency = 0> <II = 1> <Delay = 0.30> <IPBlock> <Opcode : 'add' 'sub'> <InPorts = 3> <OutPorts = 1> <Sync> <CReg>
ST_1 : Operation 40 [1/1] (0.00ns)   --->   "%trunc_ln130_1 = trunc i3 %select_ln127" [bnn.cpp:130]   --->   Operation 40 'trunc' 'trunc_ln130_1' <Predicate = (!icmp_ln127)> <Delay = 0.00>
ST_1 : Operation 41 [1/1] (0.00ns)   --->   "%shl_ln130 = shl i3 %select_ln127, i3 1" [bnn.cpp:130]   --->   Operation 41 'shl' 'shl_ln130' <Predicate = (!icmp_ln127)> <Delay = 0.00>
ST_1 : Operation 42 [1/1] (0.00ns)   --->   "%zext_ln130_1 = zext i3 %shl_ln130" [bnn.cpp:130]   --->   Operation 42 'zext' 'zext_ln130_1' <Predicate = (!icmp_ln127)> <Delay = 0.00>
ST_1 : Operation 43 [1/1] (0.61ns) (root node of TernaryAdder)   --->   "%add_ln130 = add i5 %zext_ln130_1, i5 %sub_ln130" [bnn.cpp:130]   --->   Operation 43 'add' 'add_ln130' <Predicate = (!icmp_ln127)> <Delay = 0.61> <CoreInst = "TAddSub">   --->   Core 10 'TAddSub' <Latency = 0> <II = 1> <Delay = 0.30> <IPBlock> <Opcode : 'add' 'sub'> <InPorts = 3> <OutPorts = 1> <Sync> <CReg>
ST_1 : Operation 44 [1/1] (0.00ns)   --->   "%zext_ln130_2 = zext i5 %add_ln130" [bnn.cpp:130]   --->   Operation 44 'zext' 'zext_ln130_2' <Predicate = (!icmp_ln127)> <Delay = 0.00>
ST_1 : Operation 45 [1/1] (0.78ns)   --->   "%add_ln130_2 = add i5 %p_shl, i5 %zext_ln130" [bnn.cpp:130]   --->   Operation 45 'add' 'add_ln130_2' <Predicate = (!icmp_ln127)> <Delay = 0.78> <CoreInst = "Adder">   --->   Core 1 'Adder' <Latency = 0> <II = 1> <Delay = 0.78> <FuncUnit> <Opcode : 'add' 'sub'> <InPorts = 2> <OutPorts = 1>
ST_1 : Operation 46 [1/1] (0.00ns)   --->   "%zext_ln130_3 = zext i5 %add_ln130_2" [bnn.cpp:130]   --->   Operation 46 'zext' 'zext_ln130_3' <Predicate = (!icmp_ln127)> <Delay = 0.00>
ST_1 : Operation 47 [1/1] (2.39ns) (grouped into DSP with root node mul_ln130)   --->   "%add_ln130_1 = add i6 %zext_ln130_2, i6 %zext_ln130_3" [bnn.cpp:130]   --->   Operation 47 'add' 'add_ln130_1' <Predicate = (!icmp_ln127)> <Delay = 2.39> <CoreInst = "DSP48">   --->   Core 124 'DSP48' <Latency = 3> <II = 1> <Delay = 0.53> <IPBlock> <Opcode : 'add' 'sub' 'mul' 'select'> <InPorts = 0> <OutPorts = 1> <Sync> <CReg>
ST_1 : Operation 48 [1/1] (0.00ns) (grouped into DSP with root node mul_ln130)   --->   "%zext_ln130_4 = zext i6 %add_ln130_1" [bnn.cpp:130]   --->   Operation 48 'zext' 'zext_ln130_4' <Predicate = (!icmp_ln127)> <Delay = 0.00>
ST_1 : Operation 49 [4/4] (0.99ns) (root node of the DSP)   --->   "%mul_ln130 = mul i13 %zext_ln130_4, i13 103" [bnn.cpp:130]   --->   Operation 49 'mul' 'mul_ln130' <Predicate = (!icmp_ln127)> <Delay = 0.99> <CoreInst = "DSP48">   --->   Core 124 'DSP48' <Latency = 3> <II = 1> <Delay = 0.53> <IPBlock> <Opcode : 'add' 'sub' 'mul' 'select'> <InPorts = 0> <OutPorts = 1> <Sync> <CReg>
ST_1 : Operation 50 [9/9] (1.06ns)   --->   "%urem_ln130 = urem i5 %add_ln130, i5 5" [bnn.cpp:130]   --->   Operation 50 'urem' 'urem_ln130' <Predicate = (!icmp_ln127)> <Delay = 1.06> <CoreInst = "Divider">   --->   Core 6 'Divider' <Latency = 8> <II = 1> <Delay = 1.06> <FuncUnit> <Opcode : 'udiv' 'sdiv' 'urem' 'srem'> <InPorts = 2> <OutPorts = 1>
ST_1 : Operation 51 [1/1] (0.67ns)   --->   "%add_ln128 = add i3 %select_ln127, i3 1" [bnn.cpp:128]   --->   Operation 51 'add' 'add_ln128' <Predicate = (!icmp_ln127)> <Delay = 0.67> <CoreInst = "Adder">   --->   Core 1 'Adder' <Latency = 0> <II = 1> <Delay = 0.67> <FuncUnit> <Opcode : 'add' 'sub'> <InPorts = 2> <OutPorts = 1>
ST_1 : Operation 52 [1/1] (0.42ns)   --->   "%store_ln127 = store i5 %add_ln127, i5 %indvar_flatten66" [bnn.cpp:127]   --->   Operation 52 'store' 'store_ln127' <Predicate = (!icmp_ln127)> <Delay = 0.42>
ST_1 : Operation 53 [1/1] (0.42ns)   --->   "%store_ln127 = store i3 %select_ln127_1, i3 %ph" [bnn.cpp:127]   --->   Operation 53 'store' 'store_ln127' <Predicate = (!icmp_ln127)> <Delay = 0.42>
ST_1 : Operation 54 [1/1] (0.42ns)   --->   "%store_ln128 = store i3 %add_ln128, i3 %pw" [bnn.cpp:128]   --->   Operation 54 'store' 'store_ln128' <Predicate = (!icmp_ln127)> <Delay = 0.42>

State 2 <SV = 1> <Delay = 1.06>
ST_2 : Operation 55 [3/4] (0.99ns) (root node of the DSP)   --->   "%mul_ln130 = mul i13 %zext_ln130_4, i13 103" [bnn.cpp:130]   --->   Operation 55 'mul' 'mul_ln130' <Predicate = true> <Delay = 0.99> <CoreInst = "DSP48">   --->   Core 124 'DSP48' <Latency = 3> <II = 1> <Delay = 0.53> <IPBlock> <Opcode : 'add' 'sub' 'mul' 'select'> <InPorts = 0> <OutPorts = 1> <Sync> <CReg>
ST_2 : Operation 56 [8/9] (1.06ns)   --->   "%urem_ln130 = urem i5 %add_ln130, i5 5" [bnn.cpp:130]   --->   Operation 56 'urem' 'urem_ln130' <Predicate = true> <Delay = 1.06> <CoreInst = "Divider">   --->   Core 6 'Divider' <Latency = 8> <II = 1> <Delay = 1.06> <FuncUnit> <Opcode : 'udiv' 'sdiv' 'urem' 'srem'> <InPorts = 2> <OutPorts = 1>

State 3 <SV = 2> <Delay = 1.06>
ST_3 : Operation 57 [2/4] (0.99ns) (root node of the DSP)   --->   "%mul_ln130 = mul i13 %zext_ln130_4, i13 103" [bnn.cpp:130]   --->   Operation 57 'mul' 'mul_ln130' <Predicate = true> <Delay = 0.99> <CoreInst = "DSP48">   --->   Core 124 'DSP48' <Latency = 3> <II = 1> <Delay = 0.53> <IPBlock> <Opcode : 'add' 'sub' 'mul' 'select'> <InPorts = 0> <OutPorts = 1> <Sync> <CReg>
ST_3 : Operation 58 [7/9] (1.06ns)   --->   "%urem_ln130 = urem i5 %add_ln130, i5 5" [bnn.cpp:130]   --->   Operation 58 'urem' 'urem_ln130' <Predicate = true> <Delay = 1.06> <CoreInst = "Divider">   --->   Core 6 'Divider' <Latency = 8> <II = 1> <Delay = 1.06> <FuncUnit> <Opcode : 'udiv' 'sdiv' 'urem' 'srem'> <InPorts = 2> <OutPorts = 1>

State 4 <SV = 3> <Delay = 1.06>
ST_4 : Operation 59 [1/4] (0.00ns) (root node of the DSP)   --->   "%mul_ln130 = mul i13 %zext_ln130_4, i13 103" [bnn.cpp:130]   --->   Operation 59 'mul' 'mul_ln130' <Predicate = true> <Delay = 0.00> <CoreInst = "DSP48">   --->   Core 124 'DSP48' <Latency = 3> <II = 1> <Delay = 0.53> <IPBlock> <Opcode : 'add' 'sub' 'mul' 'select'> <InPorts = 0> <OutPorts = 1> <Sync> <CReg>
ST_4 : Operation 60 [1/1] (0.00ns)   --->   "%tmp_51 = partselect i4 @_ssdm_op_PartSelect.i4.i13.i32.i32, i13 %mul_ln130, i32 9, i32 12" [bnn.cpp:130]   --->   Operation 60 'partselect' 'tmp_51' <Predicate = true> <Delay = 0.00>
ST_4 : Operation 61 [6/9] (1.06ns)   --->   "%urem_ln130 = urem i5 %add_ln130, i5 5" [bnn.cpp:130]   --->   Operation 61 'urem' 'urem_ln130' <Predicate = true> <Delay = 1.06> <CoreInst = "Divider">   --->   Core 6 'Divider' <Latency = 8> <II = 1> <Delay = 1.06> <FuncUnit> <Opcode : 'udiv' 'sdiv' 'urem' 'srem'> <InPorts = 2> <OutPorts = 1>

State 5 <SV = 4> <Delay = 1.06>
ST_5 : Operation 62 [5/9] (1.06ns)   --->   "%urem_ln130 = urem i5 %add_ln130, i5 5" [bnn.cpp:130]   --->   Operation 62 'urem' 'urem_ln130' <Predicate = true> <Delay = 1.06> <CoreInst = "Divider">   --->   Core 6 'Divider' <Latency = 8> <II = 1> <Delay = 1.06> <FuncUnit> <Opcode : 'udiv' 'sdiv' 'urem' 'srem'> <InPorts = 2> <OutPorts = 1>

State 6 <SV = 5> <Delay = 1.06>
ST_6 : Operation 63 [4/9] (1.06ns)   --->   "%urem_ln130 = urem i5 %add_ln130, i5 5" [bnn.cpp:130]   --->   Operation 63 'urem' 'urem_ln130' <Predicate = true> <Delay = 1.06> <CoreInst = "Divider">   --->   Core 6 'Divider' <Latency = 8> <II = 1> <Delay = 1.06> <FuncUnit> <Opcode : 'udiv' 'sdiv' 'urem' 'srem'> <InPorts = 2> <OutPorts = 1>

State 7 <SV = 6> <Delay = 1.06>
ST_7 : Operation 64 [3/9] (1.06ns)   --->   "%urem_ln130 = urem i5 %add_ln130, i5 5" [bnn.cpp:130]   --->   Operation 64 'urem' 'urem_ln130' <Predicate = true> <Delay = 1.06> <CoreInst = "Divider">   --->   Core 6 'Divider' <Latency = 8> <II = 1> <Delay = 1.06> <FuncUnit> <Opcode : 'udiv' 'sdiv' 'urem' 'srem'> <InPorts = 2> <OutPorts = 1>

State 8 <SV = 7> <Delay = 1.06>
ST_8 : Operation 65 [2/9] (1.06ns)   --->   "%urem_ln130 = urem i5 %add_ln130, i5 5" [bnn.cpp:130]   --->   Operation 65 'urem' 'urem_ln130' <Predicate = true> <Delay = 1.06> <CoreInst = "Divider">   --->   Core 6 'Divider' <Latency = 8> <II = 1> <Delay = 1.06> <FuncUnit> <Opcode : 'udiv' 'sdiv' 'urem' 'srem'> <InPorts = 2> <OutPorts = 1>

State 9 <SV = 8> <Delay = 1.06>
ST_9 : Operation 66 [1/9] (1.06ns)   --->   "%urem_ln130 = urem i5 %add_ln130, i5 5" [bnn.cpp:130]   --->   Operation 66 'urem' 'urem_ln130' <Predicate = true> <Delay = 1.06> <CoreInst = "Divider">   --->   Core 6 'Divider' <Latency = 8> <II = 1> <Delay = 1.06> <FuncUnit> <Opcode : 'udiv' 'sdiv' 'urem' 'srem'> <InPorts = 2> <OutPorts = 1>
ST_9 : Operation 67 [1/1] (0.00ns)   --->   "%trunc_ln130_2 = trunc i3 %urem_ln130" [bnn.cpp:130]   --->   Operation 67 'trunc' 'trunc_ln130_2' <Predicate = true> <Delay = 0.00>

State 10 <SV = 9> <Delay = 2.88>
ST_10 : Operation 68 [1/1] (0.00ns)   --->   "%zext_ln130_5 = zext i4 %tmp_51" [bnn.cpp:130]   --->   Operation 68 'zext' 'zext_ln130_5' <Predicate = true> <Delay = 0.00>
ST_10 : Operation 69 [1/1] (0.00ns)   --->   "%bnn_top_int_const_unsigned_int_const_int_const_unsigned_int_const_int_co_271 = getelementptr i32 %bnn_top_int_const_unsigned_int_const_int_const_unsigned_int_const_int_co_4, i64 0, i64 %zext_ln130_5" [bnn.cpp:130]   --->   Operation 69 'getelementptr' 'bnn_top_int_const_unsigned_int_const_int_const_unsigned_int_const_int_co_271' <Predicate = (trunc_ln130_2 == 0)> <Delay = 0.00>
ST_10 : Operation 70 [1/1] (0.00ns)   --->   "%bnn_top_int_const_unsigned_int_const_int_const_unsigned_int_const_int_co_272 = getelementptr i32 %bnn_top_int_const_unsigned_int_const_int_const_unsigned_int_const_int_co_3, i64 0, i64 %zext_ln130_5" [bnn.cpp:130]   --->   Operation 70 'getelementptr' 'bnn_top_int_const_unsigned_int_const_int_const_unsigned_int_const_int_co_272' <Predicate = (trunc_ln130_2 == 1)> <Delay = 0.00>
ST_10 : Operation 71 [1/1] (0.00ns)   --->   "%bnn_top_int_const_unsigned_int_const_int_const_unsigned_int_const_int_co_273 = getelementptr i32 %bnn_top_int_const_unsigned_int_const_int_const_unsigned_int_const_int_co_2, i64 0, i64 %zext_ln130_5" [bnn.cpp:130]   --->   Operation 71 'getelementptr' 'bnn_top_int_const_unsigned_int_const_int_const_unsigned_int_const_int_co_273' <Predicate = (trunc_ln130_2 == 2)> <Delay = 0.00>
ST_10 : Operation 72 [1/1] (0.00ns)   --->   "%bnn_top_int_const_unsigned_int_const_int_const_unsigned_int_const_int_co_274 = getelementptr i32 %bnn_top_int_const_unsigned_int_const_int_const_unsigned_int_const_int_co_1, i64 0, i64 %zext_ln130_5" [bnn.cpp:130]   --->   Operation 72 'getelementptr' 'bnn_top_int_const_unsigned_int_const_int_const_unsigned_int_const_int_co_274' <Predicate = (trunc_ln130_2 == 3)> <Delay = 0.00>
ST_10 : Operation 73 [1/1] (0.00ns)   --->   "%bnn_top_int_const_unsigned_int_const_int_const_unsigned_int_const_int_co_275 = getelementptr i32 %bnn_top_int_const_unsigned_int_const_int_const_unsigned_int_const_int_co, i64 0, i64 %zext_ln130_5" [bnn.cpp:130]   --->   Operation 73 'getelementptr' 'bnn_top_int_const_unsigned_int_const_int_const_unsigned_int_const_int_co_275' <Predicate = (trunc_ln130_2 == 4)> <Delay = 0.00>
ST_10 : Operation 74 [2/2] (1.23ns)   --->   "%bnn_top_int_const_unsigned_int_const_int_const_unsigned_int_const_int_co_276 = load i8 %bnn_top_int_const_unsigned_int_const_int_const_unsigned_int_const_int_co_271" [bnn.cpp:130]   --->   Operation 74 'load' 'bnn_top_int_const_unsigned_int_const_int_const_unsigned_int_const_int_co_276' <Predicate = (trunc_ln130_2 == 0)> <Delay = 1.23> <CoreInst = "RAM">   --->   Core 82 'RAM' <Latency = 1> <II = 1> <Delay = 1.23> <Storage> <Opcode : 'load' 'store'> <Ports = 2> <Width = 32> <Depth = 205> <RAM>
ST_10 : Operation 75 [2/2] (1.23ns)   --->   "%bnn_top_int_const_unsigned_int_const_int_const_unsigned_int_const_int_co_277 = load i8 %bnn_top_int_const_unsigned_int_const_int_const_unsigned_int_const_int_co_272" [bnn.cpp:130]   --->   Operation 75 'load' 'bnn_top_int_const_unsigned_int_const_int_const_unsigned_int_const_int_co_277' <Predicate = (trunc_ln130_2 == 1)> <Delay = 1.23> <CoreInst = "RAM">   --->   Core 82 'RAM' <Latency = 1> <II = 1> <Delay = 1.23> <Storage> <Opcode : 'load' 'store'> <Ports = 2> <Width = 32> <Depth = 205> <RAM>
ST_10 : Operation 76 [2/2] (1.23ns)   --->   "%bnn_top_int_const_unsigned_int_const_int_const_unsigned_int_const_int_co_278 = load i8 %bnn_top_int_const_unsigned_int_const_int_const_unsigned_int_const_int_co_273" [bnn.cpp:130]   --->   Operation 76 'load' 'bnn_top_int_const_unsigned_int_const_int_const_unsigned_int_const_int_co_278' <Predicate = (trunc_ln130_2 == 2)> <Delay = 1.23> <CoreInst = "RAM">   --->   Core 82 'RAM' <Latency = 1> <II = 1> <Delay = 1.23> <Storage> <Opcode : 'load' 'store'> <Ports = 2> <Width = 32> <Depth = 205> <RAM>
ST_10 : Operation 77 [2/2] (1.23ns)   --->   "%bnn_top_int_const_unsigned_int_const_int_const_unsigned_int_const_int_co_279 = load i8 %bnn_top_int_const_unsigned_int_const_int_const_unsigned_int_const_int_co_274" [bnn.cpp:130]   --->   Operation 77 'load' 'bnn_top_int_const_unsigned_int_const_int_const_unsigned_int_const_int_co_279' <Predicate = (trunc_ln130_2 == 3)> <Delay = 1.23> <CoreInst = "RAM">   --->   Core 82 'RAM' <Latency = 1> <II = 1> <Delay = 1.23> <Storage> <Opcode : 'load' 'store'> <Ports = 2> <Width = 32> <Depth = 205> <RAM>
ST_10 : Operation 78 [2/2] (1.23ns)   --->   "%bnn_top_int_const_unsigned_int_const_int_const_unsigned_int_const_int_co_280 = load i8 %bnn_top_int_const_unsigned_int_const_int_const_unsigned_int_const_int_co_275" [bnn.cpp:130]   --->   Operation 78 'load' 'bnn_top_int_const_unsigned_int_const_int_const_unsigned_int_const_int_co_280' <Predicate = (trunc_ln130_2 == 4)> <Delay = 1.23> <CoreInst = "RAM">   --->   Core 82 'RAM' <Latency = 1> <II = 1> <Delay = 1.23> <Storage> <Opcode : 'load' 'store'> <Ports = 2> <Width = 32> <Depth = 205> <RAM>
ST_10 : Operation 79 [1/1] (0.00ns)   --->   "%add_ln7 = bitconcatenate i6 @_ssdm_op_BitConcatenate.i6.i2.i1.i2.i1, i2 %trunc_ln130, i1 0, i2 %trunc_ln130_1, i1 1" [bnn.cpp:131]   --->   Operation 79 'bitconcatenate' 'add_ln7' <Predicate = true> <Delay = 0.00>
ST_10 : Operation 80 [1/1] (0.00ns)   --->   "%zext_ln131_1 = zext i6 %add_ln7" [bnn.cpp:131]   --->   Operation 80 'zext' 'zext_ln131_1' <Predicate = true> <Delay = 0.00>
ST_10 : Operation 81 [1/1] (1.65ns)   --->   "%mul_ln131 = mul i13 %zext_ln131_1, i13 103" [bnn.cpp:131]   --->   Operation 81 'mul' 'mul_ln131' <Predicate = true> <Delay = 1.65> <CoreInst = "Multiplier">   --->   Core 3 'Multiplier' <Latency = 0> <II = 1> <Delay = 1.65> <FuncUnit> <Opcode : 'mul'> <InPorts = 2> <OutPorts = 1>
ST_10 : Operation 82 [1/1] (0.00ns)   --->   "%tmp_52 = partselect i4 @_ssdm_op_PartSelect.i4.i13.i32.i32, i13 %mul_ln131, i32 9, i32 12" [bnn.cpp:131]   --->   Operation 82 'partselect' 'tmp_52' <Predicate = true> <Delay = 0.00>
ST_10 : Operation 83 [1/1] (0.00ns)   --->   "%zext_ln131 = zext i4 %tmp_52" [bnn.cpp:131]   --->   Operation 83 'zext' 'zext_ln131' <Predicate = true> <Delay = 0.00>
ST_10 : Operation 84 [1/1] (0.00ns)   --->   "%bnn_top_int_const_unsigned_int_const_int_const_unsigned_int_const_int_co_281 = getelementptr i32 %bnn_top_int_const_unsigned_int_const_int_const_unsigned_int_const_int_co_4, i64 0, i64 %zext_ln131" [bnn.cpp:131]   --->   Operation 84 'getelementptr' 'bnn_top_int_const_unsigned_int_const_int_const_unsigned_int_const_int_co_281' <Predicate = (trunc_ln130_2 == 4)> <Delay = 0.00>
ST_10 : Operation 85 [1/1] (0.00ns)   --->   "%bnn_top_int_const_unsigned_int_const_int_const_unsigned_int_const_int_co_282 = getelementptr i32 %bnn_top_int_const_unsigned_int_const_int_const_unsigned_int_const_int_co_3, i64 0, i64 %zext_ln131" [bnn.cpp:131]   --->   Operation 85 'getelementptr' 'bnn_top_int_const_unsigned_int_const_int_const_unsigned_int_const_int_co_282' <Predicate = (trunc_ln130_2 == 0)> <Delay = 0.00>
ST_10 : Operation 86 [1/1] (0.00ns)   --->   "%bnn_top_int_const_unsigned_int_const_int_const_unsigned_int_const_int_co_283 = getelementptr i32 %bnn_top_int_const_unsigned_int_const_int_const_unsigned_int_const_int_co_2, i64 0, i64 %zext_ln131" [bnn.cpp:131]   --->   Operation 86 'getelementptr' 'bnn_top_int_const_unsigned_int_const_int_const_unsigned_int_const_int_co_283' <Predicate = (trunc_ln130_2 == 1)> <Delay = 0.00>
ST_10 : Operation 87 [1/1] (0.00ns)   --->   "%bnn_top_int_const_unsigned_int_const_int_const_unsigned_int_const_int_co_284 = getelementptr i32 %bnn_top_int_const_unsigned_int_const_int_const_unsigned_int_const_int_co_1, i64 0, i64 %zext_ln131" [bnn.cpp:131]   --->   Operation 87 'getelementptr' 'bnn_top_int_const_unsigned_int_const_int_const_unsigned_int_const_int_co_284' <Predicate = (trunc_ln130_2 == 2)> <Delay = 0.00>
ST_10 : Operation 88 [1/1] (0.00ns)   --->   "%bnn_top_int_const_unsigned_int_const_int_const_unsigned_int_const_int_co_285 = getelementptr i32 %bnn_top_int_const_unsigned_int_const_int_const_unsigned_int_const_int_co, i64 0, i64 %zext_ln131" [bnn.cpp:131]   --->   Operation 88 'getelementptr' 'bnn_top_int_const_unsigned_int_const_int_const_unsigned_int_const_int_co_285' <Predicate = (trunc_ln130_2 == 3)> <Delay = 0.00>
ST_10 : Operation 89 [2/2] (1.23ns)   --->   "%bnn_top_int_const_unsigned_int_const_int_const_unsigned_int_const_int_co_286 = load i8 %bnn_top_int_const_unsigned_int_const_int_const_unsigned_int_const_int_co_281" [bnn.cpp:131]   --->   Operation 89 'load' 'bnn_top_int_const_unsigned_int_const_int_const_unsigned_int_const_int_co_286' <Predicate = (trunc_ln130_2 == 4)> <Delay = 1.23> <CoreInst = "RAM">   --->   Core 82 'RAM' <Latency = 1> <II = 1> <Delay = 1.23> <Storage> <Opcode : 'load' 'store'> <Ports = 2> <Width = 32> <Depth = 205> <RAM>
ST_10 : Operation 90 [2/2] (1.23ns)   --->   "%bnn_top_int_const_unsigned_int_const_int_const_unsigned_int_const_int_co_287 = load i8 %bnn_top_int_const_unsigned_int_const_int_const_unsigned_int_const_int_co_282" [bnn.cpp:131]   --->   Operation 90 'load' 'bnn_top_int_const_unsigned_int_const_int_const_unsigned_int_const_int_co_287' <Predicate = (trunc_ln130_2 == 0)> <Delay = 1.23> <CoreInst = "RAM">   --->   Core 82 'RAM' <Latency = 1> <II = 1> <Delay = 1.23> <Storage> <Opcode : 'load' 'store'> <Ports = 2> <Width = 32> <Depth = 205> <RAM>
ST_10 : Operation 91 [2/2] (1.23ns)   --->   "%bnn_top_int_const_unsigned_int_const_int_const_unsigned_int_const_int_co_288 = load i8 %bnn_top_int_const_unsigned_int_const_int_const_unsigned_int_const_int_co_283" [bnn.cpp:131]   --->   Operation 91 'load' 'bnn_top_int_const_unsigned_int_const_int_const_unsigned_int_const_int_co_288' <Predicate = (trunc_ln130_2 == 1)> <Delay = 1.23> <CoreInst = "RAM">   --->   Core 82 'RAM' <Latency = 1> <II = 1> <Delay = 1.23> <Storage> <Opcode : 'load' 'store'> <Ports = 2> <Width = 32> <Depth = 205> <RAM>
ST_10 : Operation 92 [2/2] (1.23ns)   --->   "%bnn_top_int_const_unsigned_int_const_int_const_unsigned_int_const_int_co_289 = load i8 %bnn_top_int_const_unsigned_int_const_int_const_unsigned_int_const_int_co_284" [bnn.cpp:131]   --->   Operation 92 'load' 'bnn_top_int_const_unsigned_int_const_int_const_unsigned_int_const_int_co_289' <Predicate = (trunc_ln130_2 == 2)> <Delay = 1.23> <CoreInst = "RAM">   --->   Core 82 'RAM' <Latency = 1> <II = 1> <Delay = 1.23> <Storage> <Opcode : 'load' 'store'> <Ports = 2> <Width = 32> <Depth = 205> <RAM>
ST_10 : Operation 93 [2/2] (1.23ns)   --->   "%bnn_top_int_const_unsigned_int_const_int_const_unsigned_int_const_int_co_290 = load i8 %bnn_top_int_const_unsigned_int_const_int_const_unsigned_int_const_int_co_285" [bnn.cpp:131]   --->   Operation 93 'load' 'bnn_top_int_const_unsigned_int_const_int_const_unsigned_int_const_int_co_290' <Predicate = (trunc_ln130_2 == 3)> <Delay = 1.23> <CoreInst = "RAM">   --->   Core 82 'RAM' <Latency = 1> <II = 1> <Delay = 1.23> <Storage> <Opcode : 'load' 'store'> <Ports = 2> <Width = 32> <Depth = 205> <RAM>

State 11 <SV = 10> <Delay = 3.27>
ST_11 : Operation 94 [1/2] ( I:1.23ns O:1.23ns )   --->   "%bnn_top_int_const_unsigned_int_const_int_const_unsigned_int_const_int_co_276 = load i8 %bnn_top_int_const_unsigned_int_const_int_const_unsigned_int_const_int_co_271" [bnn.cpp:130]   --->   Operation 94 'load' 'bnn_top_int_const_unsigned_int_const_int_const_unsigned_int_const_int_co_276' <Predicate = (trunc_ln130_2 == 0)> <Delay = 1.23> <CoreInst = "RAM">   --->   Core 82 'RAM' <Latency = 1> <II = 1> <Delay = 1.23> <Storage> <Opcode : 'load' 'store'> <Ports = 2> <Width = 32> <Depth = 205> <RAM>
ST_11 : Operation 95 [1/2] ( I:1.23ns O:1.23ns )   --->   "%bnn_top_int_const_unsigned_int_const_int_const_unsigned_int_const_int_co_277 = load i8 %bnn_top_int_const_unsigned_int_const_int_const_unsigned_int_const_int_co_272" [bnn.cpp:130]   --->   Operation 95 'load' 'bnn_top_int_const_unsigned_int_const_int_const_unsigned_int_const_int_co_277' <Predicate = (trunc_ln130_2 == 1)> <Delay = 1.23> <CoreInst = "RAM">   --->   Core 82 'RAM' <Latency = 1> <II = 1> <Delay = 1.23> <Storage> <Opcode : 'load' 'store'> <Ports = 2> <Width = 32> <Depth = 205> <RAM>
ST_11 : Operation 96 [1/2] ( I:1.23ns O:1.23ns )   --->   "%bnn_top_int_const_unsigned_int_const_int_const_unsigned_int_const_int_co_278 = load i8 %bnn_top_int_const_unsigned_int_const_int_const_unsigned_int_const_int_co_273" [bnn.cpp:130]   --->   Operation 96 'load' 'bnn_top_int_const_unsigned_int_const_int_const_unsigned_int_const_int_co_278' <Predicate = (trunc_ln130_2 == 2)> <Delay = 1.23> <CoreInst = "RAM">   --->   Core 82 'RAM' <Latency = 1> <II = 1> <Delay = 1.23> <Storage> <Opcode : 'load' 'store'> <Ports = 2> <Width = 32> <Depth = 205> <RAM>
ST_11 : Operation 97 [1/2] ( I:1.23ns O:1.23ns )   --->   "%bnn_top_int_const_unsigned_int_const_int_const_unsigned_int_const_int_co_279 = load i8 %bnn_top_int_const_unsigned_int_const_int_const_unsigned_int_const_int_co_274" [bnn.cpp:130]   --->   Operation 97 'load' 'bnn_top_int_const_unsigned_int_const_int_const_unsigned_int_const_int_co_279' <Predicate = (trunc_ln130_2 == 3)> <Delay = 1.23> <CoreInst = "RAM">   --->   Core 82 'RAM' <Latency = 1> <II = 1> <Delay = 1.23> <Storage> <Opcode : 'load' 'store'> <Ports = 2> <Width = 32> <Depth = 205> <RAM>
ST_11 : Operation 98 [1/2] ( I:1.23ns O:1.23ns )   --->   "%bnn_top_int_const_unsigned_int_const_int_const_unsigned_int_const_int_co_280 = load i8 %bnn_top_int_const_unsigned_int_const_int_const_unsigned_int_const_int_co_275" [bnn.cpp:130]   --->   Operation 98 'load' 'bnn_top_int_const_unsigned_int_const_int_const_unsigned_int_const_int_co_280' <Predicate = (trunc_ln130_2 == 4)> <Delay = 1.23> <CoreInst = "RAM">   --->   Core 82 'RAM' <Latency = 1> <II = 1> <Delay = 1.23> <Storage> <Opcode : 'load' 'store'> <Ports = 2> <Width = 32> <Depth = 205> <RAM>
ST_11 : Operation 99 [1/1] (0.57ns)   --->   "%s0 = sparsemux i32 @_ssdm_op_SparseMux.ap_auto.5i32.i32.i3, i3 0, i32 %bnn_top_int_const_unsigned_int_const_int_const_unsigned_int_const_int_co_276, i3 1, i32 %bnn_top_int_const_unsigned_int_const_int_const_unsigned_int_const_int_co_277, i3 2, i32 %bnn_top_int_const_unsigned_int_const_int_const_unsigned_int_const_int_co_278, i3 3, i32 %bnn_top_int_const_unsigned_int_const_int_const_unsigned_int_const_int_co_279, i3 4, i32 %bnn_top_int_const_unsigned_int_const_int_const_unsigned_int_const_int_co_280, i32 0, i3 %trunc_ln130_2" [bnn.cpp:130]   --->   Operation 99 'sparsemux' 's0' <Predicate = true> <Delay = 0.57> <CoreInst = "BinarySparseMux_DontCare">   --->   Core 149 'BinarySparseMux_DontCare' <Latency = 0> <II = 1> <Delay = 0.57> <FuncUnit> <Opcode : 'sparsemux'> <InPorts = 2> <OutPorts = 1>
ST_11 : Operation 100 [1/2] ( I:1.23ns O:1.23ns )   --->   "%bnn_top_int_const_unsigned_int_const_int_const_unsigned_int_const_int_co_286 = load i8 %bnn_top_int_const_unsigned_int_const_int_const_unsigned_int_const_int_co_281" [bnn.cpp:131]   --->   Operation 100 'load' 'bnn_top_int_const_unsigned_int_const_int_const_unsigned_int_const_int_co_286' <Predicate = (trunc_ln130_2 == 4)> <Delay = 1.23> <CoreInst = "RAM">   --->   Core 82 'RAM' <Latency = 1> <II = 1> <Delay = 1.23> <Storage> <Opcode : 'load' 'store'> <Ports = 2> <Width = 32> <Depth = 205> <RAM>
ST_11 : Operation 101 [1/2] ( I:1.23ns O:1.23ns )   --->   "%bnn_top_int_const_unsigned_int_const_int_const_unsigned_int_const_int_co_287 = load i8 %bnn_top_int_const_unsigned_int_const_int_const_unsigned_int_const_int_co_282" [bnn.cpp:131]   --->   Operation 101 'load' 'bnn_top_int_const_unsigned_int_const_int_const_unsigned_int_const_int_co_287' <Predicate = (trunc_ln130_2 == 0)> <Delay = 1.23> <CoreInst = "RAM">   --->   Core 82 'RAM' <Latency = 1> <II = 1> <Delay = 1.23> <Storage> <Opcode : 'load' 'store'> <Ports = 2> <Width = 32> <Depth = 205> <RAM>
ST_11 : Operation 102 [1/2] ( I:1.23ns O:1.23ns )   --->   "%bnn_top_int_const_unsigned_int_const_int_const_unsigned_int_const_int_co_288 = load i8 %bnn_top_int_const_unsigned_int_const_int_const_unsigned_int_const_int_co_283" [bnn.cpp:131]   --->   Operation 102 'load' 'bnn_top_int_const_unsigned_int_const_int_const_unsigned_int_const_int_co_288' <Predicate = (trunc_ln130_2 == 1)> <Delay = 1.23> <CoreInst = "RAM">   --->   Core 82 'RAM' <Latency = 1> <II = 1> <Delay = 1.23> <Storage> <Opcode : 'load' 'store'> <Ports = 2> <Width = 32> <Depth = 205> <RAM>
ST_11 : Operation 103 [1/2] ( I:1.23ns O:1.23ns )   --->   "%bnn_top_int_const_unsigned_int_const_int_const_unsigned_int_const_int_co_289 = load i8 %bnn_top_int_const_unsigned_int_const_int_const_unsigned_int_const_int_co_284" [bnn.cpp:131]   --->   Operation 103 'load' 'bnn_top_int_const_unsigned_int_const_int_const_unsigned_int_const_int_co_289' <Predicate = (trunc_ln130_2 == 2)> <Delay = 1.23> <CoreInst = "RAM">   --->   Core 82 'RAM' <Latency = 1> <II = 1> <Delay = 1.23> <Storage> <Opcode : 'load' 'store'> <Ports = 2> <Width = 32> <Depth = 205> <RAM>
ST_11 : Operation 104 [1/2] ( I:1.23ns O:1.23ns )   --->   "%bnn_top_int_const_unsigned_int_const_int_const_unsigned_int_const_int_co_290 = load i8 %bnn_top_int_const_unsigned_int_const_int_const_unsigned_int_const_int_co_285" [bnn.cpp:131]   --->   Operation 104 'load' 'bnn_top_int_const_unsigned_int_const_int_const_unsigned_int_const_int_co_290' <Predicate = (trunc_ln130_2 == 3)> <Delay = 1.23> <CoreInst = "RAM">   --->   Core 82 'RAM' <Latency = 1> <II = 1> <Delay = 1.23> <Storage> <Opcode : 'load' 'store'> <Ports = 2> <Width = 32> <Depth = 205> <RAM>
ST_11 : Operation 105 [1/1] (0.57ns)   --->   "%s1 = sparsemux i32 @_ssdm_op_SparseMux.ap_auto.5i32.i32.i3, i3 4, i32 %bnn_top_int_const_unsigned_int_const_int_const_unsigned_int_const_int_co_286, i3 0, i32 %bnn_top_int_const_unsigned_int_const_int_const_unsigned_int_const_int_co_287, i3 1, i32 %bnn_top_int_const_unsigned_int_const_int_const_unsigned_int_const_int_co_288, i3 2, i32 %bnn_top_int_const_unsigned_int_const_int_const_unsigned_int_const_int_co_289, i3 3, i32 %bnn_top_int_const_unsigned_int_const_int_const_unsigned_int_const_int_co_290, i32 0, i3 %trunc_ln130_2" [bnn.cpp:131]   --->   Operation 105 'sparsemux' 's1' <Predicate = true> <Delay = 0.57> <CoreInst = "BinarySparseMux_DontCare">   --->   Core 149 'BinarySparseMux_DontCare' <Latency = 0> <II = 1> <Delay = 0.57> <FuncUnit> <Opcode : 'sparsemux'> <InPorts = 2> <OutPorts = 1>
ST_11 : Operation 106 [1/1] (0.00ns)   --->   "%add_ln8 = bitconcatenate i6 @_ssdm_op_BitConcatenate.i6.i2.i1.i2.i1, i2 %trunc_ln130, i1 1, i2 %trunc_ln130_1, i1 0" [bnn.cpp:132]   --->   Operation 106 'bitconcatenate' 'add_ln8' <Predicate = true> <Delay = 0.00>
ST_11 : Operation 107 [1/1] (0.00ns)   --->   "%zext_ln132_1 = zext i6 %add_ln8" [bnn.cpp:132]   --->   Operation 107 'zext' 'zext_ln132_1' <Predicate = true> <Delay = 0.00>
ST_11 : Operation 108 [1/1] (1.65ns)   --->   "%mul_ln132 = mul i13 %zext_ln132_1, i13 103" [bnn.cpp:132]   --->   Operation 108 'mul' 'mul_ln132' <Predicate = true> <Delay = 1.65> <CoreInst = "Multiplier">   --->   Core 3 'Multiplier' <Latency = 0> <II = 1> <Delay = 1.65> <FuncUnit> <Opcode : 'mul'> <InPorts = 2> <OutPorts = 1>
ST_11 : Operation 109 [1/1] (0.00ns)   --->   "%tmp_53 = partselect i4 @_ssdm_op_PartSelect.i4.i13.i32.i32, i13 %mul_ln132, i32 9, i32 12" [bnn.cpp:132]   --->   Operation 109 'partselect' 'tmp_53' <Predicate = true> <Delay = 0.00>
ST_11 : Operation 110 [1/1] (0.00ns)   --->   "%zext_ln132 = zext i4 %tmp_53" [bnn.cpp:132]   --->   Operation 110 'zext' 'zext_ln132' <Predicate = true> <Delay = 0.00>
ST_11 : Operation 111 [1/1] (0.00ns)   --->   "%bnn_top_int_const_unsigned_int_const_int_const_unsigned_int_const_int_co_291 = getelementptr i32 %bnn_top_int_const_unsigned_int_const_int_const_unsigned_int_const_int_co_4, i64 0, i64 %zext_ln132" [bnn.cpp:132]   --->   Operation 111 'getelementptr' 'bnn_top_int_const_unsigned_int_const_int_const_unsigned_int_const_int_co_291' <Predicate = (trunc_ln130_2 == 2)> <Delay = 0.00>
ST_11 : Operation 112 [1/1] (0.00ns)   --->   "%bnn_top_int_const_unsigned_int_const_int_const_unsigned_int_const_int_co_292 = getelementptr i32 %bnn_top_int_const_unsigned_int_const_int_const_unsigned_int_const_int_co_3, i64 0, i64 %zext_ln132" [bnn.cpp:132]   --->   Operation 112 'getelementptr' 'bnn_top_int_const_unsigned_int_const_int_const_unsigned_int_const_int_co_292' <Predicate = (trunc_ln130_2 == 3)> <Delay = 0.00>
ST_11 : Operation 113 [1/1] (0.00ns)   --->   "%bnn_top_int_const_unsigned_int_const_int_const_unsigned_int_const_int_co_293 = getelementptr i32 %bnn_top_int_const_unsigned_int_const_int_const_unsigned_int_const_int_co_2, i64 0, i64 %zext_ln132" [bnn.cpp:132]   --->   Operation 113 'getelementptr' 'bnn_top_int_const_unsigned_int_const_int_const_unsigned_int_const_int_co_293' <Predicate = (trunc_ln130_2 == 4)> <Delay = 0.00>
ST_11 : Operation 114 [1/1] (0.00ns)   --->   "%bnn_top_int_const_unsigned_int_const_int_const_unsigned_int_const_int_co_294 = getelementptr i32 %bnn_top_int_const_unsigned_int_const_int_const_unsigned_int_const_int_co_1, i64 0, i64 %zext_ln132" [bnn.cpp:132]   --->   Operation 114 'getelementptr' 'bnn_top_int_const_unsigned_int_const_int_const_unsigned_int_const_int_co_294' <Predicate = (trunc_ln130_2 == 0)> <Delay = 0.00>
ST_11 : Operation 115 [1/1] (0.00ns)   --->   "%bnn_top_int_const_unsigned_int_const_int_const_unsigned_int_const_int_co_295 = getelementptr i32 %bnn_top_int_const_unsigned_int_const_int_const_unsigned_int_const_int_co, i64 0, i64 %zext_ln132" [bnn.cpp:132]   --->   Operation 115 'getelementptr' 'bnn_top_int_const_unsigned_int_const_int_const_unsigned_int_const_int_co_295' <Predicate = (trunc_ln130_2 == 1)> <Delay = 0.00>
ST_11 : Operation 116 [2/2] (1.23ns)   --->   "%bnn_top_int_const_unsigned_int_const_int_const_unsigned_int_const_int_co_296 = load i8 %bnn_top_int_const_unsigned_int_const_int_const_unsigned_int_const_int_co_291" [bnn.cpp:132]   --->   Operation 116 'load' 'bnn_top_int_const_unsigned_int_const_int_const_unsigned_int_const_int_co_296' <Predicate = (trunc_ln130_2 == 2)> <Delay = 1.23> <CoreInst = "RAM">   --->   Core 82 'RAM' <Latency = 1> <II = 1> <Delay = 1.23> <Storage> <Opcode : 'load' 'store'> <Ports = 2> <Width = 32> <Depth = 205> <RAM>
ST_11 : Operation 117 [2/2] (1.23ns)   --->   "%bnn_top_int_const_unsigned_int_const_int_const_unsigned_int_const_int_co_297 = load i8 %bnn_top_int_const_unsigned_int_const_int_const_unsigned_int_const_int_co_292" [bnn.cpp:132]   --->   Operation 117 'load' 'bnn_top_int_const_unsigned_int_const_int_const_unsigned_int_const_int_co_297' <Predicate = (trunc_ln130_2 == 3)> <Delay = 1.23> <CoreInst = "RAM">   --->   Core 82 'RAM' <Latency = 1> <II = 1> <Delay = 1.23> <Storage> <Opcode : 'load' 'store'> <Ports = 2> <Width = 32> <Depth = 205> <RAM>
ST_11 : Operation 118 [2/2] (1.23ns)   --->   "%bnn_top_int_const_unsigned_int_const_int_const_unsigned_int_const_int_co_298 = load i8 %bnn_top_int_const_unsigned_int_const_int_const_unsigned_int_const_int_co_293" [bnn.cpp:132]   --->   Operation 118 'load' 'bnn_top_int_const_unsigned_int_const_int_const_unsigned_int_const_int_co_298' <Predicate = (trunc_ln130_2 == 4)> <Delay = 1.23> <CoreInst = "RAM">   --->   Core 82 'RAM' <Latency = 1> <II = 1> <Delay = 1.23> <Storage> <Opcode : 'load' 'store'> <Ports = 2> <Width = 32> <Depth = 205> <RAM>
ST_11 : Operation 119 [2/2] (1.23ns)   --->   "%bnn_top_int_const_unsigned_int_const_int_const_unsigned_int_const_int_co_299 = load i8 %bnn_top_int_const_unsigned_int_const_int_const_unsigned_int_const_int_co_294" [bnn.cpp:132]   --->   Operation 119 'load' 'bnn_top_int_const_unsigned_int_const_int_const_unsigned_int_const_int_co_299' <Predicate = (trunc_ln130_2 == 0)> <Delay = 1.23> <CoreInst = "RAM">   --->   Core 82 'RAM' <Latency = 1> <II = 1> <Delay = 1.23> <Storage> <Opcode : 'load' 'store'> <Ports = 2> <Width = 32> <Depth = 205> <RAM>
ST_11 : Operation 120 [2/2] (1.23ns)   --->   "%bnn_top_int_const_unsigned_int_const_int_const_unsigned_int_const_int_co_300 = load i8 %bnn_top_int_const_unsigned_int_const_int_const_unsigned_int_const_int_co_295" [bnn.cpp:132]   --->   Operation 120 'load' 'bnn_top_int_const_unsigned_int_const_int_const_unsigned_int_const_int_co_300' <Predicate = (trunc_ln130_2 == 1)> <Delay = 1.23> <CoreInst = "RAM">   --->   Core 82 'RAM' <Latency = 1> <II = 1> <Delay = 1.23> <Storage> <Opcode : 'load' 'store'> <Ports = 2> <Width = 32> <Depth = 205> <RAM>
ST_11 : Operation 121 [1/1] (0.00ns)   --->   "%add_ln9 = bitconcatenate i6 @_ssdm_op_BitConcatenate.i6.i2.i1.i2.i1, i2 %trunc_ln130, i1 1, i2 %trunc_ln130_1, i1 1" [bnn.cpp:133]   --->   Operation 121 'bitconcatenate' 'add_ln9' <Predicate = true> <Delay = 0.00>
ST_11 : Operation 122 [1/1] (0.00ns)   --->   "%zext_ln133_1 = zext i6 %add_ln9" [bnn.cpp:133]   --->   Operation 122 'zext' 'zext_ln133_1' <Predicate = true> <Delay = 0.00>
ST_11 : Operation 123 [1/1] (1.65ns)   --->   "%mul_ln133 = mul i13 %zext_ln133_1, i13 103" [bnn.cpp:133]   --->   Operation 123 'mul' 'mul_ln133' <Predicate = true> <Delay = 1.65> <CoreInst = "Multiplier">   --->   Core 3 'Multiplier' <Latency = 0> <II = 1> <Delay = 1.65> <FuncUnit> <Opcode : 'mul'> <InPorts = 2> <OutPorts = 1>
ST_11 : Operation 124 [1/1] (0.00ns)   --->   "%tmp_54 = partselect i4 @_ssdm_op_PartSelect.i4.i13.i32.i32, i13 %mul_ln133, i32 9, i32 12" [bnn.cpp:133]   --->   Operation 124 'partselect' 'tmp_54' <Predicate = true> <Delay = 0.00>
ST_11 : Operation 125 [1/1] (0.00ns)   --->   "%zext_ln133 = zext i4 %tmp_54" [bnn.cpp:133]   --->   Operation 125 'zext' 'zext_ln133' <Predicate = true> <Delay = 0.00>
ST_11 : Operation 126 [1/1] (0.00ns)   --->   "%bnn_top_int_const_unsigned_int_const_int_const_unsigned_int_const_int_co_301 = getelementptr i32 %bnn_top_int_const_unsigned_int_const_int_const_unsigned_int_const_int_co_4, i64 0, i64 %zext_ln133" [bnn.cpp:133]   --->   Operation 126 'getelementptr' 'bnn_top_int_const_unsigned_int_const_int_const_unsigned_int_const_int_co_301' <Predicate = (trunc_ln130_2 == 1)> <Delay = 0.00>
ST_11 : Operation 127 [1/1] (0.00ns)   --->   "%bnn_top_int_const_unsigned_int_const_int_const_unsigned_int_const_int_co_302 = getelementptr i32 %bnn_top_int_const_unsigned_int_const_int_const_unsigned_int_const_int_co_3, i64 0, i64 %zext_ln133" [bnn.cpp:133]   --->   Operation 127 'getelementptr' 'bnn_top_int_const_unsigned_int_const_int_const_unsigned_int_const_int_co_302' <Predicate = (trunc_ln130_2 == 2)> <Delay = 0.00>
ST_11 : Operation 128 [1/1] (0.00ns)   --->   "%bnn_top_int_const_unsigned_int_const_int_const_unsigned_int_const_int_co_303 = getelementptr i32 %bnn_top_int_const_unsigned_int_const_int_const_unsigned_int_const_int_co_2, i64 0, i64 %zext_ln133" [bnn.cpp:133]   --->   Operation 128 'getelementptr' 'bnn_top_int_const_unsigned_int_const_int_const_unsigned_int_const_int_co_303' <Predicate = (trunc_ln130_2 == 3)> <Delay = 0.00>
ST_11 : Operation 129 [1/1] (0.00ns)   --->   "%bnn_top_int_const_unsigned_int_const_int_const_unsigned_int_const_int_co_304 = getelementptr i32 %bnn_top_int_const_unsigned_int_const_int_const_unsigned_int_const_int_co_1, i64 0, i64 %zext_ln133" [bnn.cpp:133]   --->   Operation 129 'getelementptr' 'bnn_top_int_const_unsigned_int_const_int_const_unsigned_int_const_int_co_304' <Predicate = (trunc_ln130_2 == 4)> <Delay = 0.00>
ST_11 : Operation 130 [1/1] (0.00ns)   --->   "%bnn_top_int_const_unsigned_int_const_int_const_unsigned_int_const_int_co_305 = getelementptr i32 %bnn_top_int_const_unsigned_int_const_int_const_unsigned_int_const_int_co, i64 0, i64 %zext_ln133" [bnn.cpp:133]   --->   Operation 130 'getelementptr' 'bnn_top_int_const_unsigned_int_const_int_const_unsigned_int_const_int_co_305' <Predicate = (trunc_ln130_2 == 0)> <Delay = 0.00>
ST_11 : Operation 131 [2/2] (1.23ns)   --->   "%bnn_top_int_const_unsigned_int_const_int_const_unsigned_int_const_int_co_306 = load i8 %bnn_top_int_const_unsigned_int_const_int_const_unsigned_int_const_int_co_301" [bnn.cpp:133]   --->   Operation 131 'load' 'bnn_top_int_const_unsigned_int_const_int_const_unsigned_int_const_int_co_306' <Predicate = (trunc_ln130_2 == 1)> <Delay = 1.23> <CoreInst = "RAM">   --->   Core 82 'RAM' <Latency = 1> <II = 1> <Delay = 1.23> <Storage> <Opcode : 'load' 'store'> <Ports = 2> <Width = 32> <Depth = 205> <RAM>
ST_11 : Operation 132 [2/2] (1.23ns)   --->   "%bnn_top_int_const_unsigned_int_const_int_const_unsigned_int_const_int_co_307 = load i8 %bnn_top_int_const_unsigned_int_const_int_const_unsigned_int_const_int_co_302" [bnn.cpp:133]   --->   Operation 132 'load' 'bnn_top_int_const_unsigned_int_const_int_const_unsigned_int_const_int_co_307' <Predicate = (trunc_ln130_2 == 2)> <Delay = 1.23> <CoreInst = "RAM">   --->   Core 82 'RAM' <Latency = 1> <II = 1> <Delay = 1.23> <Storage> <Opcode : 'load' 'store'> <Ports = 2> <Width = 32> <Depth = 205> <RAM>
ST_11 : Operation 133 [2/2] (1.23ns)   --->   "%bnn_top_int_const_unsigned_int_const_int_const_unsigned_int_const_int_co_308 = load i8 %bnn_top_int_const_unsigned_int_const_int_const_unsigned_int_const_int_co_303" [bnn.cpp:133]   --->   Operation 133 'load' 'bnn_top_int_const_unsigned_int_const_int_const_unsigned_int_const_int_co_308' <Predicate = (trunc_ln130_2 == 3)> <Delay = 1.23> <CoreInst = "RAM">   --->   Core 82 'RAM' <Latency = 1> <II = 1> <Delay = 1.23> <Storage> <Opcode : 'load' 'store'> <Ports = 2> <Width = 32> <Depth = 205> <RAM>
ST_11 : Operation 134 [2/2] (1.23ns)   --->   "%bnn_top_int_const_unsigned_int_const_int_const_unsigned_int_const_int_co_309 = load i8 %bnn_top_int_const_unsigned_int_const_int_const_unsigned_int_const_int_co_304" [bnn.cpp:133]   --->   Operation 134 'load' 'bnn_top_int_const_unsigned_int_const_int_const_unsigned_int_const_int_co_309' <Predicate = (trunc_ln130_2 == 4)> <Delay = 1.23> <CoreInst = "RAM">   --->   Core 82 'RAM' <Latency = 1> <II = 1> <Delay = 1.23> <Storage> <Opcode : 'load' 'store'> <Ports = 2> <Width = 32> <Depth = 205> <RAM>
ST_11 : Operation 135 [2/2] (1.23ns)   --->   "%bnn_top_int_const_unsigned_int_const_int_const_unsigned_int_const_int_co_310 = load i8 %bnn_top_int_const_unsigned_int_const_int_const_unsigned_int_const_int_co_305" [bnn.cpp:133]   --->   Operation 135 'load' 'bnn_top_int_const_unsigned_int_const_int_const_unsigned_int_const_int_co_310' <Predicate = (trunc_ln130_2 == 0)> <Delay = 1.23> <CoreInst = "RAM">   --->   Core 82 'RAM' <Latency = 1> <II = 1> <Delay = 1.23> <Storage> <Opcode : 'load' 'store'> <Ports = 2> <Width = 32> <Depth = 205> <RAM>
ST_11 : Operation 136 [1/1] (1.01ns)   --->   "%icmp_ln134 = icmp_sgt  i32 %s1, i32 %s0" [bnn.cpp:134]   --->   Operation 136 'icmp' 'icmp_ln134' <Predicate = true> <Delay = 1.01> <CoreInst = "Cmp">   --->   Core 9 'Cmp' <Latency = 0> <II = 1> <Delay = 1.01> <FuncUnit> <Opcode : 'seteq' 'setne' 'setle' 'setge' 'setlt' 'setgt'> <InPorts = 2> <OutPorts = 1>
ST_11 : Operation 137 [1/1] (0.44ns)   --->   "%m_9 = select i1 %icmp_ln134, i32 %s1, i32 %s0" [bnn.cpp:134]   --->   Operation 137 'select' 'm_9' <Predicate = true> <Delay = 0.44> <CoreInst = "Sel">   --->   Core 73 'Sel' <Latency = 0> <II = 1> <Delay = 0.44> <FuncUnit> <Opcode : 'select'> <InPorts = 3> <OutPorts = 1>
ST_11 : Operation 167 [1/1] (0.42ns)   --->   "%ret_ln0 = ret"   --->   Operation 167 'ret' 'ret_ln0' <Predicate = (icmp_ln127)> <Delay = 0.42>

State 12 <SV = 11> <Delay = 6.56>
ST_12 : Operation 138 [1/1] (0.00ns)   --->   "%specloopname_ln0 = specloopname void @_ssdm_op_SpecLoopName, void @VITIS_LOOP_127_22_VITIS_LOOP_128_23_str"   --->   Operation 138 'specloopname' 'specloopname_ln0' <Predicate = true> <Delay = 0.00>
ST_12 : Operation 139 [1/1] (0.00ns)   --->   "%speclooptripcount_ln0 = speclooptripcount void @_ssdm_op_SpecLoopTripCount, i64 16, i64 16, i64 16"   --->   Operation 139 'speclooptripcount' 'speclooptripcount_ln0' <Predicate = true> <Delay = 0.00>
ST_12 : Operation 140 [1/1] (0.00ns)   --->   "%shl_ln135_1 = bitconcatenate i4 @_ssdm_op_BitConcatenate.i4.i2.i2, i2 %trunc_ln130, i2 0" [bnn.cpp:135]   --->   Operation 140 'bitconcatenate' 'shl_ln135_1' <Predicate = true> <Delay = 0.00>
ST_12 : Operation 141 [1/1] (0.00ns)   --->   "%zext_ln128 = zext i4 %shl_ln135_1" [bnn.cpp:128]   --->   Operation 141 'zext' 'zext_ln128' <Predicate = true> <Delay = 0.00>
ST_12 : Operation 142 [1/1] (0.00ns)   --->   "%specpipeline_ln129 = specpipeline void @_ssdm_op_SpecPipeline, i32 1, i32 0, i32 0, i32 0, i32 4294967295, void @empty_2" [bnn.cpp:129]   --->   Operation 142 'specpipeline' 'specpipeline_ln129' <Predicate = true> <Delay = 0.00>
ST_12 : Operation 143 [1/2] ( I:1.23ns O:1.23ns )   --->   "%bnn_top_int_const_unsigned_int_const_int_const_unsigned_int_const_int_co_296 = load i8 %bnn_top_int_const_unsigned_int_const_int_const_unsigned_int_const_int_co_291" [bnn.cpp:132]   --->   Operation 143 'load' 'bnn_top_int_const_unsigned_int_const_int_const_unsigned_int_const_int_co_296' <Predicate = (trunc_ln130_2 == 2)> <Delay = 1.23> <CoreInst = "RAM">   --->   Core 82 'RAM' <Latency = 1> <II = 1> <Delay = 1.23> <Storage> <Opcode : 'load' 'store'> <Ports = 2> <Width = 32> <Depth = 205> <RAM>
ST_12 : Operation 144 [1/2] ( I:1.23ns O:1.23ns )   --->   "%bnn_top_int_const_unsigned_int_const_int_const_unsigned_int_const_int_co_297 = load i8 %bnn_top_int_const_unsigned_int_const_int_const_unsigned_int_const_int_co_292" [bnn.cpp:132]   --->   Operation 144 'load' 'bnn_top_int_const_unsigned_int_const_int_const_unsigned_int_const_int_co_297' <Predicate = (trunc_ln130_2 == 3)> <Delay = 1.23> <CoreInst = "RAM">   --->   Core 82 'RAM' <Latency = 1> <II = 1> <Delay = 1.23> <Storage> <Opcode : 'load' 'store'> <Ports = 2> <Width = 32> <Depth = 205> <RAM>
ST_12 : Operation 145 [1/2] ( I:1.23ns O:1.23ns )   --->   "%bnn_top_int_const_unsigned_int_const_int_const_unsigned_int_const_int_co_298 = load i8 %bnn_top_int_const_unsigned_int_const_int_const_unsigned_int_const_int_co_293" [bnn.cpp:132]   --->   Operation 145 'load' 'bnn_top_int_const_unsigned_int_const_int_const_unsigned_int_const_int_co_298' <Predicate = (trunc_ln130_2 == 4)> <Delay = 1.23> <CoreInst = "RAM">   --->   Core 82 'RAM' <Latency = 1> <II = 1> <Delay = 1.23> <Storage> <Opcode : 'load' 'store'> <Ports = 2> <Width = 32> <Depth = 205> <RAM>
ST_12 : Operation 146 [1/2] ( I:1.23ns O:1.23ns )   --->   "%bnn_top_int_const_unsigned_int_const_int_const_unsigned_int_const_int_co_299 = load i8 %bnn_top_int_const_unsigned_int_const_int_const_unsigned_int_const_int_co_294" [bnn.cpp:132]   --->   Operation 146 'load' 'bnn_top_int_const_unsigned_int_const_int_const_unsigned_int_const_int_co_299' <Predicate = (trunc_ln130_2 == 0)> <Delay = 1.23> <CoreInst = "RAM">   --->   Core 82 'RAM' <Latency = 1> <II = 1> <Delay = 1.23> <Storage> <Opcode : 'load' 'store'> <Ports = 2> <Width = 32> <Depth = 205> <RAM>
ST_12 : Operation 147 [1/2] ( I:1.23ns O:1.23ns )   --->   "%bnn_top_int_const_unsigned_int_const_int_const_unsigned_int_const_int_co_300 = load i8 %bnn_top_int_const_unsigned_int_const_int_const_unsigned_int_const_int_co_295" [bnn.cpp:132]   --->   Operation 147 'load' 'bnn_top_int_const_unsigned_int_const_int_const_unsigned_int_const_int_co_300' <Predicate = (trunc_ln130_2 == 1)> <Delay = 1.23> <CoreInst = "RAM">   --->   Core 82 'RAM' <Latency = 1> <II = 1> <Delay = 1.23> <Storage> <Opcode : 'load' 'store'> <Ports = 2> <Width = 32> <Depth = 205> <RAM>
ST_12 : Operation 148 [1/1] (0.57ns)   --->   "%s2 = sparsemux i32 @_ssdm_op_SparseMux.ap_auto.5i32.i32.i3, i3 2, i32 %bnn_top_int_const_unsigned_int_const_int_const_unsigned_int_const_int_co_296, i3 3, i32 %bnn_top_int_const_unsigned_int_const_int_const_unsigned_int_const_int_co_297, i3 4, i32 %bnn_top_int_const_unsigned_int_const_int_const_unsigned_int_const_int_co_298, i3 0, i32 %bnn_top_int_const_unsigned_int_const_int_const_unsigned_int_const_int_co_299, i3 1, i32 %bnn_top_int_const_unsigned_int_const_int_const_unsigned_int_const_int_co_300, i32 0, i3 %trunc_ln130_2" [bnn.cpp:132]   --->   Operation 148 'sparsemux' 's2' <Predicate = true> <Delay = 0.57> <CoreInst = "BinarySparseMux_DontCare">   --->   Core 149 'BinarySparseMux_DontCare' <Latency = 0> <II = 1> <Delay = 0.57> <FuncUnit> <Opcode : 'sparsemux'> <InPorts = 2> <OutPorts = 1>
ST_12 : Operation 149 [1/2] ( I:1.23ns O:1.23ns )   --->   "%bnn_top_int_const_unsigned_int_const_int_const_unsigned_int_const_int_co_306 = load i8 %bnn_top_int_const_unsigned_int_const_int_const_unsigned_int_const_int_co_301" [bnn.cpp:133]   --->   Operation 149 'load' 'bnn_top_int_const_unsigned_int_const_int_const_unsigned_int_const_int_co_306' <Predicate = (trunc_ln130_2 == 1)> <Delay = 1.23> <CoreInst = "RAM">   --->   Core 82 'RAM' <Latency = 1> <II = 1> <Delay = 1.23> <Storage> <Opcode : 'load' 'store'> <Ports = 2> <Width = 32> <Depth = 205> <RAM>
ST_12 : Operation 150 [1/2] ( I:1.23ns O:1.23ns )   --->   "%bnn_top_int_const_unsigned_int_const_int_const_unsigned_int_const_int_co_307 = load i8 %bnn_top_int_const_unsigned_int_const_int_const_unsigned_int_const_int_co_302" [bnn.cpp:133]   --->   Operation 150 'load' 'bnn_top_int_const_unsigned_int_const_int_const_unsigned_int_const_int_co_307' <Predicate = (trunc_ln130_2 == 2)> <Delay = 1.23> <CoreInst = "RAM">   --->   Core 82 'RAM' <Latency = 1> <II = 1> <Delay = 1.23> <Storage> <Opcode : 'load' 'store'> <Ports = 2> <Width = 32> <Depth = 205> <RAM>
ST_12 : Operation 151 [1/2] ( I:1.23ns O:1.23ns )   --->   "%bnn_top_int_const_unsigned_int_const_int_const_unsigned_int_const_int_co_308 = load i8 %bnn_top_int_const_unsigned_int_const_int_const_unsigned_int_const_int_co_303" [bnn.cpp:133]   --->   Operation 151 'load' 'bnn_top_int_const_unsigned_int_const_int_const_unsigned_int_const_int_co_308' <Predicate = (trunc_ln130_2 == 3)> <Delay = 1.23> <CoreInst = "RAM">   --->   Core 82 'RAM' <Latency = 1> <II = 1> <Delay = 1.23> <Storage> <Opcode : 'load' 'store'> <Ports = 2> <Width = 32> <Depth = 205> <RAM>
ST_12 : Operation 152 [1/2] ( I:1.23ns O:1.23ns )   --->   "%bnn_top_int_const_unsigned_int_const_int_const_unsigned_int_const_int_co_309 = load i8 %bnn_top_int_const_unsigned_int_const_int_const_unsigned_int_const_int_co_304" [bnn.cpp:133]   --->   Operation 152 'load' 'bnn_top_int_const_unsigned_int_const_int_const_unsigned_int_const_int_co_309' <Predicate = (trunc_ln130_2 == 4)> <Delay = 1.23> <CoreInst = "RAM">   --->   Core 82 'RAM' <Latency = 1> <II = 1> <Delay = 1.23> <Storage> <Opcode : 'load' 'store'> <Ports = 2> <Width = 32> <Depth = 205> <RAM>
ST_12 : Operation 153 [1/2] ( I:1.23ns O:1.23ns )   --->   "%bnn_top_int_const_unsigned_int_const_int_const_unsigned_int_const_int_co_310 = load i8 %bnn_top_int_const_unsigned_int_const_int_const_unsigned_int_const_int_co_305" [bnn.cpp:133]   --->   Operation 153 'load' 'bnn_top_int_const_unsigned_int_const_int_const_unsigned_int_const_int_co_310' <Predicate = (trunc_ln130_2 == 0)> <Delay = 1.23> <CoreInst = "RAM">   --->   Core 82 'RAM' <Latency = 1> <II = 1> <Delay = 1.23> <Storage> <Opcode : 'load' 'store'> <Ports = 2> <Width = 32> <Depth = 205> <RAM>
ST_12 : Operation 154 [1/1] (0.57ns)   --->   "%s3 = sparsemux i32 @_ssdm_op_SparseMux.ap_auto.5i32.i32.i3, i3 1, i32 %bnn_top_int_const_unsigned_int_const_int_const_unsigned_int_const_int_co_306, i3 2, i32 %bnn_top_int_const_unsigned_int_const_int_const_unsigned_int_const_int_co_307, i3 3, i32 %bnn_top_int_const_unsigned_int_const_int_const_unsigned_int_const_int_co_308, i3 4, i32 %bnn_top_int_const_unsigned_int_const_int_const_unsigned_int_const_int_co_309, i3 0, i32 %bnn_top_int_const_unsigned_int_const_int_const_unsigned_int_const_int_co_310, i32 0, i3 %trunc_ln130_2" [bnn.cpp:133]   --->   Operation 154 'sparsemux' 's3' <Predicate = true> <Delay = 0.57> <CoreInst = "BinarySparseMux_DontCare">   --->   Core 149 'BinarySparseMux_DontCare' <Latency = 0> <II = 1> <Delay = 0.57> <FuncUnit> <Opcode : 'sparsemux'> <InPorts = 2> <OutPorts = 1>
ST_12 : Operation 155 [1/1] (1.01ns)   --->   "%icmp_ln134_1 = icmp_sgt  i32 %s2, i32 %m_9" [bnn.cpp:134]   --->   Operation 155 'icmp' 'icmp_ln134_1' <Predicate = true> <Delay = 1.01> <CoreInst = "Cmp">   --->   Core 9 'Cmp' <Latency = 0> <II = 1> <Delay = 1.01> <FuncUnit> <Opcode : 'seteq' 'setne' 'setle' 'setge' 'setlt' 'setgt'> <InPorts = 2> <OutPorts = 1>
ST_12 : Operation 156 [1/1] (0.44ns)   --->   "%m_11 = select i1 %icmp_ln134_1, i32 %s2, i32 %m_9" [bnn.cpp:134]   --->   Operation 156 'select' 'm_11' <Predicate = true> <Delay = 0.44> <CoreInst = "Sel">   --->   Core 73 'Sel' <Latency = 0> <II = 1> <Delay = 0.44> <FuncUnit> <Opcode : 'select'> <InPorts = 3> <OutPorts = 1>
ST_12 : Operation 157 [1/1] (1.01ns)   --->   "%icmp_ln134_2 = icmp_sgt  i32 %s3, i32 %m_11" [bnn.cpp:134]   --->   Operation 157 'icmp' 'icmp_ln134_2' <Predicate = true> <Delay = 1.01> <CoreInst = "Cmp">   --->   Core 9 'Cmp' <Latency = 0> <II = 1> <Delay = 1.01> <FuncUnit> <Opcode : 'seteq' 'setne' 'setle' 'setge' 'setlt' 'setgt'> <InPorts = 2> <OutPorts = 1>
ST_12 : Operation 158 [1/1] (0.00ns) (grouped into LUT with out node icmp_ln135)   --->   "%select_ln134 = select i1 %icmp_ln134_2, i32 %s3, i32 %m_11" [bnn.cpp:134]   --->   Operation 158 'select' 'select_ln134' <Predicate = true> <Delay = 0.00> <CoreInst = "Sel">   --->   Core 73 'Sel' <Latency = 0> <II = 1> <Delay = 0.44> <FuncUnit> <Opcode : 'select'> <InPorts = 3> <OutPorts = 1>
ST_12 : Operation 159 [1/1] (0.00ns) (grouped into LUT with out node icmp_ln135)   --->   "%shl_ln = bitconcatenate i40 @_ssdm_op_BitConcatenate.i40.i32.i8, i32 %select_ln134, i8 0" [bnn.cpp:135]   --->   Operation 159 'bitconcatenate' 'shl_ln' <Predicate = true> <Delay = 0.00>
ST_12 : Operation 160 [1/1] (1.03ns) (out node of the LUT)   --->   "%icmp_ln135 = icmp_sgt  i40 %shl_ln, i40 %sext_ln135_cast" [bnn.cpp:135]   --->   Operation 160 'icmp' 'icmp_ln135' <Predicate = true> <Delay = 1.03> <CoreInst = "Cmp">   --->   Core 9 'Cmp' <Latency = 0> <II = 1> <Delay = 1.03> <FuncUnit> <Opcode : 'seteq' 'setne' 'setle' 'setge' 'setlt' 'setgt'> <InPorts = 2> <OutPorts = 1>
ST_12 : Operation 161 [1/1] (0.00ns)   --->   "%tmp12 = bitconcatenate i10 @_ssdm_op_BitConcatenate.i10.i6.i1.i3, i6 %oc_2_read, i1 0, i3 %select_ln127" [bnn.cpp:135]   --->   Operation 161 'bitconcatenate' 'tmp12' <Predicate = true> <Delay = 0.00>
ST_12 : Operation 162 [1/1] (0.78ns)   --->   "%add_ln135 = add i10 %tmp12, i10 %zext_ln128" [bnn.cpp:135]   --->   Operation 162 'add' 'add_ln135' <Predicate = true> <Delay = 0.78> <CoreInst = "Adder">   --->   Core 1 'Adder' <Latency = 0> <II = 1> <Delay = 0.78> <FuncUnit> <Opcode : 'add' 'sub'> <InPorts = 2> <OutPorts = 1>
ST_12 : Operation 163 [1/1] (0.00ns)   --->   "%zext_ln135 = zext i10 %add_ln135" [bnn.cpp:135]   --->   Operation 163 'zext' 'zext_ln135' <Predicate = true> <Delay = 0.00>
ST_12 : Operation 164 [1/1] (0.00ns)   --->   "%l3_addr = getelementptr i1 %l3, i64 0, i64 %zext_ln135" [bnn.cpp:135]   --->   Operation 164 'getelementptr' 'l3_addr' <Predicate = true> <Delay = 0.00>
ST_12 : Operation 165 [1/1] ( I:1.23ns O:1.23ns )   --->   "%store_ln135 = store i1 %icmp_ln135, i10 %l3_addr" [bnn.cpp:135]   --->   Operation 165 'store' 'store_ln135' <Predicate = true> <Delay = 1.23> <CoreInst = "RAM">   --->   Core 82 'RAM' <Latency = 1> <II = 1> <Delay = 1.23> <Storage> <Opcode : 'load' 'store'> <Ports = 2> <Width = 1> <Depth = 1024> <RAM>
ST_12 : Operation 166 [1/1] (0.00ns)   --->   "%br_ln128 = br void %for.body387" [bnn.cpp:128]   --->   Operation 166 'br' 'br_ln128' <Predicate = true> <Delay = 0.00>


============================================================
+ Verbose Summary: Timing violations
============================================================
Target clock period: 10.000ns, clock uncertainty: 2.700ns.

 <State 1>: 5.489ns
The critical path consists of the following:
	'store' operation ('store_ln127', bnn.cpp:127) of constant 0 3 bit on local variable 'ph', bnn.cpp:127 [16]  (0.427 ns)
	'load' operation 3 bit ('ph_load', bnn.cpp:127) on local variable 'ph', bnn.cpp:127 [26]  (0.000 ns)
	'add' operation 3 bit ('add_ln127_1', bnn.cpp:127) [31]  (0.673 ns)
	'select' operation 3 bit ('select_ln127_1', bnn.cpp:127) [32]  (0.208 ns)
	'add' operation 5 bit ('add_ln130_2', bnn.cpp:130) [46]  (0.789 ns)
	'add' operation 6 bit of DSP[50] ('add_ln130_1', bnn.cpp:130) [48]  (2.396 ns)
	'mul' operation 13 bit of DSP[50] ('mul_ln130', bnn.cpp:130) [50]  (0.996 ns)

 <State 2>: 1.064ns
The critical path consists of the following:
	'urem' operation 3 bit ('urem_ln130', bnn.cpp:130) [53]  (1.064 ns)

 <State 3>: 1.064ns
The critical path consists of the following:
	'urem' operation 3 bit ('urem_ln130', bnn.cpp:130) [53]  (1.064 ns)

 <State 4>: 1.064ns
The critical path consists of the following:
	'urem' operation 3 bit ('urem_ln130', bnn.cpp:130) [53]  (1.064 ns)

 <State 5>: 1.064ns
The critical path consists of the following:
	'urem' operation 3 bit ('urem_ln130', bnn.cpp:130) [53]  (1.064 ns)

 <State 6>: 1.064ns
The critical path consists of the following:
	'urem' operation 3 bit ('urem_ln130', bnn.cpp:130) [53]  (1.064 ns)

 <State 7>: 1.064ns
The critical path consists of the following:
	'urem' operation 3 bit ('urem_ln130', bnn.cpp:130) [53]  (1.064 ns)

 <State 8>: 1.064ns
The critical path consists of the following:
	'urem' operation 3 bit ('urem_ln130', bnn.cpp:130) [53]  (1.064 ns)

 <State 9>: 1.064ns
The critical path consists of the following:
	'urem' operation 3 bit ('urem_ln130', bnn.cpp:130) [53]  (1.064 ns)

 <State 10>: 2.887ns
The critical path consists of the following:
	'mul' operation 13 bit ('mul_ln131', bnn.cpp:131) [68]  (1.650 ns)
	'getelementptr' operation 8 bit ('bnn_top_int_const_unsigned_int_const_int_const_unsigned_int_const_int_co_281', bnn.cpp:131) [71]  (0.000 ns)
	'load' operation 32 bit ('bnn_top_int_const_unsigned_int_const_int_const_unsigned_int_const_int_co_286', bnn.cpp:131) on array 'bnn_top_int_const_unsigned_int_const_int_const_unsigned_int_const_int_co_4' [76]  (1.237 ns)

 <State 11>: 3.276ns
The critical path consists of the following:
	'load' operation 32 bit ('bnn_top_int_const_unsigned_int_const_int_const_unsigned_int_const_int_co_276', bnn.cpp:130) on array 'bnn_top_int_const_unsigned_int_const_int_const_unsigned_int_const_int_co_4' [60]  (1.237 ns)
	'sparsemux' operation 32 bit ('s0', bnn.cpp:130) [65]  (0.574 ns)
	'icmp' operation 1 bit ('icmp_ln134', bnn.cpp:134) [114]  (1.016 ns)
	'select' operation 32 bit ('m', bnn.cpp:134) [115]  (0.449 ns)

 <State 12>: 6.563ns
The critical path consists of the following:
	'load' operation 32 bit ('bnn_top_int_const_unsigned_int_const_int_const_unsigned_int_const_int_co_296', bnn.cpp:132) on array 'bnn_top_int_const_unsigned_int_const_int_const_unsigned_int_const_int_co_4' [92]  (1.237 ns)
	'sparsemux' operation 32 bit ('s2', bnn.cpp:132) [97]  (0.574 ns)
	'icmp' operation 1 bit ('icmp_ln134_1', bnn.cpp:134) [116]  (1.016 ns)
	'select' operation 32 bit ('m', bnn.cpp:134) [117]  (0.449 ns)
	'icmp' operation 1 bit ('icmp_ln134_2', bnn.cpp:134) [118]  (1.016 ns)
	'select' operation 32 bit ('select_ln134', bnn.cpp:134) [119]  (0.000 ns)
	'icmp' operation 1 bit ('icmp_ln135', bnn.cpp:135) [121]  (1.034 ns)
	'store' operation ('store_ln135', bnn.cpp:135) of variable 'icmp_ln135', bnn.cpp:135 1 bit on array 'l3' [126]  (1.237 ns)


============================================================
+ Verbose Summary: Binding
============================================================
N/A
* FSMD analyzer results:
  - Output states:
 - Input state : 
  - Chain level:
	State 1
	State 2
	State 3
	State 4
	State 5
	State 6
	State 7
	State 8
	State 9
	State 10
	State 11
	State 12


============================================================
+ Verbose Summary: Datapath Resource usage 
============================================================
N/A
