

================================================================
== Vitis HLS Report for 'bnn_top_Pipeline_VITIS_LOOP_50_2_VITIS_LOOP_51_3'
================================================================
* Date:           Mon Aug 24 01:28:37 2026

* Version:        2025.2 (Build 6295257 on Nov 12 2025)
* Project:        bnn_hls
* Solution:       sol1 (Vivado IP Flow Target)
* Product family: zynquplus
* Target device:  xczu7ev-ffvc1156-2-e


================================================================
== Performance Estimates
================================================================
+ Timing: 
    * Summary: 
    +--------+----------+----------+------------+
    |  Clock |  Target  | Estimated| Uncertainty|
    +--------+----------+----------+------------+
    |ap_clk  |  10.00 ns|  6.385 ns|     2.70 ns|
    +--------+----------+----------+------------+

+ Latency: 
    * Summary: 
    +---------+---------+-----------+-----------+-----+-----+-------------------+
    |  Latency (cycles) |   Latency (absolute)  |  Interval |      Pipeline     |
    |   min   |   max   |    min    |    max    | min | max |        Type       |
    +---------+---------+-----------+-----------+-----+-----+-------------------+
    |     2058|     2058|  20.580 us|  20.580 us|    0|    0|  loop pipeline stp|
    +---------+---------+-----------+-----------+-----+-----+-------------------+

    + Detail: 
        * Instance: 
        N/A

        * Loop: 
        +-----------------------------------+---------+---------+----------+-----------+-----------+------+----------+
        |                                   |  Latency (cycles) | Iteration|  Initiation Interval  | Trip |          |
        |             Loop Name             |   min   |   max   |  Latency |  achieved |   target  | Count| Pipelined|
        +-----------------------------------+---------+---------+----------+-----------+-----------+------+----------+
        |- VITIS_LOOP_50_2_VITIS_LOOP_51_3  |     2056|     2056|        11|          2|          1|  1024|       yes|
        +-----------------------------------+---------+---------+----------+-----------+-----------+------+----------+

============================================================
+ Verbose Summary: Synthesis Manager
============================================================
InlineROM: 1
ExposeGlobal: 0
============================================================
+ Verbose Summary: CDFG Model
============================================================
IsTopModel: 0
ResetActiveHigh: 1
IsCombinational: 0
IsDatapathOnly: 0
HasWiredReturn: 1
HasMFsm: 2
HasVarLatency: 1
IsPipeline: 0
IsRtlPipelined: 0
IsInstanceOverlapped: 0
IsDontTouch: 0
HasImplIP: 0
IsGatedGlobalClock: 0

+ Individual pipeline summary: 
  * Pipeline-0: initiation interval (II) = 2, depth = 11


============================================================
+ Verbose Summary: Schedule
============================================================
* Number of FSM states : 11
* Pipeline : 1
  Pipeline-0 : II = 2, D = 11, States = { 1 2 3 4 5 6 7 8 9 10 11 }
* Dataflow Pipeline: 0

* FSM state transitions: 
1 --> 2 
2 --> 3 
3 --> 4 
4 --> 5 
5 --> 6 
6 --> 7 
7 --> 8 
8 --> 9 
9 --> 10 
10 --> 11 
11 --> 

* FSM state operations: 

State 1 <SV = 0> <Delay = 3.98>
ST_1 : Operation 14 [1/1] (0.00ns)   --->   "%iw = alloca i32 1" [bnn.cpp:56]   --->   Operation 14 'alloca' 'iw' <Predicate = true> <Delay = 0.00>
ST_1 : Operation 15 [1/1] (0.00ns)   --->   "%oh = alloca i32 1" [bnn.cpp:50]   --->   Operation 15 'alloca' 'oh' <Predicate = true> <Delay = 0.00>
ST_1 : Operation 16 [1/1] (0.00ns)   --->   "%indvar_flatten = alloca i32 1"   --->   Operation 16 'alloca' 'indvar_flatten' <Predicate = true> <Delay = 0.00>
ST_1 : Operation 17 [1/1] (0.00ns)   --->   "%specinterface_ln0 = specinterface void @_ssdm_op_SpecInterface, i32 %img_3, void @empty_5, i32 0, i32 0, void @empty_2, i32 4294967295, i32 0, void @empty_2, void @empty_2, void @empty_2, i32 0, i32 0, i32 0, i32 0, void @empty_2, void @empty_2, i32 4294967295, i32 0, i32 0, i32 0"   --->   Operation 17 'specinterface' 'specinterface_ln0' <Predicate = true> <Delay = 0.00>
ST_1 : Operation 18 [1/1] (0.00ns)   --->   "%specinterface_ln0 = specinterface void @_ssdm_op_SpecInterface, i32 %img_2, void @empty_5, i32 0, i32 0, void @empty_2, i32 4294967295, i32 0, void @empty_2, void @empty_2, void @empty_2, i32 0, i32 0, i32 0, i32 0, void @empty_2, void @empty_2, i32 4294967295, i32 0, i32 0, i32 0"   --->   Operation 18 'specinterface' 'specinterface_ln0' <Predicate = true> <Delay = 0.00>
ST_1 : Operation 19 [1/1] (0.00ns)   --->   "%specinterface_ln0 = specinterface void @_ssdm_op_SpecInterface, i32 %img_1, void @empty_5, i32 0, i32 0, void @empty_2, i32 4294967295, i32 0, void @empty_2, void @empty_2, void @empty_2, i32 0, i32 0, i32 0, i32 0, void @empty_2, void @empty_2, i32 4294967295, i32 0, i32 0, i32 0"   --->   Operation 19 'specinterface' 'specinterface_ln0' <Predicate = true> <Delay = 0.00>
ST_1 : Operation 20 [1/1] (0.00ns)   --->   "%specinterface_ln0 = specinterface void @_ssdm_op_SpecInterface, i32 %img_0, void @empty_5, i32 0, i32 0, void @empty_2, i32 4294967295, i32 0, void @empty_2, void @empty_2, void @empty_2, i32 0, i32 0, i32 0, i32 0, void @empty_2, void @empty_2, i32 4294967295, i32 0, i32 0, i32 0"   --->   Operation 20 'specinterface' 'specinterface_ln0' <Predicate = true> <Delay = 0.00>
ST_1 : Operation 21 [1/1] (0.00ns)   --->   "%tmp = read i5 @_ssdm_op_Read.ap_auto.i5, i5 %empty"   --->   Operation 21 'read' 'tmp' <Predicate = true> <Delay = 0.00>
ST_1 : Operation 22 [1/1] (0.00ns)   --->   "%W1_load_8_read = read i32 @_ssdm_op_Read.ap_auto.i32, i32 %W1_load_8"   --->   Operation 22 'read' 'W1_load_8_read' <Predicate = true> <Delay = 0.00>
ST_1 : Operation 23 [1/1] (0.00ns)   --->   "%tmp_32 = read i5 @_ssdm_op_Read.ap_auto.i5, i5 %empty_40"   --->   Operation 23 'read' 'tmp_32' <Predicate = true> <Delay = 0.00>
ST_1 : Operation 24 [1/1] (0.00ns)   --->   "%W1_load_7_read = read i32 @_ssdm_op_Read.ap_auto.i32, i32 %W1_load_7"   --->   Operation 24 'read' 'W1_load_7_read' <Predicate = true> <Delay = 0.00>
ST_1 : Operation 25 [1/1] (0.00ns)   --->   "%tmp_33 = read i5 @_ssdm_op_Read.ap_auto.i5, i5 %empty_39"   --->   Operation 25 'read' 'tmp_33' <Predicate = true> <Delay = 0.00>
ST_1 : Operation 26 [1/1] (0.00ns)   --->   "%W1_load_6_read = read i32 @_ssdm_op_Read.ap_auto.i32, i32 %W1_load_6"   --->   Operation 26 'read' 'W1_load_6_read' <Predicate = true> <Delay = 0.00>
ST_1 : Operation 27 [1/1] (0.00ns)   --->   "%tmp_34 = read i5 @_ssdm_op_Read.ap_auto.i5, i5 %empty_38"   --->   Operation 27 'read' 'tmp_34' <Predicate = true> <Delay = 0.00>
ST_1 : Operation 28 [1/1] (0.00ns)   --->   "%W1_load_5_read = read i32 @_ssdm_op_Read.ap_auto.i32, i32 %W1_load_5"   --->   Operation 28 'read' 'W1_load_5_read' <Predicate = true> <Delay = 0.00>
ST_1 : Operation 29 [1/1] (0.00ns)   --->   "%cmp38_1_1_read = read i1 @_ssdm_op_Read.ap_auto.i1, i1 %cmp38_1_1"   --->   Operation 29 'read' 'cmp38_1_1_read' <Predicate = true> <Delay = 0.00>
ST_1 : Operation 30 [1/1] (0.00ns)   --->   "%tmp_35 = read i5 @_ssdm_op_Read.ap_auto.i5, i5 %empty_37"   --->   Operation 30 'read' 'tmp_35' <Predicate = true> <Delay = 0.00>
ST_1 : Operation 31 [1/1] (0.00ns)   --->   "%W1_load_4_read = read i32 @_ssdm_op_Read.ap_auto.i32, i32 %W1_load_4"   --->   Operation 31 'read' 'W1_load_4_read' <Predicate = true> <Delay = 0.00>
ST_1 : Operation 32 [1/1] (0.00ns)   --->   "%tmp_36 = read i5 @_ssdm_op_Read.ap_auto.i5, i5 %empty_36"   --->   Operation 32 'read' 'tmp_36' <Predicate = true> <Delay = 0.00>
ST_1 : Operation 33 [1/1] (0.00ns)   --->   "%W1_load_3_read = read i32 @_ssdm_op_Read.ap_auto.i32, i32 %W1_load_3"   --->   Operation 33 'read' 'W1_load_3_read' <Predicate = true> <Delay = 0.00>
ST_1 : Operation 34 [1/1] (0.00ns)   --->   "%tmp_37 = read i5 @_ssdm_op_Read.ap_auto.i5, i5 %empty_35"   --->   Operation 34 'read' 'tmp_37' <Predicate = true> <Delay = 0.00>
ST_1 : Operation 35 [1/1] (0.00ns)   --->   "%W1_load_2_read = read i32 @_ssdm_op_Read.ap_auto.i32, i32 %W1_load_2"   --->   Operation 35 'read' 'W1_load_2_read' <Predicate = true> <Delay = 0.00>
ST_1 : Operation 36 [1/1] (0.00ns)   --->   "%tmp_38 = read i5 @_ssdm_op_Read.ap_auto.i5, i5 %empty_34"   --->   Operation 36 'read' 'tmp_38' <Predicate = true> <Delay = 0.00>
ST_1 : Operation 37 [1/1] (0.00ns)   --->   "%W1_load_1_read = read i32 @_ssdm_op_Read.ap_auto.i32, i32 %W1_load_1"   --->   Operation 37 'read' 'W1_load_1_read' <Predicate = true> <Delay = 0.00>
ST_1 : Operation 38 [1/1] (0.42ns)   --->   "%store_ln0 = store i11 0, i11 %indvar_flatten"   --->   Operation 38 'store' 'store_ln0' <Predicate = true> <Delay = 0.42>
ST_1 : Operation 39 [1/1] (0.42ns)   --->   "%store_ln50 = store i6 0, i6 %oh" [bnn.cpp:50]   --->   Operation 39 'store' 'store_ln50' <Predicate = true> <Delay = 0.42>
ST_1 : Operation 40 [1/1] (0.42ns)   --->   "%store_ln56 = store i6 0, i6 %iw" [bnn.cpp:56]   --->   Operation 40 'store' 'store_ln56' <Predicate = true> <Delay = 0.42>
ST_1 : Operation 41 [1/1] (0.00ns)   --->   "%br_ln0 = br void %VITIS_LOOP_54_4"   --->   Operation 41 'br' 'br_ln0' <Predicate = true> <Delay = 0.00>
ST_1 : Operation 42 [1/1] (0.00ns)   --->   "%indvar_flatten_load = load i11 %indvar_flatten" [bnn.cpp:50]   --->   Operation 42 'load' 'indvar_flatten_load' <Predicate = true> <Delay = 0.00>
ST_1 : Operation 43 [1/1] (0.79ns)   --->   "%icmp_ln50 = icmp_eq  i11 %indvar_flatten_load, i11 1024" [bnn.cpp:50]   --->   Operation 43 'icmp' 'icmp_ln50' <Predicate = true> <Delay = 0.79> <CoreInst = "Cmp">   --->   Core 9 'Cmp' <Latency = 0> <II = 1> <Delay = 0.79> <FuncUnit> <Opcode : 'seteq' 'setne' 'setle' 'setge' 'setlt' 'setgt'> <InPorts = 2> <OutPorts = 1>
ST_1 : Operation 44 [1/1] (0.79ns)   --->   "%add_ln50 = add i11 %indvar_flatten_load, i11 1" [bnn.cpp:50]   --->   Operation 44 'add' 'add_ln50' <Predicate = true> <Delay = 0.79> <CoreInst = "Adder">   --->   Core 1 'Adder' <Latency = 0> <II = 1> <Delay = 0.79> <FuncUnit> <Opcode : 'add' 'sub'> <InPorts = 2> <OutPorts = 1>
ST_1 : Operation 45 [1/1] (0.00ns)   --->   "%br_ln50 = br i1 %icmp_ln50, void %for.inc53, void %VITIS_LOOP_65_6.exitStub" [bnn.cpp:50]   --->   Operation 45 'br' 'br_ln50' <Predicate = true> <Delay = 0.00>
ST_1 : Operation 46 [1/1] (0.00ns)   --->   "%iw_load = load i6 %iw" [bnn.cpp:51]   --->   Operation 46 'load' 'iw_load' <Predicate = (!icmp_ln50)> <Delay = 0.00>
ST_1 : Operation 47 [1/1] (0.00ns)   --->   "%oh_load = load i6 %oh" [bnn.cpp:56]   --->   Operation 47 'load' 'oh_load' <Predicate = (!icmp_ln50)> <Delay = 0.00>
ST_1 : Operation 48 [1/1] (0.78ns)   --->   "%icmp_ln51 = icmp_eq  i6 %iw_load, i6 32" [bnn.cpp:51]   --->   Operation 48 'icmp' 'icmp_ln51' <Predicate = (!icmp_ln50)> <Delay = 0.78> <CoreInst = "Cmp">   --->   Core 9 'Cmp' <Latency = 0> <II = 1> <Delay = 0.78> <FuncUnit> <Opcode : 'seteq' 'setne' 'setle' 'setge' 'setlt' 'setgt'> <InPorts = 2> <OutPorts = 1>
ST_1 : Operation 49 [1/1] (0.38ns)   --->   "%select_ln50 = select i1 %icmp_ln51, i6 0, i6 %iw_load" [bnn.cpp:50]   --->   Operation 49 'select' 'select_ln50' <Predicate = (!icmp_ln50)> <Delay = 0.38> <CoreInst = "Sel">   --->   Core 73 'Sel' <Latency = 0> <II = 1> <Delay = 0.38> <FuncUnit> <Opcode : 'select'> <InPorts = 3> <OutPorts = 1>
ST_1 : Operation 50 [1/1] (0.78ns)   --->   "%add_ln56_1 = add i6 %oh_load, i6 2" [bnn.cpp:56]   --->   Operation 50 'add' 'add_ln56_1' <Predicate = (!icmp_ln50)> <Delay = 0.78> <CoreInst = "Adder">   --->   Core 1 'Adder' <Latency = 0> <II = 1> <Delay = 0.78> <FuncUnit> <Opcode : 'add' 'sub'> <InPorts = 2> <OutPorts = 1>
ST_1 : Operation 51 [1/1] (0.78ns)   --->   "%add_ln56_4 = add i6 %oh_load, i6 1" [bnn.cpp:56]   --->   Operation 51 'add' 'add_ln56_4' <Predicate = (!icmp_ln50)> <Delay = 0.78> <CoreInst = "Adder">   --->   Core 1 'Adder' <Latency = 0> <II = 1> <Delay = 0.78> <FuncUnit> <Opcode : 'add' 'sub'> <InPorts = 2> <OutPorts = 1>
ST_1 : Operation 52 [1/1] (0.38ns)   --->   "%select_ln50_1 = select i1 %icmp_ln51, i6 %add_ln56_1, i6 %add_ln56_4" [bnn.cpp:50]   --->   Operation 52 'select' 'select_ln50_1' <Predicate = (!icmp_ln50)> <Delay = 0.38> <CoreInst = "Sel">   --->   Core 73 'Sel' <Latency = 0> <II = 1> <Delay = 0.38> <FuncUnit> <Opcode : 'select'> <InPorts = 3> <OutPorts = 1>
ST_1 : Operation 53 [1/1] (0.38ns)   --->   "%select_ln50_2 = select i1 %icmp_ln51, i6 %add_ln56_4, i6 %oh_load" [bnn.cpp:50]   --->   Operation 53 'select' 'select_ln50_2' <Predicate = (!icmp_ln50)> <Delay = 0.38> <CoreInst = "Sel">   --->   Core 73 'Sel' <Latency = 0> <II = 1> <Delay = 0.38> <FuncUnit> <Opcode : 'select'> <InPorts = 3> <OutPorts = 1>
ST_1 : Operation 54 [1/1] (0.00ns)   --->   "%trunc_ln63 = trunc i6 %select_ln50_2" [bnn.cpp:63]   --->   Operation 54 'trunc' 'trunc_ln63' <Predicate = (!icmp_ln50)> <Delay = 0.00>
ST_1 : Operation 55 [1/1] (0.00ns) (grouped into LUT with out node add_ln58_5)   --->   "%shl_ln63 = shl i6 %select_ln50_2, i6 1" [bnn.cpp:63]   --->   Operation 55 'shl' 'shl_ln63' <Predicate = (!icmp_ln50)> <Delay = 0.00>
ST_1 : Operation 56 [1/1] (0.00ns) (grouped into LUT with out node add_ln58_5)   --->   "%zext_ln56 = zext i6 %shl_ln63" [bnn.cpp:56]   --->   Operation 56 'zext' 'zext_ln56' <Predicate = (!icmp_ln50)> <Delay = 0.00>
ST_1 : Operation 57 [1/1] (0.00ns) (grouped into LUT with out node add_ln58_5)   --->   "%zext_ln51 = zext i6 %select_ln50" [bnn.cpp:51]   --->   Operation 57 'zext' 'zext_ln51' <Predicate = (!icmp_ln50)> <Delay = 0.00>
ST_1 : Operation 58 [1/1] (0.00ns)   --->   "%trunc_ln51 = trunc i6 %select_ln50" [bnn.cpp:51]   --->   Operation 58 'trunc' 'trunc_ln51' <Predicate = (!icmp_ln50)> <Delay = 0.00>
ST_1 : Operation 59 [1/1] (0.57ns)   --->   "%cmp = bitselect i1 @_ssdm_op_BitSelect.i1.i32.i5, i32 %W1_load_1_read, i5 %tmp_38" [bnn.cpp:59]   --->   Operation 59 'bitselect' 'cmp' <Predicate = (!icmp_ln50)> <Delay = 0.57> <CoreInst = "BitSelector">   --->   Core 153 'BitSelector' <Latency = 0> <II = 1> <Delay = 0.57> <FuncUnit> <Opcode : 'bitselect'> <InPorts = 2> <OutPorts = 1>
ST_1 : Operation 60 [1/1] (0.00ns)   --->   "%lshr_ln58_1 = partselect i3 @_ssdm_op_PartSelect.i3.i6.i32.i32, i6 %select_ln50, i32 2, i32 4" [bnn.cpp:58]   --->   Operation 60 'partselect' 'lshr_ln58_1' <Predicate = (!icmp_ln50)> <Delay = 0.00>
ST_1 : Operation 61 [1/1] (0.57ns)   --->   "%cmp38_s = bitselect i1 @_ssdm_op_BitSelect.i1.i32.i5, i32 %W1_load_2_read, i5 %tmp_37" [bnn.cpp:59]   --->   Operation 61 'bitselect' 'cmp38_s' <Predicate = (!icmp_ln50)> <Delay = 0.57> <CoreInst = "BitSelector">   --->   Core 153 'BitSelector' <Latency = 0> <II = 1> <Delay = 0.57> <FuncUnit> <Opcode : 'bitselect'> <InPorts = 2> <OutPorts = 1>
ST_1 : Operation 62 [1/1] (0.57ns)   --->   "%cmp38_3 = bitselect i1 @_ssdm_op_BitSelect.i1.i32.i5, i32 %W1_load_3_read, i5 %tmp_36" [bnn.cpp:59]   --->   Operation 62 'bitselect' 'cmp38_3' <Predicate = (!icmp_ln50)> <Delay = 0.57> <CoreInst = "BitSelector">   --->   Core 153 'BitSelector' <Latency = 0> <II = 1> <Delay = 0.57> <FuncUnit> <Opcode : 'bitselect'> <InPorts = 2> <OutPorts = 1>
ST_1 : Operation 63 [1/1] (0.57ns)   --->   "%cmp38_1 = bitselect i1 @_ssdm_op_BitSelect.i1.i32.i5, i32 %W1_load_4_read, i5 %tmp_35" [bnn.cpp:59]   --->   Operation 63 'bitselect' 'cmp38_1' <Predicate = (!icmp_ln50)> <Delay = 0.57> <CoreInst = "BitSelector">   --->   Core 153 'BitSelector' <Latency = 0> <II = 1> <Delay = 0.57> <FuncUnit> <Opcode : 'bitselect'> <InPorts = 2> <OutPorts = 1>
ST_1 : Operation 64 [1/1] (0.78ns) (out node of the LUT)   --->   "%add_ln58_5 = add i7 %zext_ln51, i7 %zext_ln56" [bnn.cpp:58]   --->   Operation 64 'add' 'add_ln58_5' <Predicate = (!icmp_ln50)> <Delay = 0.78> <CoreInst = "Adder">   --->   Core 1 'Adder' <Latency = 0> <II = 1> <Delay = 0.78> <FuncUnit> <Opcode : 'add' 'sub'> <InPorts = 2> <OutPorts = 1>
ST_1 : Operation 65 [11/11] (1.61ns)   --->   "%urem_ln58 = urem i7 %add_ln58_5, i7 5" [bnn.cpp:58]   --->   Operation 65 'urem' 'urem_ln58' <Predicate = (!icmp_ln50)> <Delay = 1.61> <CoreInst = "Divider">   --->   Core 6 'Divider' <Latency = 10> <II = 1> <Delay = 1.61> <FuncUnit> <Opcode : 'udiv' 'sdiv' 'urem' 'srem'> <InPorts = 2> <OutPorts = 1>
ST_1 : Operation 66 [1/1] (0.57ns)   --->   "%cmp38_1_2 = bitselect i1 @_ssdm_op_BitSelect.i1.i32.i5, i32 %W1_load_5_read, i5 %tmp_34" [bnn.cpp:59]   --->   Operation 66 'bitselect' 'cmp38_1_2' <Predicate = (!icmp_ln50)> <Delay = 0.57> <CoreInst = "BitSelector">   --->   Core 153 'BitSelector' <Latency = 0> <II = 1> <Delay = 0.57> <FuncUnit> <Opcode : 'bitselect'> <InPorts = 2> <OutPorts = 1>
ST_1 : Operation 67 [1/1] (0.57ns)   --->   "%cmp38_2 = bitselect i1 @_ssdm_op_BitSelect.i1.i32.i5, i32 %W1_load_6_read, i5 %tmp_33" [bnn.cpp:59]   --->   Operation 67 'bitselect' 'cmp38_2' <Predicate = (!icmp_ln50)> <Delay = 0.57> <CoreInst = "BitSelector">   --->   Core 153 'BitSelector' <Latency = 0> <II = 1> <Delay = 0.57> <FuncUnit> <Opcode : 'bitselect'> <InPorts = 2> <OutPorts = 1>
ST_1 : Operation 68 [1/1] (0.57ns)   --->   "%cmp38_2_1 = bitselect i1 @_ssdm_op_BitSelect.i1.i32.i5, i32 %W1_load_7_read, i5 %tmp_32" [bnn.cpp:59]   --->   Operation 68 'bitselect' 'cmp38_2_1' <Predicate = (!icmp_ln50)> <Delay = 0.57> <CoreInst = "BitSelector">   --->   Core 153 'BitSelector' <Latency = 0> <II = 1> <Delay = 0.57> <FuncUnit> <Opcode : 'bitselect'> <InPorts = 2> <OutPorts = 1>
ST_1 : Operation 69 [1/1] (0.57ns)   --->   "%cmp38_2_2 = bitselect i1 @_ssdm_op_BitSelect.i1.i32.i5, i32 %W1_load_8_read, i5 %tmp" [bnn.cpp:59]   --->   Operation 69 'bitselect' 'cmp38_2_2' <Predicate = (!icmp_ln50)> <Delay = 0.57> <CoreInst = "BitSelector">   --->   Core 153 'BitSelector' <Latency = 0> <II = 1> <Delay = 0.57> <FuncUnit> <Opcode : 'bitselect'> <InPorts = 2> <OutPorts = 1>
ST_1 : Operation 70 [1/1] (0.42ns)   --->   "%store_ln50 = store i11 %add_ln50, i11 %indvar_flatten" [bnn.cpp:50]   --->   Operation 70 'store' 'store_ln50' <Predicate = (!icmp_ln50)> <Delay = 0.42>
ST_1 : Operation 71 [1/1] (0.42ns)   --->   "%store_ln50 = store i6 %select_ln50_2, i6 %oh" [bnn.cpp:50]   --->   Operation 71 'store' 'store_ln50' <Predicate = (!icmp_ln50)> <Delay = 0.42>

State 2 <SV = 1> <Delay = 1.61>
ST_2 : Operation 72 [1/1] (0.78ns)   --->   "%add_ln56_3 = add i6 %select_ln50, i6 1" [bnn.cpp:56]   --->   Operation 72 'add' 'add_ln56_3' <Predicate = (!icmp_ln50)> <Delay = 0.78> <CoreInst = "Adder">   --->   Core 1 'Adder' <Latency = 0> <II = 1> <Delay = 0.78> <FuncUnit> <Opcode : 'add' 'sub'> <InPorts = 2> <OutPorts = 1>
ST_2 : Operation 73 [1/1] (0.00ns)   --->   "%lshr_ln58_2 = partselect i4 @_ssdm_op_PartSelect.i4.i6.i32.i32, i6 %add_ln56_3, i32 2, i32 5" [bnn.cpp:58]   --->   Operation 73 'partselect' 'lshr_ln58_2' <Predicate = (!icmp_ln50)> <Delay = 0.00>
ST_2 : Operation 74 [10/11] (1.61ns)   --->   "%urem_ln58 = urem i7 %add_ln58_5, i7 5" [bnn.cpp:58]   --->   Operation 74 'urem' 'urem_ln58' <Predicate = (!icmp_ln50)> <Delay = 1.61> <CoreInst = "Divider">   --->   Core 6 'Divider' <Latency = 10> <II = 1> <Delay = 1.61> <FuncUnit> <Opcode : 'udiv' 'sdiv' 'urem' 'srem'> <InPorts = 2> <OutPorts = 1>
ST_2 : Operation 75 [1/1] (0.42ns)   --->   "%store_ln56 = store i6 %add_ln56_3, i6 %iw" [bnn.cpp:56]   --->   Operation 75 'store' 'store_ln56' <Predicate = (!icmp_ln50)> <Delay = 0.42>
ST_2 : Operation 76 [1/1] (0.00ns)   --->   "%br_ln51 = br void %VITIS_LOOP_54_4" [bnn.cpp:51]   --->   Operation 76 'br' 'br_ln51' <Predicate = (!icmp_ln50)> <Delay = 0.00>

State 3 <SV = 2> <Delay = 1.61>
ST_3 : Operation 77 [9/11] (1.61ns)   --->   "%urem_ln58 = urem i7 %add_ln58_5, i7 5" [bnn.cpp:58]   --->   Operation 77 'urem' 'urem_ln58' <Predicate = true> <Delay = 1.61> <CoreInst = "Divider">   --->   Core 6 'Divider' <Latency = 10> <II = 1> <Delay = 1.61> <FuncUnit> <Opcode : 'udiv' 'sdiv' 'urem' 'srem'> <InPorts = 2> <OutPorts = 1>

State 4 <SV = 3> <Delay = 1.61>
ST_4 : Operation 78 [8/11] (1.61ns)   --->   "%urem_ln58 = urem i7 %add_ln58_5, i7 5" [bnn.cpp:58]   --->   Operation 78 'urem' 'urem_ln58' <Predicate = true> <Delay = 1.61> <CoreInst = "Divider">   --->   Core 6 'Divider' <Latency = 10> <II = 1> <Delay = 1.61> <FuncUnit> <Opcode : 'udiv' 'sdiv' 'urem' 'srem'> <InPorts = 2> <OutPorts = 1>

State 5 <SV = 4> <Delay = 1.61>
ST_5 : Operation 79 [7/11] (1.61ns)   --->   "%urem_ln58 = urem i7 %add_ln58_5, i7 5" [bnn.cpp:58]   --->   Operation 79 'urem' 'urem_ln58' <Predicate = true> <Delay = 1.61> <CoreInst = "Divider">   --->   Core 6 'Divider' <Latency = 10> <II = 1> <Delay = 1.61> <FuncUnit> <Opcode : 'udiv' 'sdiv' 'urem' 'srem'> <InPorts = 2> <OutPorts = 1>

State 6 <SV = 5> <Delay = 1.61>
ST_6 : Operation 80 [6/11] (1.61ns)   --->   "%urem_ln58 = urem i7 %add_ln58_5, i7 5" [bnn.cpp:58]   --->   Operation 80 'urem' 'urem_ln58' <Predicate = true> <Delay = 1.61> <CoreInst = "Divider">   --->   Core 6 'Divider' <Latency = 10> <II = 1> <Delay = 1.61> <FuncUnit> <Opcode : 'udiv' 'sdiv' 'urem' 'srem'> <InPorts = 2> <OutPorts = 1>

State 7 <SV = 6> <Delay = 3.14>
ST_7 : Operation 81 [1/1] (0.78ns)   --->   "%add_ln56 = add i6 %select_ln50_2, i6 63" [bnn.cpp:56]   --->   Operation 81 'add' 'add_ln56' <Predicate = true> <Delay = 0.78> <CoreInst = "Adder">   --->   Core 1 'Adder' <Latency = 0> <II = 1> <Delay = 0.78> <FuncUnit> <Opcode : 'add' 'sub'> <InPorts = 2> <OutPorts = 1>
ST_7 : Operation 82 [1/1] (0.00ns)   --->   "%tmp_39 = bitselect i1 @_ssdm_op_BitSelect.i1.i6.i32, i6 %add_ln56, i32 5" [bnn.cpp:57]   --->   Operation 82 'bitselect' 'tmp_39' <Predicate = true> <Delay = 0.00>
ST_7 : Operation 83 [1/1] (0.00ns)   --->   "%trunc_ln58 = trunc i6 %add_ln56" [bnn.cpp:58]   --->   Operation 83 'trunc' 'trunc_ln58' <Predicate = true> <Delay = 0.00>
ST_7 : Operation 84 [1/1] (0.78ns)   --->   "%add_ln56_2 = add i6 %select_ln50, i6 63" [bnn.cpp:56]   --->   Operation 84 'add' 'add_ln56_2' <Predicate = true> <Delay = 0.78> <CoreInst = "Adder">   --->   Core 1 'Adder' <Latency = 0> <II = 1> <Delay = 0.78> <FuncUnit> <Opcode : 'add' 'sub'> <InPorts = 2> <OutPorts = 1>
ST_7 : Operation 85 [1/1] (0.00ns)   --->   "%trunc_ln1 = partselect i4 @_ssdm_op_PartSelect.i4.i6.i32.i32, i6 %add_ln56_2, i32 2, i32 5" [bnn.cpp:58]   --->   Operation 85 'partselect' 'trunc_ln1' <Predicate = true> <Delay = 0.00>
ST_7 : Operation 86 [1/1] (0.00ns) (grouped into LUT with out node icmp_ln57)   --->   "%or_ln57_1 = or i6 %add_ln56, i6 %add_ln56_3" [bnn.cpp:57]   --->   Operation 86 'or' 'or_ln57_1' <Predicate = true> <Delay = 0.00> <CoreInst = "LogicGate">   --->   Core 74 'LogicGate' <Latency = 0> <II = 1> <Delay = 0.35> <FuncUnit> <Opcode : 'and' 'or' 'xor'> <InPorts = 2> <OutPorts = 1>
ST_7 : Operation 87 [1/1] (0.00ns) (grouped into LUT with out node icmp_ln57)   --->   "%tmp_42 = bitselect i1 @_ssdm_op_BitSelect.i1.i6.i32, i6 %or_ln57_1, i32 5" [bnn.cpp:57]   --->   Operation 87 'bitselect' 'tmp_42' <Predicate = true> <Delay = 0.00>
ST_7 : Operation 88 [1/1] (0.00ns) (grouped into LUT with out node icmp_ln57)   --->   "%tmp_43 = bitconcatenate i2 @_ssdm_op_BitConcatenate.i2.i1.i1, i1 %tmp_39, i1 %tmp_42" [bnn.cpp:57]   --->   Operation 88 'bitconcatenate' 'tmp_43' <Predicate = true> <Delay = 0.00>
ST_7 : Operation 89 [1/1] (0.54ns) (out node of the LUT)   --->   "%icmp_ln57 = icmp_eq  i2 %tmp_43, i2 0" [bnn.cpp:57]   --->   Operation 89 'icmp' 'icmp_ln57' <Predicate = true> <Delay = 0.54> <CoreInst = "Cmp">   --->   Core 9 'Cmp' <Latency = 0> <II = 1> <Delay = 0.54> <FuncUnit> <Opcode : 'seteq' 'setne' 'setle' 'setge' 'setlt' 'setgt'> <InPorts = 2> <OutPorts = 1>
ST_7 : Operation 90 [1/1] (0.00ns)   --->   "%tmp_44 = bitselect i1 @_ssdm_op_BitSelect.i1.i6.i32, i6 %add_ln56_2, i32 5" [bnn.cpp:57]   --->   Operation 90 'bitselect' 'tmp_44' <Predicate = true> <Delay = 0.00>
ST_7 : Operation 91 [1/1] (0.00ns)   --->   "%zext_ln58_5 = zext i7 %add_ln58_5" [bnn.cpp:58]   --->   Operation 91 'zext' 'zext_ln58_5' <Predicate = true> <Delay = 0.00>
ST_7 : Operation 92 [1/1] (0.00ns)   --->   "%p_shl = bitconcatenate i10 @_ssdm_op_BitConcatenate.i10.i5.i5, i5 %trunc_ln63, i5 0" [bnn.cpp:58]   --->   Operation 92 'bitconcatenate' 'p_shl' <Predicate = true> <Delay = 0.00>
ST_7 : Operation 93 [1/1] (0.00ns)   --->   "%tmp_45 = bitconcatenate i7 @_ssdm_op_BitConcatenate.i7.i6.i1, i6 %select_ln50_2, i1 0" [bnn.cpp:58]   --->   Operation 93 'bitconcatenate' 'tmp_45' <Predicate = true> <Delay = 0.00>
ST_7 : Operation 94 [1/1] (0.00ns)   --->   "%zext_ln58_6 = zext i7 %tmp_45" [bnn.cpp:58]   --->   Operation 94 'zext' 'zext_ln58_6' <Predicate = true> <Delay = 0.00>
ST_7 : Operation 95 [1/1] (0.00ns) (grouped into TernaryAdder)   --->   "%sub_ln58 = sub i10 %p_shl, i10 %zext_ln58_6" [bnn.cpp:58]   --->   Operation 95 'sub' 'sub_ln58' <Predicate = true> <Delay = 0.00> <CoreInst = "TAddSub">   --->   Core 10 'TAddSub' <Latency = 0> <II = 1> <Delay = 0.48> <IPBlock> <Opcode : 'add' 'sub'> <InPorts = 3> <OutPorts = 1> <Sync> <CReg>
ST_7 : Operation 96 [1/1] (0.96ns) (root node of TernaryAdder)   --->   "%add_ln58_6 = add i10 %zext_ln58_5, i10 %sub_ln58" [bnn.cpp:58]   --->   Operation 96 'add' 'add_ln58_6' <Predicate = true> <Delay = 0.96> <CoreInst = "TAddSub">   --->   Core 10 'TAddSub' <Latency = 0> <II = 1> <Delay = 0.48> <IPBlock> <Opcode : 'add' 'sub'> <InPorts = 3> <OutPorts = 1> <Sync> <CReg>
ST_7 : Operation 97 [1/1] (0.00ns)   --->   "%zext_ln58_13 = zext i10 %add_ln58_6" [bnn.cpp:58]   --->   Operation 97 'zext' 'zext_ln58_13' <Predicate = true> <Delay = 0.00>
ST_7 : Operation 98 [1/1] (2.18ns)   --->   "%mul_ln58 = mul i21 %zext_ln58_13, i21 1639" [bnn.cpp:58]   --->   Operation 98 'mul' 'mul_ln58' <Predicate = true> <Delay = 2.18> <CoreInst = "Multiplier">   --->   Core 3 'Multiplier' <Latency = 0> <II = 1> <Delay = 2.18> <FuncUnit> <Opcode : 'mul'> <InPorts = 2> <OutPorts = 1>
ST_7 : Operation 99 [1/1] (0.00ns)   --->   "%tmp_46 = partselect i8 @_ssdm_op_PartSelect.i8.i21.i32.i32, i21 %mul_ln58, i32 13, i32 20" [bnn.cpp:58]   --->   Operation 99 'partselect' 'tmp_46' <Predicate = true> <Delay = 0.00>
ST_7 : Operation 100 [5/11] (1.61ns)   --->   "%urem_ln58 = urem i7 %add_ln58_5, i7 5" [bnn.cpp:58]   --->   Operation 100 'urem' 'urem_ln58' <Predicate = true> <Delay = 1.61> <CoreInst = "Divider">   --->   Core 6 'Divider' <Latency = 10> <II = 1> <Delay = 1.61> <FuncUnit> <Opcode : 'udiv' 'sdiv' 'urem' 'srem'> <InPorts = 2> <OutPorts = 1>

State 8 <SV = 7> <Delay = 1.61>
ST_8 : Operation 101 [1/1] (0.00ns)   --->   "%shl_ln1 = bitconcatenate i8 @_ssdm_op_BitConcatenate.i8.i5.i3, i5 %trunc_ln58, i3 0" [bnn.cpp:58]   --->   Operation 101 'bitconcatenate' 'shl_ln1' <Predicate = true> <Delay = 0.00>
ST_8 : Operation 102 [1/1] (0.00ns)   --->   "%shl_ln58_1 = bitconcatenate i8 @_ssdm_op_BitConcatenate.i8.i5.i3, i5 %trunc_ln63, i3 0" [bnn.cpp:58]   --->   Operation 102 'bitconcatenate' 'shl_ln58_1' <Predicate = true> <Delay = 0.00>
ST_8 : Operation 103 [1/1] (0.76ns)   --->   "%add_ln58 = add i8 %shl_ln58_1, i8 8" [bnn.cpp:58]   --->   Operation 103 'add' 'add_ln58' <Predicate = true> <Delay = 0.76> <CoreInst = "Adder">   --->   Core 1 'Adder' <Latency = 0> <II = 1> <Delay = 0.76> <FuncUnit> <Opcode : 'add' 'sub'> <InPorts = 2> <OutPorts = 1>
ST_8 : Operation 104 [1/1] (0.00ns)   --->   "%sext_ln58 = sext i4 %trunc_ln1" [bnn.cpp:58]   --->   Operation 104 'sext' 'sext_ln58' <Predicate = true> <Delay = 0.00>
ST_8 : Operation 105 [1/1] (0.76ns)   --->   "%add_ln58_1 = add i8 %sext_ln58, i8 %shl_ln1" [bnn.cpp:58]   --->   Operation 105 'add' 'add_ln58_1' <Predicate = true> <Delay = 0.76> <CoreInst = "Adder">   --->   Core 1 'Adder' <Latency = 0> <II = 1> <Delay = 0.76> <FuncUnit> <Opcode : 'add' 'sub'> <InPorts = 2> <OutPorts = 1>
ST_8 : Operation 106 [1/1] (0.00ns)   --->   "%zext_ln58 = zext i8 %add_ln58_1" [bnn.cpp:58]   --->   Operation 106 'zext' 'zext_ln58' <Predicate = true> <Delay = 0.00>
ST_8 : Operation 107 [1/1] (0.00ns)   --->   "%img_0_addr = getelementptr i32 %img_0, i64 0, i64 %zext_ln58" [bnn.cpp:58]   --->   Operation 107 'getelementptr' 'img_0_addr' <Predicate = (trunc_ln51 == 1)> <Delay = 0.00>
ST_8 : Operation 108 [2/2] (0.00ns)   --->   "%img_0_load = load i8 %img_0_addr" [bnn.cpp:58]   --->   Operation 108 'load' 'img_0_load' <Predicate = (trunc_ln51 == 1)> <Delay = 0.00> <CoreInst = "RAM">   --->   Core 82 'RAM' <Latency = 1> <II = 1> <Delay = 1.23> <Storage> <Opcode : 'load' 'store'> <Ports = 2> <Width = 32> <Depth = 256> <RAM>
ST_8 : Operation 109 [1/1] (0.00ns)   --->   "%img_1_addr = getelementptr i32 %img_1, i64 0, i64 %zext_ln58" [bnn.cpp:58]   --->   Operation 109 'getelementptr' 'img_1_addr' <Predicate = (trunc_ln51 == 2)> <Delay = 0.00>
ST_8 : Operation 110 [2/2] (0.00ns)   --->   "%img_1_load = load i8 %img_1_addr" [bnn.cpp:58]   --->   Operation 110 'load' 'img_1_load' <Predicate = (trunc_ln51 == 2)> <Delay = 0.00> <CoreInst = "RAM">   --->   Core 82 'RAM' <Latency = 1> <II = 1> <Delay = 1.23> <Storage> <Opcode : 'load' 'store'> <Ports = 2> <Width = 32> <Depth = 256> <RAM>
ST_8 : Operation 111 [1/1] (0.00ns)   --->   "%img_2_addr = getelementptr i32 %img_2, i64 0, i64 %zext_ln58" [bnn.cpp:58]   --->   Operation 111 'getelementptr' 'img_2_addr' <Predicate = (trunc_ln51 == 3)> <Delay = 0.00>
ST_8 : Operation 112 [2/2] (0.00ns)   --->   "%img_2_load = load i8 %img_2_addr" [bnn.cpp:58]   --->   Operation 112 'load' 'img_2_load' <Predicate = (trunc_ln51 == 3)> <Delay = 0.00> <CoreInst = "RAM">   --->   Core 82 'RAM' <Latency = 1> <II = 1> <Delay = 1.23> <Storage> <Opcode : 'load' 'store'> <Ports = 2> <Width = 32> <Depth = 256> <RAM>
ST_8 : Operation 113 [1/1] (0.00ns)   --->   "%img_3_addr = getelementptr i32 %img_3, i64 0, i64 %zext_ln58" [bnn.cpp:58]   --->   Operation 113 'getelementptr' 'img_3_addr' <Predicate = (trunc_ln51 == 0)> <Delay = 0.00>
ST_8 : Operation 114 [2/2] (0.00ns)   --->   "%img_3_load = load i8 %img_3_addr" [bnn.cpp:58]   --->   Operation 114 'load' 'img_3_load' <Predicate = (trunc_ln51 == 0)> <Delay = 0.00> <CoreInst = "RAM">   --->   Core 82 'RAM' <Latency = 1> <II = 1> <Delay = 1.23> <Storage> <Opcode : 'load' 'store'> <Ports = 2> <Width = 32> <Depth = 256> <RAM>
ST_8 : Operation 115 [1/1] (0.00ns)   --->   "%add_ln58_2 = bitconcatenate i8 @_ssdm_op_BitConcatenate.i8.i5.i3, i5 %trunc_ln58, i3 %lshr_ln58_1" [bnn.cpp:58]   --->   Operation 115 'bitconcatenate' 'add_ln58_2' <Predicate = (!tmp_39)> <Delay = 0.00>
ST_8 : Operation 116 [1/1] (0.00ns)   --->   "%zext_ln58_1 = zext i8 %add_ln58_2" [bnn.cpp:58]   --->   Operation 116 'zext' 'zext_ln58_1' <Predicate = (!tmp_39)> <Delay = 0.00>
ST_8 : Operation 117 [1/1] (0.00ns)   --->   "%img_0_addr_1 = getelementptr i32 %img_0, i64 0, i64 %zext_ln58_1" [bnn.cpp:58]   --->   Operation 117 'getelementptr' 'img_0_addr_1' <Predicate = (!tmp_39 & trunc_ln51 == 0)> <Delay = 0.00>
ST_8 : Operation 118 [2/2] (0.00ns)   --->   "%img_0_load_1 = load i8 %img_0_addr_1" [bnn.cpp:58]   --->   Operation 118 'load' 'img_0_load_1' <Predicate = (!tmp_39 & trunc_ln51 == 0)> <Delay = 0.00> <CoreInst = "RAM">   --->   Core 82 'RAM' <Latency = 1> <II = 1> <Delay = 1.23> <Storage> <Opcode : 'load' 'store'> <Ports = 2> <Width = 32> <Depth = 256> <RAM>
ST_8 : Operation 119 [1/1] (0.00ns)   --->   "%img_1_addr_1 = getelementptr i32 %img_1, i64 0, i64 %zext_ln58_1" [bnn.cpp:58]   --->   Operation 119 'getelementptr' 'img_1_addr_1' <Predicate = (!tmp_39 & trunc_ln51 == 1)> <Delay = 0.00>
ST_8 : Operation 120 [2/2] (0.00ns)   --->   "%img_1_load_1 = load i8 %img_1_addr_1" [bnn.cpp:58]   --->   Operation 120 'load' 'img_1_load_1' <Predicate = (!tmp_39 & trunc_ln51 == 1)> <Delay = 0.00> <CoreInst = "RAM">   --->   Core 82 'RAM' <Latency = 1> <II = 1> <Delay = 1.23> <Storage> <Opcode : 'load' 'store'> <Ports = 2> <Width = 32> <Depth = 256> <RAM>
ST_8 : Operation 121 [1/1] (0.00ns)   --->   "%img_2_addr_1 = getelementptr i32 %img_2, i64 0, i64 %zext_ln58_1" [bnn.cpp:58]   --->   Operation 121 'getelementptr' 'img_2_addr_1' <Predicate = (!tmp_39 & trunc_ln51 == 2)> <Delay = 0.00>
ST_8 : Operation 122 [2/2] (0.00ns)   --->   "%img_2_load_1 = load i8 %img_2_addr_1" [bnn.cpp:58]   --->   Operation 122 'load' 'img_2_load_1' <Predicate = (!tmp_39 & trunc_ln51 == 2)> <Delay = 0.00> <CoreInst = "RAM">   --->   Core 82 'RAM' <Latency = 1> <II = 1> <Delay = 1.23> <Storage> <Opcode : 'load' 'store'> <Ports = 2> <Width = 32> <Depth = 256> <RAM>
ST_8 : Operation 123 [1/1] (0.00ns)   --->   "%img_3_addr_1 = getelementptr i32 %img_3, i64 0, i64 %zext_ln58_1" [bnn.cpp:58]   --->   Operation 123 'getelementptr' 'img_3_addr_1' <Predicate = (!tmp_39 & trunc_ln51 == 3)> <Delay = 0.00>
ST_8 : Operation 124 [2/2] (0.00ns)   --->   "%img_3_load_1 = load i8 %img_3_addr_1" [bnn.cpp:58]   --->   Operation 124 'load' 'img_3_load_1' <Predicate = (!tmp_39 & trunc_ln51 == 3)> <Delay = 0.00> <CoreInst = "RAM">   --->   Core 82 'RAM' <Latency = 1> <II = 1> <Delay = 1.23> <Storage> <Opcode : 'load' 'store'> <Ports = 2> <Width = 32> <Depth = 256> <RAM>
ST_8 : Operation 125 [1/1] (0.00ns)   --->   "%zext_ln58_2 = zext i4 %lshr_ln58_2" [bnn.cpp:58]   --->   Operation 125 'zext' 'zext_ln58_2' <Predicate = true> <Delay = 0.00>
ST_8 : Operation 126 [1/1] (0.76ns)   --->   "%add_ln58_3 = add i8 %zext_ln58_2, i8 %shl_ln1" [bnn.cpp:58]   --->   Operation 126 'add' 'add_ln58_3' <Predicate = (icmp_ln57)> <Delay = 0.76> <CoreInst = "Adder">   --->   Core 1 'Adder' <Latency = 0> <II = 1> <Delay = 0.76> <FuncUnit> <Opcode : 'add' 'sub'> <InPorts = 2> <OutPorts = 1>
ST_8 : Operation 127 [1/1] (0.00ns)   --->   "%zext_ln58_3 = zext i8 %add_ln58_3" [bnn.cpp:58]   --->   Operation 127 'zext' 'zext_ln58_3' <Predicate = (icmp_ln57)> <Delay = 0.00>
ST_8 : Operation 128 [1/1] (0.00ns)   --->   "%img_0_addr_2 = getelementptr i32 %img_0, i64 0, i64 %zext_ln58_3" [bnn.cpp:58]   --->   Operation 128 'getelementptr' 'img_0_addr_2' <Predicate = (icmp_ln57 & trunc_ln51 == 3)> <Delay = 0.00>
ST_8 : Operation 129 [2/2] (0.00ns)   --->   "%img_0_load_2 = load i8 %img_0_addr_2" [bnn.cpp:58]   --->   Operation 129 'load' 'img_0_load_2' <Predicate = (icmp_ln57 & trunc_ln51 == 3)> <Delay = 0.00> <CoreInst = "RAM">   --->   Core 82 'RAM' <Latency = 1> <II = 1> <Delay = 1.23> <Storage> <Opcode : 'load' 'store'> <Ports = 2> <Width = 32> <Depth = 256> <RAM>
ST_8 : Operation 130 [1/1] (0.00ns)   --->   "%img_1_addr_2 = getelementptr i32 %img_1, i64 0, i64 %zext_ln58_3" [bnn.cpp:58]   --->   Operation 130 'getelementptr' 'img_1_addr_2' <Predicate = (icmp_ln57 & trunc_ln51 == 0)> <Delay = 0.00>
ST_8 : Operation 131 [2/2] (0.00ns)   --->   "%img_1_load_2 = load i8 %img_1_addr_2" [bnn.cpp:58]   --->   Operation 131 'load' 'img_1_load_2' <Predicate = (icmp_ln57 & trunc_ln51 == 0)> <Delay = 0.00> <CoreInst = "RAM">   --->   Core 82 'RAM' <Latency = 1> <II = 1> <Delay = 1.23> <Storage> <Opcode : 'load' 'store'> <Ports = 2> <Width = 32> <Depth = 256> <RAM>
ST_8 : Operation 132 [1/1] (0.00ns)   --->   "%img_2_addr_2 = getelementptr i32 %img_2, i64 0, i64 %zext_ln58_3" [bnn.cpp:58]   --->   Operation 132 'getelementptr' 'img_2_addr_2' <Predicate = (icmp_ln57 & trunc_ln51 == 1)> <Delay = 0.00>
ST_8 : Operation 133 [2/2] (0.00ns)   --->   "%img_2_load_2 = load i8 %img_2_addr_2" [bnn.cpp:58]   --->   Operation 133 'load' 'img_2_load_2' <Predicate = (icmp_ln57 & trunc_ln51 == 1)> <Delay = 0.00> <CoreInst = "RAM">   --->   Core 82 'RAM' <Latency = 1> <II = 1> <Delay = 1.23> <Storage> <Opcode : 'load' 'store'> <Ports = 2> <Width = 32> <Depth = 256> <RAM>
ST_8 : Operation 134 [1/1] (0.00ns)   --->   "%img_3_addr_2 = getelementptr i32 %img_3, i64 0, i64 %zext_ln58_3" [bnn.cpp:58]   --->   Operation 134 'getelementptr' 'img_3_addr_2' <Predicate = (icmp_ln57 & trunc_ln51 == 2)> <Delay = 0.00>
ST_8 : Operation 135 [2/2] (0.00ns)   --->   "%img_3_load_2 = load i8 %img_3_addr_2" [bnn.cpp:58]   --->   Operation 135 'load' 'img_3_load_2' <Predicate = (icmp_ln57 & trunc_ln51 == 2)> <Delay = 0.00> <CoreInst = "RAM">   --->   Core 82 'RAM' <Latency = 1> <II = 1> <Delay = 1.23> <Storage> <Opcode : 'load' 'store'> <Ports = 2> <Width = 32> <Depth = 256> <RAM>
ST_8 : Operation 136 [1/1] (0.76ns)   --->   "%add_ln58_4 = add i8 %sext_ln58, i8 %shl_ln58_1" [bnn.cpp:58]   --->   Operation 136 'add' 'add_ln58_4' <Predicate = (!tmp_44)> <Delay = 0.76> <CoreInst = "Adder">   --->   Core 1 'Adder' <Latency = 0> <II = 1> <Delay = 0.76> <FuncUnit> <Opcode : 'add' 'sub'> <InPorts = 2> <OutPorts = 1>
ST_8 : Operation 137 [1/1] (0.00ns)   --->   "%zext_ln58_4 = zext i8 %add_ln58_4" [bnn.cpp:58]   --->   Operation 137 'zext' 'zext_ln58_4' <Predicate = (!tmp_44)> <Delay = 0.00>
ST_8 : Operation 138 [1/1] (0.00ns)   --->   "%img_0_addr_3 = getelementptr i32 %img_0, i64 0, i64 %zext_ln58_4" [bnn.cpp:58]   --->   Operation 138 'getelementptr' 'img_0_addr_3' <Predicate = (!tmp_44 & trunc_ln51 == 1)> <Delay = 0.00>
ST_8 : Operation 139 [2/2] (0.00ns)   --->   "%img_0_load_3 = load i8 %img_0_addr_3" [bnn.cpp:58]   --->   Operation 139 'load' 'img_0_load_3' <Predicate = (!tmp_44 & trunc_ln51 == 1)> <Delay = 0.00> <CoreInst = "RAM">   --->   Core 82 'RAM' <Latency = 1> <II = 1> <Delay = 1.23> <Storage> <Opcode : 'load' 'store'> <Ports = 2> <Width = 32> <Depth = 256> <RAM>
ST_8 : Operation 140 [1/1] (0.00ns)   --->   "%img_1_addr_3 = getelementptr i32 %img_1, i64 0, i64 %zext_ln58_4" [bnn.cpp:58]   --->   Operation 140 'getelementptr' 'img_1_addr_3' <Predicate = (!tmp_44 & trunc_ln51 == 2)> <Delay = 0.00>
ST_8 : Operation 141 [2/2] (0.00ns)   --->   "%img_1_load_3 = load i8 %img_1_addr_3" [bnn.cpp:58]   --->   Operation 141 'load' 'img_1_load_3' <Predicate = (!tmp_44 & trunc_ln51 == 2)> <Delay = 0.00> <CoreInst = "RAM">   --->   Core 82 'RAM' <Latency = 1> <II = 1> <Delay = 1.23> <Storage> <Opcode : 'load' 'store'> <Ports = 2> <Width = 32> <Depth = 256> <RAM>
ST_8 : Operation 142 [1/1] (0.00ns)   --->   "%img_2_addr_3 = getelementptr i32 %img_2, i64 0, i64 %zext_ln58_4" [bnn.cpp:58]   --->   Operation 142 'getelementptr' 'img_2_addr_3' <Predicate = (!tmp_44 & trunc_ln51 == 3)> <Delay = 0.00>
ST_8 : Operation 143 [2/2] (0.00ns)   --->   "%img_2_load_3 = load i8 %img_2_addr_3" [bnn.cpp:58]   --->   Operation 143 'load' 'img_2_load_3' <Predicate = (!tmp_44 & trunc_ln51 == 3)> <Delay = 0.00> <CoreInst = "RAM">   --->   Core 82 'RAM' <Latency = 1> <II = 1> <Delay = 1.23> <Storage> <Opcode : 'load' 'store'> <Ports = 2> <Width = 32> <Depth = 256> <RAM>
ST_8 : Operation 144 [1/1] (0.00ns)   --->   "%img_3_addr_3 = getelementptr i32 %img_3, i64 0, i64 %zext_ln58_4" [bnn.cpp:58]   --->   Operation 144 'getelementptr' 'img_3_addr_3' <Predicate = (!tmp_44 & trunc_ln51 == 0)> <Delay = 0.00>
ST_8 : Operation 145 [2/2] (0.00ns)   --->   "%img_3_load_3 = load i8 %img_3_addr_3" [bnn.cpp:58]   --->   Operation 145 'load' 'img_3_load_3' <Predicate = (!tmp_44 & trunc_ln51 == 0)> <Delay = 0.00> <CoreInst = "RAM">   --->   Core 82 'RAM' <Latency = 1> <II = 1> <Delay = 1.23> <Storage> <Opcode : 'load' 'store'> <Ports = 2> <Width = 32> <Depth = 256> <RAM>
ST_8 : Operation 146 [4/11] (1.61ns)   --->   "%urem_ln58 = urem i7 %add_ln58_5, i7 5" [bnn.cpp:58]   --->   Operation 146 'urem' 'urem_ln58' <Predicate = true> <Delay = 1.61> <CoreInst = "Divider">   --->   Core 6 'Divider' <Latency = 10> <II = 1> <Delay = 1.61> <FuncUnit> <Opcode : 'udiv' 'sdiv' 'urem' 'srem'> <InPorts = 2> <OutPorts = 1>
ST_8 : Operation 147 [1/1] (0.00ns)   --->   "%add_ln58_7 = bitconcatenate i8 @_ssdm_op_BitConcatenate.i8.i5.i3, i5 %trunc_ln63, i3 %lshr_ln58_1" [bnn.cpp:58]   --->   Operation 147 'bitconcatenate' 'add_ln58_7' <Predicate = true> <Delay = 0.00>
ST_8 : Operation 148 [1/1] (0.00ns)   --->   "%zext_ln58_8 = zext i8 %add_ln58_7" [bnn.cpp:58]   --->   Operation 148 'zext' 'zext_ln58_8' <Predicate = true> <Delay = 0.00>
ST_8 : Operation 149 [1/1] (0.00ns)   --->   "%img_0_addr_4 = getelementptr i32 %img_0, i64 0, i64 %zext_ln58_8" [bnn.cpp:58]   --->   Operation 149 'getelementptr' 'img_0_addr_4' <Predicate = (trunc_ln51 == 0)> <Delay = 0.00>
ST_8 : Operation 150 [2/2] (0.00ns)   --->   "%img_0_load_4 = load i8 %img_0_addr_4" [bnn.cpp:58]   --->   Operation 150 'load' 'img_0_load_4' <Predicate = (trunc_ln51 == 0)> <Delay = 0.00> <CoreInst = "RAM">   --->   Core 82 'RAM' <Latency = 1> <II = 1> <Delay = 1.23> <Storage> <Opcode : 'load' 'store'> <Ports = 2> <Width = 32> <Depth = 256> <RAM>
ST_8 : Operation 151 [1/1] (0.00ns)   --->   "%img_1_addr_4 = getelementptr i32 %img_1, i64 0, i64 %zext_ln58_8" [bnn.cpp:58]   --->   Operation 151 'getelementptr' 'img_1_addr_4' <Predicate = (trunc_ln51 == 1)> <Delay = 0.00>
ST_8 : Operation 152 [2/2] (0.00ns)   --->   "%img_1_load_4 = load i8 %img_1_addr_4" [bnn.cpp:58]   --->   Operation 152 'load' 'img_1_load_4' <Predicate = (trunc_ln51 == 1)> <Delay = 0.00> <CoreInst = "RAM">   --->   Core 82 'RAM' <Latency = 1> <II = 1> <Delay = 1.23> <Storage> <Opcode : 'load' 'store'> <Ports = 2> <Width = 32> <Depth = 256> <RAM>
ST_8 : Operation 153 [1/1] (0.00ns)   --->   "%img_2_addr_4 = getelementptr i32 %img_2, i64 0, i64 %zext_ln58_8" [bnn.cpp:58]   --->   Operation 153 'getelementptr' 'img_2_addr_4' <Predicate = (trunc_ln51 == 2)> <Delay = 0.00>
ST_8 : Operation 154 [2/2] (0.00ns)   --->   "%img_2_load_4 = load i8 %img_2_addr_4" [bnn.cpp:58]   --->   Operation 154 'load' 'img_2_load_4' <Predicate = (trunc_ln51 == 2)> <Delay = 0.00> <CoreInst = "RAM">   --->   Core 82 'RAM' <Latency = 1> <II = 1> <Delay = 1.23> <Storage> <Opcode : 'load' 'store'> <Ports = 2> <Width = 32> <Depth = 256> <RAM>
ST_8 : Operation 155 [1/1] (0.00ns)   --->   "%img_3_addr_4 = getelementptr i32 %img_3, i64 0, i64 %zext_ln58_8" [bnn.cpp:58]   --->   Operation 155 'getelementptr' 'img_3_addr_4' <Predicate = (trunc_ln51 == 3)> <Delay = 0.00>
ST_8 : Operation 156 [2/2] (0.00ns)   --->   "%img_3_load_4 = load i8 %img_3_addr_4" [bnn.cpp:58]   --->   Operation 156 'load' 'img_3_load_4' <Predicate = (trunc_ln51 == 3)> <Delay = 0.00> <CoreInst = "RAM">   --->   Core 82 'RAM' <Latency = 1> <II = 1> <Delay = 1.23> <Storage> <Opcode : 'load' 'store'> <Ports = 2> <Width = 32> <Depth = 256> <RAM>
ST_8 : Operation 157 [1/1] (0.76ns)   --->   "%add_ln58_8 = add i8 %zext_ln58_2, i8 %shl_ln58_1" [bnn.cpp:58]   --->   Operation 157 'add' 'add_ln58_8' <Predicate = true> <Delay = 0.76> <CoreInst = "Adder">   --->   Core 1 'Adder' <Latency = 0> <II = 1> <Delay = 0.76> <FuncUnit> <Opcode : 'add' 'sub'> <InPorts = 2> <OutPorts = 1>
ST_8 : Operation 158 [1/1] (0.00ns)   --->   "%zext_ln58_9 = zext i8 %add_ln58_8" [bnn.cpp:58]   --->   Operation 158 'zext' 'zext_ln58_9' <Predicate = true> <Delay = 0.00>
ST_8 : Operation 159 [1/1] (0.00ns)   --->   "%img_0_addr_5 = getelementptr i32 %img_0, i64 0, i64 %zext_ln58_9" [bnn.cpp:58]   --->   Operation 159 'getelementptr' 'img_0_addr_5' <Predicate = (trunc_ln51 == 3)> <Delay = 0.00>
ST_8 : Operation 160 [2/2] (0.00ns)   --->   "%img_0_load_5 = load i8 %img_0_addr_5" [bnn.cpp:58]   --->   Operation 160 'load' 'img_0_load_5' <Predicate = (trunc_ln51 == 3)> <Delay = 0.00> <CoreInst = "RAM">   --->   Core 82 'RAM' <Latency = 1> <II = 1> <Delay = 1.23> <Storage> <Opcode : 'load' 'store'> <Ports = 2> <Width = 32> <Depth = 256> <RAM>
ST_8 : Operation 161 [1/1] (0.00ns)   --->   "%img_1_addr_5 = getelementptr i32 %img_1, i64 0, i64 %zext_ln58_9" [bnn.cpp:58]   --->   Operation 161 'getelementptr' 'img_1_addr_5' <Predicate = (trunc_ln51 == 0)> <Delay = 0.00>
ST_8 : Operation 162 [2/2] (0.00ns)   --->   "%img_1_load_5 = load i8 %img_1_addr_5" [bnn.cpp:58]   --->   Operation 162 'load' 'img_1_load_5' <Predicate = (trunc_ln51 == 0)> <Delay = 0.00> <CoreInst = "RAM">   --->   Core 82 'RAM' <Latency = 1> <II = 1> <Delay = 1.23> <Storage> <Opcode : 'load' 'store'> <Ports = 2> <Width = 32> <Depth = 256> <RAM>
ST_8 : Operation 163 [1/1] (0.00ns)   --->   "%img_2_addr_5 = getelementptr i32 %img_2, i64 0, i64 %zext_ln58_9" [bnn.cpp:58]   --->   Operation 163 'getelementptr' 'img_2_addr_5' <Predicate = (trunc_ln51 == 1)> <Delay = 0.00>
ST_8 : Operation 164 [2/2] (0.00ns)   --->   "%img_2_load_5 = load i8 %img_2_addr_5" [bnn.cpp:58]   --->   Operation 164 'load' 'img_2_load_5' <Predicate = (trunc_ln51 == 1)> <Delay = 0.00> <CoreInst = "RAM">   --->   Core 82 'RAM' <Latency = 1> <II = 1> <Delay = 1.23> <Storage> <Opcode : 'load' 'store'> <Ports = 2> <Width = 32> <Depth = 256> <RAM>
ST_8 : Operation 165 [1/1] (0.00ns)   --->   "%img_3_addr_5 = getelementptr i32 %img_3, i64 0, i64 %zext_ln58_9" [bnn.cpp:58]   --->   Operation 165 'getelementptr' 'img_3_addr_5' <Predicate = (trunc_ln51 == 2)> <Delay = 0.00>
ST_8 : Operation 166 [2/2] (0.00ns)   --->   "%img_3_load_5 = load i8 %img_3_addr_5" [bnn.cpp:58]   --->   Operation 166 'load' 'img_3_load_5' <Predicate = (trunc_ln51 == 2)> <Delay = 0.00> <CoreInst = "RAM">   --->   Core 82 'RAM' <Latency = 1> <II = 1> <Delay = 1.23> <Storage> <Opcode : 'load' 'store'> <Ports = 2> <Width = 32> <Depth = 256> <RAM>
ST_8 : Operation 167 [1/1] (0.00ns) (grouped into LUT with out node icmp_ln57_1)   --->   "%or_ln57_2 = or i6 %add_ln56_2, i6 %select_ln50_1" [bnn.cpp:57]   --->   Operation 167 'or' 'or_ln57_2' <Predicate = true> <Delay = 0.00> <CoreInst = "LogicGate">   --->   Core 74 'LogicGate' <Latency = 0> <II = 1> <Delay = 0.35> <FuncUnit> <Opcode : 'and' 'or' 'xor'> <InPorts = 2> <OutPorts = 1>
ST_8 : Operation 168 [1/1] (0.00ns) (grouped into LUT with out node icmp_ln57_1)   --->   "%tmp_48 = bitselect i1 @_ssdm_op_BitSelect.i1.i6.i32, i6 %or_ln57_2, i32 5" [bnn.cpp:57]   --->   Operation 168 'bitselect' 'tmp_48' <Predicate = true> <Delay = 0.00>
ST_8 : Operation 169 [1/1] (0.00ns) (grouped into LUT with out node icmp_ln57_1)   --->   "%tmp_49 = bitconcatenate i2 @_ssdm_op_BitConcatenate.i2.i1.i1, i1 %tmp_44, i1 %tmp_48" [bnn.cpp:57]   --->   Operation 169 'bitconcatenate' 'tmp_49' <Predicate = true> <Delay = 0.00>
ST_8 : Operation 170 [1/1] (0.54ns) (out node of the LUT)   --->   "%icmp_ln57_1 = icmp_eq  i2 %tmp_49, i2 0" [bnn.cpp:57]   --->   Operation 170 'icmp' 'icmp_ln57_1' <Predicate = true> <Delay = 0.54> <CoreInst = "Cmp">   --->   Core 9 'Cmp' <Latency = 0> <II = 1> <Delay = 0.54> <FuncUnit> <Opcode : 'seteq' 'setne' 'setle' 'setge' 'setlt' 'setgt'> <InPorts = 2> <OutPorts = 1>
ST_8 : Operation 171 [1/1] (0.76ns)   --->   "%add_ln58_9 = add i8 %sext_ln58, i8 %add_ln58" [bnn.cpp:58]   --->   Operation 171 'add' 'add_ln58_9' <Predicate = true> <Delay = 0.76> <CoreInst = "Adder">   --->   Core 1 'Adder' <Latency = 0> <II = 1> <Delay = 0.76> <FuncUnit> <Opcode : 'add' 'sub'> <InPorts = 2> <OutPorts = 1>
ST_8 : Operation 172 [1/1] (0.00ns)   --->   "%tmp_s = partselect i5 @_ssdm_op_PartSelect.i5.i8.i32.i32, i8 %add_ln58, i32 3, i32 7" [bnn.cpp:58]   --->   Operation 172 'partselect' 'tmp_s' <Predicate = true> <Delay = 0.00>
ST_8 : Operation 173 [1/1] (0.76ns)   --->   "%add_ln58_10 = add i8 %zext_ln58_2, i8 %add_ln58" [bnn.cpp:58]   --->   Operation 173 'add' 'add_ln58_10' <Predicate = true> <Delay = 0.76> <CoreInst = "Adder">   --->   Core 1 'Adder' <Latency = 0> <II = 1> <Delay = 0.76> <FuncUnit> <Opcode : 'add' 'sub'> <InPorts = 2> <OutPorts = 1>

State 9 <SV = 8> <Delay = 6.38>
ST_9 : Operation 174 [1/1] (0.00ns) (grouped into LUT with out node acc_2)   --->   "%or_ln57 = or i6 %add_ln56_2, i6 %add_ln56" [bnn.cpp:57]   --->   Operation 174 'or' 'or_ln57' <Predicate = true> <Delay = 0.00> <CoreInst = "LogicGate">   --->   Core 74 'LogicGate' <Latency = 0> <II = 1> <Delay = 0.35> <FuncUnit> <Opcode : 'and' 'or' 'xor'> <InPorts = 2> <OutPorts = 1>
ST_9 : Operation 175 [1/1] (0.00ns) (grouped into LUT with out node acc_2)   --->   "%tmp_41 = bitselect i1 @_ssdm_op_BitSelect.i1.i6.i32, i6 %or_ln57, i32 5" [bnn.cpp:57]   --->   Operation 175 'bitselect' 'tmp_41' <Predicate = true> <Delay = 0.00>
ST_9 : Operation 176 [1/2] ( I:0.00ns O:0.00ns )   --->   "%img_0_load = load i8 %img_0_addr" [bnn.cpp:58]   --->   Operation 176 'load' 'img_0_load' <Predicate = (trunc_ln51 == 1)> <Delay = 0.00> <CoreInst = "RAM">   --->   Core 82 'RAM' <Latency = 1> <II = 1> <Delay = 1.23> <Storage> <Opcode : 'load' 'store'> <Ports = 2> <Width = 32> <Depth = 256> <RAM>
ST_9 : Operation 177 [1/2] ( I:0.00ns O:0.00ns )   --->   "%img_1_load = load i8 %img_1_addr" [bnn.cpp:58]   --->   Operation 177 'load' 'img_1_load' <Predicate = (trunc_ln51 == 2)> <Delay = 0.00> <CoreInst = "RAM">   --->   Core 82 'RAM' <Latency = 1> <II = 1> <Delay = 1.23> <Storage> <Opcode : 'load' 'store'> <Ports = 2> <Width = 32> <Depth = 256> <RAM>
ST_9 : Operation 178 [1/2] ( I:0.00ns O:0.00ns )   --->   "%img_2_load = load i8 %img_2_addr" [bnn.cpp:58]   --->   Operation 178 'load' 'img_2_load' <Predicate = (trunc_ln51 == 3)> <Delay = 0.00> <CoreInst = "RAM">   --->   Core 82 'RAM' <Latency = 1> <II = 1> <Delay = 1.23> <Storage> <Opcode : 'load' 'store'> <Ports = 2> <Width = 32> <Depth = 256> <RAM>
ST_9 : Operation 179 [1/2] ( I:0.00ns O:0.00ns )   --->   "%img_3_load = load i8 %img_3_addr" [bnn.cpp:58]   --->   Operation 179 'load' 'img_3_load' <Predicate = (trunc_ln51 == 0)> <Delay = 0.00> <CoreInst = "RAM">   --->   Core 82 'RAM' <Latency = 1> <II = 1> <Delay = 1.23> <Storage> <Opcode : 'load' 'store'> <Ports = 2> <Width = 32> <Depth = 256> <RAM>
ST_9 : Operation 180 [1/1] (0.52ns)   --->   "%v = sparsemux i32 @_ssdm_op_SparseMux.ap_auto.4i32.i32.i2, i2 1, i32 %img_0_load, i2 2, i32 %img_1_load, i2 3, i32 %img_2_load, i2 0, i32 %img_3_load, i32 0, i2 %trunc_ln51" [bnn.cpp:58]   --->   Operation 180 'sparsemux' 'v' <Predicate = true> <Delay = 0.52> <CoreInst = "BinarySparseMux_DontCare">   --->   Core 149 'BinarySparseMux_DontCare' <Latency = 0> <II = 1> <Delay = 0.52> <FuncUnit> <Opcode : 'sparsemux'> <InPorts = 2> <OutPorts = 1>
ST_9 : Operation 181 [1/1] (1.01ns)   --->   "%acc = sub i32 0, i32 %v" [bnn.cpp:60]   --->   Operation 181 'sub' 'acc' <Predicate = (!cmp)> <Delay = 1.01> <CoreInst = "Adder">   --->   Core 1 'Adder' <Latency = 0> <II = 1> <Delay = 1.01> <FuncUnit> <Opcode : 'add' 'sub'> <InPorts = 2> <OutPorts = 1>
ST_9 : Operation 182 [1/1] (0.00ns) (grouped into LUT with out node acc_2)   --->   "%acc_22 = select i1 %cmp, i32 %v, i32 %acc" [bnn.cpp:59]   --->   Operation 182 'select' 'acc_22' <Predicate = true> <Delay = 0.00> <CoreInst = "Sel">   --->   Core 73 'Sel' <Latency = 0> <II = 1> <Delay = 0.44> <FuncUnit> <Opcode : 'select'> <InPorts = 3> <OutPorts = 1>
ST_9 : Operation 183 [1/1] (0.44ns) (out node of the LUT)   --->   "%acc_2 = select i1 %tmp_41, i32 0, i32 %acc_22" [bnn.cpp:57]   --->   Operation 183 'select' 'acc_2' <Predicate = true> <Delay = 0.44> <CoreInst = "Sel">   --->   Core 73 'Sel' <Latency = 0> <II = 1> <Delay = 0.44> <FuncUnit> <Opcode : 'select'> <InPorts = 3> <OutPorts = 1>
ST_9 : Operation 184 [1/2] ( I:0.00ns O:0.00ns )   --->   "%img_0_load_1 = load i8 %img_0_addr_1" [bnn.cpp:58]   --->   Operation 184 'load' 'img_0_load_1' <Predicate = (!tmp_39 & trunc_ln51 == 0)> <Delay = 0.00> <CoreInst = "RAM">   --->   Core 82 'RAM' <Latency = 1> <II = 1> <Delay = 1.23> <Storage> <Opcode : 'load' 'store'> <Ports = 2> <Width = 32> <Depth = 256> <RAM>
ST_9 : Operation 185 [1/2] ( I:0.00ns O:0.00ns )   --->   "%img_1_load_1 = load i8 %img_1_addr_1" [bnn.cpp:58]   --->   Operation 185 'load' 'img_1_load_1' <Predicate = (!tmp_39 & trunc_ln51 == 1)> <Delay = 0.00> <CoreInst = "RAM">   --->   Core 82 'RAM' <Latency = 1> <II = 1> <Delay = 1.23> <Storage> <Opcode : 'load' 'store'> <Ports = 2> <Width = 32> <Depth = 256> <RAM>
ST_9 : Operation 186 [1/2] ( I:0.00ns O:0.00ns )   --->   "%img_2_load_1 = load i8 %img_2_addr_1" [bnn.cpp:58]   --->   Operation 186 'load' 'img_2_load_1' <Predicate = (!tmp_39 & trunc_ln51 == 2)> <Delay = 0.00> <CoreInst = "RAM">   --->   Core 82 'RAM' <Latency = 1> <II = 1> <Delay = 1.23> <Storage> <Opcode : 'load' 'store'> <Ports = 2> <Width = 32> <Depth = 256> <RAM>
ST_9 : Operation 187 [1/2] ( I:0.00ns O:0.00ns )   --->   "%img_3_load_1 = load i8 %img_3_addr_1" [bnn.cpp:58]   --->   Operation 187 'load' 'img_3_load_1' <Predicate = (!tmp_39 & trunc_ln51 == 3)> <Delay = 0.00> <CoreInst = "RAM">   --->   Core 82 'RAM' <Latency = 1> <II = 1> <Delay = 1.23> <Storage> <Opcode : 'load' 'store'> <Ports = 2> <Width = 32> <Depth = 256> <RAM>
ST_9 : Operation 188 [1/1] (0.52ns)   --->   "%v_1 = sparsemux i32 @_ssdm_op_SparseMux.ap_auto.4i32.i32.i2, i2 0, i32 %img_0_load_1, i2 1, i32 %img_1_load_1, i2 2, i32 %img_2_load_1, i2 3, i32 %img_3_load_1, i32 0, i2 %trunc_ln51" [bnn.cpp:58]   --->   Operation 188 'sparsemux' 'v_1' <Predicate = (!tmp_39)> <Delay = 0.52> <CoreInst = "BinarySparseMux_DontCare">   --->   Core 149 'BinarySparseMux_DontCare' <Latency = 0> <II = 1> <Delay = 0.52> <FuncUnit> <Opcode : 'sparsemux'> <InPorts = 2> <OutPorts = 1>
ST_9 : Operation 189 [1/1] (1.01ns)   --->   "%acc_27 = add i32 %v_1, i32 %acc_2" [bnn.cpp:59]   --->   Operation 189 'add' 'acc_27' <Predicate = (!tmp_39 & cmp38_s)> <Delay = 1.01> <CoreInst = "Adder">   --->   Core 1 'Adder' <Latency = 0> <II = 1> <Delay = 1.01> <FuncUnit> <Opcode : 'add' 'sub'> <InPorts = 2> <OutPorts = 1>
ST_9 : Operation 190 [1/1] (1.01ns)   --->   "%acc_29 = sub i32 %acc_2, i32 %v_1" [bnn.cpp:60]   --->   Operation 190 'sub' 'acc_29' <Predicate = (!tmp_39 & !cmp38_s)> <Delay = 1.01> <CoreInst = "Adder">   --->   Core 1 'Adder' <Latency = 0> <II = 1> <Delay = 1.01> <FuncUnit> <Opcode : 'add' 'sub'> <InPorts = 2> <OutPorts = 1>
ST_9 : Operation 191 [1/1] (0.00ns) (grouped into LUT with out node acc_6)   --->   "%acc_35 = select i1 %cmp38_s, i32 %acc_27, i32 %acc_29" [bnn.cpp:59]   --->   Operation 191 'select' 'acc_35' <Predicate = (!tmp_39)> <Delay = 0.00> <CoreInst = "Sel">   --->   Core 73 'Sel' <Latency = 0> <II = 1> <Delay = 0.44> <FuncUnit> <Opcode : 'select'> <InPorts = 3> <OutPorts = 1>
ST_9 : Operation 192 [1/1] (0.44ns) (out node of the LUT)   --->   "%acc_6 = select i1 %tmp_39, i32 %acc_2, i32 %acc_35" [bnn.cpp:57]   --->   Operation 192 'select' 'acc_6' <Predicate = true> <Delay = 0.44> <CoreInst = "Sel">   --->   Core 73 'Sel' <Latency = 0> <II = 1> <Delay = 0.44> <FuncUnit> <Opcode : 'select'> <InPorts = 3> <OutPorts = 1>
ST_9 : Operation 193 [1/2] ( I:0.00ns O:0.00ns )   --->   "%img_0_load_2 = load i8 %img_0_addr_2" [bnn.cpp:58]   --->   Operation 193 'load' 'img_0_load_2' <Predicate = (icmp_ln57 & trunc_ln51 == 3)> <Delay = 0.00> <CoreInst = "RAM">   --->   Core 82 'RAM' <Latency = 1> <II = 1> <Delay = 1.23> <Storage> <Opcode : 'load' 'store'> <Ports = 2> <Width = 32> <Depth = 256> <RAM>
ST_9 : Operation 194 [1/2] ( I:0.00ns O:0.00ns )   --->   "%img_1_load_2 = load i8 %img_1_addr_2" [bnn.cpp:58]   --->   Operation 194 'load' 'img_1_load_2' <Predicate = (icmp_ln57 & trunc_ln51 == 0)> <Delay = 0.00> <CoreInst = "RAM">   --->   Core 82 'RAM' <Latency = 1> <II = 1> <Delay = 1.23> <Storage> <Opcode : 'load' 'store'> <Ports = 2> <Width = 32> <Depth = 256> <RAM>
ST_9 : Operation 195 [1/2] ( I:0.00ns O:0.00ns )   --->   "%img_2_load_2 = load i8 %img_2_addr_2" [bnn.cpp:58]   --->   Operation 195 'load' 'img_2_load_2' <Predicate = (icmp_ln57 & trunc_ln51 == 1)> <Delay = 0.00> <CoreInst = "RAM">   --->   Core 82 'RAM' <Latency = 1> <II = 1> <Delay = 1.23> <Storage> <Opcode : 'load' 'store'> <Ports = 2> <Width = 32> <Depth = 256> <RAM>
ST_9 : Operation 196 [1/2] ( I:0.00ns O:0.00ns )   --->   "%img_3_load_2 = load i8 %img_3_addr_2" [bnn.cpp:58]   --->   Operation 196 'load' 'img_3_load_2' <Predicate = (icmp_ln57 & trunc_ln51 == 2)> <Delay = 0.00> <CoreInst = "RAM">   --->   Core 82 'RAM' <Latency = 1> <II = 1> <Delay = 1.23> <Storage> <Opcode : 'load' 'store'> <Ports = 2> <Width = 32> <Depth = 256> <RAM>
ST_9 : Operation 197 [1/1] (0.52ns)   --->   "%v_2 = sparsemux i32 @_ssdm_op_SparseMux.ap_auto.4i32.i32.i2, i2 3, i32 %img_0_load_2, i2 0, i32 %img_1_load_2, i2 1, i32 %img_2_load_2, i2 2, i32 %img_3_load_2, i32 0, i2 %trunc_ln51" [bnn.cpp:58]   --->   Operation 197 'sparsemux' 'v_2' <Predicate = (icmp_ln57)> <Delay = 0.52> <CoreInst = "BinarySparseMux_DontCare">   --->   Core 149 'BinarySparseMux_DontCare' <Latency = 0> <II = 1> <Delay = 0.52> <FuncUnit> <Opcode : 'sparsemux'> <InPorts = 2> <OutPorts = 1>
ST_9 : Operation 198 [1/1] (1.01ns)   --->   "%acc_37 = add i32 %v_2, i32 %acc_6" [bnn.cpp:59]   --->   Operation 198 'add' 'acc_37' <Predicate = (icmp_ln57 & cmp38_3)> <Delay = 1.01> <CoreInst = "Adder">   --->   Core 1 'Adder' <Latency = 0> <II = 1> <Delay = 1.01> <FuncUnit> <Opcode : 'add' 'sub'> <InPorts = 2> <OutPorts = 1>
ST_9 : Operation 199 [1/1] (1.01ns)   --->   "%acc_41 = sub i32 %acc_6, i32 %v_2" [bnn.cpp:60]   --->   Operation 199 'sub' 'acc_41' <Predicate = (icmp_ln57 & !cmp38_3)> <Delay = 1.01> <CoreInst = "Adder">   --->   Core 1 'Adder' <Latency = 0> <II = 1> <Delay = 1.01> <FuncUnit> <Opcode : 'add' 'sub'> <InPorts = 2> <OutPorts = 1>
ST_9 : Operation 200 [1/1] (0.00ns) (grouped into LUT with out node acc_10)   --->   "%acc_42 = select i1 %cmp38_3, i32 %acc_37, i32 %acc_41" [bnn.cpp:59]   --->   Operation 200 'select' 'acc_42' <Predicate = (icmp_ln57)> <Delay = 0.00> <CoreInst = "Sel">   --->   Core 73 'Sel' <Latency = 0> <II = 1> <Delay = 0.44> <FuncUnit> <Opcode : 'select'> <InPorts = 3> <OutPorts = 1>
ST_9 : Operation 201 [1/1] (0.44ns) (out node of the LUT)   --->   "%acc_10 = select i1 %icmp_ln57, i32 %acc_42, i32 %acc_6" [bnn.cpp:57]   --->   Operation 201 'select' 'acc_10' <Predicate = true> <Delay = 0.44> <CoreInst = "Sel">   --->   Core 73 'Sel' <Latency = 0> <II = 1> <Delay = 0.44> <FuncUnit> <Opcode : 'select'> <InPorts = 3> <OutPorts = 1>
ST_9 : Operation 202 [1/2] ( I:0.00ns O:0.00ns )   --->   "%img_0_load_3 = load i8 %img_0_addr_3" [bnn.cpp:58]   --->   Operation 202 'load' 'img_0_load_3' <Predicate = (!tmp_44 & trunc_ln51 == 1)> <Delay = 0.00> <CoreInst = "RAM">   --->   Core 82 'RAM' <Latency = 1> <II = 1> <Delay = 1.23> <Storage> <Opcode : 'load' 'store'> <Ports = 2> <Width = 32> <Depth = 256> <RAM>
ST_9 : Operation 203 [1/2] ( I:0.00ns O:0.00ns )   --->   "%img_1_load_3 = load i8 %img_1_addr_3" [bnn.cpp:58]   --->   Operation 203 'load' 'img_1_load_3' <Predicate = (!tmp_44 & trunc_ln51 == 2)> <Delay = 0.00> <CoreInst = "RAM">   --->   Core 82 'RAM' <Latency = 1> <II = 1> <Delay = 1.23> <Storage> <Opcode : 'load' 'store'> <Ports = 2> <Width = 32> <Depth = 256> <RAM>
ST_9 : Operation 204 [1/2] ( I:0.00ns O:0.00ns )   --->   "%img_2_load_3 = load i8 %img_2_addr_3" [bnn.cpp:58]   --->   Operation 204 'load' 'img_2_load_3' <Predicate = (!tmp_44 & trunc_ln51 == 3)> <Delay = 0.00> <CoreInst = "RAM">   --->   Core 82 'RAM' <Latency = 1> <II = 1> <Delay = 1.23> <Storage> <Opcode : 'load' 'store'> <Ports = 2> <Width = 32> <Depth = 256> <RAM>
ST_9 : Operation 205 [1/2] ( I:0.00ns O:0.00ns )   --->   "%img_3_load_3 = load i8 %img_3_addr_3" [bnn.cpp:58]   --->   Operation 205 'load' 'img_3_load_3' <Predicate = (!tmp_44 & trunc_ln51 == 0)> <Delay = 0.00> <CoreInst = "RAM">   --->   Core 82 'RAM' <Latency = 1> <II = 1> <Delay = 1.23> <Storage> <Opcode : 'load' 'store'> <Ports = 2> <Width = 32> <Depth = 256> <RAM>
ST_9 : Operation 206 [1/1] (0.52ns)   --->   "%v_3 = sparsemux i32 @_ssdm_op_SparseMux.ap_auto.4i32.i32.i2, i2 1, i32 %img_0_load_3, i2 2, i32 %img_1_load_3, i2 3, i32 %img_2_load_3, i2 0, i32 %img_3_load_3, i32 0, i2 %trunc_ln51" [bnn.cpp:58]   --->   Operation 206 'sparsemux' 'v_3' <Predicate = (!tmp_44)> <Delay = 0.52> <CoreInst = "BinarySparseMux_DontCare">   --->   Core 149 'BinarySparseMux_DontCare' <Latency = 0> <II = 1> <Delay = 0.52> <FuncUnit> <Opcode : 'sparsemux'> <InPorts = 2> <OutPorts = 1>
ST_9 : Operation 207 [1/1] (1.01ns)   --->   "%acc_43 = add i32 %v_3, i32 %acc_10" [bnn.cpp:59]   --->   Operation 207 'add' 'acc_43' <Predicate = (!tmp_44 & cmp38_1)> <Delay = 1.01> <CoreInst = "Adder">   --->   Core 1 'Adder' <Latency = 0> <II = 1> <Delay = 1.01> <FuncUnit> <Opcode : 'add' 'sub'> <InPorts = 2> <OutPorts = 1>
ST_9 : Operation 208 [1/1] (1.01ns)   --->   "%acc_44 = sub i32 %acc_10, i32 %v_3" [bnn.cpp:60]   --->   Operation 208 'sub' 'acc_44' <Predicate = (!tmp_44 & !cmp38_1)> <Delay = 1.01> <CoreInst = "Adder">   --->   Core 1 'Adder' <Latency = 0> <II = 1> <Delay = 1.01> <FuncUnit> <Opcode : 'add' 'sub'> <InPorts = 2> <OutPorts = 1>
ST_9 : Operation 209 [1/1] (0.00ns) (grouped into LUT with out node acc_16)   --->   "%acc_45 = select i1 %cmp38_1, i32 %acc_43, i32 %acc_44" [bnn.cpp:59]   --->   Operation 209 'select' 'acc_45' <Predicate = (!tmp_44)> <Delay = 0.00> <CoreInst = "Sel">   --->   Core 73 'Sel' <Latency = 0> <II = 1> <Delay = 0.44> <FuncUnit> <Opcode : 'select'> <InPorts = 3> <OutPorts = 1>
ST_9 : Operation 210 [1/1] (0.44ns) (out node of the LUT)   --->   "%acc_16 = select i1 %tmp_44, i32 %acc_10, i32 %acc_45" [bnn.cpp:57]   --->   Operation 210 'select' 'acc_16' <Predicate = true> <Delay = 0.44> <CoreInst = "Sel">   --->   Core 73 'Sel' <Latency = 0> <II = 1> <Delay = 0.44> <FuncUnit> <Opcode : 'select'> <InPorts = 3> <OutPorts = 1>
ST_9 : Operation 211 [3/11] (1.61ns)   --->   "%urem_ln58 = urem i7 %add_ln58_5, i7 5" [bnn.cpp:58]   --->   Operation 211 'urem' 'urem_ln58' <Predicate = true> <Delay = 1.61> <CoreInst = "Divider">   --->   Core 6 'Divider' <Latency = 10> <II = 1> <Delay = 1.61> <FuncUnit> <Opcode : 'udiv' 'sdiv' 'urem' 'srem'> <InPorts = 2> <OutPorts = 1>
ST_9 : Operation 212 [1/2] ( I:0.00ns O:0.00ns )   --->   "%img_0_load_4 = load i8 %img_0_addr_4" [bnn.cpp:58]   --->   Operation 212 'load' 'img_0_load_4' <Predicate = (trunc_ln51 == 0)> <Delay = 0.00> <CoreInst = "RAM">   --->   Core 82 'RAM' <Latency = 1> <II = 1> <Delay = 1.23> <Storage> <Opcode : 'load' 'store'> <Ports = 2> <Width = 32> <Depth = 256> <RAM>
ST_9 : Operation 213 [1/2] ( I:0.00ns O:0.00ns )   --->   "%img_1_load_4 = load i8 %img_1_addr_4" [bnn.cpp:58]   --->   Operation 213 'load' 'img_1_load_4' <Predicate = (trunc_ln51 == 1)> <Delay = 0.00> <CoreInst = "RAM">   --->   Core 82 'RAM' <Latency = 1> <II = 1> <Delay = 1.23> <Storage> <Opcode : 'load' 'store'> <Ports = 2> <Width = 32> <Depth = 256> <RAM>
ST_9 : Operation 214 [1/2] ( I:0.00ns O:0.00ns )   --->   "%img_2_load_4 = load i8 %img_2_addr_4" [bnn.cpp:58]   --->   Operation 214 'load' 'img_2_load_4' <Predicate = (trunc_ln51 == 2)> <Delay = 0.00> <CoreInst = "RAM">   --->   Core 82 'RAM' <Latency = 1> <II = 1> <Delay = 1.23> <Storage> <Opcode : 'load' 'store'> <Ports = 2> <Width = 32> <Depth = 256> <RAM>
ST_9 : Operation 215 [1/2] ( I:0.00ns O:0.00ns )   --->   "%img_3_load_4 = load i8 %img_3_addr_4" [bnn.cpp:58]   --->   Operation 215 'load' 'img_3_load_4' <Predicate = (trunc_ln51 == 3)> <Delay = 0.00> <CoreInst = "RAM">   --->   Core 82 'RAM' <Latency = 1> <II = 1> <Delay = 1.23> <Storage> <Opcode : 'load' 'store'> <Ports = 2> <Width = 32> <Depth = 256> <RAM>
ST_9 : Operation 216 [1/1] (0.52ns)   --->   "%v_4 = sparsemux i32 @_ssdm_op_SparseMux.ap_auto.4i32.i32.i2, i2 0, i32 %img_0_load_4, i2 1, i32 %img_1_load_4, i2 2, i32 %img_2_load_4, i2 3, i32 %img_3_load_4, i32 0, i2 %trunc_ln51" [bnn.cpp:58]   --->   Operation 216 'sparsemux' 'v_4' <Predicate = true> <Delay = 0.52> <CoreInst = "BinarySparseMux_DontCare">   --->   Core 149 'BinarySparseMux_DontCare' <Latency = 0> <II = 1> <Delay = 0.52> <FuncUnit> <Opcode : 'sparsemux'> <InPorts = 2> <OutPorts = 1>
ST_9 : Operation 217 [1/2] ( I:0.00ns O:0.00ns )   --->   "%img_0_load_5 = load i8 %img_0_addr_5" [bnn.cpp:58]   --->   Operation 217 'load' 'img_0_load_5' <Predicate = (trunc_ln51 == 3)> <Delay = 0.00> <CoreInst = "RAM">   --->   Core 82 'RAM' <Latency = 1> <II = 1> <Delay = 1.23> <Storage> <Opcode : 'load' 'store'> <Ports = 2> <Width = 32> <Depth = 256> <RAM>
ST_9 : Operation 218 [1/2] ( I:0.00ns O:0.00ns )   --->   "%img_1_load_5 = load i8 %img_1_addr_5" [bnn.cpp:58]   --->   Operation 218 'load' 'img_1_load_5' <Predicate = (trunc_ln51 == 0)> <Delay = 0.00> <CoreInst = "RAM">   --->   Core 82 'RAM' <Latency = 1> <II = 1> <Delay = 1.23> <Storage> <Opcode : 'load' 'store'> <Ports = 2> <Width = 32> <Depth = 256> <RAM>
ST_9 : Operation 219 [1/2] ( I:0.00ns O:0.00ns )   --->   "%img_2_load_5 = load i8 %img_2_addr_5" [bnn.cpp:58]   --->   Operation 219 'load' 'img_2_load_5' <Predicate = (trunc_ln51 == 1)> <Delay = 0.00> <CoreInst = "RAM">   --->   Core 82 'RAM' <Latency = 1> <II = 1> <Delay = 1.23> <Storage> <Opcode : 'load' 'store'> <Ports = 2> <Width = 32> <Depth = 256> <RAM>
ST_9 : Operation 220 [1/2] ( I:0.00ns O:0.00ns )   --->   "%img_3_load_5 = load i8 %img_3_addr_5" [bnn.cpp:58]   --->   Operation 220 'load' 'img_3_load_5' <Predicate = (trunc_ln51 == 2)> <Delay = 0.00> <CoreInst = "RAM">   --->   Core 82 'RAM' <Latency = 1> <II = 1> <Delay = 1.23> <Storage> <Opcode : 'load' 'store'> <Ports = 2> <Width = 32> <Depth = 256> <RAM>
ST_9 : Operation 221 [1/1] (0.52ns)   --->   "%v_5 = sparsemux i32 @_ssdm_op_SparseMux.ap_auto.4i32.i32.i2, i2 3, i32 %img_0_load_5, i2 0, i32 %img_1_load_5, i2 1, i32 %img_2_load_5, i2 2, i32 %img_3_load_5, i32 0, i2 %trunc_ln51" [bnn.cpp:58]   --->   Operation 221 'sparsemux' 'v_5' <Predicate = true> <Delay = 0.52> <CoreInst = "BinarySparseMux_DontCare">   --->   Core 149 'BinarySparseMux_DontCare' <Latency = 0> <II = 1> <Delay = 0.52> <FuncUnit> <Opcode : 'sparsemux'> <InPorts = 2> <OutPorts = 1>
ST_9 : Operation 222 [1/1] (0.00ns)   --->   "%zext_ln58_10 = zext i8 %add_ln58_9" [bnn.cpp:58]   --->   Operation 222 'zext' 'zext_ln58_10' <Predicate = (icmp_ln57_1)> <Delay = 0.00>
ST_9 : Operation 223 [1/1] (0.00ns)   --->   "%img_0_addr_6 = getelementptr i32 %img_0, i64 0, i64 %zext_ln58_10" [bnn.cpp:58]   --->   Operation 223 'getelementptr' 'img_0_addr_6' <Predicate = (icmp_ln57_1 & trunc_ln51 == 1)> <Delay = 0.00>
ST_9 : Operation 224 [2/2] (0.00ns)   --->   "%img_0_load_6 = load i8 %img_0_addr_6" [bnn.cpp:58]   --->   Operation 224 'load' 'img_0_load_6' <Predicate = (icmp_ln57_1 & trunc_ln51 == 1)> <Delay = 0.00> <CoreInst = "RAM">   --->   Core 82 'RAM' <Latency = 1> <II = 1> <Delay = 1.23> <Storage> <Opcode : 'load' 'store'> <Ports = 2> <Width = 32> <Depth = 256> <RAM>
ST_9 : Operation 225 [1/1] (0.00ns)   --->   "%img_1_addr_6 = getelementptr i32 %img_1, i64 0, i64 %zext_ln58_10" [bnn.cpp:58]   --->   Operation 225 'getelementptr' 'img_1_addr_6' <Predicate = (icmp_ln57_1 & trunc_ln51 == 2)> <Delay = 0.00>
ST_9 : Operation 226 [2/2] (0.00ns)   --->   "%img_1_load_6 = load i8 %img_1_addr_6" [bnn.cpp:58]   --->   Operation 226 'load' 'img_1_load_6' <Predicate = (icmp_ln57_1 & trunc_ln51 == 2)> <Delay = 0.00> <CoreInst = "RAM">   --->   Core 82 'RAM' <Latency = 1> <II = 1> <Delay = 1.23> <Storage> <Opcode : 'load' 'store'> <Ports = 2> <Width = 32> <Depth = 256> <RAM>
ST_9 : Operation 227 [1/1] (0.00ns)   --->   "%img_2_addr_6 = getelementptr i32 %img_2, i64 0, i64 %zext_ln58_10" [bnn.cpp:58]   --->   Operation 227 'getelementptr' 'img_2_addr_6' <Predicate = (icmp_ln57_1 & trunc_ln51 == 3)> <Delay = 0.00>
ST_9 : Operation 228 [2/2] (0.00ns)   --->   "%img_2_load_6 = load i8 %img_2_addr_6" [bnn.cpp:58]   --->   Operation 228 'load' 'img_2_load_6' <Predicate = (icmp_ln57_1 & trunc_ln51 == 3)> <Delay = 0.00> <CoreInst = "RAM">   --->   Core 82 'RAM' <Latency = 1> <II = 1> <Delay = 1.23> <Storage> <Opcode : 'load' 'store'> <Ports = 2> <Width = 32> <Depth = 256> <RAM>
ST_9 : Operation 229 [1/1] (0.00ns)   --->   "%img_3_addr_6 = getelementptr i32 %img_3, i64 0, i64 %zext_ln58_10" [bnn.cpp:58]   --->   Operation 229 'getelementptr' 'img_3_addr_6' <Predicate = (icmp_ln57_1 & trunc_ln51 == 0)> <Delay = 0.00>
ST_9 : Operation 230 [2/2] (0.00ns)   --->   "%img_3_load_6 = load i8 %img_3_addr_6" [bnn.cpp:58]   --->   Operation 230 'load' 'img_3_load_6' <Predicate = (icmp_ln57_1 & trunc_ln51 == 0)> <Delay = 0.00> <CoreInst = "RAM">   --->   Core 82 'RAM' <Latency = 1> <II = 1> <Delay = 1.23> <Storage> <Opcode : 'load' 'store'> <Ports = 2> <Width = 32> <Depth = 256> <RAM>
ST_9 : Operation 231 [1/1] (0.00ns)   --->   "%add_ln58_s = bitconcatenate i8 @_ssdm_op_BitConcatenate.i8.i5.i3, i5 %tmp_s, i3 %lshr_ln58_1" [bnn.cpp:58]   --->   Operation 231 'bitconcatenate' 'add_ln58_s' <Predicate = true> <Delay = 0.00>
ST_9 : Operation 232 [1/1] (0.00ns)   --->   "%zext_ln58_11 = zext i8 %add_ln58_s" [bnn.cpp:58]   --->   Operation 232 'zext' 'zext_ln58_11' <Predicate = true> <Delay = 0.00>
ST_9 : Operation 233 [1/1] (0.00ns)   --->   "%img_0_addr_7 = getelementptr i32 %img_0, i64 0, i64 %zext_ln58_11" [bnn.cpp:58]   --->   Operation 233 'getelementptr' 'img_0_addr_7' <Predicate = (trunc_ln51 == 0)> <Delay = 0.00>
ST_9 : Operation 234 [2/2] (0.00ns)   --->   "%img_0_load_7 = load i8 %img_0_addr_7" [bnn.cpp:58]   --->   Operation 234 'load' 'img_0_load_7' <Predicate = (trunc_ln51 == 0)> <Delay = 0.00> <CoreInst = "RAM">   --->   Core 82 'RAM' <Latency = 1> <II = 1> <Delay = 1.23> <Storage> <Opcode : 'load' 'store'> <Ports = 2> <Width = 32> <Depth = 256> <RAM>
ST_9 : Operation 235 [1/1] (0.00ns)   --->   "%img_1_addr_7 = getelementptr i32 %img_1, i64 0, i64 %zext_ln58_11" [bnn.cpp:58]   --->   Operation 235 'getelementptr' 'img_1_addr_7' <Predicate = (trunc_ln51 == 1)> <Delay = 0.00>
ST_9 : Operation 236 [2/2] (0.00ns)   --->   "%img_1_load_7 = load i8 %img_1_addr_7" [bnn.cpp:58]   --->   Operation 236 'load' 'img_1_load_7' <Predicate = (trunc_ln51 == 1)> <Delay = 0.00> <CoreInst = "RAM">   --->   Core 82 'RAM' <Latency = 1> <II = 1> <Delay = 1.23> <Storage> <Opcode : 'load' 'store'> <Ports = 2> <Width = 32> <Depth = 256> <RAM>
ST_9 : Operation 237 [1/1] (0.00ns)   --->   "%img_2_addr_7 = getelementptr i32 %img_2, i64 0, i64 %zext_ln58_11" [bnn.cpp:58]   --->   Operation 237 'getelementptr' 'img_2_addr_7' <Predicate = (trunc_ln51 == 2)> <Delay = 0.00>
ST_9 : Operation 238 [2/2] (0.00ns)   --->   "%img_2_load_7 = load i8 %img_2_addr_7" [bnn.cpp:58]   --->   Operation 238 'load' 'img_2_load_7' <Predicate = (trunc_ln51 == 2)> <Delay = 0.00> <CoreInst = "RAM">   --->   Core 82 'RAM' <Latency = 1> <II = 1> <Delay = 1.23> <Storage> <Opcode : 'load' 'store'> <Ports = 2> <Width = 32> <Depth = 256> <RAM>
ST_9 : Operation 239 [1/1] (0.00ns)   --->   "%img_3_addr_7 = getelementptr i32 %img_3, i64 0, i64 %zext_ln58_11" [bnn.cpp:58]   --->   Operation 239 'getelementptr' 'img_3_addr_7' <Predicate = (trunc_ln51 == 3)> <Delay = 0.00>
ST_9 : Operation 240 [2/2] (0.00ns)   --->   "%img_3_load_7 = load i8 %img_3_addr_7" [bnn.cpp:58]   --->   Operation 240 'load' 'img_3_load_7' <Predicate = (trunc_ln51 == 3)> <Delay = 0.00> <CoreInst = "RAM">   --->   Core 82 'RAM' <Latency = 1> <II = 1> <Delay = 1.23> <Storage> <Opcode : 'load' 'store'> <Ports = 2> <Width = 32> <Depth = 256> <RAM>
ST_9 : Operation 241 [1/1] (0.00ns)   --->   "%zext_ln58_12 = zext i8 %add_ln58_10" [bnn.cpp:58]   --->   Operation 241 'zext' 'zext_ln58_12' <Predicate = true> <Delay = 0.00>
ST_9 : Operation 242 [1/1] (0.00ns)   --->   "%img_0_addr_8 = getelementptr i32 %img_0, i64 0, i64 %zext_ln58_12" [bnn.cpp:58]   --->   Operation 242 'getelementptr' 'img_0_addr_8' <Predicate = (trunc_ln51 == 3)> <Delay = 0.00>
ST_9 : Operation 243 [2/2] (0.00ns)   --->   "%img_0_load_8 = load i8 %img_0_addr_8" [bnn.cpp:58]   --->   Operation 243 'load' 'img_0_load_8' <Predicate = (trunc_ln51 == 3)> <Delay = 0.00> <CoreInst = "RAM">   --->   Core 82 'RAM' <Latency = 1> <II = 1> <Delay = 1.23> <Storage> <Opcode : 'load' 'store'> <Ports = 2> <Width = 32> <Depth = 256> <RAM>
ST_9 : Operation 244 [1/1] (0.00ns)   --->   "%img_1_addr_8 = getelementptr i32 %img_1, i64 0, i64 %zext_ln58_12" [bnn.cpp:58]   --->   Operation 244 'getelementptr' 'img_1_addr_8' <Predicate = (trunc_ln51 == 0)> <Delay = 0.00>
ST_9 : Operation 245 [2/2] (0.00ns)   --->   "%img_1_load_8 = load i8 %img_1_addr_8" [bnn.cpp:58]   --->   Operation 245 'load' 'img_1_load_8' <Predicate = (trunc_ln51 == 0)> <Delay = 0.00> <CoreInst = "RAM">   --->   Core 82 'RAM' <Latency = 1> <II = 1> <Delay = 1.23> <Storage> <Opcode : 'load' 'store'> <Ports = 2> <Width = 32> <Depth = 256> <RAM>
ST_9 : Operation 246 [1/1] (0.00ns)   --->   "%img_2_addr_8 = getelementptr i32 %img_2, i64 0, i64 %zext_ln58_12" [bnn.cpp:58]   --->   Operation 246 'getelementptr' 'img_2_addr_8' <Predicate = (trunc_ln51 == 1)> <Delay = 0.00>
ST_9 : Operation 247 [2/2] (0.00ns)   --->   "%img_2_load_8 = load i8 %img_2_addr_8" [bnn.cpp:58]   --->   Operation 247 'load' 'img_2_load_8' <Predicate = (trunc_ln51 == 1)> <Delay = 0.00> <CoreInst = "RAM">   --->   Core 82 'RAM' <Latency = 1> <II = 1> <Delay = 1.23> <Storage> <Opcode : 'load' 'store'> <Ports = 2> <Width = 32> <Depth = 256> <RAM>
ST_9 : Operation 248 [1/1] (0.00ns)   --->   "%img_3_addr_8 = getelementptr i32 %img_3, i64 0, i64 %zext_ln58_12" [bnn.cpp:58]   --->   Operation 248 'getelementptr' 'img_3_addr_8' <Predicate = (trunc_ln51 == 2)> <Delay = 0.00>
ST_9 : Operation 249 [2/2] (0.00ns)   --->   "%img_3_load_8 = load i8 %img_3_addr_8" [bnn.cpp:58]   --->   Operation 249 'load' 'img_3_load_8' <Predicate = (trunc_ln51 == 2)> <Delay = 0.00> <CoreInst = "RAM">   --->   Core 82 'RAM' <Latency = 1> <II = 1> <Delay = 1.23> <Storage> <Opcode : 'load' 'store'> <Ports = 2> <Width = 32> <Depth = 256> <RAM>
ST_9 : Operation 311 [1/1] (0.42ns)   --->   "%ret_ln0 = ret"   --->   Operation 311 'ret' 'ret_ln0' <Predicate = (icmp_ln50)> <Delay = 0.42>

State 10 <SV = 9> <Delay = 5.86>
ST_10 : Operation 250 [1/1] (0.00ns) (grouped into LUT with out node acc_34)   --->   "%tmp_40 = bitselect i1 @_ssdm_op_BitSelect.i1.i6.i32, i6 %select_ln50_1, i32 5" [bnn.cpp:57]   --->   Operation 250 'bitselect' 'tmp_40' <Predicate = true> <Delay = 0.00>
ST_10 : Operation 251 [2/11] (1.61ns)   --->   "%urem_ln58 = urem i7 %add_ln58_5, i7 5" [bnn.cpp:58]   --->   Operation 251 'urem' 'urem_ln58' <Predicate = true> <Delay = 1.61> <CoreInst = "Divider">   --->   Core 6 'Divider' <Latency = 10> <II = 1> <Delay = 1.61> <FuncUnit> <Opcode : 'udiv' 'sdiv' 'urem' 'srem'> <InPorts = 2> <OutPorts = 1>
ST_10 : Operation 252 [1/1] (1.01ns)   --->   "%acc_46 = add i32 %v_4, i32 %acc_16" [bnn.cpp:59]   --->   Operation 252 'add' 'acc_46' <Predicate = (cmp38_1_1_read)> <Delay = 1.01> <CoreInst = "Adder">   --->   Core 1 'Adder' <Latency = 0> <II = 1> <Delay = 1.01> <FuncUnit> <Opcode : 'add' 'sub'> <InPorts = 2> <OutPorts = 1>
ST_10 : Operation 253 [1/1] (1.01ns)   --->   "%acc_47 = sub i32 %acc_16, i32 %v_4" [bnn.cpp:60]   --->   Operation 253 'sub' 'acc_47' <Predicate = (!cmp38_1_1_read)> <Delay = 1.01> <CoreInst = "Adder">   --->   Core 1 'Adder' <Latency = 0> <II = 1> <Delay = 1.01> <FuncUnit> <Opcode : 'add' 'sub'> <InPorts = 2> <OutPorts = 1>
ST_10 : Operation 254 [1/1] (0.44ns)   --->   "%acc_48 = select i1 %cmp38_1_1_read, i32 %acc_46, i32 %acc_47" [bnn.cpp:59]   --->   Operation 254 'select' 'acc_48' <Predicate = true> <Delay = 0.44> <CoreInst = "Sel">   --->   Core 73 'Sel' <Latency = 0> <II = 1> <Delay = 0.44> <FuncUnit> <Opcode : 'select'> <InPorts = 3> <OutPorts = 1>
ST_10 : Operation 255 [1/1] (0.00ns) (grouped into LUT with out node acc_24)   --->   "%tmp_47 = bitselect i1 @_ssdm_op_BitSelect.i1.i6.i32, i6 %add_ln56_3, i32 5" [bnn.cpp:57]   --->   Operation 255 'bitselect' 'tmp_47' <Predicate = true> <Delay = 0.00>
ST_10 : Operation 256 [1/1] (1.01ns)   --->   "%acc_49 = add i32 %v_5, i32 %acc_48" [bnn.cpp:59]   --->   Operation 256 'add' 'acc_49' <Predicate = (cmp38_1_2)> <Delay = 1.01> <CoreInst = "Adder">   --->   Core 1 'Adder' <Latency = 0> <II = 1> <Delay = 1.01> <FuncUnit> <Opcode : 'add' 'sub'> <InPorts = 2> <OutPorts = 1>
ST_10 : Operation 257 [1/1] (1.01ns)   --->   "%acc_50 = sub i32 %acc_48, i32 %v_5" [bnn.cpp:60]   --->   Operation 257 'sub' 'acc_50' <Predicate = (!cmp38_1_2)> <Delay = 1.01> <CoreInst = "Adder">   --->   Core 1 'Adder' <Latency = 0> <II = 1> <Delay = 1.01> <FuncUnit> <Opcode : 'add' 'sub'> <InPorts = 2> <OutPorts = 1>
ST_10 : Operation 258 [1/1] (0.00ns) (grouped into LUT with out node acc_24)   --->   "%acc_51 = select i1 %cmp38_1_2, i32 %acc_49, i32 %acc_50" [bnn.cpp:59]   --->   Operation 258 'select' 'acc_51' <Predicate = true> <Delay = 0.00> <CoreInst = "Sel">   --->   Core 73 'Sel' <Latency = 0> <II = 1> <Delay = 0.44> <FuncUnit> <Opcode : 'select'> <InPorts = 3> <OutPorts = 1>
ST_10 : Operation 259 [1/1] (0.44ns) (out node of the LUT)   --->   "%acc_24 = select i1 %tmp_47, i32 %acc_48, i32 %acc_51" [bnn.cpp:57]   --->   Operation 259 'select' 'acc_24' <Predicate = true> <Delay = 0.44> <CoreInst = "Sel">   --->   Core 73 'Sel' <Latency = 0> <II = 1> <Delay = 0.44> <FuncUnit> <Opcode : 'select'> <InPorts = 3> <OutPorts = 1>
ST_10 : Operation 260 [1/2] ( I:0.00ns O:0.00ns )   --->   "%img_0_load_6 = load i8 %img_0_addr_6" [bnn.cpp:58]   --->   Operation 260 'load' 'img_0_load_6' <Predicate = (icmp_ln57_1 & trunc_ln51 == 1)> <Delay = 0.00> <CoreInst = "RAM">   --->   Core 82 'RAM' <Latency = 1> <II = 1> <Delay = 1.23> <Storage> <Opcode : 'load' 'store'> <Ports = 2> <Width = 32> <Depth = 256> <RAM>
ST_10 : Operation 261 [1/2] ( I:0.00ns O:0.00ns )   --->   "%img_1_load_6 = load i8 %img_1_addr_6" [bnn.cpp:58]   --->   Operation 261 'load' 'img_1_load_6' <Predicate = (icmp_ln57_1 & trunc_ln51 == 2)> <Delay = 0.00> <CoreInst = "RAM">   --->   Core 82 'RAM' <Latency = 1> <II = 1> <Delay = 1.23> <Storage> <Opcode : 'load' 'store'> <Ports = 2> <Width = 32> <Depth = 256> <RAM>
ST_10 : Operation 262 [1/2] ( I:0.00ns O:0.00ns )   --->   "%img_2_load_6 = load i8 %img_2_addr_6" [bnn.cpp:58]   --->   Operation 262 'load' 'img_2_load_6' <Predicate = (icmp_ln57_1 & trunc_ln51 == 3)> <Delay = 0.00> <CoreInst = "RAM">   --->   Core 82 'RAM' <Latency = 1> <II = 1> <Delay = 1.23> <Storage> <Opcode : 'load' 'store'> <Ports = 2> <Width = 32> <Depth = 256> <RAM>
ST_10 : Operation 263 [1/2] ( I:0.00ns O:0.00ns )   --->   "%img_3_load_6 = load i8 %img_3_addr_6" [bnn.cpp:58]   --->   Operation 263 'load' 'img_3_load_6' <Predicate = (icmp_ln57_1 & trunc_ln51 == 0)> <Delay = 0.00> <CoreInst = "RAM">   --->   Core 82 'RAM' <Latency = 1> <II = 1> <Delay = 1.23> <Storage> <Opcode : 'load' 'store'> <Ports = 2> <Width = 32> <Depth = 256> <RAM>
ST_10 : Operation 264 [1/1] (0.52ns)   --->   "%v_6 = sparsemux i32 @_ssdm_op_SparseMux.ap_auto.4i32.i32.i2, i2 1, i32 %img_0_load_6, i2 2, i32 %img_1_load_6, i2 3, i32 %img_2_load_6, i2 0, i32 %img_3_load_6, i32 0, i2 %trunc_ln51" [bnn.cpp:58]   --->   Operation 264 'sparsemux' 'v_6' <Predicate = (icmp_ln57_1)> <Delay = 0.52> <CoreInst = "BinarySparseMux_DontCare">   --->   Core 149 'BinarySparseMux_DontCare' <Latency = 0> <II = 1> <Delay = 0.52> <FuncUnit> <Opcode : 'sparsemux'> <InPorts = 2> <OutPorts = 1>
ST_10 : Operation 265 [1/1] (1.01ns)   --->   "%acc_52 = add i32 %v_6, i32 %acc_24" [bnn.cpp:59]   --->   Operation 265 'add' 'acc_52' <Predicate = (icmp_ln57_1 & cmp38_2)> <Delay = 1.01> <CoreInst = "Adder">   --->   Core 1 'Adder' <Latency = 0> <II = 1> <Delay = 1.01> <FuncUnit> <Opcode : 'add' 'sub'> <InPorts = 2> <OutPorts = 1>
ST_10 : Operation 266 [1/1] (1.01ns)   --->   "%acc_53 = sub i32 %acc_24, i32 %v_6" [bnn.cpp:60]   --->   Operation 266 'sub' 'acc_53' <Predicate = (icmp_ln57_1 & !cmp38_2)> <Delay = 1.01> <CoreInst = "Adder">   --->   Core 1 'Adder' <Latency = 0> <II = 1> <Delay = 1.01> <FuncUnit> <Opcode : 'add' 'sub'> <InPorts = 2> <OutPorts = 1>
ST_10 : Operation 267 [1/1] (0.00ns) (grouped into LUT with out node acc_30)   --->   "%acc_54 = select i1 %cmp38_2, i32 %acc_52, i32 %acc_53" [bnn.cpp:59]   --->   Operation 267 'select' 'acc_54' <Predicate = (icmp_ln57_1)> <Delay = 0.00> <CoreInst = "Sel">   --->   Core 73 'Sel' <Latency = 0> <II = 1> <Delay = 0.44> <FuncUnit> <Opcode : 'select'> <InPorts = 3> <OutPorts = 1>
ST_10 : Operation 268 [1/1] (0.44ns) (out node of the LUT)   --->   "%acc_30 = select i1 %icmp_ln57_1, i32 %acc_54, i32 %acc_24" [bnn.cpp:57]   --->   Operation 268 'select' 'acc_30' <Predicate = true> <Delay = 0.44> <CoreInst = "Sel">   --->   Core 73 'Sel' <Latency = 0> <II = 1> <Delay = 0.44> <FuncUnit> <Opcode : 'select'> <InPorts = 3> <OutPorts = 1>
ST_10 : Operation 269 [1/2] ( I:0.00ns O:0.00ns )   --->   "%img_0_load_7 = load i8 %img_0_addr_7" [bnn.cpp:58]   --->   Operation 269 'load' 'img_0_load_7' <Predicate = (trunc_ln51 == 0)> <Delay = 0.00> <CoreInst = "RAM">   --->   Core 82 'RAM' <Latency = 1> <II = 1> <Delay = 1.23> <Storage> <Opcode : 'load' 'store'> <Ports = 2> <Width = 32> <Depth = 256> <RAM>
ST_10 : Operation 270 [1/2] ( I:0.00ns O:0.00ns )   --->   "%img_1_load_7 = load i8 %img_1_addr_7" [bnn.cpp:58]   --->   Operation 270 'load' 'img_1_load_7' <Predicate = (trunc_ln51 == 1)> <Delay = 0.00> <CoreInst = "RAM">   --->   Core 82 'RAM' <Latency = 1> <II = 1> <Delay = 1.23> <Storage> <Opcode : 'load' 'store'> <Ports = 2> <Width = 32> <Depth = 256> <RAM>
ST_10 : Operation 271 [1/2] ( I:0.00ns O:0.00ns )   --->   "%img_2_load_7 = load i8 %img_2_addr_7" [bnn.cpp:58]   --->   Operation 271 'load' 'img_2_load_7' <Predicate = (trunc_ln51 == 2)> <Delay = 0.00> <CoreInst = "RAM">   --->   Core 82 'RAM' <Latency = 1> <II = 1> <Delay = 1.23> <Storage> <Opcode : 'load' 'store'> <Ports = 2> <Width = 32> <Depth = 256> <RAM>
ST_10 : Operation 272 [1/2] ( I:0.00ns O:0.00ns )   --->   "%img_3_load_7 = load i8 %img_3_addr_7" [bnn.cpp:58]   --->   Operation 272 'load' 'img_3_load_7' <Predicate = (trunc_ln51 == 3)> <Delay = 0.00> <CoreInst = "RAM">   --->   Core 82 'RAM' <Latency = 1> <II = 1> <Delay = 1.23> <Storage> <Opcode : 'load' 'store'> <Ports = 2> <Width = 32> <Depth = 256> <RAM>
ST_10 : Operation 273 [1/1] (0.52ns)   --->   "%v_7 = sparsemux i32 @_ssdm_op_SparseMux.ap_auto.4i32.i32.i2, i2 0, i32 %img_0_load_7, i2 1, i32 %img_1_load_7, i2 2, i32 %img_2_load_7, i2 3, i32 %img_3_load_7, i32 0, i2 %trunc_ln51" [bnn.cpp:58]   --->   Operation 273 'sparsemux' 'v_7' <Predicate = true> <Delay = 0.52> <CoreInst = "BinarySparseMux_DontCare">   --->   Core 149 'BinarySparseMux_DontCare' <Latency = 0> <II = 1> <Delay = 0.52> <FuncUnit> <Opcode : 'sparsemux'> <InPorts = 2> <OutPorts = 1>
ST_10 : Operation 274 [1/1] (1.01ns)   --->   "%acc_55 = add i32 %v_7, i32 %acc_30" [bnn.cpp:59]   --->   Operation 274 'add' 'acc_55' <Predicate = (cmp38_2_1)> <Delay = 1.01> <CoreInst = "Adder">   --->   Core 1 'Adder' <Latency = 0> <II = 1> <Delay = 1.01> <FuncUnit> <Opcode : 'add' 'sub'> <InPorts = 2> <OutPorts = 1>
ST_10 : Operation 275 [1/1] (1.01ns)   --->   "%acc_56 = sub i32 %acc_30, i32 %v_7" [bnn.cpp:60]   --->   Operation 275 'sub' 'acc_56' <Predicate = (!cmp38_2_1)> <Delay = 1.01> <CoreInst = "Adder">   --->   Core 1 'Adder' <Latency = 0> <II = 1> <Delay = 1.01> <FuncUnit> <Opcode : 'add' 'sub'> <InPorts = 2> <OutPorts = 1>
ST_10 : Operation 276 [1/1] (0.00ns) (grouped into LUT with out node acc_34)   --->   "%acc_57 = select i1 %cmp38_2_1, i32 %acc_55, i32 %acc_56" [bnn.cpp:59]   --->   Operation 276 'select' 'acc_57' <Predicate = true> <Delay = 0.00> <CoreInst = "Sel">   --->   Core 73 'Sel' <Latency = 0> <II = 1> <Delay = 0.44> <FuncUnit> <Opcode : 'select'> <InPorts = 3> <OutPorts = 1>
ST_10 : Operation 277 [1/1] (0.44ns) (out node of the LUT)   --->   "%acc_34 = select i1 %tmp_40, i32 %acc_30, i32 %acc_57" [bnn.cpp:57]   --->   Operation 277 'select' 'acc_34' <Predicate = true> <Delay = 0.44> <CoreInst = "Sel">   --->   Core 73 'Sel' <Latency = 0> <II = 1> <Delay = 0.44> <FuncUnit> <Opcode : 'select'> <InPorts = 3> <OutPorts = 1>
ST_10 : Operation 278 [1/2] ( I:0.00ns O:0.00ns )   --->   "%img_0_load_8 = load i8 %img_0_addr_8" [bnn.cpp:58]   --->   Operation 278 'load' 'img_0_load_8' <Predicate = (trunc_ln51 == 3)> <Delay = 0.00> <CoreInst = "RAM">   --->   Core 82 'RAM' <Latency = 1> <II = 1> <Delay = 1.23> <Storage> <Opcode : 'load' 'store'> <Ports = 2> <Width = 32> <Depth = 256> <RAM>
ST_10 : Operation 279 [1/2] ( I:0.00ns O:0.00ns )   --->   "%img_1_load_8 = load i8 %img_1_addr_8" [bnn.cpp:58]   --->   Operation 279 'load' 'img_1_load_8' <Predicate = (trunc_ln51 == 0)> <Delay = 0.00> <CoreInst = "RAM">   --->   Core 82 'RAM' <Latency = 1> <II = 1> <Delay = 1.23> <Storage> <Opcode : 'load' 'store'> <Ports = 2> <Width = 32> <Depth = 256> <RAM>
ST_10 : Operation 280 [1/2] ( I:0.00ns O:0.00ns )   --->   "%img_2_load_8 = load i8 %img_2_addr_8" [bnn.cpp:58]   --->   Operation 280 'load' 'img_2_load_8' <Predicate = (trunc_ln51 == 1)> <Delay = 0.00> <CoreInst = "RAM">   --->   Core 82 'RAM' <Latency = 1> <II = 1> <Delay = 1.23> <Storage> <Opcode : 'load' 'store'> <Ports = 2> <Width = 32> <Depth = 256> <RAM>
ST_10 : Operation 281 [1/2] ( I:0.00ns O:0.00ns )   --->   "%img_3_load_8 = load i8 %img_3_addr_8" [bnn.cpp:58]   --->   Operation 281 'load' 'img_3_load_8' <Predicate = (trunc_ln51 == 2)> <Delay = 0.00> <CoreInst = "RAM">   --->   Core 82 'RAM' <Latency = 1> <II = 1> <Delay = 1.23> <Storage> <Opcode : 'load' 'store'> <Ports = 2> <Width = 32> <Depth = 256> <RAM>
ST_10 : Operation 282 [1/1] (0.52ns)   --->   "%v_8 = sparsemux i32 @_ssdm_op_SparseMux.ap_auto.4i32.i32.i2, i2 3, i32 %img_0_load_8, i2 0, i32 %img_1_load_8, i2 1, i32 %img_2_load_8, i2 2, i32 %img_3_load_8, i32 0, i2 %trunc_ln51" [bnn.cpp:58]   --->   Operation 282 'sparsemux' 'v_8' <Predicate = true> <Delay = 0.52> <CoreInst = "BinarySparseMux_DontCare">   --->   Core 149 'BinarySparseMux_DontCare' <Latency = 0> <II = 1> <Delay = 0.52> <FuncUnit> <Opcode : 'sparsemux'> <InPorts = 2> <OutPorts = 1>

State 11 <SV = 10> <Delay = 3.52>
ST_11 : Operation 283 [1/1] (0.00ns)   --->   "%specloopname_ln0 = specloopname void @_ssdm_op_SpecLoopName, void @VITIS_LOOP_50_2_VITIS_LOOP_51_3_str"   --->   Operation 283 'specloopname' 'specloopname_ln0' <Predicate = true> <Delay = 0.00>
ST_11 : Operation 284 [1/1] (0.00ns)   --->   "%speclooptripcount_ln0 = speclooptripcount void @_ssdm_op_SpecLoopTripCount, i64 1024, i64 1024, i64 1024"   --->   Operation 284 'speclooptripcount' 'speclooptripcount_ln0' <Predicate = true> <Delay = 0.00>
ST_11 : Operation 285 [1/1] (0.00ns)   --->   "%specpipeline_ln52 = specpipeline void @_ssdm_op_SpecPipeline, i32 1, i32 0, i32 0, i32 0, i32 4294967295, void @empty_2" [bnn.cpp:52]   --->   Operation 285 'specpipeline' 'specpipeline_ln52' <Predicate = true> <Delay = 0.00>
ST_11 : Operation 286 [1/1] (0.00ns)   --->   "%zext_ln58_7 = zext i8 %tmp_46" [bnn.cpp:58]   --->   Operation 286 'zext' 'zext_ln58_7' <Predicate = true> <Delay = 0.00>
ST_11 : Operation 287 [1/11] (1.61ns)   --->   "%urem_ln58 = urem i7 %add_ln58_5, i7 5" [bnn.cpp:58]   --->   Operation 287 'urem' 'urem_ln58' <Predicate = true> <Delay = 1.61> <CoreInst = "Divider">   --->   Core 6 'Divider' <Latency = 10> <II = 1> <Delay = 1.61> <FuncUnit> <Opcode : 'udiv' 'sdiv' 'urem' 'srem'> <InPorts = 2> <OutPorts = 1>
ST_11 : Operation 288 [1/1] (0.00ns)   --->   "%trunc_ln58_1 = trunc i3 %urem_ln58" [bnn.cpp:58]   --->   Operation 288 'trunc' 'trunc_ln58_1' <Predicate = true> <Delay = 0.00>
ST_11 : Operation 289 [1/1] (0.00ns) (grouped into LUT with out node acc_40)   --->   "%or_ln57_3 = or i6 %add_ln56_3, i6 %select_ln50_1" [bnn.cpp:57]   --->   Operation 289 'or' 'or_ln57_3' <Predicate = true> <Delay = 0.00> <CoreInst = "LogicGate">   --->   Core 74 'LogicGate' <Latency = 0> <II = 1> <Delay = 0.35> <FuncUnit> <Opcode : 'and' 'or' 'xor'> <InPorts = 2> <OutPorts = 1>
ST_11 : Operation 290 [1/1] (0.00ns) (grouped into LUT with out node acc_40)   --->   "%tmp_50 = bitselect i1 @_ssdm_op_BitSelect.i1.i6.i32, i6 %or_ln57_3, i32 5" [bnn.cpp:57]   --->   Operation 290 'bitselect' 'tmp_50' <Predicate = true> <Delay = 0.00>
ST_11 : Operation 291 [1/1] (1.01ns)   --->   "%acc_58 = add i32 %v_8, i32 %acc_34" [bnn.cpp:59]   --->   Operation 291 'add' 'acc_58' <Predicate = (cmp38_2_2)> <Delay = 1.01> <CoreInst = "Adder">   --->   Core 1 'Adder' <Latency = 0> <II = 1> <Delay = 1.01> <FuncUnit> <Opcode : 'add' 'sub'> <InPorts = 2> <OutPorts = 1>
ST_11 : Operation 292 [1/1] (1.01ns)   --->   "%acc_59 = sub i32 %acc_34, i32 %v_8" [bnn.cpp:60]   --->   Operation 292 'sub' 'acc_59' <Predicate = (!cmp38_2_2)> <Delay = 1.01> <CoreInst = "Adder">   --->   Core 1 'Adder' <Latency = 0> <II = 1> <Delay = 1.01> <FuncUnit> <Opcode : 'add' 'sub'> <InPorts = 2> <OutPorts = 1>
ST_11 : Operation 293 [1/1] (0.00ns) (grouped into LUT with out node acc_40)   --->   "%acc_60 = select i1 %cmp38_2_2, i32 %acc_58, i32 %acc_59" [bnn.cpp:59]   --->   Operation 293 'select' 'acc_60' <Predicate = true> <Delay = 0.00> <CoreInst = "Sel">   --->   Core 73 'Sel' <Latency = 0> <II = 1> <Delay = 0.44> <FuncUnit> <Opcode : 'select'> <InPorts = 3> <OutPorts = 1>
ST_11 : Operation 294 [1/1] (0.44ns) (out node of the LUT)   --->   "%acc_40 = select i1 %tmp_50, i32 %acc_34, i32 %acc_60" [bnn.cpp:57]   --->   Operation 294 'select' 'acc_40' <Predicate = true> <Delay = 0.44> <CoreInst = "Sel">   --->   Core 73 'Sel' <Latency = 0> <II = 1> <Delay = 0.44> <FuncUnit> <Opcode : 'select'> <InPorts = 3> <OutPorts = 1>
ST_11 : Operation 295 [1/1] (0.00ns)   --->   "%bnn_top_int_const_unsigned_int_const_int_const_unsigned_int_const_int_co_266 = getelementptr i32 %bnn_top_int_const_unsigned_int_const_int_const_unsigned_int_const_int_co_4, i64 0, i64 %zext_ln58_7" [bnn.cpp:63]   --->   Operation 295 'getelementptr' 'bnn_top_int_const_unsigned_int_const_int_const_unsigned_int_const_int_co_266' <Predicate = true> <Delay = 0.00>
ST_11 : Operation 296 [1/1] (0.00ns)   --->   "%bnn_top_int_const_unsigned_int_const_int_const_unsigned_int_const_int_co_267 = getelementptr i32 %bnn_top_int_const_unsigned_int_const_int_const_unsigned_int_const_int_co_3, i64 0, i64 %zext_ln58_7" [bnn.cpp:63]   --->   Operation 296 'getelementptr' 'bnn_top_int_const_unsigned_int_const_int_const_unsigned_int_const_int_co_267' <Predicate = true> <Delay = 0.00>
ST_11 : Operation 297 [1/1] (0.00ns)   --->   "%bnn_top_int_const_unsigned_int_const_int_const_unsigned_int_const_int_co_268 = getelementptr i32 %bnn_top_int_const_unsigned_int_const_int_const_unsigned_int_const_int_co_2, i64 0, i64 %zext_ln58_7" [bnn.cpp:63]   --->   Operation 297 'getelementptr' 'bnn_top_int_const_unsigned_int_const_int_const_unsigned_int_const_int_co_268' <Predicate = true> <Delay = 0.00>
ST_11 : Operation 298 [1/1] (0.00ns)   --->   "%bnn_top_int_const_unsigned_int_const_int_const_unsigned_int_const_int_co_269 = getelementptr i32 %bnn_top_int_const_unsigned_int_const_int_const_unsigned_int_const_int_co_1, i64 0, i64 %zext_ln58_7" [bnn.cpp:63]   --->   Operation 298 'getelementptr' 'bnn_top_int_const_unsigned_int_const_int_const_unsigned_int_const_int_co_269' <Predicate = true> <Delay = 0.00>
ST_11 : Operation 299 [1/1] (0.00ns)   --->   "%bnn_top_int_const_unsigned_int_const_int_const_unsigned_int_const_int_co_270 = getelementptr i32 %bnn_top_int_const_unsigned_int_const_int_const_unsigned_int_const_int_co, i64 0, i64 %zext_ln58_7" [bnn.cpp:63]   --->   Operation 299 'getelementptr' 'bnn_top_int_const_unsigned_int_const_int_const_unsigned_int_const_int_co_270' <Predicate = true> <Delay = 0.00>
ST_11 : Operation 300 [1/1] (0.67ns)   --->   "%switch_ln63 = switch i3 %trunc_ln58_1, void %arrayidx49.case.4, i3 0, void %arrayidx49.case.0, i3 1, void %arrayidx49.case.1, i3 2, void %arrayidx49.case.2, i3 3, void %arrayidx49.case.3" [bnn.cpp:63]   --->   Operation 300 'switch' 'switch_ln63' <Predicate = true> <Delay = 0.67>
ST_11 : Operation 301 [1/1] ( I:1.23ns O:1.23ns )   --->   "%store_ln63 = store i32 %acc_40, i8 %bnn_top_int_const_unsigned_int_const_int_const_unsigned_int_const_int_co_269" [bnn.cpp:63]   --->   Operation 301 'store' 'store_ln63' <Predicate = (trunc_ln58_1 == 3)> <Delay = 1.23> <CoreInst = "RAM">   --->   Core 82 'RAM' <Latency = 1> <II = 1> <Delay = 1.23> <Storage> <Opcode : 'load' 'store'> <Ports = 2> <Width = 32> <Depth = 205> <RAM>
ST_11 : Operation 302 [1/1] (0.00ns)   --->   "%br_ln63 = br void %arrayidx49.exit" [bnn.cpp:63]   --->   Operation 302 'br' 'br_ln63' <Predicate = (trunc_ln58_1 == 3)> <Delay = 0.00>
ST_11 : Operation 303 [1/1] ( I:1.23ns O:1.23ns )   --->   "%store_ln63 = store i32 %acc_40, i8 %bnn_top_int_const_unsigned_int_const_int_const_unsigned_int_const_int_co_268" [bnn.cpp:63]   --->   Operation 303 'store' 'store_ln63' <Predicate = (trunc_ln58_1 == 2)> <Delay = 1.23> <CoreInst = "RAM">   --->   Core 82 'RAM' <Latency = 1> <II = 1> <Delay = 1.23> <Storage> <Opcode : 'load' 'store'> <Ports = 2> <Width = 32> <Depth = 205> <RAM>
ST_11 : Operation 304 [1/1] (0.00ns)   --->   "%br_ln63 = br void %arrayidx49.exit" [bnn.cpp:63]   --->   Operation 304 'br' 'br_ln63' <Predicate = (trunc_ln58_1 == 2)> <Delay = 0.00>
ST_11 : Operation 305 [1/1] ( I:1.23ns O:1.23ns )   --->   "%store_ln63 = store i32 %acc_40, i8 %bnn_top_int_const_unsigned_int_const_int_const_unsigned_int_const_int_co_267" [bnn.cpp:63]   --->   Operation 305 'store' 'store_ln63' <Predicate = (trunc_ln58_1 == 1)> <Delay = 1.23> <CoreInst = "RAM">   --->   Core 82 'RAM' <Latency = 1> <II = 1> <Delay = 1.23> <Storage> <Opcode : 'load' 'store'> <Ports = 2> <Width = 32> <Depth = 205> <RAM>
ST_11 : Operation 306 [1/1] (0.00ns)   --->   "%br_ln63 = br void %arrayidx49.exit" [bnn.cpp:63]   --->   Operation 306 'br' 'br_ln63' <Predicate = (trunc_ln58_1 == 1)> <Delay = 0.00>
ST_11 : Operation 307 [1/1] ( I:1.23ns O:1.23ns )   --->   "%store_ln63 = store i32 %acc_40, i8 %bnn_top_int_const_unsigned_int_const_int_const_unsigned_int_const_int_co_266" [bnn.cpp:63]   --->   Operation 307 'store' 'store_ln63' <Predicate = (trunc_ln58_1 == 0)> <Delay = 1.23> <CoreInst = "RAM">   --->   Core 82 'RAM' <Latency = 1> <II = 1> <Delay = 1.23> <Storage> <Opcode : 'load' 'store'> <Ports = 2> <Width = 32> <Depth = 205> <RAM>
ST_11 : Operation 308 [1/1] (0.00ns)   --->   "%br_ln63 = br void %arrayidx49.exit" [bnn.cpp:63]   --->   Operation 308 'br' 'br_ln63' <Predicate = (trunc_ln58_1 == 0)> <Delay = 0.00>
ST_11 : Operation 309 [1/1] ( I:1.23ns O:1.23ns )   --->   "%store_ln63 = store i32 %acc_40, i8 %bnn_top_int_const_unsigned_int_const_int_const_unsigned_int_const_int_co_270" [bnn.cpp:63]   --->   Operation 309 'store' 'store_ln63' <Predicate = (trunc_ln58_1 != 0 & trunc_ln58_1 != 1 & trunc_ln58_1 != 2 & trunc_ln58_1 != 3)> <Delay = 1.23> <CoreInst = "RAM">   --->   Core 82 'RAM' <Latency = 1> <II = 1> <Delay = 1.23> <Storage> <Opcode : 'load' 'store'> <Ports = 2> <Width = 32> <Depth = 205> <RAM>
ST_11 : Operation 310 [1/1] (0.00ns)   --->   "%br_ln63 = br void %arrayidx49.exit" [bnn.cpp:63]   --->   Operation 310 'br' 'br_ln63' <Predicate = (trunc_ln58_1 != 0 & trunc_ln58_1 != 1 & trunc_ln58_1 != 2 & trunc_ln58_1 != 3)> <Delay = 0.00>


============================================================
+ Verbose Summary: Timing violations
============================================================
Target clock period: 10.000ns, clock uncertainty: 2.700ns.

 <State 1>: 3.988ns
The critical path consists of the following:
	'store' operation ('store_ln50', bnn.cpp:50) of constant 0 6 bit on local variable 'oh', bnn.cpp:50 [52]  (0.427 ns)
	'load' operation 6 bit ('oh_load', bnn.cpp:56) on local variable 'oh', bnn.cpp:50 [62]  (0.000 ns)
	'add' operation 6 bit ('add_ln56_4', bnn.cpp:56) [68]  (0.781 ns)
	'select' operation 6 bit ('select_ln50_2', bnn.cpp:50) [70]  (0.384 ns)
	'shl' operation 6 bit ('shl_ln63', bnn.cpp:63) [72]  (0.000 ns)
	'add' operation 7 bit ('add_ln58_5', bnn.cpp:58) [161]  (0.781 ns)
	'urem' operation 3 bit ('urem_ln58', bnn.cpp:58) [172]  (1.615 ns)

 <State 2>: 1.615ns
The critical path consists of the following:
	'urem' operation 3 bit ('urem_ln58', bnn.cpp:58) [172]  (1.615 ns)

 <State 3>: 1.615ns
The critical path consists of the following:
	'urem' operation 3 bit ('urem_ln58', bnn.cpp:58) [172]  (1.615 ns)

 <State 4>: 1.615ns
The critical path consists of the following:
	'urem' operation 3 bit ('urem_ln58', bnn.cpp:58) [172]  (1.615 ns)

 <State 5>: 1.615ns
The critical path consists of the following:
	'urem' operation 3 bit ('urem_ln58', bnn.cpp:58) [172]  (1.615 ns)

 <State 6>: 1.615ns
The critical path consists of the following:
	'urem' operation 3 bit ('urem_ln58', bnn.cpp:58) [172]  (1.615 ns)

 <State 7>: 3.148ns
The critical path consists of the following:
	'add' operation 10 bit ('add_ln58_6', bnn.cpp:58) [167]  (0.960 ns)
	'mul' operation 21 bit ('mul_ln58', bnn.cpp:58) [169]  (2.188 ns)

 <State 8>: 1.615ns
The critical path consists of the following:
	'urem' operation 3 bit ('urem_ln58', bnn.cpp:58) [172]  (1.615 ns)

 <State 9>: 6.385ns
The critical path consists of the following:
	'load' operation 32 bit ('img_0_load', bnn.cpp:58) on array 'img_0' [92]  (0.000 ns)
	'sparsemux' operation 32 bit ('v', bnn.cpp:58) [99]  (0.525 ns)
	'sub' operation 32 bit ('acc', bnn.cpp:60) [101]  (1.016 ns)
	'select' operation 32 bit ('acc', bnn.cpp:59) [102]  (0.000 ns)
	'select' operation 32 bit ('acc', bnn.cpp:57) [103]  (0.449 ns)
	'add' operation 32 bit ('acc', bnn.cpp:59) [117]  (1.016 ns)
	'select' operation 32 bit ('acc', bnn.cpp:59) [119]  (0.000 ns)
	'select' operation 32 bit ('acc', bnn.cpp:57) [120]  (0.449 ns)
	'sub' operation 32 bit ('acc', bnn.cpp:60) [141]  (1.016 ns)
	'select' operation 32 bit ('acc', bnn.cpp:59) [142]  (0.000 ns)
	'select' operation 32 bit ('acc', bnn.cpp:57) [143]  (0.449 ns)
	'sub' operation 32 bit ('acc', bnn.cpp:60) [158]  (1.016 ns)
	'select' operation 32 bit ('acc', bnn.cpp:59) [159]  (0.000 ns)
	'select' operation 32 bit ('acc', bnn.cpp:57) [160]  (0.449 ns)

 <State 10>: 5.860ns
The critical path consists of the following:
	'add' operation 32 bit ('acc', bnn.cpp:59) [185]  (1.016 ns)
	'select' operation 32 bit ('acc', bnn.cpp:59) [187]  (0.449 ns)
	'sub' operation 32 bit ('acc', bnn.cpp:60) [202]  (1.016 ns)
	'select' operation 32 bit ('acc', bnn.cpp:59) [203]  (0.000 ns)
	'select' operation 32 bit ('acc', bnn.cpp:57) [204]  (0.449 ns)
	'add' operation 32 bit ('acc', bnn.cpp:59) [221]  (1.016 ns)
	'select' operation 32 bit ('acc', bnn.cpp:59) [223]  (0.000 ns)
	'select' operation 32 bit ('acc', bnn.cpp:57) [224]  (0.449 ns)
	'sub' operation 32 bit ('acc', bnn.cpp:60) [239]  (1.016 ns)
	'select' operation 32 bit ('acc', bnn.cpp:59) [240]  (0.000 ns)
	'select' operation 32 bit ('acc', bnn.cpp:57) [241]  (0.449 ns)

 <State 11>: 3.524ns
The critical path consists of the following:
	'urem' operation 3 bit ('urem_ln58', bnn.cpp:58) [172]  (1.615 ns)
	'store' operation ('store_ln63', bnn.cpp:63) of variable 'acc', bnn.cpp:57 32 bit on array 'bnn_top_int_const_unsigned_int_const_int_const_unsigned_int_const_int_co_2' [270]  (1.237 ns)
	blocking operation 0.6725 ns on control path)


============================================================
+ Verbose Summary: Binding
============================================================
N/A
* FSMD analyzer results:
  - Output states:
 - Input state : 
  - Chain level:
	State 1
	State 2
	State 3
	State 4
	State 5
	State 6
	State 7
	State 8
	State 9
	State 10
	State 11


============================================================
+ Verbose Summary: Datapath Resource usage 
============================================================
N/A
