

================================================================
== Vitis HLS Report for 'bnn_top_Pipeline_VITIS_LOOP_96_14_VITIS_LOOP_97_15'
================================================================
* Date:           Mon Aug 24 01:28:41 2026

* Version:        2025.2 (Build 6295257 on Nov 12 2025)
* Project:        bnn_hls
* Solution:       sol1 (Vivado IP Flow Target)
* Product family: zynquplus
* Target device:  xczu7ev-ffvc1156-2-e


================================================================
== Performance Estimates
================================================================
+ Timing: 
    * Summary: 
    +--------+----------+----------+------------+
    |  Clock |  Target  | Estimated| Uncertainty|
    +--------+----------+----------+------------+
    |ap_clk  |  10.00 ns|  6.003 ns|     2.70 ns|
    +--------+----------+----------+------------+

+ Latency: 
    * Summary: 
    +---------+---------+----------+----------+-----+-----+-------------------+
    |  Latency (cycles) |  Latency (absolute) |  Interval |      Pipeline     |
    |   min   |   max   |    min   |    max   | min | max |        Type       |
    +---------+---------+----------+----------+-----+-----+-------------------+
    |       76|       76|  0.760 us|  0.760 us|    0|    0|  loop pipeline stp|
    +---------+---------+----------+----------+-----+-----+-------------------+

    + Detail: 
        * Instance: 
        N/A

        * Loop: 
        +-------------------------------------+---------+---------+----------+-----------+-----------+------+----------+
        |                                     |  Latency (cycles) | Iteration|  Initiation Interval  | Trip |          |
        |              Loop Name              |   min   |   max   |  Latency |  achieved |   target  | Count| Pipelined|
        +-------------------------------------+---------+---------+----------+-----------+-----------+------+----------+
        |- VITIS_LOOP_96_14_VITIS_LOOP_97_15  |       74|       74|        12|          1|          1|    64|       yes|
        +-------------------------------------+---------+---------+----------+-----------+-----------+------+----------+

============================================================
+ Verbose Summary: Synthesis Manager
============================================================
InlineROM: 1
ExposeGlobal: 0
============================================================
+ Verbose Summary: CDFG Model
============================================================
IsTopModel: 0
ResetActiveHigh: 1
IsCombinational: 0
IsDatapathOnly: 0
HasWiredReturn: 1
HasMFsm: 2
HasVarLatency: 1
IsPipeline: 0
IsRtlPipelined: 0
IsInstanceOverlapped: 0
IsDontTouch: 0
HasImplIP: 0
IsGatedGlobalClock: 0

+ Individual pipeline summary: 
  * Pipeline-0: initiation interval (II) = 1, depth = 12


============================================================
+ Verbose Summary: Schedule
============================================================
* Number of FSM states : 12
* Pipeline : 1
  Pipeline-0 : II = 1, D = 12, States = { 1 2 3 4 5 6 7 8 9 10 11 12 }
* Dataflow Pipeline: 0

* FSM state transitions: 
1 --> 2 
2 --> 3 
3 --> 4 
4 --> 5 
5 --> 6 
6 --> 7 
7 --> 8 
8 --> 9 
9 --> 10 
10 --> 11 
11 --> 12 
12 --> 

* FSM state operations: 

State 1 <SV = 0> <Delay = 3.47>
ST_1 : Operation 15 [1/1] (0.00ns)   --->   "%pw = alloca i32 1" [bnn.cpp:97]   --->   Operation 15 'alloca' 'pw' <Predicate = true> <Delay = 0.00>
ST_1 : Operation 16 [1/1] (0.00ns)   --->   "%ph = alloca i32 1" [bnn.cpp:96]   --->   Operation 16 'alloca' 'ph' <Predicate = true> <Delay = 0.00>
ST_1 : Operation 17 [1/1] (0.00ns)   --->   "%indvar_flatten36 = alloca i32 1"   --->   Operation 17 'alloca' 'indvar_flatten36' <Predicate = true> <Delay = 0.00>
ST_1 : Operation 18 [1/1] (0.00ns)   --->   "%sext_ln104_read = read i32 @_ssdm_op_Read.ap_auto.i32, i32 %sext_ln104"   --->   Operation 18 'read' 'sext_ln104_read' <Predicate = true> <Delay = 0.00>
ST_1 : Operation 19 [1/1] (0.00ns)   --->   "%shl_ln2_read = read i9 @_ssdm_op_Read.ap_auto.i9, i9 %shl_ln2"   --->   Operation 19 'read' 'shl_ln2_read' <Predicate = true> <Delay = 0.00>
ST_1 : Operation 20 [1/1] (0.00ns)   --->   "%sext_ln104_cast = sext i32 %sext_ln104_read"   --->   Operation 20 'sext' 'sext_ln104_cast' <Predicate = true> <Delay = 0.00>
ST_1 : Operation 21 [1/1] (0.42ns)   --->   "%store_ln0 = store i7 0, i7 %indvar_flatten36"   --->   Operation 21 'store' 'store_ln0' <Predicate = true> <Delay = 0.42>
ST_1 : Operation 22 [1/1] (0.42ns)   --->   "%store_ln96 = store i4 0, i4 %ph" [bnn.cpp:96]   --->   Operation 22 'store' 'store_ln96' <Predicate = true> <Delay = 0.42>
ST_1 : Operation 23 [1/1] (0.42ns)   --->   "%store_ln97 = store i4 0, i4 %pw" [bnn.cpp:97]   --->   Operation 23 'store' 'store_ln97' <Predicate = true> <Delay = 0.42>
ST_1 : Operation 24 [1/1] (0.00ns)   --->   "%br_ln0 = br void %for.body220"   --->   Operation 24 'br' 'br_ln0' <Predicate = true> <Delay = 0.00>
ST_1 : Operation 25 [1/1] (0.00ns)   --->   "%indvar_flatten36_load = load i7 %indvar_flatten36" [bnn.cpp:96]   --->   Operation 25 'load' 'indvar_flatten36_load' <Predicate = true> <Delay = 0.00>
ST_1 : Operation 26 [1/1] (0.77ns)   --->   "%icmp_ln96 = icmp_eq  i7 %indvar_flatten36_load, i7 64" [bnn.cpp:96]   --->   Operation 26 'icmp' 'icmp_ln96' <Predicate = true> <Delay = 0.77> <CoreInst = "Cmp">   --->   Core 9 'Cmp' <Latency = 0> <II = 1> <Delay = 0.77> <FuncUnit> <Opcode : 'seteq' 'setne' 'setle' 'setge' 'setlt' 'setgt'> <InPorts = 2> <OutPorts = 1>
ST_1 : Operation 27 [1/1] (0.77ns)   --->   "%add_ln96 = add i7 %indvar_flatten36_load, i7 1" [bnn.cpp:96]   --->   Operation 27 'add' 'add_ln96' <Predicate = true> <Delay = 0.77> <CoreInst = "Adder">   --->   Core 1 'Adder' <Latency = 0> <II = 1> <Delay = 0.77> <FuncUnit> <Opcode : 'add' 'sub'> <InPorts = 2> <OutPorts = 1>
ST_1 : Operation 28 [1/1] (0.00ns)   --->   "%br_ln96 = br i1 %icmp_ln96, void %for.inc277, void %for.inc280.exitStub" [bnn.cpp:96]   --->   Operation 28 'br' 'br_ln96' <Predicate = true> <Delay = 0.00>
ST_1 : Operation 29 [1/1] (0.00ns)   --->   "%pw_load = load i4 %pw" [bnn.cpp:97]   --->   Operation 29 'load' 'pw_load' <Predicate = (!icmp_ln96)> <Delay = 0.00>
ST_1 : Operation 30 [1/1] (0.00ns)   --->   "%ph_load = load i4 %ph" [bnn.cpp:96]   --->   Operation 30 'load' 'ph_load' <Predicate = (!icmp_ln96)> <Delay = 0.00>
ST_1 : Operation 31 [1/1] (0.79ns)   --->   "%icmp_ln97 = icmp_eq  i4 %pw_load, i4 8" [bnn.cpp:97]   --->   Operation 31 'icmp' 'icmp_ln97' <Predicate = (!icmp_ln96)> <Delay = 0.79> <CoreInst = "Cmp">   --->   Core 9 'Cmp' <Latency = 0> <II = 1> <Delay = 0.79> <FuncUnit> <Opcode : 'seteq' 'setne' 'setle' 'setge' 'setlt' 'setgt'> <InPorts = 2> <OutPorts = 1>
ST_1 : Operation 32 [1/1] (0.39ns)   --->   "%select_ln96 = select i1 %icmp_ln97, i4 0, i4 %pw_load" [bnn.cpp:96]   --->   Operation 32 'select' 'select_ln96' <Predicate = (!icmp_ln96)> <Delay = 0.39> <CoreInst = "Sel">   --->   Core 73 'Sel' <Latency = 0> <II = 1> <Delay = 0.39> <FuncUnit> <Opcode : 'select'> <InPorts = 3> <OutPorts = 1>
ST_1 : Operation 33 [1/1] (0.79ns)   --->   "%add_ln96_1 = add i4 %ph_load, i4 1" [bnn.cpp:96]   --->   Operation 33 'add' 'add_ln96_1' <Predicate = (!icmp_ln96)> <Delay = 0.79> <CoreInst = "Adder">   --->   Core 1 'Adder' <Latency = 0> <II = 1> <Delay = 0.79> <FuncUnit> <Opcode : 'add' 'sub'> <InPorts = 2> <OutPorts = 1>
ST_1 : Operation 34 [1/1] (0.39ns)   --->   "%select_ln96_1 = select i1 %icmp_ln97, i4 %add_ln96_1, i4 %ph_load" [bnn.cpp:96]   --->   Operation 34 'select' 'select_ln96_1' <Predicate = (!icmp_ln96)> <Delay = 0.39> <CoreInst = "Sel">   --->   Core 73 'Sel' <Latency = 0> <II = 1> <Delay = 0.39> <FuncUnit> <Opcode : 'select'> <InPorts = 3> <OutPorts = 1>
ST_1 : Operation 35 [1/1] (0.00ns)   --->   "%trunc_ln99 = trunc i4 %select_ln96_1" [bnn.cpp:99]   --->   Operation 35 'trunc' 'trunc_ln99' <Predicate = (!icmp_ln96)> <Delay = 0.00>
ST_1 : Operation 36 [1/1] (0.00ns) (grouped into LUT with out node add_ln99)   --->   "%shl_ln99 = shl i4 %select_ln96_1, i4 1" [bnn.cpp:99]   --->   Operation 36 'shl' 'shl_ln99' <Predicate = (!icmp_ln96)> <Delay = 0.00>
ST_1 : Operation 37 [1/1] (0.00ns) (grouped into LUT with out node add_ln99)   --->   "%zext_ln99 = zext i4 %shl_ln99" [bnn.cpp:99]   --->   Operation 37 'zext' 'zext_ln99' <Predicate = (!icmp_ln96)> <Delay = 0.00>
ST_1 : Operation 38 [1/1] (0.00ns)   --->   "%trunc_ln97 = trunc i4 %select_ln96" [bnn.cpp:97]   --->   Operation 38 'trunc' 'trunc_ln97' <Predicate = (!icmp_ln96)> <Delay = 0.00>
ST_1 : Operation 39 [1/1] (0.00ns) (grouped into LUT with out node add_ln99)   --->   "%shl_ln99_1 = shl i4 %select_ln96, i4 1" [bnn.cpp:99]   --->   Operation 39 'shl' 'shl_ln99_1' <Predicate = (!icmp_ln96)> <Delay = 0.00>
ST_1 : Operation 40 [1/1] (0.00ns) (grouped into LUT with out node add_ln99)   --->   "%zext_ln99_1 = zext i4 %shl_ln99_1" [bnn.cpp:99]   --->   Operation 40 'zext' 'zext_ln99_1' <Predicate = (!icmp_ln96)> <Delay = 0.00>
ST_1 : Operation 41 [1/1] (0.79ns) (out node of the LUT)   --->   "%add_ln99 = add i5 %zext_ln99_1, i5 %zext_ln99" [bnn.cpp:99]   --->   Operation 41 'add' 'add_ln99' <Predicate = (!icmp_ln96)> <Delay = 0.79> <CoreInst = "Adder">   --->   Core 1 'Adder' <Latency = 0> <II = 1> <Delay = 0.79> <FuncUnit> <Opcode : 'add' 'sub'> <InPorts = 2> <OutPorts = 1>
ST_1 : Operation 42 [9/9] (1.06ns)   --->   "%urem_ln99 = urem i5 %add_ln99, i5 5" [bnn.cpp:99]   --->   Operation 42 'urem' 'urem_ln99' <Predicate = (!icmp_ln96)> <Delay = 1.06> <CoreInst = "Divider">   --->   Core 6 'Divider' <Latency = 8> <II = 1> <Delay = 1.06> <FuncUnit> <Opcode : 'udiv' 'sdiv' 'urem' 'srem'> <InPorts = 2> <OutPorts = 1>
ST_1 : Operation 43 [1/1] (0.67ns)   --->   "%switch_ln104 = switch i3 %trunc_ln97, void %arrayidx273.case.7, i3 0, void %arrayidx273.case.0, i3 1, void %arrayidx273.case.1, i3 2, void %arrayidx273.case.2, i3 3, void %arrayidx273.case.3, i3 4, void %arrayidx273.case.4, i3 5, void %arrayidx273.case.5, i3 6, void %arrayidx273.case.6" [bnn.cpp:104]   --->   Operation 43 'switch' 'switch_ln104' <Predicate = (!icmp_ln96)> <Delay = 0.67>
ST_1 : Operation 44 [1/1] (0.79ns)   --->   "%add_ln97 = add i4 %select_ln96, i4 1" [bnn.cpp:97]   --->   Operation 44 'add' 'add_ln97' <Predicate = (!icmp_ln96)> <Delay = 0.79> <CoreInst = "Adder">   --->   Core 1 'Adder' <Latency = 0> <II = 1> <Delay = 0.79> <FuncUnit> <Opcode : 'add' 'sub'> <InPorts = 2> <OutPorts = 1>
ST_1 : Operation 45 [1/1] (0.42ns)   --->   "%store_ln96 = store i7 %add_ln96, i7 %indvar_flatten36" [bnn.cpp:96]   --->   Operation 45 'store' 'store_ln96' <Predicate = (!icmp_ln96)> <Delay = 0.42>
ST_1 : Operation 46 [1/1] (0.42ns)   --->   "%store_ln96 = store i4 %select_ln96_1, i4 %ph" [bnn.cpp:96]   --->   Operation 46 'store' 'store_ln96' <Predicate = (!icmp_ln96)> <Delay = 0.42>
ST_1 : Operation 47 [1/1] (0.42ns)   --->   "%store_ln97 = store i4 %add_ln97, i4 %pw" [bnn.cpp:97]   --->   Operation 47 'store' 'store_ln97' <Predicate = (!icmp_ln96)> <Delay = 0.42>
ST_1 : Operation 48 [1/1] (0.00ns)   --->   "%br_ln97 = br void %for.body220" [bnn.cpp:97]   --->   Operation 48 'br' 'br_ln97' <Predicate = (!icmp_ln96)> <Delay = 0.00>

State 2 <SV = 1> <Delay = 1.06>
ST_2 : Operation 49 [8/9] (1.06ns)   --->   "%urem_ln99 = urem i5 %add_ln99, i5 5" [bnn.cpp:99]   --->   Operation 49 'urem' 'urem_ln99' <Predicate = true> <Delay = 1.06> <CoreInst = "Divider">   --->   Core 6 'Divider' <Latency = 8> <II = 1> <Delay = 1.06> <FuncUnit> <Opcode : 'udiv' 'sdiv' 'urem' 'srem'> <InPorts = 2> <OutPorts = 1>

State 3 <SV = 2> <Delay = 1.06>
ST_3 : Operation 50 [7/9] (1.06ns)   --->   "%urem_ln99 = urem i5 %add_ln99, i5 5" [bnn.cpp:99]   --->   Operation 50 'urem' 'urem_ln99' <Predicate = true> <Delay = 1.06> <CoreInst = "Divider">   --->   Core 6 'Divider' <Latency = 8> <II = 1> <Delay = 1.06> <FuncUnit> <Opcode : 'udiv' 'sdiv' 'urem' 'srem'> <InPorts = 2> <OutPorts = 1>

State 4 <SV = 3> <Delay = 1.06>
ST_4 : Operation 51 [6/9] (1.06ns)   --->   "%urem_ln99 = urem i5 %add_ln99, i5 5" [bnn.cpp:99]   --->   Operation 51 'urem' 'urem_ln99' <Predicate = true> <Delay = 1.06> <CoreInst = "Divider">   --->   Core 6 'Divider' <Latency = 8> <II = 1> <Delay = 1.06> <FuncUnit> <Opcode : 'udiv' 'sdiv' 'urem' 'srem'> <InPorts = 2> <OutPorts = 1>

State 5 <SV = 4> <Delay = 1.06>
ST_5 : Operation 52 [5/9] (1.06ns)   --->   "%urem_ln99 = urem i5 %add_ln99, i5 5" [bnn.cpp:99]   --->   Operation 52 'urem' 'urem_ln99' <Predicate = true> <Delay = 1.06> <CoreInst = "Divider">   --->   Core 6 'Divider' <Latency = 8> <II = 1> <Delay = 1.06> <FuncUnit> <Opcode : 'udiv' 'sdiv' 'urem' 'srem'> <InPorts = 2> <OutPorts = 1>

State 6 <SV = 5> <Delay = 1.06>
ST_6 : Operation 53 [4/9] (1.06ns)   --->   "%urem_ln99 = urem i5 %add_ln99, i5 5" [bnn.cpp:99]   --->   Operation 53 'urem' 'urem_ln99' <Predicate = true> <Delay = 1.06> <CoreInst = "Divider">   --->   Core 6 'Divider' <Latency = 8> <II = 1> <Delay = 1.06> <FuncUnit> <Opcode : 'udiv' 'sdiv' 'urem' 'srem'> <InPorts = 2> <OutPorts = 1>

State 7 <SV = 6> <Delay = 1.06>
ST_7 : Operation 54 [3/9] (1.06ns)   --->   "%urem_ln99 = urem i5 %add_ln99, i5 5" [bnn.cpp:99]   --->   Operation 54 'urem' 'urem_ln99' <Predicate = true> <Delay = 1.06> <CoreInst = "Divider">   --->   Core 6 'Divider' <Latency = 8> <II = 1> <Delay = 1.06> <FuncUnit> <Opcode : 'udiv' 'sdiv' 'urem' 'srem'> <InPorts = 2> <OutPorts = 1>

State 8 <SV = 7> <Delay = 1.06>
ST_8 : Operation 55 [2/9] (1.06ns)   --->   "%urem_ln99 = urem i5 %add_ln99, i5 5" [bnn.cpp:99]   --->   Operation 55 'urem' 'urem_ln99' <Predicate = true> <Delay = 1.06> <CoreInst = "Divider">   --->   Core 6 'Divider' <Latency = 8> <II = 1> <Delay = 1.06> <FuncUnit> <Opcode : 'udiv' 'sdiv' 'urem' 'srem'> <InPorts = 2> <OutPorts = 1>

State 9 <SV = 8> <Delay = 1.06>
ST_9 : Operation 56 [1/9] (1.06ns)   --->   "%urem_ln99 = urem i5 %add_ln99, i5 5" [bnn.cpp:99]   --->   Operation 56 'urem' 'urem_ln99' <Predicate = true> <Delay = 1.06> <CoreInst = "Divider">   --->   Core 6 'Divider' <Latency = 8> <II = 1> <Delay = 1.06> <FuncUnit> <Opcode : 'udiv' 'sdiv' 'urem' 'srem'> <InPorts = 2> <OutPorts = 1>
ST_9 : Operation 57 [1/1] (0.00ns)   --->   "%trunc_ln99_1 = trunc i3 %urem_ln99" [bnn.cpp:99]   --->   Operation 57 'trunc' 'trunc_ln99_1' <Predicate = true> <Delay = 0.00>

State 10 <SV = 9> <Delay = 4.39>
ST_10 : Operation 58 [1/1] (0.00ns)   --->   "%zext_ln99_2 = zext i5 %add_ln99" [bnn.cpp:99]   --->   Operation 58 'zext' 'zext_ln99_2' <Predicate = true> <Delay = 0.00>
ST_10 : Operation 59 [1/1] (0.00ns)   --->   "%p_shl = bitconcatenate i8 @_ssdm_op_BitConcatenate.i8.i3.i5, i3 %trunc_ln99, i5 0" [bnn.cpp:99]   --->   Operation 59 'bitconcatenate' 'p_shl' <Predicate = true> <Delay = 0.00>
ST_10 : Operation 60 [1/1] (0.00ns)   --->   "%tmp = bitconcatenate i5 @_ssdm_op_BitConcatenate.i5.i4.i1, i4 %select_ln96_1, i1 0" [bnn.cpp:99]   --->   Operation 60 'bitconcatenate' 'tmp' <Predicate = true> <Delay = 0.00>
ST_10 : Operation 61 [1/1] (0.00ns)   --->   "%zext_ln99_3 = zext i5 %tmp" [bnn.cpp:99]   --->   Operation 61 'zext' 'zext_ln99_3' <Predicate = true> <Delay = 0.00>
ST_10 : Operation 62 [1/1] (0.00ns) (grouped into TernaryAdder)   --->   "%sub_ln99 = sub i8 %p_shl, i8 %zext_ln99_3" [bnn.cpp:99]   --->   Operation 62 'sub' 'sub_ln99' <Predicate = true> <Delay = 0.00> <CoreInst = "TAddSub">   --->   Core 10 'TAddSub' <Latency = 0> <II = 1> <Delay = 0.52> <IPBlock> <Opcode : 'add' 'sub'> <InPorts = 3> <OutPorts = 1> <Sync> <CReg>
ST_10 : Operation 63 [1/1] (1.05ns) (root node of TernaryAdder)   --->   "%add_ln99_1 = add i8 %zext_ln99_2, i8 %sub_ln99" [bnn.cpp:99]   --->   Operation 63 'add' 'add_ln99_1' <Predicate = true> <Delay = 1.05> <CoreInst = "TAddSub">   --->   Core 10 'TAddSub' <Latency = 0> <II = 1> <Delay = 0.52> <IPBlock> <Opcode : 'add' 'sub'> <InPorts = 3> <OutPorts = 1> <Sync> <CReg>
ST_10 : Operation 64 [1/1] (0.00ns)   --->   "%zext_ln99_5 = zext i8 %add_ln99_1" [bnn.cpp:99]   --->   Operation 64 'zext' 'zext_ln99_5' <Predicate = true> <Delay = 0.00>
ST_10 : Operation 65 [1/1] (2.11ns)   --->   "%mul_ln99 = mul i17 %zext_ln99_5, i17 410" [bnn.cpp:99]   --->   Operation 65 'mul' 'mul_ln99' <Predicate = true> <Delay = 2.11> <CoreInst = "Multiplier">   --->   Core 3 'Multiplier' <Latency = 0> <II = 1> <Delay = 2.11> <FuncUnit> <Opcode : 'mul'> <InPorts = 2> <OutPorts = 1>
ST_10 : Operation 66 [1/1] (0.00ns)   --->   "%tmp_1 = partselect i6 @_ssdm_op_PartSelect.i6.i17.i32.i32, i17 %mul_ln99, i32 11, i32 16" [bnn.cpp:99]   --->   Operation 66 'partselect' 'tmp_1' <Predicate = true> <Delay = 0.00>
ST_10 : Operation 67 [1/1] (0.00ns)   --->   "%zext_ln99_4 = zext i6 %tmp_1" [bnn.cpp:99]   --->   Operation 67 'zext' 'zext_ln99_4' <Predicate = true> <Delay = 0.00>
ST_10 : Operation 68 [1/1] (0.00ns)   --->   "%bnn_top_int_const_unsigned_int_const_int_const_unsigned_int_const_int_co_29 = getelementptr i32 %bnn_top_int_const_unsigned_int_const_int_const_unsigned_int_const_int_co_4, i64 0, i64 %zext_ln99_4" [bnn.cpp:99]   --->   Operation 68 'getelementptr' 'bnn_top_int_const_unsigned_int_const_int_const_unsigned_int_const_int_co_29' <Predicate = (trunc_ln99_1 == 0)> <Delay = 0.00>
ST_10 : Operation 69 [1/1] (0.00ns)   --->   "%bnn_top_int_const_unsigned_int_const_int_const_unsigned_int_const_int_co_30 = getelementptr i32 %bnn_top_int_const_unsigned_int_const_int_const_unsigned_int_const_int_co_3, i64 0, i64 %zext_ln99_4" [bnn.cpp:99]   --->   Operation 69 'getelementptr' 'bnn_top_int_const_unsigned_int_const_int_const_unsigned_int_const_int_co_30' <Predicate = (trunc_ln99_1 == 1)> <Delay = 0.00>
ST_10 : Operation 70 [1/1] (0.00ns)   --->   "%bnn_top_int_const_unsigned_int_const_int_const_unsigned_int_const_int_co_31 = getelementptr i32 %bnn_top_int_const_unsigned_int_const_int_const_unsigned_int_const_int_co_2, i64 0, i64 %zext_ln99_4" [bnn.cpp:99]   --->   Operation 70 'getelementptr' 'bnn_top_int_const_unsigned_int_const_int_const_unsigned_int_const_int_co_31' <Predicate = (trunc_ln99_1 == 2)> <Delay = 0.00>
ST_10 : Operation 71 [1/1] (0.00ns)   --->   "%bnn_top_int_const_unsigned_int_const_int_const_unsigned_int_const_int_co_32 = getelementptr i32 %bnn_top_int_const_unsigned_int_const_int_const_unsigned_int_const_int_co_1, i64 0, i64 %zext_ln99_4" [bnn.cpp:99]   --->   Operation 71 'getelementptr' 'bnn_top_int_const_unsigned_int_const_int_const_unsigned_int_const_int_co_32' <Predicate = (trunc_ln99_1 == 3)> <Delay = 0.00>
ST_10 : Operation 72 [1/1] (0.00ns)   --->   "%bnn_top_int_const_unsigned_int_const_int_const_unsigned_int_const_int_co_33 = getelementptr i32 %bnn_top_int_const_unsigned_int_const_int_const_unsigned_int_const_int_co, i64 0, i64 %zext_ln99_4" [bnn.cpp:99]   --->   Operation 72 'getelementptr' 'bnn_top_int_const_unsigned_int_const_int_const_unsigned_int_const_int_co_33' <Predicate = (trunc_ln99_1 == 4)> <Delay = 0.00>
ST_10 : Operation 73 [2/2] (1.23ns)   --->   "%bnn_top_int_const_unsigned_int_const_int_const_unsigned_int_const_int_co_34 = load i8 %bnn_top_int_const_unsigned_int_const_int_const_unsigned_int_const_int_co_29" [bnn.cpp:99]   --->   Operation 73 'load' 'bnn_top_int_const_unsigned_int_const_int_const_unsigned_int_const_int_co_34' <Predicate = (trunc_ln99_1 == 0)> <Delay = 1.23> <CoreInst = "RAM">   --->   Core 82 'RAM' <Latency = 1> <II = 1> <Delay = 1.23> <Storage> <Opcode : 'load' 'store'> <Ports = 2> <Width = 32> <Depth = 205> <RAM>
ST_10 : Operation 74 [2/2] (1.23ns)   --->   "%bnn_top_int_const_unsigned_int_const_int_const_unsigned_int_const_int_co_35 = load i8 %bnn_top_int_const_unsigned_int_const_int_const_unsigned_int_const_int_co_30" [bnn.cpp:99]   --->   Operation 74 'load' 'bnn_top_int_const_unsigned_int_const_int_const_unsigned_int_const_int_co_35' <Predicate = (trunc_ln99_1 == 1)> <Delay = 1.23> <CoreInst = "RAM">   --->   Core 82 'RAM' <Latency = 1> <II = 1> <Delay = 1.23> <Storage> <Opcode : 'load' 'store'> <Ports = 2> <Width = 32> <Depth = 205> <RAM>
ST_10 : Operation 75 [2/2] (1.23ns)   --->   "%bnn_top_int_const_unsigned_int_const_int_const_unsigned_int_const_int_co_36 = load i8 %bnn_top_int_const_unsigned_int_const_int_const_unsigned_int_const_int_co_31" [bnn.cpp:99]   --->   Operation 75 'load' 'bnn_top_int_const_unsigned_int_const_int_const_unsigned_int_const_int_co_36' <Predicate = (trunc_ln99_1 == 2)> <Delay = 1.23> <CoreInst = "RAM">   --->   Core 82 'RAM' <Latency = 1> <II = 1> <Delay = 1.23> <Storage> <Opcode : 'load' 'store'> <Ports = 2> <Width = 32> <Depth = 205> <RAM>
ST_10 : Operation 76 [2/2] (1.23ns)   --->   "%bnn_top_int_const_unsigned_int_const_int_const_unsigned_int_const_int_co_37 = load i8 %bnn_top_int_const_unsigned_int_const_int_const_unsigned_int_const_int_co_32" [bnn.cpp:99]   --->   Operation 76 'load' 'bnn_top_int_const_unsigned_int_const_int_const_unsigned_int_const_int_co_37' <Predicate = (trunc_ln99_1 == 3)> <Delay = 1.23> <CoreInst = "RAM">   --->   Core 82 'RAM' <Latency = 1> <II = 1> <Delay = 1.23> <Storage> <Opcode : 'load' 'store'> <Ports = 2> <Width = 32> <Depth = 205> <RAM>
ST_10 : Operation 77 [2/2] (1.23ns)   --->   "%bnn_top_int_const_unsigned_int_const_int_const_unsigned_int_const_int_co_38 = load i8 %bnn_top_int_const_unsigned_int_const_int_const_unsigned_int_const_int_co_33" [bnn.cpp:99]   --->   Operation 77 'load' 'bnn_top_int_const_unsigned_int_const_int_const_unsigned_int_const_int_co_38' <Predicate = (trunc_ln99_1 == 4)> <Delay = 1.23> <CoreInst = "RAM">   --->   Core 82 'RAM' <Latency = 1> <II = 1> <Delay = 1.23> <Storage> <Opcode : 'load' 'store'> <Ports = 2> <Width = 32> <Depth = 205> <RAM>
ST_10 : Operation 78 [1/1] (0.00ns)   --->   "%add_ln4 = bitconcatenate i8 @_ssdm_op_BitConcatenate.i8.i3.i1.i3.i1, i3 %trunc_ln99, i1 0, i3 %trunc_ln97, i1 1" [bnn.cpp:100]   --->   Operation 78 'bitconcatenate' 'add_ln4' <Predicate = true> <Delay = 0.00>
ST_10 : Operation 79 [1/1] (0.00ns)   --->   "%zext_ln100_1 = zext i8 %add_ln4" [bnn.cpp:100]   --->   Operation 79 'zext' 'zext_ln100_1' <Predicate = true> <Delay = 0.00>
ST_10 : Operation 80 [1/1] (2.11ns)   --->   "%mul_ln100 = mul i17 %zext_ln100_1, i17 410" [bnn.cpp:100]   --->   Operation 80 'mul' 'mul_ln100' <Predicate = true> <Delay = 2.11> <CoreInst = "Multiplier">   --->   Core 3 'Multiplier' <Latency = 0> <II = 1> <Delay = 2.11> <FuncUnit> <Opcode : 'mul'> <InPorts = 2> <OutPorts = 1>
ST_10 : Operation 81 [1/1] (0.00ns)   --->   "%tmp_2 = partselect i6 @_ssdm_op_PartSelect.i6.i17.i32.i32, i17 %mul_ln100, i32 11, i32 16" [bnn.cpp:100]   --->   Operation 81 'partselect' 'tmp_2' <Predicate = true> <Delay = 0.00>
ST_10 : Operation 82 [1/1] (0.00ns)   --->   "%zext_ln100 = zext i6 %tmp_2" [bnn.cpp:100]   --->   Operation 82 'zext' 'zext_ln100' <Predicate = true> <Delay = 0.00>
ST_10 : Operation 83 [1/1] (0.00ns)   --->   "%bnn_top_int_const_unsigned_int_const_int_const_unsigned_int_const_int_co_39 = getelementptr i32 %bnn_top_int_const_unsigned_int_const_int_const_unsigned_int_const_int_co_4, i64 0, i64 %zext_ln100" [bnn.cpp:100]   --->   Operation 83 'getelementptr' 'bnn_top_int_const_unsigned_int_const_int_const_unsigned_int_const_int_co_39' <Predicate = (trunc_ln99_1 == 4)> <Delay = 0.00>
ST_10 : Operation 84 [1/1] (0.00ns)   --->   "%bnn_top_int_const_unsigned_int_const_int_const_unsigned_int_const_int_co_40 = getelementptr i32 %bnn_top_int_const_unsigned_int_const_int_const_unsigned_int_const_int_co_3, i64 0, i64 %zext_ln100" [bnn.cpp:100]   --->   Operation 84 'getelementptr' 'bnn_top_int_const_unsigned_int_const_int_const_unsigned_int_const_int_co_40' <Predicate = (trunc_ln99_1 == 0)> <Delay = 0.00>
ST_10 : Operation 85 [1/1] (0.00ns)   --->   "%bnn_top_int_const_unsigned_int_const_int_const_unsigned_int_const_int_co_41 = getelementptr i32 %bnn_top_int_const_unsigned_int_const_int_const_unsigned_int_const_int_co_2, i64 0, i64 %zext_ln100" [bnn.cpp:100]   --->   Operation 85 'getelementptr' 'bnn_top_int_const_unsigned_int_const_int_const_unsigned_int_const_int_co_41' <Predicate = (trunc_ln99_1 == 1)> <Delay = 0.00>
ST_10 : Operation 86 [1/1] (0.00ns)   --->   "%bnn_top_int_const_unsigned_int_const_int_const_unsigned_int_const_int_co_42 = getelementptr i32 %bnn_top_int_const_unsigned_int_const_int_const_unsigned_int_const_int_co_1, i64 0, i64 %zext_ln100" [bnn.cpp:100]   --->   Operation 86 'getelementptr' 'bnn_top_int_const_unsigned_int_const_int_const_unsigned_int_const_int_co_42' <Predicate = (trunc_ln99_1 == 2)> <Delay = 0.00>
ST_10 : Operation 87 [1/1] (0.00ns)   --->   "%bnn_top_int_const_unsigned_int_const_int_const_unsigned_int_const_int_co_43 = getelementptr i32 %bnn_top_int_const_unsigned_int_const_int_const_unsigned_int_const_int_co, i64 0, i64 %zext_ln100" [bnn.cpp:100]   --->   Operation 87 'getelementptr' 'bnn_top_int_const_unsigned_int_const_int_const_unsigned_int_const_int_co_43' <Predicate = (trunc_ln99_1 == 3)> <Delay = 0.00>
ST_10 : Operation 88 [2/2] (1.23ns)   --->   "%bnn_top_int_const_unsigned_int_const_int_const_unsigned_int_const_int_co_44 = load i8 %bnn_top_int_const_unsigned_int_const_int_const_unsigned_int_const_int_co_39" [bnn.cpp:100]   --->   Operation 88 'load' 'bnn_top_int_const_unsigned_int_const_int_const_unsigned_int_const_int_co_44' <Predicate = (trunc_ln99_1 == 4)> <Delay = 1.23> <CoreInst = "RAM">   --->   Core 82 'RAM' <Latency = 1> <II = 1> <Delay = 1.23> <Storage> <Opcode : 'load' 'store'> <Ports = 2> <Width = 32> <Depth = 205> <RAM>
ST_10 : Operation 89 [2/2] (1.23ns)   --->   "%bnn_top_int_const_unsigned_int_const_int_const_unsigned_int_const_int_co_45 = load i8 %bnn_top_int_const_unsigned_int_const_int_const_unsigned_int_const_int_co_40" [bnn.cpp:100]   --->   Operation 89 'load' 'bnn_top_int_const_unsigned_int_const_int_const_unsigned_int_const_int_co_45' <Predicate = (trunc_ln99_1 == 0)> <Delay = 1.23> <CoreInst = "RAM">   --->   Core 82 'RAM' <Latency = 1> <II = 1> <Delay = 1.23> <Storage> <Opcode : 'load' 'store'> <Ports = 2> <Width = 32> <Depth = 205> <RAM>
ST_10 : Operation 90 [2/2] (1.23ns)   --->   "%bnn_top_int_const_unsigned_int_const_int_const_unsigned_int_const_int_co_46 = load i8 %bnn_top_int_const_unsigned_int_const_int_const_unsigned_int_const_int_co_41" [bnn.cpp:100]   --->   Operation 90 'load' 'bnn_top_int_const_unsigned_int_const_int_const_unsigned_int_const_int_co_46' <Predicate = (trunc_ln99_1 == 1)> <Delay = 1.23> <CoreInst = "RAM">   --->   Core 82 'RAM' <Latency = 1> <II = 1> <Delay = 1.23> <Storage> <Opcode : 'load' 'store'> <Ports = 2> <Width = 32> <Depth = 205> <RAM>
ST_10 : Operation 91 [2/2] (1.23ns)   --->   "%bnn_top_int_const_unsigned_int_const_int_const_unsigned_int_const_int_co_47 = load i8 %bnn_top_int_const_unsigned_int_const_int_const_unsigned_int_const_int_co_42" [bnn.cpp:100]   --->   Operation 91 'load' 'bnn_top_int_const_unsigned_int_const_int_const_unsigned_int_const_int_co_47' <Predicate = (trunc_ln99_1 == 2)> <Delay = 1.23> <CoreInst = "RAM">   --->   Core 82 'RAM' <Latency = 1> <II = 1> <Delay = 1.23> <Storage> <Opcode : 'load' 'store'> <Ports = 2> <Width = 32> <Depth = 205> <RAM>
ST_10 : Operation 92 [2/2] (1.23ns)   --->   "%bnn_top_int_const_unsigned_int_const_int_const_unsigned_int_const_int_co_48 = load i8 %bnn_top_int_const_unsigned_int_const_int_const_unsigned_int_const_int_co_43" [bnn.cpp:100]   --->   Operation 92 'load' 'bnn_top_int_const_unsigned_int_const_int_const_unsigned_int_const_int_co_48' <Predicate = (trunc_ln99_1 == 3)> <Delay = 1.23> <CoreInst = "RAM">   --->   Core 82 'RAM' <Latency = 1> <II = 1> <Delay = 1.23> <Storage> <Opcode : 'load' 'store'> <Ports = 2> <Width = 32> <Depth = 205> <RAM>

State 11 <SV = 10> <Delay = 3.34>
ST_11 : Operation 93 [1/2] ( I:1.23ns O:1.23ns )   --->   "%bnn_top_int_const_unsigned_int_const_int_const_unsigned_int_const_int_co_34 = load i8 %bnn_top_int_const_unsigned_int_const_int_const_unsigned_int_const_int_co_29" [bnn.cpp:99]   --->   Operation 93 'load' 'bnn_top_int_const_unsigned_int_const_int_const_unsigned_int_const_int_co_34' <Predicate = (trunc_ln99_1 == 0)> <Delay = 1.23> <CoreInst = "RAM">   --->   Core 82 'RAM' <Latency = 1> <II = 1> <Delay = 1.23> <Storage> <Opcode : 'load' 'store'> <Ports = 2> <Width = 32> <Depth = 205> <RAM>
ST_11 : Operation 94 [1/2] ( I:1.23ns O:1.23ns )   --->   "%bnn_top_int_const_unsigned_int_const_int_const_unsigned_int_const_int_co_35 = load i8 %bnn_top_int_const_unsigned_int_const_int_const_unsigned_int_const_int_co_30" [bnn.cpp:99]   --->   Operation 94 'load' 'bnn_top_int_const_unsigned_int_const_int_const_unsigned_int_const_int_co_35' <Predicate = (trunc_ln99_1 == 1)> <Delay = 1.23> <CoreInst = "RAM">   --->   Core 82 'RAM' <Latency = 1> <II = 1> <Delay = 1.23> <Storage> <Opcode : 'load' 'store'> <Ports = 2> <Width = 32> <Depth = 205> <RAM>
ST_11 : Operation 95 [1/2] ( I:1.23ns O:1.23ns )   --->   "%bnn_top_int_const_unsigned_int_const_int_const_unsigned_int_const_int_co_36 = load i8 %bnn_top_int_const_unsigned_int_const_int_const_unsigned_int_const_int_co_31" [bnn.cpp:99]   --->   Operation 95 'load' 'bnn_top_int_const_unsigned_int_const_int_const_unsigned_int_const_int_co_36' <Predicate = (trunc_ln99_1 == 2)> <Delay = 1.23> <CoreInst = "RAM">   --->   Core 82 'RAM' <Latency = 1> <II = 1> <Delay = 1.23> <Storage> <Opcode : 'load' 'store'> <Ports = 2> <Width = 32> <Depth = 205> <RAM>
ST_11 : Operation 96 [1/2] ( I:1.23ns O:1.23ns )   --->   "%bnn_top_int_const_unsigned_int_const_int_const_unsigned_int_const_int_co_37 = load i8 %bnn_top_int_const_unsigned_int_const_int_const_unsigned_int_const_int_co_32" [bnn.cpp:99]   --->   Operation 96 'load' 'bnn_top_int_const_unsigned_int_const_int_const_unsigned_int_const_int_co_37' <Predicate = (trunc_ln99_1 == 3)> <Delay = 1.23> <CoreInst = "RAM">   --->   Core 82 'RAM' <Latency = 1> <II = 1> <Delay = 1.23> <Storage> <Opcode : 'load' 'store'> <Ports = 2> <Width = 32> <Depth = 205> <RAM>
ST_11 : Operation 97 [1/2] ( I:1.23ns O:1.23ns )   --->   "%bnn_top_int_const_unsigned_int_const_int_const_unsigned_int_const_int_co_38 = load i8 %bnn_top_int_const_unsigned_int_const_int_const_unsigned_int_const_int_co_33" [bnn.cpp:99]   --->   Operation 97 'load' 'bnn_top_int_const_unsigned_int_const_int_const_unsigned_int_const_int_co_38' <Predicate = (trunc_ln99_1 == 4)> <Delay = 1.23> <CoreInst = "RAM">   --->   Core 82 'RAM' <Latency = 1> <II = 1> <Delay = 1.23> <Storage> <Opcode : 'load' 'store'> <Ports = 2> <Width = 32> <Depth = 205> <RAM>
ST_11 : Operation 98 [1/1] (0.57ns)   --->   "%s0 = sparsemux i32 @_ssdm_op_SparseMux.ap_auto.5i32.i32.i3, i3 0, i32 %bnn_top_int_const_unsigned_int_const_int_const_unsigned_int_const_int_co_34, i3 1, i32 %bnn_top_int_const_unsigned_int_const_int_const_unsigned_int_const_int_co_35, i3 2, i32 %bnn_top_int_const_unsigned_int_const_int_const_unsigned_int_const_int_co_36, i3 3, i32 %bnn_top_int_const_unsigned_int_const_int_const_unsigned_int_const_int_co_37, i3 4, i32 %bnn_top_int_const_unsigned_int_const_int_const_unsigned_int_const_int_co_38, i32 0, i3 %trunc_ln99_1" [bnn.cpp:99]   --->   Operation 98 'sparsemux' 's0' <Predicate = true> <Delay = 0.57> <CoreInst = "BinarySparseMux_DontCare">   --->   Core 149 'BinarySparseMux_DontCare' <Latency = 0> <II = 1> <Delay = 0.57> <FuncUnit> <Opcode : 'sparsemux'> <InPorts = 2> <OutPorts = 1>
ST_11 : Operation 99 [1/2] ( I:1.23ns O:1.23ns )   --->   "%bnn_top_int_const_unsigned_int_const_int_const_unsigned_int_const_int_co_44 = load i8 %bnn_top_int_const_unsigned_int_const_int_const_unsigned_int_const_int_co_39" [bnn.cpp:100]   --->   Operation 99 'load' 'bnn_top_int_const_unsigned_int_const_int_const_unsigned_int_const_int_co_44' <Predicate = (trunc_ln99_1 == 4)> <Delay = 1.23> <CoreInst = "RAM">   --->   Core 82 'RAM' <Latency = 1> <II = 1> <Delay = 1.23> <Storage> <Opcode : 'load' 'store'> <Ports = 2> <Width = 32> <Depth = 205> <RAM>
ST_11 : Operation 100 [1/2] ( I:1.23ns O:1.23ns )   --->   "%bnn_top_int_const_unsigned_int_const_int_const_unsigned_int_const_int_co_45 = load i8 %bnn_top_int_const_unsigned_int_const_int_const_unsigned_int_const_int_co_40" [bnn.cpp:100]   --->   Operation 100 'load' 'bnn_top_int_const_unsigned_int_const_int_const_unsigned_int_const_int_co_45' <Predicate = (trunc_ln99_1 == 0)> <Delay = 1.23> <CoreInst = "RAM">   --->   Core 82 'RAM' <Latency = 1> <II = 1> <Delay = 1.23> <Storage> <Opcode : 'load' 'store'> <Ports = 2> <Width = 32> <Depth = 205> <RAM>
ST_11 : Operation 101 [1/2] ( I:1.23ns O:1.23ns )   --->   "%bnn_top_int_const_unsigned_int_const_int_const_unsigned_int_const_int_co_46 = load i8 %bnn_top_int_const_unsigned_int_const_int_const_unsigned_int_const_int_co_41" [bnn.cpp:100]   --->   Operation 101 'load' 'bnn_top_int_const_unsigned_int_const_int_const_unsigned_int_const_int_co_46' <Predicate = (trunc_ln99_1 == 1)> <Delay = 1.23> <CoreInst = "RAM">   --->   Core 82 'RAM' <Latency = 1> <II = 1> <Delay = 1.23> <Storage> <Opcode : 'load' 'store'> <Ports = 2> <Width = 32> <Depth = 205> <RAM>
ST_11 : Operation 102 [1/2] ( I:1.23ns O:1.23ns )   --->   "%bnn_top_int_const_unsigned_int_const_int_const_unsigned_int_const_int_co_47 = load i8 %bnn_top_int_const_unsigned_int_const_int_const_unsigned_int_const_int_co_42" [bnn.cpp:100]   --->   Operation 102 'load' 'bnn_top_int_const_unsigned_int_const_int_const_unsigned_int_const_int_co_47' <Predicate = (trunc_ln99_1 == 2)> <Delay = 1.23> <CoreInst = "RAM">   --->   Core 82 'RAM' <Latency = 1> <II = 1> <Delay = 1.23> <Storage> <Opcode : 'load' 'store'> <Ports = 2> <Width = 32> <Depth = 205> <RAM>
ST_11 : Operation 103 [1/2] ( I:1.23ns O:1.23ns )   --->   "%bnn_top_int_const_unsigned_int_const_int_const_unsigned_int_const_int_co_48 = load i8 %bnn_top_int_const_unsigned_int_const_int_const_unsigned_int_const_int_co_43" [bnn.cpp:100]   --->   Operation 103 'load' 'bnn_top_int_const_unsigned_int_const_int_const_unsigned_int_const_int_co_48' <Predicate = (trunc_ln99_1 == 3)> <Delay = 1.23> <CoreInst = "RAM">   --->   Core 82 'RAM' <Latency = 1> <II = 1> <Delay = 1.23> <Storage> <Opcode : 'load' 'store'> <Ports = 2> <Width = 32> <Depth = 205> <RAM>
ST_11 : Operation 104 [1/1] (0.57ns)   --->   "%s1 = sparsemux i32 @_ssdm_op_SparseMux.ap_auto.5i32.i32.i3, i3 4, i32 %bnn_top_int_const_unsigned_int_const_int_const_unsigned_int_const_int_co_44, i3 0, i32 %bnn_top_int_const_unsigned_int_const_int_const_unsigned_int_const_int_co_45, i3 1, i32 %bnn_top_int_const_unsigned_int_const_int_const_unsigned_int_const_int_co_46, i3 2, i32 %bnn_top_int_const_unsigned_int_const_int_const_unsigned_int_const_int_co_47, i3 3, i32 %bnn_top_int_const_unsigned_int_const_int_const_unsigned_int_const_int_co_48, i32 0, i3 %trunc_ln99_1" [bnn.cpp:100]   --->   Operation 104 'sparsemux' 's1' <Predicate = true> <Delay = 0.57> <CoreInst = "BinarySparseMux_DontCare">   --->   Core 149 'BinarySparseMux_DontCare' <Latency = 0> <II = 1> <Delay = 0.57> <FuncUnit> <Opcode : 'sparsemux'> <InPorts = 2> <OutPorts = 1>
ST_11 : Operation 105 [1/1] (0.00ns)   --->   "%add_ln5 = bitconcatenate i8 @_ssdm_op_BitConcatenate.i8.i3.i1.i3.i1, i3 %trunc_ln99, i1 1, i3 %trunc_ln97, i1 0" [bnn.cpp:101]   --->   Operation 105 'bitconcatenate' 'add_ln5' <Predicate = true> <Delay = 0.00>
ST_11 : Operation 106 [1/1] (0.00ns)   --->   "%zext_ln101_1 = zext i8 %add_ln5" [bnn.cpp:101]   --->   Operation 106 'zext' 'zext_ln101_1' <Predicate = true> <Delay = 0.00>
ST_11 : Operation 107 [1/1] (2.11ns)   --->   "%mul_ln101 = mul i17 %zext_ln101_1, i17 410" [bnn.cpp:101]   --->   Operation 107 'mul' 'mul_ln101' <Predicate = true> <Delay = 2.11> <CoreInst = "Multiplier">   --->   Core 3 'Multiplier' <Latency = 0> <II = 1> <Delay = 2.11> <FuncUnit> <Opcode : 'mul'> <InPorts = 2> <OutPorts = 1>
ST_11 : Operation 108 [1/1] (0.00ns)   --->   "%tmp_3 = partselect i6 @_ssdm_op_PartSelect.i6.i17.i32.i32, i17 %mul_ln101, i32 11, i32 16" [bnn.cpp:101]   --->   Operation 108 'partselect' 'tmp_3' <Predicate = true> <Delay = 0.00>
ST_11 : Operation 109 [1/1] (0.00ns)   --->   "%zext_ln101 = zext i6 %tmp_3" [bnn.cpp:101]   --->   Operation 109 'zext' 'zext_ln101' <Predicate = true> <Delay = 0.00>
ST_11 : Operation 110 [1/1] (0.00ns)   --->   "%bnn_top_int_const_unsigned_int_const_int_const_unsigned_int_const_int_co_49 = getelementptr i32 %bnn_top_int_const_unsigned_int_const_int_const_unsigned_int_const_int_co_4, i64 0, i64 %zext_ln101" [bnn.cpp:101]   --->   Operation 110 'getelementptr' 'bnn_top_int_const_unsigned_int_const_int_const_unsigned_int_const_int_co_49' <Predicate = (trunc_ln99_1 == 4)> <Delay = 0.00>
ST_11 : Operation 111 [1/1] (0.00ns)   --->   "%bnn_top_int_const_unsigned_int_const_int_const_unsigned_int_const_int_co_50 = getelementptr i32 %bnn_top_int_const_unsigned_int_const_int_const_unsigned_int_const_int_co_3, i64 0, i64 %zext_ln101" [bnn.cpp:101]   --->   Operation 111 'getelementptr' 'bnn_top_int_const_unsigned_int_const_int_const_unsigned_int_const_int_co_50' <Predicate = (trunc_ln99_1 == 0)> <Delay = 0.00>
ST_11 : Operation 112 [1/1] (0.00ns)   --->   "%bnn_top_int_const_unsigned_int_const_int_const_unsigned_int_const_int_co_51 = getelementptr i32 %bnn_top_int_const_unsigned_int_const_int_const_unsigned_int_const_int_co_2, i64 0, i64 %zext_ln101" [bnn.cpp:101]   --->   Operation 112 'getelementptr' 'bnn_top_int_const_unsigned_int_const_int_const_unsigned_int_const_int_co_51' <Predicate = (trunc_ln99_1 == 1)> <Delay = 0.00>
ST_11 : Operation 113 [1/1] (0.00ns)   --->   "%bnn_top_int_const_unsigned_int_const_int_const_unsigned_int_const_int_co_52 = getelementptr i32 %bnn_top_int_const_unsigned_int_const_int_const_unsigned_int_const_int_co_1, i64 0, i64 %zext_ln101" [bnn.cpp:101]   --->   Operation 113 'getelementptr' 'bnn_top_int_const_unsigned_int_const_int_const_unsigned_int_const_int_co_52' <Predicate = (trunc_ln99_1 == 2)> <Delay = 0.00>
ST_11 : Operation 114 [1/1] (0.00ns)   --->   "%bnn_top_int_const_unsigned_int_const_int_const_unsigned_int_const_int_co_53 = getelementptr i32 %bnn_top_int_const_unsigned_int_const_int_const_unsigned_int_const_int_co, i64 0, i64 %zext_ln101" [bnn.cpp:101]   --->   Operation 114 'getelementptr' 'bnn_top_int_const_unsigned_int_const_int_const_unsigned_int_const_int_co_53' <Predicate = (trunc_ln99_1 == 3)> <Delay = 0.00>
ST_11 : Operation 115 [2/2] (1.23ns)   --->   "%bnn_top_int_const_unsigned_int_const_int_const_unsigned_int_const_int_co_54 = load i8 %bnn_top_int_const_unsigned_int_const_int_const_unsigned_int_const_int_co_49" [bnn.cpp:101]   --->   Operation 115 'load' 'bnn_top_int_const_unsigned_int_const_int_const_unsigned_int_const_int_co_54' <Predicate = (trunc_ln99_1 == 4)> <Delay = 1.23> <CoreInst = "RAM">   --->   Core 82 'RAM' <Latency = 1> <II = 1> <Delay = 1.23> <Storage> <Opcode : 'load' 'store'> <Ports = 2> <Width = 32> <Depth = 205> <RAM>
ST_11 : Operation 116 [2/2] (1.23ns)   --->   "%bnn_top_int_const_unsigned_int_const_int_const_unsigned_int_const_int_co_55 = load i8 %bnn_top_int_const_unsigned_int_const_int_const_unsigned_int_const_int_co_50" [bnn.cpp:101]   --->   Operation 116 'load' 'bnn_top_int_const_unsigned_int_const_int_const_unsigned_int_const_int_co_55' <Predicate = (trunc_ln99_1 == 0)> <Delay = 1.23> <CoreInst = "RAM">   --->   Core 82 'RAM' <Latency = 1> <II = 1> <Delay = 1.23> <Storage> <Opcode : 'load' 'store'> <Ports = 2> <Width = 32> <Depth = 205> <RAM>
ST_11 : Operation 117 [2/2] (1.23ns)   --->   "%bnn_top_int_const_unsigned_int_const_int_const_unsigned_int_const_int_co_56 = load i8 %bnn_top_int_const_unsigned_int_const_int_const_unsigned_int_const_int_co_51" [bnn.cpp:101]   --->   Operation 117 'load' 'bnn_top_int_const_unsigned_int_const_int_const_unsigned_int_const_int_co_56' <Predicate = (trunc_ln99_1 == 1)> <Delay = 1.23> <CoreInst = "RAM">   --->   Core 82 'RAM' <Latency = 1> <II = 1> <Delay = 1.23> <Storage> <Opcode : 'load' 'store'> <Ports = 2> <Width = 32> <Depth = 205> <RAM>
ST_11 : Operation 118 [2/2] (1.23ns)   --->   "%bnn_top_int_const_unsigned_int_const_int_const_unsigned_int_const_int_co_57 = load i8 %bnn_top_int_const_unsigned_int_const_int_const_unsigned_int_const_int_co_52" [bnn.cpp:101]   --->   Operation 118 'load' 'bnn_top_int_const_unsigned_int_const_int_const_unsigned_int_const_int_co_57' <Predicate = (trunc_ln99_1 == 2)> <Delay = 1.23> <CoreInst = "RAM">   --->   Core 82 'RAM' <Latency = 1> <II = 1> <Delay = 1.23> <Storage> <Opcode : 'load' 'store'> <Ports = 2> <Width = 32> <Depth = 205> <RAM>
ST_11 : Operation 119 [2/2] (1.23ns)   --->   "%bnn_top_int_const_unsigned_int_const_int_const_unsigned_int_const_int_co_58 = load i8 %bnn_top_int_const_unsigned_int_const_int_const_unsigned_int_const_int_co_53" [bnn.cpp:101]   --->   Operation 119 'load' 'bnn_top_int_const_unsigned_int_const_int_const_unsigned_int_const_int_co_58' <Predicate = (trunc_ln99_1 == 3)> <Delay = 1.23> <CoreInst = "RAM">   --->   Core 82 'RAM' <Latency = 1> <II = 1> <Delay = 1.23> <Storage> <Opcode : 'load' 'store'> <Ports = 2> <Width = 32> <Depth = 205> <RAM>
ST_11 : Operation 120 [1/1] (0.00ns)   --->   "%add_ln6 = bitconcatenate i8 @_ssdm_op_BitConcatenate.i8.i3.i1.i3.i1, i3 %trunc_ln99, i1 1, i3 %trunc_ln97, i1 1" [bnn.cpp:102]   --->   Operation 120 'bitconcatenate' 'add_ln6' <Predicate = true> <Delay = 0.00>
ST_11 : Operation 121 [1/1] (0.00ns)   --->   "%zext_ln102_1 = zext i8 %add_ln6" [bnn.cpp:102]   --->   Operation 121 'zext' 'zext_ln102_1' <Predicate = true> <Delay = 0.00>
ST_11 : Operation 122 [1/1] (2.11ns)   --->   "%mul_ln102 = mul i17 %zext_ln102_1, i17 410" [bnn.cpp:102]   --->   Operation 122 'mul' 'mul_ln102' <Predicate = true> <Delay = 2.11> <CoreInst = "Multiplier">   --->   Core 3 'Multiplier' <Latency = 0> <II = 1> <Delay = 2.11> <FuncUnit> <Opcode : 'mul'> <InPorts = 2> <OutPorts = 1>
ST_11 : Operation 123 [1/1] (0.00ns)   --->   "%tmp_4 = partselect i6 @_ssdm_op_PartSelect.i6.i17.i32.i32, i17 %mul_ln102, i32 11, i32 16" [bnn.cpp:102]   --->   Operation 123 'partselect' 'tmp_4' <Predicate = true> <Delay = 0.00>
ST_11 : Operation 124 [1/1] (0.00ns)   --->   "%zext_ln102 = zext i6 %tmp_4" [bnn.cpp:102]   --->   Operation 124 'zext' 'zext_ln102' <Predicate = true> <Delay = 0.00>
ST_11 : Operation 125 [1/1] (0.00ns)   --->   "%bnn_top_int_const_unsigned_int_const_int_const_unsigned_int_const_int_co_59 = getelementptr i32 %bnn_top_int_const_unsigned_int_const_int_const_unsigned_int_const_int_co_4, i64 0, i64 %zext_ln102" [bnn.cpp:102]   --->   Operation 125 'getelementptr' 'bnn_top_int_const_unsigned_int_const_int_const_unsigned_int_const_int_co_59' <Predicate = (trunc_ln99_1 == 3)> <Delay = 0.00>
ST_11 : Operation 126 [1/1] (0.00ns)   --->   "%bnn_top_int_const_unsigned_int_const_int_const_unsigned_int_const_int_co_60 = getelementptr i32 %bnn_top_int_const_unsigned_int_const_int_const_unsigned_int_const_int_co_3, i64 0, i64 %zext_ln102" [bnn.cpp:102]   --->   Operation 126 'getelementptr' 'bnn_top_int_const_unsigned_int_const_int_const_unsigned_int_const_int_co_60' <Predicate = (trunc_ln99_1 == 4)> <Delay = 0.00>
ST_11 : Operation 127 [1/1] (0.00ns)   --->   "%bnn_top_int_const_unsigned_int_const_int_const_unsigned_int_const_int_co_61 = getelementptr i32 %bnn_top_int_const_unsigned_int_const_int_const_unsigned_int_const_int_co_2, i64 0, i64 %zext_ln102" [bnn.cpp:102]   --->   Operation 127 'getelementptr' 'bnn_top_int_const_unsigned_int_const_int_const_unsigned_int_const_int_co_61' <Predicate = (trunc_ln99_1 == 0)> <Delay = 0.00>
ST_11 : Operation 128 [1/1] (0.00ns)   --->   "%bnn_top_int_const_unsigned_int_const_int_const_unsigned_int_const_int_co_62 = getelementptr i32 %bnn_top_int_const_unsigned_int_const_int_const_unsigned_int_const_int_co_1, i64 0, i64 %zext_ln102" [bnn.cpp:102]   --->   Operation 128 'getelementptr' 'bnn_top_int_const_unsigned_int_const_int_const_unsigned_int_const_int_co_62' <Predicate = (trunc_ln99_1 == 1)> <Delay = 0.00>
ST_11 : Operation 129 [1/1] (0.00ns)   --->   "%bnn_top_int_const_unsigned_int_const_int_const_unsigned_int_const_int_co_63 = getelementptr i32 %bnn_top_int_const_unsigned_int_const_int_const_unsigned_int_const_int_co, i64 0, i64 %zext_ln102" [bnn.cpp:102]   --->   Operation 129 'getelementptr' 'bnn_top_int_const_unsigned_int_const_int_const_unsigned_int_const_int_co_63' <Predicate = (trunc_ln99_1 == 2)> <Delay = 0.00>
ST_11 : Operation 130 [2/2] (1.23ns)   --->   "%bnn_top_int_const_unsigned_int_const_int_const_unsigned_int_const_int_co_64 = load i8 %bnn_top_int_const_unsigned_int_const_int_const_unsigned_int_const_int_co_59" [bnn.cpp:102]   --->   Operation 130 'load' 'bnn_top_int_const_unsigned_int_const_int_const_unsigned_int_const_int_co_64' <Predicate = (trunc_ln99_1 == 3)> <Delay = 1.23> <CoreInst = "RAM">   --->   Core 82 'RAM' <Latency = 1> <II = 1> <Delay = 1.23> <Storage> <Opcode : 'load' 'store'> <Ports = 2> <Width = 32> <Depth = 205> <RAM>
ST_11 : Operation 131 [2/2] (1.23ns)   --->   "%bnn_top_int_const_unsigned_int_const_int_const_unsigned_int_const_int_co_65 = load i8 %bnn_top_int_const_unsigned_int_const_int_const_unsigned_int_const_int_co_60" [bnn.cpp:102]   --->   Operation 131 'load' 'bnn_top_int_const_unsigned_int_const_int_const_unsigned_int_const_int_co_65' <Predicate = (trunc_ln99_1 == 4)> <Delay = 1.23> <CoreInst = "RAM">   --->   Core 82 'RAM' <Latency = 1> <II = 1> <Delay = 1.23> <Storage> <Opcode : 'load' 'store'> <Ports = 2> <Width = 32> <Depth = 205> <RAM>
ST_11 : Operation 132 [2/2] (1.23ns)   --->   "%bnn_top_int_const_unsigned_int_const_int_const_unsigned_int_const_int_co_66 = load i8 %bnn_top_int_const_unsigned_int_const_int_const_unsigned_int_const_int_co_61" [bnn.cpp:102]   --->   Operation 132 'load' 'bnn_top_int_const_unsigned_int_const_int_const_unsigned_int_const_int_co_66' <Predicate = (trunc_ln99_1 == 0)> <Delay = 1.23> <CoreInst = "RAM">   --->   Core 82 'RAM' <Latency = 1> <II = 1> <Delay = 1.23> <Storage> <Opcode : 'load' 'store'> <Ports = 2> <Width = 32> <Depth = 205> <RAM>
ST_11 : Operation 133 [2/2] (1.23ns)   --->   "%bnn_top_int_const_unsigned_int_const_int_const_unsigned_int_const_int_co_67 = load i8 %bnn_top_int_const_unsigned_int_const_int_const_unsigned_int_const_int_co_62" [bnn.cpp:102]   --->   Operation 133 'load' 'bnn_top_int_const_unsigned_int_const_int_const_unsigned_int_const_int_co_67' <Predicate = (trunc_ln99_1 == 1)> <Delay = 1.23> <CoreInst = "RAM">   --->   Core 82 'RAM' <Latency = 1> <II = 1> <Delay = 1.23> <Storage> <Opcode : 'load' 'store'> <Ports = 2> <Width = 32> <Depth = 205> <RAM>
ST_11 : Operation 134 [2/2] (1.23ns)   --->   "%bnn_top_int_const_unsigned_int_const_int_const_unsigned_int_const_int_co_68 = load i8 %bnn_top_int_const_unsigned_int_const_int_const_unsigned_int_const_int_co_63" [bnn.cpp:102]   --->   Operation 134 'load' 'bnn_top_int_const_unsigned_int_const_int_const_unsigned_int_const_int_co_68' <Predicate = (trunc_ln99_1 == 2)> <Delay = 1.23> <CoreInst = "RAM">   --->   Core 82 'RAM' <Latency = 1> <II = 1> <Delay = 1.23> <Storage> <Opcode : 'load' 'store'> <Ports = 2> <Width = 32> <Depth = 205> <RAM>
ST_11 : Operation 135 [1/1] (1.01ns)   --->   "%icmp_ln103 = icmp_sgt  i32 %s1, i32 %s0" [bnn.cpp:103]   --->   Operation 135 'icmp' 'icmp_ln103' <Predicate = true> <Delay = 1.01> <CoreInst = "Cmp">   --->   Core 9 'Cmp' <Latency = 0> <II = 1> <Delay = 1.01> <FuncUnit> <Opcode : 'seteq' 'setne' 'setle' 'setge' 'setlt' 'setgt'> <InPorts = 2> <OutPorts = 1>
ST_11 : Operation 136 [1/1] (0.44ns)   --->   "%m_1 = select i1 %icmp_ln103, i32 %s1, i32 %s0" [bnn.cpp:103]   --->   Operation 136 'select' 'm_1' <Predicate = true> <Delay = 0.44> <CoreInst = "Sel">   --->   Core 73 'Sel' <Latency = 0> <II = 1> <Delay = 0.44> <FuncUnit> <Opcode : 'select'> <InPorts = 3> <OutPorts = 1>
ST_11 : Operation 185 [1/1] (0.42ns)   --->   "%ret_ln0 = ret"   --->   Operation 185 'ret' 'ret_ln0' <Predicate = (icmp_ln96)> <Delay = 0.42>

State 12 <SV = 11> <Delay = 6.00>
ST_12 : Operation 137 [1/1] (0.00ns)   --->   "%specloopname_ln0 = specloopname void @_ssdm_op_SpecLoopName, void @VITIS_LOOP_96_14_VITIS_LOOP_97_15_str"   --->   Operation 137 'specloopname' 'specloopname_ln0' <Predicate = true> <Delay = 0.00>
ST_12 : Operation 138 [1/1] (0.00ns)   --->   "%speclooptripcount_ln0 = speclooptripcount void @_ssdm_op_SpecLoopTripCount, i64 64, i64 64, i64 64"   --->   Operation 138 'speclooptripcount' 'speclooptripcount_ln0' <Predicate = true> <Delay = 0.00>
ST_12 : Operation 139 [1/1] (0.00ns)   --->   "%zext_ln96 = zext i4 %select_ln96_1" [bnn.cpp:96]   --->   Operation 139 'zext' 'zext_ln96' <Predicate = true> <Delay = 0.00>
ST_12 : Operation 140 [1/1] (0.77ns)   --->   "%add_ln104 = add i9 %zext_ln96, i9 %shl_ln2_read" [bnn.cpp:104]   --->   Operation 140 'add' 'add_ln104' <Predicate = true> <Delay = 0.77> <CoreInst = "Adder">   --->   Core 1 'Adder' <Latency = 0> <II = 1> <Delay = 0.77> <FuncUnit> <Opcode : 'add' 'sub'> <InPorts = 2> <OutPorts = 1>
ST_12 : Operation 141 [1/1] (0.00ns)   --->   "%zext_ln104 = zext i9 %add_ln104" [bnn.cpp:104]   --->   Operation 141 'zext' 'zext_ln104' <Predicate = true> <Delay = 0.00>
ST_12 : Operation 142 [1/1] (0.00ns)   --->   "%bnn_top_int_const_unsigned_int_const_int_const_unsigned_int_const_int_co_21 = getelementptr i1 %bnn_top_int_const_unsigned_int_const_int_const_unsigned_int_const_int_co_12, i64 0, i64 %zext_ln104" [bnn.cpp:104]   --->   Operation 142 'getelementptr' 'bnn_top_int_const_unsigned_int_const_int_const_unsigned_int_const_int_co_21' <Predicate = true> <Delay = 0.00>
ST_12 : Operation 143 [1/1] (0.00ns)   --->   "%bnn_top_int_const_unsigned_int_const_int_const_unsigned_int_const_int_co_22 = getelementptr i1 %bnn_top_int_const_unsigned_int_const_int_const_unsigned_int_const_int_co_6, i64 0, i64 %zext_ln104" [bnn.cpp:104]   --->   Operation 143 'getelementptr' 'bnn_top_int_const_unsigned_int_const_int_const_unsigned_int_const_int_co_22' <Predicate = true> <Delay = 0.00>
ST_12 : Operation 144 [1/1] (0.00ns)   --->   "%bnn_top_int_const_unsigned_int_const_int_const_unsigned_int_const_int_co_23 = getelementptr i1 %bnn_top_int_const_unsigned_int_const_int_const_unsigned_int_const_int_co_5, i64 0, i64 %zext_ln104" [bnn.cpp:104]   --->   Operation 144 'getelementptr' 'bnn_top_int_const_unsigned_int_const_int_const_unsigned_int_const_int_co_23' <Predicate = true> <Delay = 0.00>
ST_12 : Operation 145 [1/1] (0.00ns)   --->   "%bnn_top_int_const_unsigned_int_const_int_const_unsigned_int_const_int_co_24 = getelementptr i1 %bnn_top_int_const_unsigned_int_const_int_const_unsigned_int_const_int_co_11, i64 0, i64 %zext_ln104" [bnn.cpp:104]   --->   Operation 145 'getelementptr' 'bnn_top_int_const_unsigned_int_const_int_const_unsigned_int_const_int_co_24' <Predicate = true> <Delay = 0.00>
ST_12 : Operation 146 [1/1] (0.00ns)   --->   "%bnn_top_int_const_unsigned_int_const_int_const_unsigned_int_const_int_co_25 = getelementptr i1 %bnn_top_int_const_unsigned_int_const_int_const_unsigned_int_const_int_co_10, i64 0, i64 %zext_ln104" [bnn.cpp:104]   --->   Operation 146 'getelementptr' 'bnn_top_int_const_unsigned_int_const_int_const_unsigned_int_const_int_co_25' <Predicate = true> <Delay = 0.00>
ST_12 : Operation 147 [1/1] (0.00ns)   --->   "%bnn_top_int_const_unsigned_int_const_int_const_unsigned_int_const_int_co_26 = getelementptr i1 %bnn_top_int_const_unsigned_int_const_int_const_unsigned_int_const_int_co_9, i64 0, i64 %zext_ln104" [bnn.cpp:104]   --->   Operation 147 'getelementptr' 'bnn_top_int_const_unsigned_int_const_int_const_unsigned_int_const_int_co_26' <Predicate = true> <Delay = 0.00>
ST_12 : Operation 148 [1/1] (0.00ns)   --->   "%bnn_top_int_const_unsigned_int_const_int_const_unsigned_int_const_int_co_27 = getelementptr i1 %bnn_top_int_const_unsigned_int_const_int_const_unsigned_int_const_int_co_8, i64 0, i64 %zext_ln104" [bnn.cpp:104]   --->   Operation 148 'getelementptr' 'bnn_top_int_const_unsigned_int_const_int_const_unsigned_int_const_int_co_27' <Predicate = true> <Delay = 0.00>
ST_12 : Operation 149 [1/1] (0.00ns)   --->   "%bnn_top_int_const_unsigned_int_const_int_const_unsigned_int_const_int_co_28 = getelementptr i1 %bnn_top_int_const_unsigned_int_const_int_const_unsigned_int_const_int_co_7, i64 0, i64 %zext_ln104" [bnn.cpp:104]   --->   Operation 149 'getelementptr' 'bnn_top_int_const_unsigned_int_const_int_const_unsigned_int_const_int_co_28' <Predicate = true> <Delay = 0.00>
ST_12 : Operation 150 [1/1] (0.00ns)   --->   "%specpipeline_ln98 = specpipeline void @_ssdm_op_SpecPipeline, i32 1, i32 0, i32 0, i32 0, i32 4294967295, void @empty_2" [bnn.cpp:98]   --->   Operation 150 'specpipeline' 'specpipeline_ln98' <Predicate = true> <Delay = 0.00>
ST_12 : Operation 151 [1/2] ( I:1.23ns O:1.23ns )   --->   "%bnn_top_int_const_unsigned_int_const_int_const_unsigned_int_const_int_co_54 = load i8 %bnn_top_int_const_unsigned_int_const_int_const_unsigned_int_const_int_co_49" [bnn.cpp:101]   --->   Operation 151 'load' 'bnn_top_int_const_unsigned_int_const_int_const_unsigned_int_const_int_co_54' <Predicate = (trunc_ln99_1 == 4)> <Delay = 1.23> <CoreInst = "RAM">   --->   Core 82 'RAM' <Latency = 1> <II = 1> <Delay = 1.23> <Storage> <Opcode : 'load' 'store'> <Ports = 2> <Width = 32> <Depth = 205> <RAM>
ST_12 : Operation 152 [1/2] ( I:1.23ns O:1.23ns )   --->   "%bnn_top_int_const_unsigned_int_const_int_const_unsigned_int_const_int_co_55 = load i8 %bnn_top_int_const_unsigned_int_const_int_const_unsigned_int_const_int_co_50" [bnn.cpp:101]   --->   Operation 152 'load' 'bnn_top_int_const_unsigned_int_const_int_const_unsigned_int_const_int_co_55' <Predicate = (trunc_ln99_1 == 0)> <Delay = 1.23> <CoreInst = "RAM">   --->   Core 82 'RAM' <Latency = 1> <II = 1> <Delay = 1.23> <Storage> <Opcode : 'load' 'store'> <Ports = 2> <Width = 32> <Depth = 205> <RAM>
ST_12 : Operation 153 [1/2] ( I:1.23ns O:1.23ns )   --->   "%bnn_top_int_const_unsigned_int_const_int_const_unsigned_int_const_int_co_56 = load i8 %bnn_top_int_const_unsigned_int_const_int_const_unsigned_int_const_int_co_51" [bnn.cpp:101]   --->   Operation 153 'load' 'bnn_top_int_const_unsigned_int_const_int_const_unsigned_int_const_int_co_56' <Predicate = (trunc_ln99_1 == 1)> <Delay = 1.23> <CoreInst = "RAM">   --->   Core 82 'RAM' <Latency = 1> <II = 1> <Delay = 1.23> <Storage> <Opcode : 'load' 'store'> <Ports = 2> <Width = 32> <Depth = 205> <RAM>
ST_12 : Operation 154 [1/2] ( I:1.23ns O:1.23ns )   --->   "%bnn_top_int_const_unsigned_int_const_int_const_unsigned_int_const_int_co_57 = load i8 %bnn_top_int_const_unsigned_int_const_int_const_unsigned_int_const_int_co_52" [bnn.cpp:101]   --->   Operation 154 'load' 'bnn_top_int_const_unsigned_int_const_int_const_unsigned_int_const_int_co_57' <Predicate = (trunc_ln99_1 == 2)> <Delay = 1.23> <CoreInst = "RAM">   --->   Core 82 'RAM' <Latency = 1> <II = 1> <Delay = 1.23> <Storage> <Opcode : 'load' 'store'> <Ports = 2> <Width = 32> <Depth = 205> <RAM>
ST_12 : Operation 155 [1/2] ( I:1.23ns O:1.23ns )   --->   "%bnn_top_int_const_unsigned_int_const_int_const_unsigned_int_const_int_co_58 = load i8 %bnn_top_int_const_unsigned_int_const_int_const_unsigned_int_const_int_co_53" [bnn.cpp:101]   --->   Operation 155 'load' 'bnn_top_int_const_unsigned_int_const_int_const_unsigned_int_const_int_co_58' <Predicate = (trunc_ln99_1 == 3)> <Delay = 1.23> <CoreInst = "RAM">   --->   Core 82 'RAM' <Latency = 1> <II = 1> <Delay = 1.23> <Storage> <Opcode : 'load' 'store'> <Ports = 2> <Width = 32> <Depth = 205> <RAM>
ST_12 : Operation 156 [1/1] (0.57ns)   --->   "%s2 = sparsemux i32 @_ssdm_op_SparseMux.ap_auto.5i32.i32.i3, i3 4, i32 %bnn_top_int_const_unsigned_int_const_int_const_unsigned_int_const_int_co_54, i3 0, i32 %bnn_top_int_const_unsigned_int_const_int_const_unsigned_int_const_int_co_55, i3 1, i32 %bnn_top_int_const_unsigned_int_const_int_const_unsigned_int_const_int_co_56, i3 2, i32 %bnn_top_int_const_unsigned_int_const_int_const_unsigned_int_const_int_co_57, i3 3, i32 %bnn_top_int_const_unsigned_int_const_int_const_unsigned_int_const_int_co_58, i32 0, i3 %trunc_ln99_1" [bnn.cpp:101]   --->   Operation 156 'sparsemux' 's2' <Predicate = true> <Delay = 0.57> <CoreInst = "BinarySparseMux_DontCare">   --->   Core 149 'BinarySparseMux_DontCare' <Latency = 0> <II = 1> <Delay = 0.57> <FuncUnit> <Opcode : 'sparsemux'> <InPorts = 2> <OutPorts = 1>
ST_12 : Operation 157 [1/2] ( I:1.23ns O:1.23ns )   --->   "%bnn_top_int_const_unsigned_int_const_int_const_unsigned_int_const_int_co_64 = load i8 %bnn_top_int_const_unsigned_int_const_int_const_unsigned_int_const_int_co_59" [bnn.cpp:102]   --->   Operation 157 'load' 'bnn_top_int_const_unsigned_int_const_int_const_unsigned_int_const_int_co_64' <Predicate = (trunc_ln99_1 == 3)> <Delay = 1.23> <CoreInst = "RAM">   --->   Core 82 'RAM' <Latency = 1> <II = 1> <Delay = 1.23> <Storage> <Opcode : 'load' 'store'> <Ports = 2> <Width = 32> <Depth = 205> <RAM>
ST_12 : Operation 158 [1/2] ( I:1.23ns O:1.23ns )   --->   "%bnn_top_int_const_unsigned_int_const_int_const_unsigned_int_const_int_co_65 = load i8 %bnn_top_int_const_unsigned_int_const_int_const_unsigned_int_const_int_co_60" [bnn.cpp:102]   --->   Operation 158 'load' 'bnn_top_int_const_unsigned_int_const_int_const_unsigned_int_const_int_co_65' <Predicate = (trunc_ln99_1 == 4)> <Delay = 1.23> <CoreInst = "RAM">   --->   Core 82 'RAM' <Latency = 1> <II = 1> <Delay = 1.23> <Storage> <Opcode : 'load' 'store'> <Ports = 2> <Width = 32> <Depth = 205> <RAM>
ST_12 : Operation 159 [1/2] ( I:1.23ns O:1.23ns )   --->   "%bnn_top_int_const_unsigned_int_const_int_const_unsigned_int_const_int_co_66 = load i8 %bnn_top_int_const_unsigned_int_const_int_const_unsigned_int_const_int_co_61" [bnn.cpp:102]   --->   Operation 159 'load' 'bnn_top_int_const_unsigned_int_const_int_const_unsigned_int_const_int_co_66' <Predicate = (trunc_ln99_1 == 0)> <Delay = 1.23> <CoreInst = "RAM">   --->   Core 82 'RAM' <Latency = 1> <II = 1> <Delay = 1.23> <Storage> <Opcode : 'load' 'store'> <Ports = 2> <Width = 32> <Depth = 205> <RAM>
ST_12 : Operation 160 [1/2] ( I:1.23ns O:1.23ns )   --->   "%bnn_top_int_const_unsigned_int_const_int_const_unsigned_int_const_int_co_67 = load i8 %bnn_top_int_const_unsigned_int_const_int_const_unsigned_int_const_int_co_62" [bnn.cpp:102]   --->   Operation 160 'load' 'bnn_top_int_const_unsigned_int_const_int_const_unsigned_int_const_int_co_67' <Predicate = (trunc_ln99_1 == 1)> <Delay = 1.23> <CoreInst = "RAM">   --->   Core 82 'RAM' <Latency = 1> <II = 1> <Delay = 1.23> <Storage> <Opcode : 'load' 'store'> <Ports = 2> <Width = 32> <Depth = 205> <RAM>
ST_12 : Operation 161 [1/2] ( I:1.23ns O:1.23ns )   --->   "%bnn_top_int_const_unsigned_int_const_int_const_unsigned_int_const_int_co_68 = load i8 %bnn_top_int_const_unsigned_int_const_int_const_unsigned_int_const_int_co_63" [bnn.cpp:102]   --->   Operation 161 'load' 'bnn_top_int_const_unsigned_int_const_int_const_unsigned_int_const_int_co_68' <Predicate = (trunc_ln99_1 == 2)> <Delay = 1.23> <CoreInst = "RAM">   --->   Core 82 'RAM' <Latency = 1> <II = 1> <Delay = 1.23> <Storage> <Opcode : 'load' 'store'> <Ports = 2> <Width = 32> <Depth = 205> <RAM>
ST_12 : Operation 162 [1/1] (0.57ns)   --->   "%s3 = sparsemux i32 @_ssdm_op_SparseMux.ap_auto.5i32.i32.i3, i3 3, i32 %bnn_top_int_const_unsigned_int_const_int_const_unsigned_int_const_int_co_64, i3 4, i32 %bnn_top_int_const_unsigned_int_const_int_const_unsigned_int_const_int_co_65, i3 0, i32 %bnn_top_int_const_unsigned_int_const_int_const_unsigned_int_const_int_co_66, i3 1, i32 %bnn_top_int_const_unsigned_int_const_int_const_unsigned_int_const_int_co_67, i3 2, i32 %bnn_top_int_const_unsigned_int_const_int_const_unsigned_int_const_int_co_68, i32 0, i3 %trunc_ln99_1" [bnn.cpp:102]   --->   Operation 162 'sparsemux' 's3' <Predicate = true> <Delay = 0.57> <CoreInst = "BinarySparseMux_DontCare">   --->   Core 149 'BinarySparseMux_DontCare' <Latency = 0> <II = 1> <Delay = 0.57> <FuncUnit> <Opcode : 'sparsemux'> <InPorts = 2> <OutPorts = 1>
ST_12 : Operation 163 [1/1] (1.01ns)   --->   "%icmp_ln103_1 = icmp_sgt  i32 %s2, i32 %m_1" [bnn.cpp:103]   --->   Operation 163 'icmp' 'icmp_ln103_1' <Predicate = true> <Delay = 1.01> <CoreInst = "Cmp">   --->   Core 9 'Cmp' <Latency = 0> <II = 1> <Delay = 1.01> <FuncUnit> <Opcode : 'seteq' 'setne' 'setle' 'setge' 'setlt' 'setgt'> <InPorts = 2> <OutPorts = 1>
ST_12 : Operation 164 [1/1] (0.44ns)   --->   "%m_3 = select i1 %icmp_ln103_1, i32 %s2, i32 %m_1" [bnn.cpp:103]   --->   Operation 164 'select' 'm_3' <Predicate = true> <Delay = 0.44> <CoreInst = "Sel">   --->   Core 73 'Sel' <Latency = 0> <II = 1> <Delay = 0.44> <FuncUnit> <Opcode : 'select'> <InPorts = 3> <OutPorts = 1>
ST_12 : Operation 165 [1/1] (1.01ns)   --->   "%icmp_ln103_2 = icmp_sgt  i32 %s3, i32 %m_3" [bnn.cpp:103]   --->   Operation 165 'icmp' 'icmp_ln103_2' <Predicate = true> <Delay = 1.01> <CoreInst = "Cmp">   --->   Core 9 'Cmp' <Latency = 0> <II = 1> <Delay = 1.01> <FuncUnit> <Opcode : 'seteq' 'setne' 'setle' 'setge' 'setlt' 'setgt'> <InPorts = 2> <OutPorts = 1>
ST_12 : Operation 166 [1/1] (0.00ns) (grouped into LUT with out node icmp_ln104)   --->   "%select_ln103 = select i1 %icmp_ln103_2, i32 %s3, i32 %m_3" [bnn.cpp:103]   --->   Operation 166 'select' 'select_ln103' <Predicate = true> <Delay = 0.00> <CoreInst = "Sel">   --->   Core 73 'Sel' <Latency = 0> <II = 1> <Delay = 0.44> <FuncUnit> <Opcode : 'select'> <InPorts = 3> <OutPorts = 1>
ST_12 : Operation 167 [1/1] (0.00ns) (grouped into LUT with out node icmp_ln104)   --->   "%shl_ln104_1 = bitconcatenate i40 @_ssdm_op_BitConcatenate.i40.i32.i8, i32 %select_ln103, i8 0" [bnn.cpp:104]   --->   Operation 167 'bitconcatenate' 'shl_ln104_1' <Predicate = true> <Delay = 0.00>
ST_12 : Operation 168 [1/1] (1.03ns) (out node of the LUT)   --->   "%icmp_ln104 = icmp_sgt  i40 %shl_ln104_1, i40 %sext_ln104_cast" [bnn.cpp:104]   --->   Operation 168 'icmp' 'icmp_ln104' <Predicate = true> <Delay = 1.03> <CoreInst = "Cmp">   --->   Core 9 'Cmp' <Latency = 0> <II = 1> <Delay = 1.03> <FuncUnit> <Opcode : 'seteq' 'setne' 'setle' 'setge' 'setlt' 'setgt'> <InPorts = 2> <OutPorts = 1>
ST_12 : Operation 169 [1/1] ( I:0.67ns O:0.67ns )   --->   "%store_ln104 = store i1 %icmp_ln104, i9 %bnn_top_int_const_unsigned_int_const_int_const_unsigned_int_const_int_co_27" [bnn.cpp:104]   --->   Operation 169 'store' 'store_ln104' <Predicate = (trunc_ln97 == 6)> <Delay = 0.67> <CoreInst = "RAM">   --->   Core 82 'RAM' <Latency = 1> <II = 1> <Delay = 0.67> <Storage> <Opcode : 'load' 'store'> <Ports = 2> <Width = 1> <Depth = 512> <RAM>
ST_12 : Operation 170 [1/1] (0.00ns)   --->   "%br_ln104 = br void %arrayidx273.exit" [bnn.cpp:104]   --->   Operation 170 'br' 'br_ln104' <Predicate = (trunc_ln97 == 6)> <Delay = 0.00>
ST_12 : Operation 171 [1/1] ( I:0.67ns O:0.67ns )   --->   "%store_ln104 = store i1 %icmp_ln104, i9 %bnn_top_int_const_unsigned_int_const_int_const_unsigned_int_const_int_co_26" [bnn.cpp:104]   --->   Operation 171 'store' 'store_ln104' <Predicate = (trunc_ln97 == 5)> <Delay = 0.67> <CoreInst = "RAM">   --->   Core 82 'RAM' <Latency = 1> <II = 1> <Delay = 0.67> <Storage> <Opcode : 'load' 'store'> <Ports = 2> <Width = 1> <Depth = 512> <RAM>
ST_12 : Operation 172 [1/1] (0.00ns)   --->   "%br_ln104 = br void %arrayidx273.exit" [bnn.cpp:104]   --->   Operation 172 'br' 'br_ln104' <Predicate = (trunc_ln97 == 5)> <Delay = 0.00>
ST_12 : Operation 173 [1/1] ( I:0.67ns O:0.67ns )   --->   "%store_ln104 = store i1 %icmp_ln104, i9 %bnn_top_int_const_unsigned_int_const_int_const_unsigned_int_const_int_co_25" [bnn.cpp:104]   --->   Operation 173 'store' 'store_ln104' <Predicate = (trunc_ln97 == 4)> <Delay = 0.67> <CoreInst = "RAM">   --->   Core 82 'RAM' <Latency = 1> <II = 1> <Delay = 0.67> <Storage> <Opcode : 'load' 'store'> <Ports = 2> <Width = 1> <Depth = 512> <RAM>
ST_12 : Operation 174 [1/1] (0.00ns)   --->   "%br_ln104 = br void %arrayidx273.exit" [bnn.cpp:104]   --->   Operation 174 'br' 'br_ln104' <Predicate = (trunc_ln97 == 4)> <Delay = 0.00>
ST_12 : Operation 175 [1/1] ( I:0.67ns O:0.67ns )   --->   "%store_ln104 = store i1 %icmp_ln104, i9 %bnn_top_int_const_unsigned_int_const_int_const_unsigned_int_const_int_co_24" [bnn.cpp:104]   --->   Operation 175 'store' 'store_ln104' <Predicate = (trunc_ln97 == 3)> <Delay = 0.67> <CoreInst = "RAM">   --->   Core 82 'RAM' <Latency = 1> <II = 1> <Delay = 0.67> <Storage> <Opcode : 'load' 'store'> <Ports = 2> <Width = 1> <Depth = 512> <RAM>
ST_12 : Operation 176 [1/1] (0.00ns)   --->   "%br_ln104 = br void %arrayidx273.exit" [bnn.cpp:104]   --->   Operation 176 'br' 'br_ln104' <Predicate = (trunc_ln97 == 3)> <Delay = 0.00>
ST_12 : Operation 177 [1/1] ( I:0.67ns O:0.67ns )   --->   "%store_ln104 = store i1 %icmp_ln104, i9 %bnn_top_int_const_unsigned_int_const_int_const_unsigned_int_const_int_co_23" [bnn.cpp:104]   --->   Operation 177 'store' 'store_ln104' <Predicate = (trunc_ln97 == 2)> <Delay = 0.67> <CoreInst = "RAM">   --->   Core 82 'RAM' <Latency = 1> <II = 1> <Delay = 0.67> <Storage> <Opcode : 'load' 'store'> <Ports = 2> <Width = 1> <Depth = 512> <RAM>
ST_12 : Operation 178 [1/1] (0.00ns)   --->   "%br_ln104 = br void %arrayidx273.exit" [bnn.cpp:104]   --->   Operation 178 'br' 'br_ln104' <Predicate = (trunc_ln97 == 2)> <Delay = 0.00>
ST_12 : Operation 179 [1/1] ( I:0.67ns O:0.67ns )   --->   "%store_ln104 = store i1 %icmp_ln104, i9 %bnn_top_int_const_unsigned_int_const_int_const_unsigned_int_const_int_co_22" [bnn.cpp:104]   --->   Operation 179 'store' 'store_ln104' <Predicate = (trunc_ln97 == 1)> <Delay = 0.67> <CoreInst = "RAM">   --->   Core 82 'RAM' <Latency = 1> <II = 1> <Delay = 0.67> <Storage> <Opcode : 'load' 'store'> <Ports = 2> <Width = 1> <Depth = 512> <RAM>
ST_12 : Operation 180 [1/1] (0.00ns)   --->   "%br_ln104 = br void %arrayidx273.exit" [bnn.cpp:104]   --->   Operation 180 'br' 'br_ln104' <Predicate = (trunc_ln97 == 1)> <Delay = 0.00>
ST_12 : Operation 181 [1/1] ( I:0.67ns O:0.67ns )   --->   "%store_ln104 = store i1 %icmp_ln104, i9 %bnn_top_int_const_unsigned_int_const_int_const_unsigned_int_const_int_co_21" [bnn.cpp:104]   --->   Operation 181 'store' 'store_ln104' <Predicate = (trunc_ln97 == 0)> <Delay = 0.67> <CoreInst = "RAM">   --->   Core 82 'RAM' <Latency = 1> <II = 1> <Delay = 0.67> <Storage> <Opcode : 'load' 'store'> <Ports = 2> <Width = 1> <Depth = 512> <RAM>
ST_12 : Operation 182 [1/1] (0.00ns)   --->   "%br_ln104 = br void %arrayidx273.exit" [bnn.cpp:104]   --->   Operation 182 'br' 'br_ln104' <Predicate = (trunc_ln97 == 0)> <Delay = 0.00>
ST_12 : Operation 183 [1/1] ( I:0.67ns O:0.67ns )   --->   "%store_ln104 = store i1 %icmp_ln104, i9 %bnn_top_int_const_unsigned_int_const_int_const_unsigned_int_const_int_co_28" [bnn.cpp:104]   --->   Operation 183 'store' 'store_ln104' <Predicate = (trunc_ln97 == 7)> <Delay = 0.67> <CoreInst = "RAM">   --->   Core 82 'RAM' <Latency = 1> <II = 1> <Delay = 0.67> <Storage> <Opcode : 'load' 'store'> <Ports = 2> <Width = 1> <Depth = 512> <RAM>
ST_12 : Operation 184 [1/1] (0.00ns)   --->   "%br_ln104 = br void %arrayidx273.exit" [bnn.cpp:104]   --->   Operation 184 'br' 'br_ln104' <Predicate = (trunc_ln97 == 7)> <Delay = 0.00>


============================================================
+ Verbose Summary: Timing violations
============================================================
Target clock period: 10.000ns, clock uncertainty: 2.700ns.

 <State 1>: 3.476ns
The critical path consists of the following:
	'store' operation ('store_ln96', bnn.cpp:96) of constant 0 4 bit on local variable 'ph', bnn.cpp:96 [23]  (0.427 ns)
	'load' operation 4 bit ('ph_load', bnn.cpp:96) on local variable 'ph', bnn.cpp:96 [33]  (0.000 ns)
	'add' operation 4 bit ('add_ln96_1', bnn.cpp:96) [38]  (0.797 ns)
	'select' operation 4 bit ('select_ln96_1', bnn.cpp:96) [39]  (0.391 ns)
	'shl' operation 4 bit ('shl_ln99', bnn.cpp:99) [42]  (0.000 ns)
	'add' operation 5 bit ('add_ln99', bnn.cpp:99) [58]  (0.797 ns)
	'urem' operation 3 bit ('urem_ln99', bnn.cpp:99) [69]  (1.064 ns)

 <State 2>: 1.064ns
The critical path consists of the following:
	'urem' operation 3 bit ('urem_ln99', bnn.cpp:99) [69]  (1.064 ns)

 <State 3>: 1.064ns
The critical path consists of the following:
	'urem' operation 3 bit ('urem_ln99', bnn.cpp:99) [69]  (1.064 ns)

 <State 4>: 1.064ns
The critical path consists of the following:
	'urem' operation 3 bit ('urem_ln99', bnn.cpp:99) [69]  (1.064 ns)

 <State 5>: 1.064ns
The critical path consists of the following:
	'urem' operation 3 bit ('urem_ln99', bnn.cpp:99) [69]  (1.064 ns)

 <State 6>: 1.064ns
The critical path consists of the following:
	'urem' operation 3 bit ('urem_ln99', bnn.cpp:99) [69]  (1.064 ns)

 <State 7>: 1.064ns
The critical path consists of the following:
	'urem' operation 3 bit ('urem_ln99', bnn.cpp:99) [69]  (1.064 ns)

 <State 8>: 1.064ns
The critical path consists of the following:
	'urem' operation 3 bit ('urem_ln99', bnn.cpp:99) [69]  (1.064 ns)

 <State 9>: 1.064ns
The critical path consists of the following:
	'urem' operation 3 bit ('urem_ln99', bnn.cpp:99) [69]  (1.064 ns)

 <State 10>: 4.398ns
The critical path consists of the following:
	'add' operation 8 bit ('add_ln99_1', bnn.cpp:99) [64]  (1.051 ns)
	'mul' operation 17 bit ('mul_ln99', bnn.cpp:99) [66]  (2.110 ns)
	'getelementptr' operation 8 bit ('bnn_top_int_const_unsigned_int_const_int_const_unsigned_int_const_int_co_29', bnn.cpp:99) [71]  (0.000 ns)
	'load' operation 32 bit ('bnn_top_int_const_unsigned_int_const_int_const_unsigned_int_const_int_co_34', bnn.cpp:99) on array 'bnn_top_int_const_unsigned_int_const_int_const_unsigned_int_const_int_co_4' [76]  (1.237 ns)

 <State 11>: 3.347ns
The critical path consists of the following:
	'mul' operation 17 bit ('mul_ln101', bnn.cpp:101) [100]  (2.110 ns)
	'getelementptr' operation 8 bit ('bnn_top_int_const_unsigned_int_const_int_const_unsigned_int_const_int_co_49', bnn.cpp:101) [103]  (0.000 ns)
	'load' operation 32 bit ('bnn_top_int_const_unsigned_int_const_int_const_unsigned_int_const_int_co_54', bnn.cpp:101) on array 'bnn_top_int_const_unsigned_int_const_int_const_unsigned_int_const_int_co_4' [108]  (1.237 ns)

 <State 12>: 6.003ns
The critical path consists of the following:
	'load' operation 32 bit ('bnn_top_int_const_unsigned_int_const_int_const_unsigned_int_const_int_co_54', bnn.cpp:101) on array 'bnn_top_int_const_unsigned_int_const_int_const_unsigned_int_const_int_co_4' [108]  (1.237 ns)
	'sparsemux' operation 32 bit ('s2', bnn.cpp:101) [113]  (0.574 ns)
	'icmp' operation 1 bit ('icmp_ln103_1', bnn.cpp:103) [132]  (1.016 ns)
	'select' operation 32 bit ('m', bnn.cpp:103) [133]  (0.449 ns)
	'icmp' operation 1 bit ('icmp_ln103_2', bnn.cpp:103) [134]  (1.016 ns)
	'select' operation 32 bit ('select_ln103', bnn.cpp:103) [135]  (0.000 ns)
	'icmp' operation 1 bit ('icmp_ln104', bnn.cpp:104) [137]  (1.034 ns)
	'store' operation ('store_ln104', bnn.cpp:104) of variable 'icmp_ln104', bnn.cpp:104 1 bit on array 'bnn_top_int_const_unsigned_int_const_int_const_unsigned_int_const_int_co_11' [149]  (0.677 ns)


============================================================
+ Verbose Summary: Binding
============================================================
N/A
* FSMD analyzer results:
  - Output states:
 - Input state : 
  - Chain level:
	State 1
	State 2
	State 3
	State 4
	State 5
	State 6
	State 7
	State 8
	State 9
	State 10
	State 11
	State 12


============================================================
+ Verbose Summary: Datapath Resource usage 
============================================================
N/A
