

================================================================
== Vitis HLS Report for 'constexpr_top'
================================================================
* Date:           Tue Aug 18 15:50:17 2026

* Version:        2025.2 (Build 6295257 on Nov 12 2025)
* Project:        constexpr_hls
* Solution:       sol1 (Vivado IP Flow Target)
* Product family: zynquplus
* Target device:  xczu7ev-ffvc1156-2-e


================================================================
== Performance Estimates
================================================================
+ Timing: 
    * Summary: 
    +--------+----------+----------+------------+
    |  Clock |  Target  | Estimated| Uncertainty|
    +--------+----------+----------+------------+
    |ap_clk  |  10.00 ns|      0 ns|     2.70 ns|
    +--------+----------+----------+------------+

+ Latency: 
    * Summary: 
    +---------+---------+----------+----------+-----+-----+---------+
    |  Latency (cycles) |  Latency (absolute) |  Interval | Pipeline|
    |   min   |   max   |    min   |    max   | min | max |   Type  |
    +---------+---------+----------+----------+-----+-----+---------+
    |        0|        0|      0 ns|      0 ns|    1|    1|       no|
    +---------+---------+----------+----------+-----+-----+---------+

    + Detail: 
        * Instance: 
        N/A

        * Loop: 
        N/A



================================================================
== Utilization Estimates
================================================================
* Summary: 
+-----------------+---------+------+--------+--------+-----+
|       Name      | BRAM_18K|  DSP |   FF   |   LUT  | URAM|
+-----------------+---------+------+--------+--------+-----+
|DSP              |        -|     -|       -|       -|    -|
|Expression       |        -|     -|       -|       -|    -|
|FIFO             |        -|     -|       -|       -|    -|
|Instance         |        -|     -|       -|       -|    -|
|Memory           |        -|     -|       -|       -|    -|
|Multiplexer      |        -|     -|       -|       -|    -|
|Register         |        -|     -|       -|       -|    -|
+-----------------+---------+------+--------+--------+-----+
|Total            |        0|     0|       0|       0|    0|
+-----------------+---------+------+--------+--------+-----+
|Available        |      624|  1728|  460800|  230400|   96|
+-----------------+---------+------+--------+--------+-----+
|Utilization (%)  |        0|     0|       0|       0|    0|
+-----------------+---------+------+--------+--------+-----+

+ Detail: 
    * Instance: 
    N/A

    * DSP: 
    N/A

    * Memory: 
    N/A

    * FIFO: 
    N/A

    * Expression: 
    N/A

    * Multiplexer: 
    N/A

    * Register: 
    N/A



================================================================
== Interface
================================================================
* Summary: 
+----------+-----+-----+------------+---------------+--------------+
| RTL Ports| Dir | Bits|  Protocol  | Source Object |    C Type    |
+----------+-----+-----+------------+---------------+--------------+
|ap_start  |   in|    1|  ap_ctrl_hs|  constexpr_top|  return value|
|ap_done   |  out|    1|  ap_ctrl_hs|  constexpr_top|  return value|
|ap_idle   |  out|    1|  ap_ctrl_hs|  constexpr_top|  return value|
|ap_ready  |  out|    1|  ap_ctrl_hs|  constexpr_top|  return value|
|ap_rst    |   in|    1|  ap_ctrl_hs|  constexpr_top|  return value|
|idx       |   in|   32|     ap_none|            idx|        scalar|
|s         |  out|   32|      ap_vld|              s|       pointer|
|s_ap_vld  |  out|    1|      ap_vld|              s|       pointer|
+----------+-----+-----+------------+---------------+--------------+

