

================================================================
== Synthesis Summary Report of 'constexpr_top'
================================================================
+ General Information: 
    * Date:           Tue Aug 18 15:50:17 2026
    * Version:        2025.2 (Build 6295257 on Nov 12 2025)
    * Project:        constexpr_hls
    * Solution:       sol1 (Vivado IP Flow Target)
    * Product family: zynquplus
    * Target device:  xczu7ev-ffvc1156-2-e
    

* Performance & Resource Estimates: 
+-----------------+------+---------------+----------+---------+------+----------+---------+-------+------+------+----+---+----+-----+
|     Modules     | Issue|               | Iteration|         | Trip |          |     Latency     |      |      |    |   |    |     |
|     & Loops     | Type | Violation Type|  Latency | Interval| Count| Pipelined| (cycles)|  (ns) | Slack| BRAM | DSP| FF| LUT| URAM|
+-----------------+------+---------------+----------+---------+------+----------+---------+-------+------+------+----+---+----+-----+
|+ constexpr_top  |     -|              -|         -|        1|     -|        no|        0|  0.000|  7.30|     -|   -|  -|   -|    -|
+-----------------+------+---------------+----------+---------+------+----------+---------+-------+------+------+----+---+----+-----+
    Name Prefix: '+' for module, 'o' for loop, '*' for dataflow


================================================================
== HW Interfaces
================================================================
* Other Ports
+------+---------+-----------+----------+
| Port | Mode    | Direction | Bitwidth |
+------+---------+-----------+----------+
| idx  | ap_none | in        | 32       |
| s    | ap_vld  | out       | 32       |
+------+---------+-----------+----------+

* TOP LEVEL CONTROL
+-----------+------------+-----------------------------------+
| Interface | Type       | Ports                             |
+-----------+------------+-----------------------------------+
| ap_rst    | reset      | ap_rst                            |
| ap_ctrl   | ap_ctrl_hs | ap_done ap_idle ap_ready ap_start |
+-----------+------------+-----------------------------------+


================================================================
== SW I/O Information
================================================================
* Top Function Arguments
+----------+-----------+---------------+
| Argument | Direction | Datatype      |
+----------+-----------+---------------+
| idx      | in        | int           |
| s        | out       | unsigned int& |
+----------+-----------+---------------+

* SW-to-HW Mapping
+----------+--------------+---------+
| Argument | HW Interface | HW Type |
+----------+--------------+---------+
| idx      | idx          | port    |
| s        | s            | port    |
| s        | s_ap_vld     | port    |
+----------+--------------+---------+


================================================================
== Bind Op Report
================================================================
  No bind op info in design

================================================================
== Storage Report
================================================================
  No bind storage info in design

================================================================
== Pragma Report
================================================================
  No pragmas found

