

================================================================
== Vitis HLS Report for 'mini_top'
================================================================
* Date:           Tue Aug 18 13:56:07 2026

* Version:        2025.2 (Build 6295257 on Nov 12 2025)
* Project:        mini_hls
* Solution:       sol1 (Vivado IP Flow Target)
* Product family: zynquplus
* Target device:  xczu7ev-ffvc1156-2-e


================================================================
== Performance Estimates
================================================================
+ Timing: 
    * Summary: 
    +--------+----------+----------+------------+
    |  Clock |  Target  | Estimated| Uncertainty|
    +--------+----------+----------+------------+
    |ap_clk  |  10.00 ns|  1.527 ns|     2.70 ns|
    +--------+----------+----------+------------+

+ Latency: 
    * Summary: 
    +---------+---------+----------+----------+-----+-----+------------------------------------------------+
    |  Latency (cycles) |  Latency (absolute) |  Interval |                    Pipeline                    |
    |   min   |   max   |    min   |    max   | min | max |                      Type                      |
    +---------+---------+----------+----------+-----+-----+------------------------------------------------+
    |       10|       10|  0.100 us|  0.100 us|    8|    8|  loop auto-rewind stp (delay=0 clock cycles(s))|
    +---------+---------+----------+----------+-----+-----+------------------------------------------------+

    + Detail: 
        * Instance: 
        N/A

        * Loop: 
        +------------------+---------+---------+----------+-----------+-----------+------+----------+
        |                  |  Latency (cycles) | Iteration|  Initiation Interval  | Trip |          |
        |     Loop Name    |   min   |   max   |  Latency |  achieved |   target  | Count| Pipelined|
        +------------------+---------+---------+----------+-----------+-----------+------+----------+
        |- VITIS_LOOP_5_1  |        8|        8|         2|          1|          1|     8|       yes|
        +------------------+---------+---------+----------+-----------+-----------+------+----------+

============================================================
+ Verbose Summary: Synthesis Manager
============================================================
InlineROM: 1
ExposeGlobal: 0
============================================================
+ Verbose Summary: CDFG Model
============================================================
IsTopModel: 1
ResetActiveHigh: 1
IsCombinational: 0
IsDatapathOnly: 0
HasWiredReturn: 1
HasMFsm: 2
HasVarLatency: 1
IsPipeline: 0
IsRtlPipelined: 0
IsInstanceOverlapped: 0
IsDontTouch: 0
HasImplIP: 0
IsGatedGlobalClock: 0

+ Individual pipeline summary: 
  * Pipeline-0: initiation interval (II) = 1, depth = 2


============================================================
+ Verbose Summary: Schedule
============================================================
* Number of FSM states : 2
* Pipeline : 1
  Pipeline-0 : II = 1, D = 2, States = { 1 2 }
* Dataflow Pipeline: 0

* FSM state transitions: 
1 --> 2 
2 --> 

* FSM state operations: 

State 1 <SV = 0> <Delay = 1.52>
ST_1 : Operation 5 [1/1] (0.00ns)   --->   "%i = alloca i32 1" [mini.cpp:5]   --->   Operation 5 'alloca' 'i' <Predicate = true> <Delay = 0.00>
ST_1 : Operation 6 [1/1] (0.00ns)   --->   "%t = alloca i32 1" [mini.cpp:4]   --->   Operation 6 'alloca' 't' <Predicate = true> <Delay = 0.00>
ST_1 : Operation 7 [1/1] (0.00ns)   --->   "%spectopmodule_ln3 = spectopmodule void @_ssdm_op_SpecTopModule, void @empty_2" [mini.cpp:3]   --->   Operation 7 'spectopmodule' 'spectopmodule_ln3' <Predicate = true> <Delay = 0.00>
ST_1 : Operation 8 [1/1] (0.00ns)   --->   "%specinterface_ln0 = specinterface void @_ssdm_op_SpecInterface, i32 %a, void @empty, i32 0, i32 0, void @empty_0, i32 4294967295, i32 0, void @empty_0, void @empty_0, void @empty_0, i32 0, i32 0, i32 0, i32 0, void @empty_0, void @empty_0, i32 4294967295, i32 0, i32 0, i32 0"   --->   Operation 8 'specinterface' 'specinterface_ln0' <Predicate = true> <Delay = 0.00>
ST_1 : Operation 9 [1/1] (0.00ns)   --->   "%specbitsmap_ln0 = specbitsmap void @_ssdm_op_SpecBitsMap, i32 %a"   --->   Operation 9 'specbitsmap' 'specbitsmap_ln0' <Predicate = true> <Delay = 0.00>
ST_1 : Operation 10 [1/1] (0.00ns)   --->   "%specbitsmap_ln0 = specbitsmap void @_ssdm_op_SpecBitsMap, i32 %s"   --->   Operation 10 'specbitsmap' 'specbitsmap_ln0' <Predicate = true> <Delay = 0.00>
ST_1 : Operation 11 [1/1] (0.00ns)   --->   "%specinterface_ln0 = specinterface void @_ssdm_op_SpecInterface, i32 %s, void @empty_1, i32 0, i32 0, void @empty_0, i32 0, i32 0, void @empty_0, void @empty_0, void @empty_0, i32 0, i32 0, i32 0, i32 0, void @empty_0, void @empty_0, i32 4294967295, i32 0, i32 0, i32 0"   --->   Operation 11 'specinterface' 'specinterface_ln0' <Predicate = true> <Delay = 0.00>
ST_1 : Operation 12 [1/1] (0.42ns)   --->   "%store_ln4 = store i32 0, i32 %t" [mini.cpp:4]   --->   Operation 12 'store' 'store_ln4' <Predicate = true> <Delay = 0.42>
ST_1 : Operation 13 [1/1] (0.42ns)   --->   "%store_ln5 = store i3 0, i3 %i" [mini.cpp:5]   --->   Operation 13 'store' 'store_ln5' <Predicate = true> <Delay = 0.42>
ST_1 : Operation 14 [1/1] (0.00ns)   --->   "%br_ln5 = br void %for.inc.split" [mini.cpp:5]   --->   Operation 14 'br' 'br_ln5' <Predicate = true> <Delay = 0.00>
ST_1 : Operation 15 [1/1] (0.00ns)   --->   "%i_1 = load i3 %i" [mini.cpp:5]   --->   Operation 15 'load' 'i_1' <Predicate = true> <Delay = 0.00>
ST_1 : Operation 16 [1/1] (0.00ns)   --->   "%zext_ln5 = zext i3 %i_1" [mini.cpp:5]   --->   Operation 16 'zext' 'zext_ln5' <Predicate = true> <Delay = 0.00>
ST_1 : Operation 17 [1/1] (0.00ns)   --->   "%a_addr = getelementptr i32 %a, i64 0, i64 %zext_ln5" [mini.cpp:5]   --->   Operation 17 'getelementptr' 'a_addr' <Predicate = true> <Delay = 0.00>
ST_1 : Operation 18 [2/2] (0.00ns)   --->   "%a_load = load i3 %a_addr" [mini.cpp:5]   --->   Operation 18 'load' 'a_load' <Predicate = true> <Delay = 0.00> <CoreInst = "RAM">   --->   Core 82 'RAM' <Latency = 1> <II = 1> <Delay = 0.67> <Storage> <Opcode : 'load' 'store'> <Ports = 2> <Width = 32> <Depth = 8> <RAM>
ST_1 : Operation 19 [1/1] (0.67ns)   --->   "%i_3 = add i3 %i_1, i3 1" [mini.cpp:5]   --->   Operation 19 'add' 'i_3' <Predicate = true> <Delay = 0.67> <CoreInst = "Adder">   --->   Core 1 'Adder' <Latency = 0> <II = 1> <Delay = 0.67> <FuncUnit> <Opcode : 'add' 'sub'> <InPorts = 2> <OutPorts = 1>
ST_1 : Operation 20 [1/1] (0.67ns)   --->   "%icmp_ln5 = icmp_eq  i3 %i_1, i3 7" [mini.cpp:5]   --->   Operation 20 'icmp' 'icmp_ln5' <Predicate = true> <Delay = 0.67> <CoreInst = "Cmp">   --->   Core 9 'Cmp' <Latency = 0> <II = 1> <Delay = 0.67> <FuncUnit> <Opcode : 'seteq' 'setne' 'setle' 'setge' 'setlt' 'setgt'> <InPorts = 2> <OutPorts = 1>
ST_1 : Operation 21 [1/1] (0.42ns)   --->   "%store_ln5 = store i3 %i_3, i3 %i" [mini.cpp:5]   --->   Operation 21 'store' 'store_ln5' <Predicate = true> <Delay = 0.42>
ST_1 : Operation 22 [1/1] (0.00ns)   --->   "%br_ln5 = br i1 %icmp_ln5, void %for.inc.split, void %for.end" [mini.cpp:5]   --->   Operation 22 'br' 'br_ln5' <Predicate = true> <Delay = 0.00>

State 2 <SV = 1> <Delay = 1.44>
ST_2 : Operation 23 [1/1] (0.00ns)   --->   "%t_2 = load i32 %t" [mini.cpp:5]   --->   Operation 23 'load' 't_2' <Predicate = true> <Delay = 0.00>
ST_2 : Operation 24 [1/1] (0.00ns)   --->   "%specpipeline_ln4 = specpipeline void @_ssdm_op_SpecPipeline, i32 4294967295, i32 0, i32 0, i32 0, i32 4294967295, void @empty_0" [mini.cpp:4]   --->   Operation 24 'specpipeline' 'specpipeline_ln4' <Predicate = true> <Delay = 0.00>
ST_2 : Operation 25 [1/1] (0.00ns)   --->   "%speclooptripcount_ln4 = speclooptripcount void @_ssdm_op_SpecLoopTripCount, i64 8, i64 8, i64 8" [mini.cpp:4]   --->   Operation 25 'speclooptripcount' 'speclooptripcount_ln4' <Predicate = true> <Delay = 0.00>
ST_2 : Operation 26 [1/1] (0.00ns)   --->   "%specloopname_ln5 = specloopname void @_ssdm_op_SpecLoopName, void @empty_3" [mini.cpp:5]   --->   Operation 26 'specloopname' 'specloopname_ln5' <Predicate = true> <Delay = 0.00>
ST_2 : Operation 27 [1/2] ( I:0.00ns O:0.00ns )   --->   "%a_load = load i3 %a_addr" [mini.cpp:5]   --->   Operation 27 'load' 'a_load' <Predicate = true> <Delay = 0.00> <CoreInst = "RAM">   --->   Core 82 'RAM' <Latency = 1> <II = 1> <Delay = 0.67> <Storage> <Opcode : 'load' 'store'> <Ports = 2> <Width = 32> <Depth = 8> <RAM>
ST_2 : Operation 28 [1/1] (1.01ns)   --->   "%t_3 = add i32 %a_load, i32 %t_2" [mini.cpp:5]   --->   Operation 28 'add' 't_3' <Predicate = true> <Delay = 1.01> <CoreInst = "Adder">   --->   Core 1 'Adder' <Latency = 0> <II = 1> <Delay = 1.01> <FuncUnit> <Opcode : 'add' 'sub'> <InPorts = 2> <OutPorts = 1>
ST_2 : Operation 29 [1/1] (0.42ns)   --->   "%store_ln4 = store i32 %t_3, i32 %t" [mini.cpp:4]   --->   Operation 29 'store' 'store_ln4' <Predicate = true> <Delay = 0.42>
ST_2 : Operation 30 [1/1] (0.00ns)   --->   "%write_ln6 = write void @_ssdm_op_Write.ap_auto.i32P0A, i32 %s, i32 %t_3" [mini.cpp:6]   --->   Operation 30 'write' 'write_ln6' <Predicate = (icmp_ln5)> <Delay = 0.00>
ST_2 : Operation 31 [1/1] (0.42ns)   --->   "%ret_ln7 = ret" [mini.cpp:7]   --->   Operation 31 'ret' 'ret_ln7' <Predicate = (icmp_ln5)> <Delay = 0.42>


============================================================
+ Verbose Summary: Timing violations
============================================================
Target clock period: 10.000ns, clock uncertainty: 2.700ns.

 <State 1>: 1.527ns
The critical path consists of the following:
	'store' operation ('store_ln5', mini.cpp:5) of constant 0 3 bit on local variable 'i', mini.cpp:5 [11]  (0.427 ns)
	'load' operation 3 bit ('i', mini.cpp:5) on local variable 'i', mini.cpp:5 [14]  (0.000 ns)
	'add' operation 3 bit ('i_3', mini.cpp:5) [23]  (0.673 ns)
	'store' operation ('store_ln5', mini.cpp:5) of variable 'i_3', mini.cpp:5 3 bit on local variable 'i', mini.cpp:5 [26]  (0.427 ns)

 <State 2>: 1.443ns
The critical path consists of the following:
	'load' operation 32 bit ('t', mini.cpp:5) on local variable 't', mini.cpp:4 [15]  (0.000 ns)
	'add' operation 32 bit ('t', mini.cpp:5) [22]  (1.016 ns)
	'store' operation ('store_ln4', mini.cpp:4) of variable 't', mini.cpp:5 32 bit on local variable 't', mini.cpp:4 [25]  (0.427 ns)


============================================================
+ Verbose Summary: Binding
============================================================
N/A
* FSMD analyzer results:
  - Output states:
 - Input state : 
  - Chain level:
	State 1
	State 2


============================================================
+ Verbose Summary: Datapath Resource usage 
============================================================
N/A
