

================================================================
== Vitis HLS Report for 'bnn_top_Pipeline_VITIS_LOOP_127_22_VITIS_LOOP_128_23'
================================================================
* Date:           Mon Aug 24 01:29:39 2026

* Version:        2025.2 (Build 6295257 on Nov 12 2025)
* Project:        bnn_hls
* Solution:       sol1 (Vivado IP Flow Target)
* Product family: zynquplus
* Target device:  xczu7ev-ffvc1156-2-e


================================================================
== Performance Estimates
================================================================
+ Timing: 
    * Summary: 
    +--------+----------+----------+------------+
    |  Clock |  Target  | Estimated| Uncertainty|
    +--------+----------+----------+------------+
    |ap_clk  |  10.00 ns|  6.563 ns|     2.70 ns|
    +--------+----------+----------+------------+

+ Latency: 
    * Summary: 
    +---------+---------+----------+----------+-----+-----+-------------------+
    |  Latency (cycles) |  Latency (absolute) |  Interval |      Pipeline     |
    |   min   |   max   |    min   |    max   | min | max |        Type       |
    +---------+---------+----------+----------+-----+-----+-------------------+
    |       28|       28|  0.280 us|  0.280 us|    0|    0|  loop pipeline stp|
    +---------+---------+----------+----------+-----+-----+-------------------+

    + Detail: 
        * Instance: 
        N/A

        * Loop: 
        +---------------------------------------+---------+---------+----------+-----------+-----------+------+----------+
        |                                       |  Latency (cycles) | Iteration|  Initiation Interval  | Trip |          |
        |               Loop Name               |   min   |   max   |  Latency |  achieved |   target  | Count| Pipelined|
        +---------------------------------------+---------+---------+----------+-----------+-----------+------+----------+
        |- VITIS_LOOP_127_22_VITIS_LOOP_128_23  |       26|       26|        12|          1|          1|    16|       yes|
        +---------------------------------------+---------+---------+----------+-----------+-----------+------+----------+



================================================================
== Utilization Estimates
================================================================
* Summary: 
+-----------------+---------+------+--------+--------+-----+
|       Name      | BRAM_18K|  DSP |   FF   |   LUT  | URAM|
+-----------------+---------+------+--------+--------+-----+
|DSP              |        -|     1|       -|       -|    -|
|Expression       |        -|     -|       0|     374|    -|
|FIFO             |        -|     -|       -|       -|    -|
|Instance         |        -|     0|      98|     273|    -|
|Memory           |        -|     -|       -|       -|    -|
|Multiplexer      |        -|     -|       0|     212|    -|
|Register         |        -|     -|     440|     160|    -|
+-----------------+---------+------+--------+--------+-----+
|Total            |        0|     1|     538|    1019|    0|
+-----------------+---------+------+--------+--------+-----+
|Available        |      624|  1728|  460800|  230400|   96|
+-----------------+---------+------+--------+--------+-----+
|Utilization (%)  |        0|    ~0|      ~0|      ~0|    0|
+-----------------+---------+------+--------+--------+-----+

+ Detail: 
    * Instance: 
    +------------------------------+-------------------------+---------+----+----+----+-----+
    |           Instance           |          Module         | BRAM_18K| DSP| FF | LUT| URAM|
    +------------------------------+-------------------------+---------+----+----+----+-----+
    |mul_6ns_8ns_13_1_1_U154       |mul_6ns_8ns_13_1_1       |        0|   0|   0|  40|    0|
    |mul_6ns_8ns_13_1_1_U157       |mul_6ns_8ns_13_1_1       |        0|   0|   0|  40|    0|
    |mul_6ns_8ns_13_1_1_U158       |mul_6ns_8ns_13_1_1       |        0|   0|   0|  40|    0|
    |sparsemux_11_3_32_1_1_U155    |sparsemux_11_3_32_1_1    |        0|   0|   0|  26|    0|
    |sparsemux_11_3_32_1_1_U156    |sparsemux_11_3_32_1_1    |        0|   0|   0|  26|    0|
    |sparsemux_11_3_32_1_1_U159    |sparsemux_11_3_32_1_1    |        0|   0|   0|  26|    0|
    |sparsemux_11_3_32_1_1_x_U160  |sparsemux_11_3_32_1_1_x  |        0|   0|   0|  26|    0|
    |urem_5ns_4ns_3_9_1_U153       |urem_5ns_4ns_3_9_1       |        0|   0|  98|  49|    0|
    +------------------------------+-------------------------+---------+----+----+----+-----+
    |Total                         |                         |        0|   0|  98| 273|    0|
    +------------------------------+-------------------------+---------+----+----+----+-----+

    * DSP: 
    +-----------------------------------+------------------------------+----------------+
    |              Instance             |            Module            |   Expression   |
    +-----------------------------------+------------------------------+----------------+
    |am_addmul_5ns_5ns_7ns_13_4_1_U161  |am_addmul_5ns_5ns_7ns_13_4_1  |  (i0 + i1) * i2|
    +-----------------------------------+------------------------------+----------------+

    * Memory: 
    N/A

    * FIFO: 
    N/A

    * Expression: 
    +--------------------------+----------+----+---+----+------------+------------+
    |       Variable Name      | Operation| DSP| FF| LUT| Bitwidth P0| Bitwidth P1|
    +--------------------------+----------+----+---+----+------------+------------+
    |add_ln127_1_fu_386_p2     |         +|   0|  0|  10|           3|           1|
    |add_ln127_fu_360_p2       |         +|   0|  0|  12|           5|           1|
    |add_ln128_fu_470_p2       |         +|   0|  0|  10|           3|           1|
    |add_ln130_2_fu_454_p2     |         +|   0|  0|  12|           5|           5|
    |add_ln130_fu_444_p2       |         +|   0|  0|  10|           5|           5|
    |add_ln135_fu_810_p2       |         +|   0|  0|  17|          10|          10|
    |sub_ln130_fu_424_p2       |         -|   0|  0|  10|           5|           5|
    |icmp_ln127_fu_354_p2      |      icmp|   0|  0|  13|           5|           6|
    |icmp_ln128_fu_372_p2      |      icmp|   0|  0|  12|           3|           4|
    |icmp_ln134_1_fu_762_p2    |      icmp|   0|  0|  39|          32|          32|
    |icmp_ln134_2_fu_774_p2    |      icmp|   0|  0|  39|          32|          32|
    |icmp_ln134_fu_683_p2      |      icmp|   0|  0|  39|          32|          32|
    |icmp_ln135_fu_796_p2      |      icmp|   0|  0|  47|          40|          40|
    |m_11_fu_767_p3            |    select|   0|  0|  32|           1|          32|
    |m_9_fu_689_p3             |    select|   0|  0|  32|           1|          32|
    |select_ln127_1_fu_392_p3  |    select|   0|  0|   3|           1|           3|
    |select_ln127_fu_378_p3    |    select|   0|  0|   3|           1|           1|
    |select_ln134_fu_780_p3    |    select|   0|  0|  32|           1|          32|
    |ap_enable_pp0             |       xor|   0|  0|   2|           1|           2|
    +--------------------------+----------+----+---+----+------------+------------+
    |Total                     |          |   0|  0| 374|         186|         276|
    +--------------------------+----------+----+---+----+------------+------------+

    * Multiplexer: 
    +-------------------------------------------------------------------------------------------+----+-----------+-----+-----------+
    |                                            Name                                           | LUT| Input Size| Bits| Total Bits|
    +-------------------------------------------------------------------------------------------+----+-----------+-----+-----------+
    |ap_done_int                                                                                |   9|          2|    1|          2|
    |ap_enable_reg_pp0_iter1                                                                    |   9|          2|    1|          2|
    |ap_sig_allocacmp_indvar_flatten66_load                                                     |   9|          2|    5|         10|
    |ap_sig_allocacmp_ph_load                                                                   |   9|          2|    3|          6|
    |ap_sig_allocacmp_pw_load                                                                   |   9|          2|    3|          6|
    |bnn_top_int_const_unsigned_int_const_int_const_unsigned_int_const_int_co_1_address0_local  |  14|          3|    8|         24|
    |bnn_top_int_const_unsigned_int_const_int_const_unsigned_int_const_int_co_1_address1_local  |  14|          3|    8|         24|
    |bnn_top_int_const_unsigned_int_const_int_const_unsigned_int_const_int_co_2_address0_local  |  14|          3|    8|         24|
    |bnn_top_int_const_unsigned_int_const_int_const_unsigned_int_const_int_co_2_address1_local  |  14|          3|    8|         24|
    |bnn_top_int_const_unsigned_int_const_int_const_unsigned_int_const_int_co_3_address0_local  |  14|          3|    8|         24|
    |bnn_top_int_const_unsigned_int_const_int_const_unsigned_int_const_int_co_3_address1_local  |  14|          3|    8|         24|
    |bnn_top_int_const_unsigned_int_const_int_const_unsigned_int_const_int_co_4_address0_local  |  14|          3|    8|         24|
    |bnn_top_int_const_unsigned_int_const_int_const_unsigned_int_const_int_co_4_address1_local  |  14|          3|    8|         24|
    |bnn_top_int_const_unsigned_int_const_int_const_unsigned_int_const_int_co_address0_local    |  14|          3|    8|         24|
    |bnn_top_int_const_unsigned_int_const_int_const_unsigned_int_const_int_co_address1_local    |  14|          3|    8|         24|
    |indvar_flatten66_fu_98                                                                     |   9|          2|    5|         10|
    |ph_fu_94                                                                                   |   9|          2|    3|          6|
    |pw_fu_90                                                                                   |   9|          2|    3|          6|
    +-------------------------------------------------------------------------------------------+----+-----------+-----+-----------+
    |Total                                                                                      | 212|         46|  104|        288|
    +-------------------------------------------------------------------------------------------+----+-----------+-----+-----------+

    * Register: 
    +-----------------------------------+----+----+-----+-----------+
    |                Name               | FF | LUT| Bits| Const Bits|
    +-----------------------------------+----+----+-----+-----------+
    |ap_CS_fsm                          |   1|   0|    1|          0|
    |ap_done_reg                        |   1|   0|    1|          0|
    |ap_enable_reg_pp0_iter1            |   1|   0|    1|          0|
    |ap_enable_reg_pp0_iter10           |   1|   0|    1|          0|
    |ap_enable_reg_pp0_iter11           |   1|   0|    1|          0|
    |ap_enable_reg_pp0_iter2            |   1|   0|    1|          0|
    |ap_enable_reg_pp0_iter3            |   1|   0|    1|          0|
    |ap_enable_reg_pp0_iter4            |   1|   0|    1|          0|
    |ap_enable_reg_pp0_iter5            |   1|   0|    1|          0|
    |ap_enable_reg_pp0_iter6            |   1|   0|    1|          0|
    |ap_enable_reg_pp0_iter7            |   1|   0|    1|          0|
    |ap_enable_reg_pp0_iter8            |   1|   0|    1|          0|
    |ap_enable_reg_pp0_iter9            |   1|   0|    1|          0|
    |ap_loop_exit_ready_pp0_iter10_reg  |   1|   0|    1|          0|
    |ap_loop_exit_ready_pp0_iter1_reg   |   1|   0|    1|          0|
    |ap_loop_exit_ready_pp0_iter2_reg   |   1|   0|    1|          0|
    |ap_loop_exit_ready_pp0_iter3_reg   |   1|   0|    1|          0|
    |ap_loop_exit_ready_pp0_iter4_reg   |   1|   0|    1|          0|
    |ap_loop_exit_ready_pp0_iter5_reg   |   1|   0|    1|          0|
    |ap_loop_exit_ready_pp0_iter6_reg   |   1|   0|    1|          0|
    |ap_loop_exit_ready_pp0_iter7_reg   |   1|   0|    1|          0|
    |ap_loop_exit_ready_pp0_iter8_reg   |   1|   0|    1|          0|
    |ap_loop_exit_ready_pp0_iter9_reg   |   1|   0|    1|          0|
    |indvar_flatten66_fu_98             |   5|   0|    5|          0|
    |m_9_reg_1003                       |  32|   0|   32|          0|
    |ph_fu_94                           |   3|   0|    3|          0|
    |pw_fu_90                           |   3|   0|    3|          0|
    |select_ln127_reg_865               |   3|   0|    3|          0|
    |sext_ln135_cast_reg_856            |  40|   0|   40|          0|
    |tmp_51_reg_890                     |   4|   0|    4|          0|
    |trunc_ln130_1_reg_878              |   2|   0|    2|          0|
    |trunc_ln130_2_reg_895              |   3|   0|    3|          0|
    |trunc_ln130_reg_870                |   2|   0|    2|          0|
    |select_ln127_reg_865               |  64|  32|    3|          0|
    |tmp_51_reg_890                     |  64|  32|    4|          0|
    |trunc_ln130_1_reg_878              |  64|  32|    2|          0|
    |trunc_ln130_2_reg_895              |  64|  32|    3|          0|
    |trunc_ln130_reg_870                |  64|  32|    2|          0|
    +-----------------------------------+----+----+-----+-----------+
    |Total                              | 440| 160|  134|          0|
    +-----------------------------------+----+----+-----+-----------+



================================================================
== Interface
================================================================
* Summary: 
+-------------------------------------------------------------------------------------+-----+-----+------------+----------------------------------------------------------------------------+--------------+
|                                      RTL Ports                                      | Dir | Bits|  Protocol  |                                Source Object                               |    C Type    |
+-------------------------------------------------------------------------------------+-----+-----+------------+----------------------------------------------------------------------------+--------------+
|ap_clk                                                                               |   in|    1|  ap_ctrl_hs|                        bnn_top_Pipeline_VITIS_LOOP_127_22_VITIS_LOOP_128_23|  return value|
|ap_rst                                                                               |   in|    1|  ap_ctrl_hs|                        bnn_top_Pipeline_VITIS_LOOP_127_22_VITIS_LOOP_128_23|  return value|
|ap_start                                                                             |   in|    1|  ap_ctrl_hs|                        bnn_top_Pipeline_VITIS_LOOP_127_22_VITIS_LOOP_128_23|  return value|
|ap_done                                                                              |  out|    1|  ap_ctrl_hs|                        bnn_top_Pipeline_VITIS_LOOP_127_22_VITIS_LOOP_128_23|  return value|
|ap_idle                                                                              |  out|    1|  ap_ctrl_hs|                        bnn_top_Pipeline_VITIS_LOOP_127_22_VITIS_LOOP_128_23|  return value|
|ap_ready                                                                             |  out|    1|  ap_ctrl_hs|                        bnn_top_Pipeline_VITIS_LOOP_127_22_VITIS_LOOP_128_23|  return value|
|sext_ln135                                                                           |   in|   32|     ap_none|                                                                  sext_ln135|        scalar|
|oc_2                                                                                 |   in|    6|     ap_none|                                                                        oc_2|        scalar|
|bnn_top_int_const_unsigned_int_const_int_const_unsigned_int_const_int_co_4_address0  |  out|    8|   ap_memory|  bnn_top_int_const_unsigned_int_const_int_const_unsigned_int_const_int_co_4|         array|
|bnn_top_int_const_unsigned_int_const_int_const_unsigned_int_const_int_co_4_ce0       |  out|    1|   ap_memory|  bnn_top_int_const_unsigned_int_const_int_const_unsigned_int_const_int_co_4|         array|
|bnn_top_int_const_unsigned_int_const_int_const_unsigned_int_const_int_co_4_q0        |   in|   32|   ap_memory|  bnn_top_int_const_unsigned_int_const_int_const_unsigned_int_const_int_co_4|         array|
|bnn_top_int_const_unsigned_int_const_int_const_unsigned_int_const_int_co_4_address1  |  out|    8|   ap_memory|  bnn_top_int_const_unsigned_int_const_int_const_unsigned_int_const_int_co_4|         array|
|bnn_top_int_const_unsigned_int_const_int_const_unsigned_int_const_int_co_4_ce1       |  out|    1|   ap_memory|  bnn_top_int_const_unsigned_int_const_int_const_unsigned_int_const_int_co_4|         array|
|bnn_top_int_const_unsigned_int_const_int_const_unsigned_int_const_int_co_4_q1        |   in|   32|   ap_memory|  bnn_top_int_const_unsigned_int_const_int_const_unsigned_int_const_int_co_4|         array|
|bnn_top_int_const_unsigned_int_const_int_const_unsigned_int_const_int_co_3_address0  |  out|    8|   ap_memory|  bnn_top_int_const_unsigned_int_const_int_const_unsigned_int_const_int_co_3|         array|
|bnn_top_int_const_unsigned_int_const_int_const_unsigned_int_const_int_co_3_ce0       |  out|    1|   ap_memory|  bnn_top_int_const_unsigned_int_const_int_const_unsigned_int_const_int_co_3|         array|
|bnn_top_int_const_unsigned_int_const_int_const_unsigned_int_const_int_co_3_q0        |   in|   32|   ap_memory|  bnn_top_int_const_unsigned_int_const_int_const_unsigned_int_const_int_co_3|         array|
|bnn_top_int_const_unsigned_int_const_int_const_unsigned_int_const_int_co_3_address1  |  out|    8|   ap_memory|  bnn_top_int_const_unsigned_int_const_int_const_unsigned_int_const_int_co_3|         array|
|bnn_top_int_const_unsigned_int_const_int_const_unsigned_int_const_int_co_3_ce1       |  out|    1|   ap_memory|  bnn_top_int_const_unsigned_int_const_int_const_unsigned_int_const_int_co_3|         array|
|bnn_top_int_const_unsigned_int_const_int_const_unsigned_int_const_int_co_3_q1        |   in|   32|   ap_memory|  bnn_top_int_const_unsigned_int_const_int_const_unsigned_int_const_int_co_3|         array|
|bnn_top_int_const_unsigned_int_const_int_const_unsigned_int_const_int_co_2_address0  |  out|    8|   ap_memory|  bnn_top_int_const_unsigned_int_const_int_const_unsigned_int_const_int_co_2|         array|
|bnn_top_int_const_unsigned_int_const_int_const_unsigned_int_const_int_co_2_ce0       |  out|    1|   ap_memory|  bnn_top_int_const_unsigned_int_const_int_const_unsigned_int_const_int_co_2|         array|
|bnn_top_int_const_unsigned_int_const_int_const_unsigned_int_const_int_co_2_q0        |   in|   32|   ap_memory|  bnn_top_int_const_unsigned_int_const_int_const_unsigned_int_const_int_co_2|         array|
|bnn_top_int_const_unsigned_int_const_int_const_unsigned_int_const_int_co_2_address1  |  out|    8|   ap_memory|  bnn_top_int_const_unsigned_int_const_int_const_unsigned_int_const_int_co_2|         array|
|bnn_top_int_const_unsigned_int_const_int_const_unsigned_int_const_int_co_2_ce1       |  out|    1|   ap_memory|  bnn_top_int_const_unsigned_int_const_int_const_unsigned_int_const_int_co_2|         array|
|bnn_top_int_const_unsigned_int_const_int_const_unsigned_int_const_int_co_2_q1        |   in|   32|   ap_memory|  bnn_top_int_const_unsigned_int_const_int_const_unsigned_int_const_int_co_2|         array|
|bnn_top_int_const_unsigned_int_const_int_const_unsigned_int_const_int_co_1_address0  |  out|    8|   ap_memory|  bnn_top_int_const_unsigned_int_const_int_const_unsigned_int_const_int_co_1|         array|
|bnn_top_int_const_unsigned_int_const_int_const_unsigned_int_const_int_co_1_ce0       |  out|    1|   ap_memory|  bnn_top_int_const_unsigned_int_const_int_const_unsigned_int_const_int_co_1|         array|
|bnn_top_int_const_unsigned_int_const_int_const_unsigned_int_const_int_co_1_q0        |   in|   32|   ap_memory|  bnn_top_int_const_unsigned_int_const_int_const_unsigned_int_const_int_co_1|         array|
|bnn_top_int_const_unsigned_int_const_int_const_unsigned_int_const_int_co_1_address1  |  out|    8|   ap_memory|  bnn_top_int_const_unsigned_int_const_int_const_unsigned_int_const_int_co_1|         array|
|bnn_top_int_const_unsigned_int_const_int_const_unsigned_int_const_int_co_1_ce1       |  out|    1|   ap_memory|  bnn_top_int_const_unsigned_int_const_int_const_unsigned_int_const_int_co_1|         array|
|bnn_top_int_const_unsigned_int_const_int_const_unsigned_int_const_int_co_1_q1        |   in|   32|   ap_memory|  bnn_top_int_const_unsigned_int_const_int_const_unsigned_int_const_int_co_1|         array|
|bnn_top_int_const_unsigned_int_const_int_const_unsigned_int_const_int_co_address0    |  out|    8|   ap_memory|    bnn_top_int_const_unsigned_int_const_int_const_unsigned_int_const_int_co|         array|
|bnn_top_int_const_unsigned_int_const_int_const_unsigned_int_const_int_co_ce0         |  out|    1|   ap_memory|    bnn_top_int_const_unsigned_int_const_int_const_unsigned_int_const_int_co|         array|
|bnn_top_int_const_unsigned_int_const_int_const_unsigned_int_const_int_co_q0          |   in|   32|   ap_memory|    bnn_top_int_const_unsigned_int_const_int_const_unsigned_int_const_int_co|         array|
|bnn_top_int_const_unsigned_int_const_int_const_unsigned_int_const_int_co_address1    |  out|    8|   ap_memory|    bnn_top_int_const_unsigned_int_const_int_const_unsigned_int_const_int_co|         array|
|bnn_top_int_const_unsigned_int_const_int_const_unsigned_int_const_int_co_ce1         |  out|    1|   ap_memory|    bnn_top_int_const_unsigned_int_const_int_const_unsigned_int_const_int_co|         array|
|bnn_top_int_const_unsigned_int_const_int_const_unsigned_int_const_int_co_q1          |   in|   32|   ap_memory|    bnn_top_int_const_unsigned_int_const_int_const_unsigned_int_const_int_co|         array|
|l3_address0                                                                          |  out|   10|   ap_memory|                                                                          l3|         array|
|l3_ce0                                                                               |  out|    1|   ap_memory|                                                                          l3|         array|
|l3_we0                                                                               |  out|    1|   ap_memory|                                                                          l3|         array|
|l3_d0                                                                                |  out|    1|   ap_memory|                                                                          l3|         array|
+-------------------------------------------------------------------------------------+-----+-----+------------+----------------------------------------------------------------------------+--------------+

