

================================================================
== Vitis HLS Report for 'bnn_top_Pipeline_VITIS_LOOP_140_24_VITIS_LOOP_142_25'
================================================================
* Date:           Mon Aug 24 01:29:44 2026

* Version:        2025.2 (Build 6295257 on Nov 12 2025)
* Project:        bnn_hls
* Solution:       sol1 (Vivado IP Flow Target)
* Product family: zynquplus
* Target device:  xczu7ev-ffvc1156-2-e


================================================================
== Performance Estimates
================================================================
+ Timing: 
    * Summary: 
    +--------+----------+----------+------------+
    |  Clock |  Target  | Estimated| Uncertainty|
    +--------+----------+----------+------------+
    |ap_clk  |  10.00 ns|  3.890 ns|     2.70 ns|
    +--------+----------+----------+------------+

+ Latency: 
    * Summary: 
    +---------+---------+----------+----------+-----+-----+-------------------+
    |  Latency (cycles) |  Latency (absolute) |  Interval |      Pipeline     |
    |   min   |   max   |    min   |    max   | min | max |        Type       |
    +---------+---------+----------+----------+-----+-----+-------------------+
    |   131074|   131074|  1.311 ms|  1.311 ms|    0|    0|  loop pipeline stp|
    +---------+---------+----------+----------+-----+-----+-------------------+

    + Detail: 
        * Instance: 
        N/A

        * Loop: 
        +---------------------------------------+---------+---------+----------+-----------+-----------+--------+----------+
        |                                       |  Latency (cycles) | Iteration|  Initiation Interval  |  Trip  |          |
        |               Loop Name               |   min   |   max   |  Latency |  achieved |   target  |  Count | Pipelined|
        +---------------------------------------+---------+---------+----------+-----------+-----------+--------+----------+
        |- VITIS_LOOP_140_24_VITIS_LOOP_142_25  |   131072|   131072|         2|          1|          1|  131072|       yes|
        +---------------------------------------+---------+---------+----------+-----------+-----------+--------+----------+



================================================================
== Utilization Estimates
================================================================
* Summary: 
+-----------------+---------+------+--------+--------+-----+
|       Name      | BRAM_18K|  DSP |   FF   |   LUT  | URAM|
+-----------------+---------+------+--------+--------+-----+
|DSP              |        -|     -|       -|       -|    -|
|Expression       |        -|     -|       0|     311|    -|
|FIFO             |        -|     -|       -|       -|    -|
|Instance         |        -|     -|       -|       -|    -|
|Memory           |        -|     -|       -|       -|    -|
|Multiplexer      |        -|     -|       0|      63|    -|
|Register         |        -|     -|      67|       -|    -|
+-----------------+---------+------+--------+--------+-----+
|Total            |        0|     0|      67|     374|    0|
+-----------------+---------+------+--------+--------+-----+
|Available        |      624|  1728|  460800|  230400|   96|
+-----------------+---------+------+--------+--------+-----+
|Utilization (%)  |        0|     0|      ~0|      ~0|    0|
+-----------------+---------+------+--------+--------+-----+

+ Detail: 
    * Instance: 
    N/A

    * DSP: 
    N/A

    * Memory: 
    N/A

    * FIFO: 
    N/A

    * Expression: 
    +--------------------------+----------+----+---+----+------------+------------+
    |       Variable Name      | Operation| DSP| FF| LUT| Bitwidth P0| Bitwidth P1|
    +--------------------------+----------+----+---+----+------------+------------+
    |acc_fu_306_p2             |         +|   0|  0|  19|          12|          12|
    |add_ln140_1_fu_186_p2     |         +|   0|  0|  15|           8|           1|
    |add_ln140_fu_160_p2       |         +|   0|  0|  25|          18|           1|
    |add_ln142_fu_242_p2       |         +|   0|  0|  18|          11|           1|
    |icmp_ln140_fu_154_p2      |      icmp|   0|  0|  26|          18|          19|
    |icmp_ln142_1_fu_248_p2    |      icmp|   0|  0|  19|          11|          12|
    |icmp_ln142_fu_172_p2      |      icmp|   0|  0|  19|          11|          12|
    |icmp_ln148_fu_324_p2      |      icmp|   0|  0|  39|          32|          32|
    |lshr_ln145_fu_282_p2      |      lshr|   0|  0|  96|          32|          32|
    |select_ln140_1_fu_272_p3  |    select|   0|  0|  11|           1|           1|
    |select_ln140_2_fu_192_p3  |    select|   0|  0|   8|           1|           8|
    |select_ln140_fu_178_p3    |    select|   0|  0|  10|           1|           1|
    |select_ln146_fu_298_p3    |    select|   0|  0|   2|           1|           2|
    |ap_enable_pp0             |       xor|   0|  0|   2|           1|           2|
    |xor_ln146_fu_292_p2       |       xor|   0|  0|   2|           1|           1|
    +--------------------------+----------+----+---+----+------------+------------+
    |Total                     |          |   0|  0| 311|         159|         137|
    +--------------------------+----------+----+---+----+------------+------------+

    * Multiplexer: 
    +-------------------------+----+-----------+-----+-----------+
    |           Name          | LUT| Input Size| Bits| Total Bits|
    +-------------------------+----+-----------+-----+-----------+
    |acc_11_fu_64             |   9|          2|   12|         24|
    |ap_done_int              |   9|          2|    1|          2|
    |ap_enable_reg_pp0_iter1  |   9|          2|    1|          2|
    |ap_enable_reg_pp0_iter2  |   9|          2|    1|          2|
    |indvar_flatten73_fu_76   |   9|          2|   18|         36|
    |k_1_fu_68                |   9|          2|   11|         22|
    |n_fu_72                  |   9|          2|    8|         16|
    +-------------------------+----+-----------+-----+-----------+
    |Total                    |  63|         14|   52|        104|
    +-------------------------+----+-----------+-----+-----------+

    * Register: 
    +-------------------------+----+----+-----+-----------+
    |           Name          | FF | LUT| Bits| Const Bits|
    +-------------------------+----+----+-----+-----------+
    |acc_11_fu_64             |  12|   0|   12|          0|
    |ap_CS_fsm                |   1|   0|    1|          0|
    |ap_done_reg              |   1|   0|    1|          0|
    |ap_enable_reg_pp0_iter1  |   1|   0|    1|          0|
    |ap_enable_reg_pp0_iter2  |   1|   0|    1|          0|
    |f1_addr_reg_396          |   7|   0|    7|          0|
    |icmp_ln142_1_reg_387     |   1|   0|    1|          0|
    |icmp_ln142_reg_367       |   1|   0|    1|          0|
    |indvar_flatten73_fu_76   |  18|   0|   18|          0|
    |k_1_fu_68                |  11|   0|   11|          0|
    |n_fu_72                  |   8|   0|    8|          0|
    |trunc_ln145_1_reg_377    |   5|   0|    5|          0|
    +-------------------------+----+----+-----+-----------+
    |Total                    |  67|   0|   67|          0|
    +-------------------------+----+----+-----+-----------+



================================================================
== Interface
================================================================
* Summary: 
+----------------+-----+-----+------------+------------------------------------------------------+--------------+
|    RTL Ports   | Dir | Bits|  Protocol  |                     Source Object                    |    C Type    |
+----------------+-----+-----+------------+------------------------------------------------------+--------------+
|ap_clk          |   in|    1|  ap_ctrl_hs|  bnn_top_Pipeline_VITIS_LOOP_140_24_VITIS_LOOP_142_25|  return value|
|ap_rst          |   in|    1|  ap_ctrl_hs|  bnn_top_Pipeline_VITIS_LOOP_140_24_VITIS_LOOP_142_25|  return value|
|ap_start        |   in|    1|  ap_ctrl_hs|  bnn_top_Pipeline_VITIS_LOOP_140_24_VITIS_LOOP_142_25|  return value|
|ap_done         |  out|    1|  ap_ctrl_hs|  bnn_top_Pipeline_VITIS_LOOP_140_24_VITIS_LOOP_142_25|  return value|
|ap_idle         |  out|    1|  ap_ctrl_hs|  bnn_top_Pipeline_VITIS_LOOP_140_24_VITIS_LOOP_142_25|  return value|
|ap_ready        |  out|    1|  ap_ctrl_hs|  bnn_top_Pipeline_VITIS_LOOP_140_24_VITIS_LOOP_142_25|  return value|
|WF1_address0    |  out|   12|   ap_memory|                                                   WF1|         array|
|WF1_ce0         |  out|    1|   ap_memory|                                                   WF1|         array|
|WF1_q0          |   in|   32|   ap_memory|                                                   WF1|         array|
|TAUF1_address0  |  out|    7|   ap_memory|                                                 TAUF1|         array|
|TAUF1_ce0       |  out|    1|   ap_memory|                                                 TAUF1|         array|
|TAUF1_q0        |   in|   32|   ap_memory|                                                 TAUF1|         array|
|f1_address0     |  out|    7|   ap_memory|                                                    f1|         array|
|f1_ce0          |  out|    1|   ap_memory|                                                    f1|         array|
|f1_we0          |  out|    1|   ap_memory|                                                    f1|         array|
|f1_d0           |  out|    1|   ap_memory|                                                    f1|         array|
|l3_address0     |  out|   10|   ap_memory|                                                    l3|         array|
|l3_ce0          |  out|    1|   ap_memory|                                                    l3|         array|
|l3_q0           |   in|    1|   ap_memory|                                                    l3|         array|
+----------------+-----+-----+------------+------------------------------------------------------+--------------+

