

================================================================
== Vitis HLS Report for 'bnn_top_Pipeline_VITIS_LOOP_65_6_VITIS_LOOP_66_7'
================================================================
* Date:           Mon Aug 24 01:28:55 2026

* Version:        2025.2 (Build 6295257 on Nov 12 2025)
* Project:        bnn_hls
* Solution:       sol1 (Vivado IP Flow Target)
* Product family: zynquplus
* Target device:  xczu7ev-ffvc1156-2-e


================================================================
== Performance Estimates
================================================================
+ Timing: 
    * Summary: 
    +--------+----------+----------+------------+
    |  Clock |  Target  | Estimated| Uncertainty|
    +--------+----------+----------+------------+
    |ap_clk  |  10.00 ns|  6.545 ns|     2.70 ns|
    +--------+----------+----------+------------+

+ Latency: 
    * Summary: 
    +---------+---------+----------+----------+-----+-----+-------------------+
    |  Latency (cycles) |  Latency (absolute) |  Interval |      Pipeline     |
    |   min   |   max   |    min   |    max   | min | max |        Type       |
    +---------+---------+----------+----------+-----+-----+-------------------+
    |      270|      270|  2.700 us|  2.700 us|    0|    0|  loop pipeline stp|
    +---------+---------+----------+----------+-----+-----+-------------------+

    + Detail: 
        * Instance: 
        N/A

        * Loop: 
        +-----------------------------------+---------+---------+----------+-----------+-----------+------+----------+
        |                                   |  Latency (cycles) | Iteration|  Initiation Interval  | Trip |          |
        |             Loop Name             |   min   |   max   |  Latency |  achieved |   target  | Count| Pipelined|
        +-----------------------------------+---------+---------+----------+-----------+-----------+------+----------+
        |- VITIS_LOOP_65_6_VITIS_LOOP_66_7  |      268|      268|        14|          1|          1|   256|       yes|
        +-----------------------------------+---------+---------+----------+-----------+-----------+------+----------+



================================================================
== Utilization Estimates
================================================================
* Summary: 
+-----------------+---------+------+--------+--------+-----+
|       Name      | BRAM_18K|  DSP |   FF   |   LUT  | URAM|
+-----------------+---------+------+--------+--------+-----+
|DSP              |        -|     -|       -|       -|    -|
|Expression       |        -|     -|       0|     384|    -|
|FIFO             |        -|     -|       -|       -|    -|
|Instance         |        -|     4|     158|     211|    -|
|Memory           |        -|     -|       -|       -|    -|
|Multiplexer      |        -|     -|       0|     212|    -|
|Register         |        -|     -|     485|     192|    -|
+-----------------+---------+------+--------+--------+-----+
|Total            |        0|     4|     643|     999|    0|
+-----------------+---------+------+--------+--------+-----+
|Available        |      624|  1728|  460800|  230400|   96|
+-----------------+---------+------+--------+--------+-----+
|Utilization (%)  |        0|    ~0|      ~0|      ~0|    0|
+-----------------+---------+------+--------+--------+-----+

+ Detail: 
    * Instance: 
    +---------------------------+-----------------------+---------+----+-----+----+-----+
    |          Instance         |         Module        | BRAM_18K| DSP|  FF | LUT| URAM|
    +---------------------------+-----------------------+---------+----+-----+----+-----+
    |mul_10ns_12ns_21_1_1_U49   |mul_10ns_12ns_21_1_1   |        0|   1|    0|   5|    0|
    |mul_10ns_12ns_21_1_1_U51   |mul_10ns_12ns_21_1_1   |        0|   1|    0|   5|    0|
    |mul_10ns_12ns_21_1_1_U54   |mul_10ns_12ns_21_1_1   |        0|   1|    0|   5|    0|
    |mul_10ns_12ns_21_1_1_U55   |mul_10ns_12ns_21_1_1   |        0|   1|    0|   5|    0|
    |sparsemux_11_3_32_1_1_U52  |sparsemux_11_3_32_1_1  |        0|   0|    0|  26|    0|
    |sparsemux_11_3_32_1_1_U53  |sparsemux_11_3_32_1_1  |        0|   0|    0|  26|    0|
    |sparsemux_11_3_32_1_1_U56  |sparsemux_11_3_32_1_1  |        0|   0|    0|  26|    0|
    |sparsemux_11_3_32_1_1_U57  |sparsemux_11_3_32_1_1  |        0|   0|    0|  26|    0|
    |urem_7ns_4ns_3_11_1_U50    |urem_7ns_4ns_3_11_1    |        0|   0|  158|  87|    0|
    +---------------------------+-----------------------+---------+----+-----+----+-----+
    |Total                      |                       |        0|   4|  158| 211|    0|
    +---------------------------+-----------------------+---------+----+-----+----+-----+

    * DSP: 
    N/A

    * Memory: 
    N/A

    * FIFO: 
    N/A

    * Expression: 
    +-------------------------+----------+----+---+----+------------+------------+
    |      Variable Name      | Operation| DSP| FF| LUT| Bitwidth P0| Bitwidth P1|
    +-------------------------+----------+----+---+----+------------+------------+
    |add_ln65_1_fu_499_p2     |         +|   0|  0|  12|           5|           1|
    |add_ln65_fu_473_p2       |         +|   0|  0|  16|           9|           1|
    |add_ln66_fu_641_p2       |         +|   0|  0|  12|           5|           1|
    |add_ln68_1_fu_583_p2     |         +|   0|  0|  18|          10|          10|
    |add_ln68_fu_547_p2       |         +|   0|  0|  14|           7|           7|
    |sub_ln68_fu_577_p2       |         -|   0|  0|  18|          10|          10|
    |icmp_ln65_fu_467_p2      |      icmp|   0|  0|  17|           9|          10|
    |icmp_ln66_fu_485_p2      |      icmp|   0|  0|  13|           5|           6|
    |icmp_ln72_1_fu_913_p2    |      icmp|   0|  0|  39|          32|          32|
    |icmp_ln72_2_fu_925_p2    |      icmp|   0|  0|  39|          32|          32|
    |icmp_ln72_fu_845_p2      |      icmp|   0|  0|  39|          32|          32|
    |icmp_ln73_fu_939_p2      |      icmp|   0|  0|  39|          32|          32|
    |m_5_fu_851_p3            |    select|   0|  0|  32|           1|          32|
    |m_7_fu_918_p3            |    select|   0|  0|  32|           1|          32|
    |m_8_fu_931_p3            |    select|   0|  0|  32|           1|          32|
    |select_ln65_1_fu_505_p3  |    select|   0|  0|   5|           1|           5|
    |select_ln65_fu_491_p3    |    select|   0|  0|   5|           1|           1|
    |ap_enable_pp0            |       xor|   0|  0|   2|           1|           2|
    +-------------------------+----------+----+---+----+------------+------------+
    |Total                    |          |   0|  0| 384|         194|         278|
    +-------------------------+----------+----+---+----+------------+------------+

    * Multiplexer: 
    +-------------------------------------------------------------------------------------------+----+-----------+-----+-----------+
    |                                            Name                                           | LUT| Input Size| Bits| Total Bits|
    +-------------------------------------------------------------------------------------------+----+-----------+-----+-----------+
    |ap_done_int                                                                                |   9|          2|    1|          2|
    |ap_enable_reg_pp0_iter1                                                                    |   9|          2|    1|          2|
    |ap_sig_allocacmp_indvar_flatten6_load                                                      |   9|          2|    9|         18|
    |ap_sig_allocacmp_ph_load                                                                   |   9|          2|    5|         10|
    |ap_sig_allocacmp_pw_load                                                                   |   9|          2|    5|         10|
    |bnn_top_int_const_unsigned_int_const_int_const_unsigned_int_const_int_co_1_address0_local  |  14|          3|    8|         24|
    |bnn_top_int_const_unsigned_int_const_int_const_unsigned_int_const_int_co_1_address1_local  |  14|          3|    8|         24|
    |bnn_top_int_const_unsigned_int_const_int_const_unsigned_int_const_int_co_2_address0_local  |  14|          3|    8|         24|
    |bnn_top_int_const_unsigned_int_const_int_const_unsigned_int_const_int_co_2_address1_local  |  14|          3|    8|         24|
    |bnn_top_int_const_unsigned_int_const_int_const_unsigned_int_const_int_co_3_address0_local  |  14|          3|    8|         24|
    |bnn_top_int_const_unsigned_int_const_int_const_unsigned_int_const_int_co_3_address1_local  |  14|          3|    8|         24|
    |bnn_top_int_const_unsigned_int_const_int_const_unsigned_int_const_int_co_4_address0_local  |  14|          3|    8|         24|
    |bnn_top_int_const_unsigned_int_const_int_const_unsigned_int_const_int_co_4_address1_local  |  14|          3|    8|         24|
    |bnn_top_int_const_unsigned_int_const_int_const_unsigned_int_const_int_co_address0_local    |  14|          3|    8|         24|
    |bnn_top_int_const_unsigned_int_const_int_const_unsigned_int_const_int_co_address1_local    |  14|          3|    8|         24|
    |indvar_flatten6_fu_124                                                                     |   9|          2|    9|         18|
    |ph_fu_120                                                                                  |   9|          2|    5|         10|
    |pw_fu_116                                                                                  |   9|          2|    5|         10|
    +-------------------------------------------------------------------------------------------+----+-----------+-----+-----------+
    |Total                                                                                      | 212|         46|  120|        320|
    +-------------------------------------------------------------------------------------------+----+-----------+-----+-----------+

    * Register: 
    +-----------------------------------+----+----+-----+-----------+
    |                Name               | FF | LUT| Bits| Const Bits|
    +-----------------------------------+----+----+-----+-----------+
    |ap_CS_fsm                          |   1|   0|    1|          0|
    |ap_done_reg                        |   1|   0|    1|          0|
    |ap_enable_reg_pp0_iter1            |   1|   0|    1|          0|
    |ap_enable_reg_pp0_iter10           |   1|   0|    1|          0|
    |ap_enable_reg_pp0_iter11           |   1|   0|    1|          0|
    |ap_enable_reg_pp0_iter12           |   1|   0|    1|          0|
    |ap_enable_reg_pp0_iter13           |   1|   0|    1|          0|
    |ap_enable_reg_pp0_iter2            |   1|   0|    1|          0|
    |ap_enable_reg_pp0_iter3            |   1|   0|    1|          0|
    |ap_enable_reg_pp0_iter4            |   1|   0|    1|          0|
    |ap_enable_reg_pp0_iter5            |   1|   0|    1|          0|
    |ap_enable_reg_pp0_iter6            |   1|   0|    1|          0|
    |ap_enable_reg_pp0_iter7            |   1|   0|    1|          0|
    |ap_enable_reg_pp0_iter8            |   1|   0|    1|          0|
    |ap_enable_reg_pp0_iter9            |   1|   0|    1|          0|
    |ap_loop_exit_ready_pp0_iter10_reg  |   1|   0|    1|          0|
    |ap_loop_exit_ready_pp0_iter11_reg  |   1|   0|    1|          0|
    |ap_loop_exit_ready_pp0_iter12_reg  |   1|   0|    1|          0|
    |ap_loop_exit_ready_pp0_iter1_reg   |   1|   0|    1|          0|
    |ap_loop_exit_ready_pp0_iter2_reg   |   1|   0|    1|          0|
    |ap_loop_exit_ready_pp0_iter3_reg   |   1|   0|    1|          0|
    |ap_loop_exit_ready_pp0_iter4_reg   |   1|   0|    1|          0|
    |ap_loop_exit_ready_pp0_iter5_reg   |   1|   0|    1|          0|
    |ap_loop_exit_ready_pp0_iter6_reg   |   1|   0|    1|          0|
    |ap_loop_exit_ready_pp0_iter7_reg   |   1|   0|    1|          0|
    |ap_loop_exit_ready_pp0_iter8_reg   |   1|   0|    1|          0|
    |ap_loop_exit_ready_pp0_iter9_reg   |   1|   0|    1|          0|
    |indvar_flatten6_fu_124             |   9|   0|    9|          0|
    |m_5_reg_1148                       |  32|   0|   32|          0|
    |ph_fu_120                          |   5|   0|    5|          0|
    |pw_fu_116                          |   5|   0|    5|          0|
    |tmp_27_reg_1030                    |   8|   0|    8|          0|
    |tmp_31_reg_1035                    |   1|   0|    1|          0|
    |trunc_ln66_reg_1014                |   3|   0|    3|          0|
    |trunc_ln68_1_reg_1018              |   4|   0|    4|          0|
    |trunc_ln68_2_reg_1040              |   3|   0|    3|          0|
    |trunc_ln68_reg_1006                |   4|   0|    4|          0|
    |tmp_27_reg_1030                    |  64|  32|    8|          0|
    |tmp_31_reg_1035                    |  64|  32|    1|          0|
    |trunc_ln66_reg_1014                |  64|  32|    3|          0|
    |trunc_ln68_1_reg_1018              |  64|  32|    4|          0|
    |trunc_ln68_2_reg_1040              |  64|  32|    3|          0|
    |trunc_ln68_reg_1006                |  64|  32|    4|          0|
    +-----------------------------------+----+----+-----+-----------+
    |Total                              | 485| 192|  124|          0|
    +-----------------------------------+----+----+-----+-----------+



================================================================
== Interface
================================================================
* Summary: 
+--------------------------------------------------------------------------------------+-----+-----+------------+-----------------------------------------------------------------------------+--------------+
|                                       RTL Ports                                      | Dir | Bits|  Protocol  |                                Source Object                                |    C Type    |
+--------------------------------------------------------------------------------------+-----+-----+------------+-----------------------------------------------------------------------------+--------------+
|ap_clk                                                                                |   in|    1|  ap_ctrl_hs|                             bnn_top_Pipeline_VITIS_LOOP_65_6_VITIS_LOOP_66_7|  return value|
|ap_rst                                                                                |   in|    1|  ap_ctrl_hs|                             bnn_top_Pipeline_VITIS_LOOP_65_6_VITIS_LOOP_66_7|  return value|
|ap_start                                                                              |   in|    1|  ap_ctrl_hs|                             bnn_top_Pipeline_VITIS_LOOP_65_6_VITIS_LOOP_66_7|  return value|
|ap_done                                                                               |  out|    1|  ap_ctrl_hs|                             bnn_top_Pipeline_VITIS_LOOP_65_6_VITIS_LOOP_66_7|  return value|
|ap_idle                                                                               |  out|    1|  ap_ctrl_hs|                             bnn_top_Pipeline_VITIS_LOOP_65_6_VITIS_LOOP_66_7|  return value|
|ap_ready                                                                              |  out|    1|  ap_ctrl_hs|                             bnn_top_Pipeline_VITIS_LOOP_65_6_VITIS_LOOP_66_7|  return value|
|TAU1_load                                                                             |   in|   32|     ap_none|                                                                    TAU1_load|        scalar|
|empty                                                                                 |   in|    5|     ap_none|                                                                        empty|        scalar|
|bnn_top_int_const_unsigned_int_const_int_const_unsigned_int_const_int_co_20_address0  |  out|   10|   ap_memory|  bnn_top_int_const_unsigned_int_const_int_const_unsigned_int_const_int_co_20|         array|
|bnn_top_int_const_unsigned_int_const_int_const_unsigned_int_const_int_co_20_ce0       |  out|    1|   ap_memory|  bnn_top_int_const_unsigned_int_const_int_const_unsigned_int_const_int_co_20|         array|
|bnn_top_int_const_unsigned_int_const_int_const_unsigned_int_const_int_co_20_we0       |  out|    1|   ap_memory|  bnn_top_int_const_unsigned_int_const_int_const_unsigned_int_const_int_co_20|         array|
|bnn_top_int_const_unsigned_int_const_int_const_unsigned_int_const_int_co_20_d0        |  out|    1|   ap_memory|  bnn_top_int_const_unsigned_int_const_int_const_unsigned_int_const_int_co_20|         array|
|bnn_top_int_const_unsigned_int_const_int_const_unsigned_int_const_int_co_4_address0   |  out|    8|   ap_memory|   bnn_top_int_const_unsigned_int_const_int_const_unsigned_int_const_int_co_4|         array|
|bnn_top_int_const_unsigned_int_const_int_const_unsigned_int_const_int_co_4_ce0        |  out|    1|   ap_memory|   bnn_top_int_const_unsigned_int_const_int_const_unsigned_int_const_int_co_4|         array|
|bnn_top_int_const_unsigned_int_const_int_const_unsigned_int_const_int_co_4_q0         |   in|   32|   ap_memory|   bnn_top_int_const_unsigned_int_const_int_const_unsigned_int_const_int_co_4|         array|
|bnn_top_int_const_unsigned_int_const_int_const_unsigned_int_const_int_co_4_address1   |  out|    8|   ap_memory|   bnn_top_int_const_unsigned_int_const_int_const_unsigned_int_const_int_co_4|         array|
|bnn_top_int_const_unsigned_int_const_int_const_unsigned_int_const_int_co_4_ce1        |  out|    1|   ap_memory|   bnn_top_int_const_unsigned_int_const_int_const_unsigned_int_const_int_co_4|         array|
|bnn_top_int_const_unsigned_int_const_int_const_unsigned_int_const_int_co_4_q1         |   in|   32|   ap_memory|   bnn_top_int_const_unsigned_int_const_int_const_unsigned_int_const_int_co_4|         array|
|bnn_top_int_const_unsigned_int_const_int_const_unsigned_int_const_int_co_3_address0   |  out|    8|   ap_memory|   bnn_top_int_const_unsigned_int_const_int_const_unsigned_int_const_int_co_3|         array|
|bnn_top_int_const_unsigned_int_const_int_const_unsigned_int_const_int_co_3_ce0        |  out|    1|   ap_memory|   bnn_top_int_const_unsigned_int_const_int_const_unsigned_int_const_int_co_3|         array|
|bnn_top_int_const_unsigned_int_const_int_const_unsigned_int_const_int_co_3_q0         |   in|   32|   ap_memory|   bnn_top_int_const_unsigned_int_const_int_const_unsigned_int_const_int_co_3|         array|
|bnn_top_int_const_unsigned_int_const_int_const_unsigned_int_const_int_co_3_address1   |  out|    8|   ap_memory|   bnn_top_int_const_unsigned_int_const_int_const_unsigned_int_const_int_co_3|         array|
|bnn_top_int_const_unsigned_int_const_int_const_unsigned_int_const_int_co_3_ce1        |  out|    1|   ap_memory|   bnn_top_int_const_unsigned_int_const_int_const_unsigned_int_const_int_co_3|         array|
|bnn_top_int_const_unsigned_int_const_int_const_unsigned_int_const_int_co_3_q1         |   in|   32|   ap_memory|   bnn_top_int_const_unsigned_int_const_int_const_unsigned_int_const_int_co_3|         array|
|bnn_top_int_const_unsigned_int_const_int_const_unsigned_int_const_int_co_2_address0   |  out|    8|   ap_memory|   bnn_top_int_const_unsigned_int_const_int_const_unsigned_int_const_int_co_2|         array|
|bnn_top_int_const_unsigned_int_const_int_const_unsigned_int_const_int_co_2_ce0        |  out|    1|   ap_memory|   bnn_top_int_const_unsigned_int_const_int_const_unsigned_int_const_int_co_2|         array|
|bnn_top_int_const_unsigned_int_const_int_const_unsigned_int_const_int_co_2_q0         |   in|   32|   ap_memory|   bnn_top_int_const_unsigned_int_const_int_const_unsigned_int_const_int_co_2|         array|
|bnn_top_int_const_unsigned_int_const_int_const_unsigned_int_const_int_co_2_address1   |  out|    8|   ap_memory|   bnn_top_int_const_unsigned_int_const_int_const_unsigned_int_const_int_co_2|         array|
|bnn_top_int_const_unsigned_int_const_int_const_unsigned_int_const_int_co_2_ce1        |  out|    1|   ap_memory|   bnn_top_int_const_unsigned_int_const_int_const_unsigned_int_const_int_co_2|         array|
|bnn_top_int_const_unsigned_int_const_int_const_unsigned_int_const_int_co_2_q1         |   in|   32|   ap_memory|   bnn_top_int_const_unsigned_int_const_int_const_unsigned_int_const_int_co_2|         array|
|bnn_top_int_const_unsigned_int_const_int_const_unsigned_int_const_int_co_1_address0   |  out|    8|   ap_memory|   bnn_top_int_const_unsigned_int_const_int_const_unsigned_int_const_int_co_1|         array|
|bnn_top_int_const_unsigned_int_const_int_const_unsigned_int_const_int_co_1_ce0        |  out|    1|   ap_memory|   bnn_top_int_const_unsigned_int_const_int_const_unsigned_int_const_int_co_1|         array|
|bnn_top_int_const_unsigned_int_const_int_const_unsigned_int_const_int_co_1_q0         |   in|   32|   ap_memory|   bnn_top_int_const_unsigned_int_const_int_const_unsigned_int_const_int_co_1|         array|
|bnn_top_int_const_unsigned_int_const_int_const_unsigned_int_const_int_co_1_address1   |  out|    8|   ap_memory|   bnn_top_int_const_unsigned_int_const_int_const_unsigned_int_const_int_co_1|         array|
|bnn_top_int_const_unsigned_int_const_int_const_unsigned_int_const_int_co_1_ce1        |  out|    1|   ap_memory|   bnn_top_int_const_unsigned_int_const_int_const_unsigned_int_const_int_co_1|         array|
|bnn_top_int_const_unsigned_int_const_int_const_unsigned_int_const_int_co_1_q1         |   in|   32|   ap_memory|   bnn_top_int_const_unsigned_int_const_int_const_unsigned_int_const_int_co_1|         array|
|bnn_top_int_const_unsigned_int_const_int_const_unsigned_int_const_int_co_address0     |  out|    8|   ap_memory|     bnn_top_int_const_unsigned_int_const_int_const_unsigned_int_const_int_co|         array|
|bnn_top_int_const_unsigned_int_const_int_const_unsigned_int_const_int_co_ce0          |  out|    1|   ap_memory|     bnn_top_int_const_unsigned_int_const_int_const_unsigned_int_const_int_co|         array|
|bnn_top_int_const_unsigned_int_const_int_const_unsigned_int_const_int_co_q0           |   in|   32|   ap_memory|     bnn_top_int_const_unsigned_int_const_int_const_unsigned_int_const_int_co|         array|
|bnn_top_int_const_unsigned_int_const_int_const_unsigned_int_const_int_co_address1     |  out|    8|   ap_memory|     bnn_top_int_const_unsigned_int_const_int_const_unsigned_int_const_int_co|         array|
|bnn_top_int_const_unsigned_int_const_int_const_unsigned_int_const_int_co_ce1          |  out|    1|   ap_memory|     bnn_top_int_const_unsigned_int_const_int_const_unsigned_int_const_int_co|         array|
|bnn_top_int_const_unsigned_int_const_int_const_unsigned_int_const_int_co_q1           |   in|   32|   ap_memory|     bnn_top_int_const_unsigned_int_const_int_const_unsigned_int_const_int_co|         array|
|bnn_top_int_const_unsigned_int_const_int_const_unsigned_int_const_int_co_19_address0  |  out|   10|   ap_memory|  bnn_top_int_const_unsigned_int_const_int_const_unsigned_int_const_int_co_19|         array|
|bnn_top_int_const_unsigned_int_const_int_const_unsigned_int_const_int_co_19_ce0       |  out|    1|   ap_memory|  bnn_top_int_const_unsigned_int_const_int_const_unsigned_int_const_int_co_19|         array|
|bnn_top_int_const_unsigned_int_const_int_const_unsigned_int_const_int_co_19_we0       |  out|    1|   ap_memory|  bnn_top_int_const_unsigned_int_const_int_const_unsigned_int_const_int_co_19|         array|
|bnn_top_int_const_unsigned_int_const_int_const_unsigned_int_const_int_co_19_d0        |  out|    1|   ap_memory|  bnn_top_int_const_unsigned_int_const_int_const_unsigned_int_const_int_co_19|         array|
|bnn_top_int_const_unsigned_int_const_int_const_unsigned_int_const_int_co_18_address0  |  out|   10|   ap_memory|  bnn_top_int_const_unsigned_int_const_int_const_unsigned_int_const_int_co_18|         array|
|bnn_top_int_const_unsigned_int_const_int_const_unsigned_int_const_int_co_18_ce0       |  out|    1|   ap_memory|  bnn_top_int_const_unsigned_int_const_int_const_unsigned_int_const_int_co_18|         array|
|bnn_top_int_const_unsigned_int_const_int_const_unsigned_int_const_int_co_18_we0       |  out|    1|   ap_memory|  bnn_top_int_const_unsigned_int_const_int_const_unsigned_int_const_int_co_18|         array|
|bnn_top_int_const_unsigned_int_const_int_const_unsigned_int_const_int_co_18_d0        |  out|    1|   ap_memory|  bnn_top_int_const_unsigned_int_const_int_const_unsigned_int_const_int_co_18|         array|
|bnn_top_int_const_unsigned_int_const_int_const_unsigned_int_const_int_co_17_address0  |  out|   10|   ap_memory|  bnn_top_int_const_unsigned_int_const_int_const_unsigned_int_const_int_co_17|         array|
|bnn_top_int_const_unsigned_int_const_int_const_unsigned_int_const_int_co_17_ce0       |  out|    1|   ap_memory|  bnn_top_int_const_unsigned_int_const_int_const_unsigned_int_const_int_co_17|         array|
|bnn_top_int_const_unsigned_int_const_int_const_unsigned_int_const_int_co_17_we0       |  out|    1|   ap_memory|  bnn_top_int_const_unsigned_int_const_int_const_unsigned_int_const_int_co_17|         array|
|bnn_top_int_const_unsigned_int_const_int_const_unsigned_int_const_int_co_17_d0        |  out|    1|   ap_memory|  bnn_top_int_const_unsigned_int_const_int_const_unsigned_int_const_int_co_17|         array|
|bnn_top_int_const_unsigned_int_const_int_const_unsigned_int_const_int_co_16_address0  |  out|   10|   ap_memory|  bnn_top_int_const_unsigned_int_const_int_const_unsigned_int_const_int_co_16|         array|
|bnn_top_int_const_unsigned_int_const_int_const_unsigned_int_const_int_co_16_ce0       |  out|    1|   ap_memory|  bnn_top_int_const_unsigned_int_const_int_const_unsigned_int_const_int_co_16|         array|
|bnn_top_int_const_unsigned_int_const_int_const_unsigned_int_const_int_co_16_we0       |  out|    1|   ap_memory|  bnn_top_int_const_unsigned_int_const_int_const_unsigned_int_const_int_co_16|         array|
|bnn_top_int_const_unsigned_int_const_int_const_unsigned_int_const_int_co_16_d0        |  out|    1|   ap_memory|  bnn_top_int_const_unsigned_int_const_int_const_unsigned_int_const_int_co_16|         array|
|bnn_top_int_const_unsigned_int_const_int_const_unsigned_int_const_int_co_15_address0  |  out|   10|   ap_memory|  bnn_top_int_const_unsigned_int_const_int_const_unsigned_int_const_int_co_15|         array|
|bnn_top_int_const_unsigned_int_const_int_const_unsigned_int_const_int_co_15_ce0       |  out|    1|   ap_memory|  bnn_top_int_const_unsigned_int_const_int_const_unsigned_int_const_int_co_15|         array|
|bnn_top_int_const_unsigned_int_const_int_const_unsigned_int_const_int_co_15_we0       |  out|    1|   ap_memory|  bnn_top_int_const_unsigned_int_const_int_const_unsigned_int_const_int_co_15|         array|
|bnn_top_int_const_unsigned_int_const_int_const_unsigned_int_const_int_co_15_d0        |  out|    1|   ap_memory|  bnn_top_int_const_unsigned_int_const_int_const_unsigned_int_const_int_co_15|         array|
|bnn_top_int_const_unsigned_int_const_int_const_unsigned_int_const_int_co_14_address0  |  out|   10|   ap_memory|  bnn_top_int_const_unsigned_int_const_int_const_unsigned_int_const_int_co_14|         array|
|bnn_top_int_const_unsigned_int_const_int_const_unsigned_int_const_int_co_14_ce0       |  out|    1|   ap_memory|  bnn_top_int_const_unsigned_int_const_int_const_unsigned_int_const_int_co_14|         array|
|bnn_top_int_const_unsigned_int_const_int_const_unsigned_int_const_int_co_14_we0       |  out|    1|   ap_memory|  bnn_top_int_const_unsigned_int_const_int_const_unsigned_int_const_int_co_14|         array|
|bnn_top_int_const_unsigned_int_const_int_const_unsigned_int_const_int_co_14_d0        |  out|    1|   ap_memory|  bnn_top_int_const_unsigned_int_const_int_const_unsigned_int_const_int_co_14|         array|
|bnn_top_int_const_unsigned_int_const_int_const_unsigned_int_const_int_co_13_address0  |  out|   10|   ap_memory|  bnn_top_int_const_unsigned_int_const_int_const_unsigned_int_const_int_co_13|         array|
|bnn_top_int_const_unsigned_int_const_int_const_unsigned_int_const_int_co_13_ce0       |  out|    1|   ap_memory|  bnn_top_int_const_unsigned_int_const_int_const_unsigned_int_const_int_co_13|         array|
|bnn_top_int_const_unsigned_int_const_int_const_unsigned_int_const_int_co_13_we0       |  out|    1|   ap_memory|  bnn_top_int_const_unsigned_int_const_int_const_unsigned_int_const_int_co_13|         array|
|bnn_top_int_const_unsigned_int_const_int_const_unsigned_int_const_int_co_13_d0        |  out|    1|   ap_memory|  bnn_top_int_const_unsigned_int_const_int_const_unsigned_int_const_int_co_13|         array|
+--------------------------------------------------------------------------------------+-----+-----+------------+-----------------------------------------------------------------------------+--------------+

