

================================================================
== Vitis HLS Report for 'bnn_top'
================================================================
* Date:           Mon Aug 24 01:29:50 2026

* Version:        2025.2 (Build 6295257 on Nov 12 2025)
* Project:        bnn_hls
* Solution:       sol1 (Vivado IP Flow Target)
* Product family: zynquplus
* Target device:  xczu7ev-ffvc1156-2-e


================================================================
== Performance Estimates
================================================================
+ Timing: 
    * Summary: 
    +--------+----------+----------+------------+
    |  Clock |  Target  | Estimated| Uncertainty|
    +--------+----------+----------+------------+
    |ap_clk  |  10.00 ns|  6.920 ns|     2.70 ns|
    +--------+----------+----------+------------+

+ Latency: 
    * Summary: 
    +---------+---------+-----------+-----------+---------+---------+---------+
    |  Latency (cycles) |   Latency (absolute)  |      Interval     | Pipeline|
    |   min   |   max   |    min    |    max    |   min   |   max   |   Type  |
    +---------+---------+-----------+-----------+---------+---------+---------+
    |  4145963|  4145963|  41.460 ms|  41.460 ms|  4145964|  4145964|       no|
    +---------+---------+-----------+-----------+---------+---------+---------+

    + Detail: 
        * Instance: 
        +-----------------------------------------------------------------------------------+------------------------------------------------------------------------+---------+---------+-----------+-----------+-----+-----+-------------------+
        |                                                                                   |                                                                        |  Latency (cycles) |   Latency (absolute)  |  Interval |      Pipeline     |
        |                                      Instance                                     |                                 Module                                 |   min   |   max   |    min    |    max    | min | max |        Type       |
        +-----------------------------------------------------------------------------------+------------------------------------------------------------------------+---------+---------+-----------+-----------+-----+-----+-------------------+
        |grp_bnn_top_Pipeline_VITIS_LOOP_50_2_VITIS_LOOP_51_3_fu_384                        |bnn_top_Pipeline_VITIS_LOOP_50_2_VITIS_LOOP_51_3                        |     2058|     2058|  20.580 us|  20.580 us|    0|    0|  loop pipeline stp|
        |grp_bnn_top_Pipeline_VITIS_LOOP_65_6_VITIS_LOOP_66_7_fu_425                        |bnn_top_Pipeline_VITIS_LOOP_65_6_VITIS_LOOP_66_7                        |      270|      270|   2.700 us|   2.700 us|    0|    0|  loop pipeline stp|
        |grp_bnn_top_Pipeline_VITIS_LOOP_79_9_VITIS_LOOP_80_10_VITIS_LOOP_82_11_fu_458      |bnn_top_Pipeline_VITIS_LOOP_79_9_VITIS_LOOP_80_10_VITIS_LOOP_82_11      |    40965|    40965|   0.410 ms|   0.410 ms|    0|    0|  loop pipeline stp|
        |grp_bnn_top_Pipeline_VITIS_LOOP_96_14_VITIS_LOOP_97_15_fu_493                      |bnn_top_Pipeline_VITIS_LOOP_96_14_VITIS_LOOP_97_15                      |       76|       76|   0.760 us|   0.760 us|    0|    0|  loop pipeline stp|
        |grp_bnn_top_Pipeline_VITIS_LOOP_110_17_VITIS_LOOP_111_18_VITIS_LOOP_113_19_fu_526  |bnn_top_Pipeline_VITIS_LOOP_110_17_VITIS_LOOP_111_18_VITIS_LOOP_113_19  |    20485|    20485|   0.205 ms|   0.205 ms|    0|    0|  loop pipeline stp|
        |grp_bnn_top_Pipeline_VITIS_LOOP_140_24_VITIS_LOOP_142_25_fu_561                    |bnn_top_Pipeline_VITIS_LOOP_140_24_VITIS_LOOP_142_25                    |   131074|   131074|   1.311 ms|   1.311 ms|    0|    0|  loop pipeline stp|
        |grp_bnn_top_Pipeline_VITIS_LOOP_127_22_VITIS_LOOP_128_23_fu_573                    |bnn_top_Pipeline_VITIS_LOOP_127_22_VITIS_LOOP_128_23                    |       28|       28|   0.280 us|   0.280 us|    0|    0|  loop pipeline stp|
        |grp_bnn_top_Pipeline_VITIS_LOOP_153_26_fu_592                                      |bnn_top_Pipeline_VITIS_LOOP_153_26                                      |      130|      130|   1.300 us|   1.300 us|    0|    0|  loop pipeline stp|
        +-----------------------------------------------------------------------------------+------------------------------------------------------------------------+---------+---------+-----------+-----------+-----+-----+-------------------+

        * Loop: 
        +---------------------+---------+---------+----------+-----------+-----------+------+----------+
        |                     |  Latency (cycles) | Iteration|  Initiation Interval  | Trip |          |
        |      Loop Name      |   min   |   max   |  Latency |  achieved |   target  | Count| Pipelined|
        +---------------------+---------+---------+----------+-----------+-----------+------+----------+
        |- VITIS_LOOP_49_1    |    74784|    74784|      2337|          -|          -|    32|        no|
        |- VITIS_LOOP_78_8    |  2626880|  2626880|     41045|          -|          -|    64|        no|
        |- VITIS_LOOP_109_16  |  1313088|  1313088|     20517|          -|          -|    64|        no|
        +---------------------+---------+---------+----------+-----------+-----------+------+----------+



================================================================
== Utilization Estimates
================================================================
* Summary: 
+-----------------+---------+------+--------+--------+-----+
|       Name      | BRAM_18K|  DSP |   FF   |   LUT  | URAM|
+-----------------+---------+------+--------+--------+-----+
|DSP              |        -|     -|       -|       -|    -|
|Expression       |        -|     -|       0|     321|    -|
|FIFO             |        -|     -|       -|       -|    -|
|Instance         |        -|     6|    4874|   14193|    -|
|Memory           |       19|     -|       9|      66|    0|
|Multiplexer      |        -|     -|       0|    1636|    -|
|Register         |        -|     -|     588|       -|    -|
+-----------------+---------+------+--------+--------+-----+
|Total            |       19|     6|    5471|   16216|    0|
+-----------------+---------+------+--------+--------+-----+
|Available        |      624|  1728|  460800|  230400|   96|
+-----------------+---------+------+--------+--------+-----+
|Utilization (%)  |        3|    ~0|       1|       7|    0|
+-----------------+---------+------+--------+--------+-----+

+ Detail: 
    * Instance: 
    +-----------------------------------------------------------------------------------+------------------------------------------------------------------------+---------+----+------+------+-----+
    |                                      Instance                                     |                                 Module                                 | BRAM_18K| DSP|  FF  |  LUT | URAM|
    +-----------------------------------------------------------------------------------+------------------------------------------------------------------------+---------+----+------+------+-----+
    |bitselect_1ns_32ns_5ns_1_1_1_U182                                                  |bitselect_1ns_32ns_5ns_1_1_1                                            |        0|   0|     0|     9|    0|
    |grp_bnn_top_Pipeline_VITIS_LOOP_110_17_VITIS_LOOP_111_18_VITIS_LOOP_113_19_fu_526  |bnn_top_Pipeline_VITIS_LOOP_110_17_VITIS_LOOP_111_18_VITIS_LOOP_113_19  |        0|   0|   693|  3725|    0|
    |grp_bnn_top_Pipeline_VITIS_LOOP_127_22_VITIS_LOOP_128_23_fu_573                    |bnn_top_Pipeline_VITIS_LOOP_127_22_VITIS_LOOP_128_23                    |        0|   1|   538|  1019|    0|
    |grp_bnn_top_Pipeline_VITIS_LOOP_140_24_VITIS_LOOP_142_25_fu_561                    |bnn_top_Pipeline_VITIS_LOOP_140_24_VITIS_LOOP_142_25                    |        0|   0|    67|   374|    0|
    |grp_bnn_top_Pipeline_VITIS_LOOP_153_26_fu_592                                      |bnn_top_Pipeline_VITIS_LOOP_153_26                                      |        0|   0|    91|   325|    0|
    |grp_bnn_top_Pipeline_VITIS_LOOP_50_2_VITIS_LOOP_51_3_fu_384                        |bnn_top_Pipeline_VITIS_LOOP_50_2_VITIS_LOOP_51_3                        |        0|   1|  1590|  2812|    0|
    |grp_bnn_top_Pipeline_VITIS_LOOP_65_6_VITIS_LOOP_66_7_fu_425                        |bnn_top_Pipeline_VITIS_LOOP_65_6_VITIS_LOOP_66_7                        |        0|   4|   643|   999|    0|
    |grp_bnn_top_Pipeline_VITIS_LOOP_79_9_VITIS_LOOP_80_10_VITIS_LOOP_82_11_fu_458      |bnn_top_Pipeline_VITIS_LOOP_79_9_VITIS_LOOP_80_10_VITIS_LOOP_82_11      |        0|   0|   706|  3756|    0|
    |grp_bnn_top_Pipeline_VITIS_LOOP_96_14_VITIS_LOOP_97_15_fu_493                      |bnn_top_Pipeline_VITIS_LOOP_96_14_VITIS_LOOP_97_15                      |        0|   0|   546|  1174|    0|
    +-----------------------------------------------------------------------------------+------------------------------------------------------------------------+---------+----+------+------+-----+
    |Total                                                                              |                                                                        |        0|   6|  4874| 14193|    0|
    +-----------------------------------------------------------------------------------+------------------------------------------------------------------------+---------+----+------+------+-----+

    * DSP: 
    N/A

    * Memory: 
    +-------------------------------------------------------------------------------+----------------------------------------------------------------------------------+---------+---+----+-----+------+-----+------+-------------+
    |                                     Memory                                    |                                      Module                                      | BRAM_18K| FF| LUT| URAM| Words| Bits| Banks| W*Bits*Banks|
    +-------------------------------------------------------------------------------+----------------------------------------------------------------------------------+---------+---+----+-----+------+-----+------+-------------+
    |bnn_top_int_const_unsigned_int_const_int_const_unsigned_int_const_int_co_12_U  |bnn_top_int_const_unsigned_int_const_int_const_unsigned_int_const_int_co_12_Rocq  |        0|  1|   8|    0|   512|    1|     1|          512|
    |bnn_top_int_const_unsigned_int_const_int_const_unsigned_int_const_int_co_6_U   |bnn_top_int_const_unsigned_int_const_int_const_unsigned_int_const_int_co_12_Rocq  |        0|  1|   8|    0|   512|    1|     1|          512|
    |bnn_top_int_const_unsigned_int_const_int_const_unsigned_int_const_int_co_5_U   |bnn_top_int_const_unsigned_int_const_int_const_unsigned_int_const_int_co_12_Rocq  |        0|  1|   8|    0|   512|    1|     1|          512|
    |bnn_top_int_const_unsigned_int_const_int_const_unsigned_int_const_int_co_11_U  |bnn_top_int_const_unsigned_int_const_int_const_unsigned_int_const_int_co_12_Rocq  |        0|  1|   8|    0|   512|    1|     1|          512|
    |bnn_top_int_const_unsigned_int_const_int_const_unsigned_int_const_int_co_10_U  |bnn_top_int_const_unsigned_int_const_int_const_unsigned_int_const_int_co_12_Rocq  |        0|  1|   8|    0|   512|    1|     1|          512|
    |bnn_top_int_const_unsigned_int_const_int_const_unsigned_int_const_int_co_9_U   |bnn_top_int_const_unsigned_int_const_int_const_unsigned_int_const_int_co_12_Rocq  |        0|  1|   8|    0|   512|    1|     1|          512|
    |bnn_top_int_const_unsigned_int_const_int_const_unsigned_int_const_int_co_8_U   |bnn_top_int_const_unsigned_int_const_int_const_unsigned_int_const_int_co_12_Rocq  |        0|  1|   8|    0|   512|    1|     1|          512|
    |bnn_top_int_const_unsigned_int_const_int_const_unsigned_int_const_int_co_7_U   |bnn_top_int_const_unsigned_int_const_int_const_unsigned_int_const_int_co_12_Rocq  |        0|  1|   8|    0|   512|    1|     1|          512|
    |bnn_top_int_const_unsigned_int_const_int_const_unsigned_int_const_int_co_20_U  |bnn_top_int_const_unsigned_int_const_int_const_unsigned_int_const_int_co_20_Rg8j  |        1|  0|   0|    0|  1024|    1|     1|         1024|
    |bnn_top_int_const_unsigned_int_const_int_const_unsigned_int_const_int_co_19_U  |bnn_top_int_const_unsigned_int_const_int_const_unsigned_int_const_int_co_20_Rg8j  |        1|  0|   0|    0|  1024|    1|     1|         1024|
    |bnn_top_int_const_unsigned_int_const_int_const_unsigned_int_const_int_co_18_U  |bnn_top_int_const_unsigned_int_const_int_const_unsigned_int_const_int_co_20_Rg8j  |        1|  0|   0|    0|  1024|    1|     1|         1024|
    |bnn_top_int_const_unsigned_int_const_int_const_unsigned_int_const_int_co_17_U  |bnn_top_int_const_unsigned_int_const_int_const_unsigned_int_const_int_co_20_Rg8j  |        1|  0|   0|    0|  1024|    1|     1|         1024|
    |bnn_top_int_const_unsigned_int_const_int_const_unsigned_int_const_int_co_16_U  |bnn_top_int_const_unsigned_int_const_int_const_unsigned_int_const_int_co_20_Rg8j  |        1|  0|   0|    0|  1024|    1|     1|         1024|
    |bnn_top_int_const_unsigned_int_const_int_const_unsigned_int_const_int_co_15_U  |bnn_top_int_const_unsigned_int_const_int_const_unsigned_int_const_int_co_20_Rg8j  |        1|  0|   0|    0|  1024|    1|     1|         1024|
    |bnn_top_int_const_unsigned_int_const_int_const_unsigned_int_const_int_co_14_U  |bnn_top_int_const_unsigned_int_const_int_const_unsigned_int_const_int_co_20_Rg8j  |        1|  0|   0|    0|  1024|    1|     1|         1024|
    |bnn_top_int_const_unsigned_int_const_int_const_unsigned_int_const_int_co_13_U  |bnn_top_int_const_unsigned_int_const_int_const_unsigned_int_const_int_co_20_Rg8j  |        1|  0|   0|    0|  1024|    1|     1|         1024|
    |l3_U                                                                           |bnn_top_int_const_unsigned_int_const_int_const_unsigned_int_const_int_co_20_Rg8j  |        1|  0|   0|    0|  1024|    1|     1|         1024|
    |bnn_top_int_const_unsigned_int_const_int_const_unsigned_int_const_int_co_4_U   |bnn_top_int_const_unsigned_int_const_int_const_unsigned_int_const_int_co_4_RAbkb  |        2|  0|   0|    0|   205|   32|     1|         6560|
    |bnn_top_int_const_unsigned_int_const_int_const_unsigned_int_const_int_co_3_U   |bnn_top_int_const_unsigned_int_const_int_const_unsigned_int_const_int_co_4_RAbkb  |        2|  0|   0|    0|   205|   32|     1|         6560|
    |bnn_top_int_const_unsigned_int_const_int_const_unsigned_int_const_int_co_2_U   |bnn_top_int_const_unsigned_int_const_int_const_unsigned_int_const_int_co_4_RAbkb  |        2|  0|   0|    0|   205|   32|     1|         6560|
    |bnn_top_int_const_unsigned_int_const_int_const_unsigned_int_const_int_co_1_U   |bnn_top_int_const_unsigned_int_const_int_const_unsigned_int_const_int_co_4_RAbkb  |        2|  0|   0|    0|   205|   32|     1|         6560|
    |bnn_top_int_const_unsigned_int_const_int_const_unsigned_int_const_int_co_U     |bnn_top_int_const_unsigned_int_const_int_const_unsigned_int_const_int_co_4_RAbkb  |        2|  0|   0|    0|   205|   32|     1|         6560|
    |f1_U                                                                           |f1_RAM_AUTO_1R1W                                                                  |        0|  1|   2|    0|   128|    1|     1|          128|
    +-------------------------------------------------------------------------------+----------------------------------------------------------------------------------+---------+---+----+-----+------+-----+------+-------------+
    |Total                                                                          |                                                                                  |       19|  9|  66|    0| 14465|  178|    23|        46240|
    +-------------------------------------------------------------------------------+----------------------------------------------------------------------------------+---------+---+----+-----+------+-----+------+-------------+

    * FIFO: 
    N/A

    * Expression: 
    +-----------------------+----------+----+---+----+------------+------------+
    |     Variable Name     | Operation| DSP| FF| LUT| Bitwidth P0| Bitwidth P1|
    +-----------------------+----------+----+---+----+------------+------------+
    |add_ln109_fu_960_p2    |         +|   0|  0|  14|           7|           1|
    |add_ln110_fu_986_p2    |         +|   0|  0|  23|          16|          16|
    |add_ln49_fu_620_p2     |         +|   0|  0|  13|           6|           1|
    |add_ln59_1_fu_736_p2   |         +|   0|  0|  16|           9|           2|
    |add_ln59_2_fu_760_p2   |         +|   0|  0|  16|           9|           2|
    |add_ln59_3_fu_666_p2   |         +|   0|  0|  16|           9|           3|
    |add_ln59_4_fu_784_p2   |         +|   0|  0|  16|           9|           3|
    |add_ln59_5_fu_808_p2   |         +|   0|  0|  16|           9|           3|
    |add_ln59_6_fu_832_p2   |         +|   0|  0|  16|           9|           3|
    |add_ln59_7_fu_856_p2   |         +|   0|  0|  16|           9|           4|
    |add_ln59_8_fu_646_p2   |         +|   0|  0|  16|           9|           9|
    |add_ln59_fu_705_p2     |         +|   0|  0|  16|           9|           1|
    |add_ln78_fu_893_p2     |         +|   0|  0|  14|           7|           1|
    |add_ln79_fu_919_p2     |         +|   0|  0|  22|          15|          15|
    |icmp_ln109_fu_954_p2   |      icmp|   0|  0|  15|           7|           8|
    |icmp_ln162_fu_1021_p2  |      icmp|   0|  0|  47|          40|          40|
    |icmp_ln49_fu_614_p2    |      icmp|   0|  0|  14|           6|           7|
    |icmp_ln78_fu_887_p2    |      icmp|   0|  0|  15|           7|           8|
    +-----------------------+----------+----+---+----+------------+------------+
    |Total                  |          |   0|  0| 321|         192|         127|
    +-----------------------+----------+----+---+----+------------+------------+

    * Multiplexer: 
    +--------------------------------------------------------------------------------------+-----+-----------+-----+-----------+
    |                                         Name                                         | LUT | Input Size| Bits| Total Bits|
    +--------------------------------------------------------------------------------------+-----+-----------+-----+-----------+
    |W1_address0_local                                                                     |   31|          6|    4|         24|
    |W1_address1_local                                                                     |   26|          5|    4|         20|
    |ap_NS_fsm                                                                             |  116|         23|    1|         23|
    |bnn_top_int_const_unsigned_int_const_int_const_unsigned_int_const_int_co_10_address0  |   14|          3|    9|         27|
    |bnn_top_int_const_unsigned_int_const_int_const_unsigned_int_const_int_co_10_ce0       |   14|          3|    1|          3|
    |bnn_top_int_const_unsigned_int_const_int_const_unsigned_int_const_int_co_10_we0       |    9|          2|    1|          2|
    |bnn_top_int_const_unsigned_int_const_int_const_unsigned_int_const_int_co_11_address0  |   14|          3|    9|         27|
    |bnn_top_int_const_unsigned_int_const_int_const_unsigned_int_const_int_co_11_ce0       |   14|          3|    1|          3|
    |bnn_top_int_const_unsigned_int_const_int_const_unsigned_int_const_int_co_11_we0       |    9|          2|    1|          2|
    |bnn_top_int_const_unsigned_int_const_int_const_unsigned_int_const_int_co_12_address0  |   14|          3|    9|         27|
    |bnn_top_int_const_unsigned_int_const_int_const_unsigned_int_const_int_co_12_ce0       |   14|          3|    1|          3|
    |bnn_top_int_const_unsigned_int_const_int_const_unsigned_int_const_int_co_12_we0       |    9|          2|    1|          2|
    |bnn_top_int_const_unsigned_int_const_int_const_unsigned_int_const_int_co_13_address0  |   14|          3|   10|         30|
    |bnn_top_int_const_unsigned_int_const_int_const_unsigned_int_const_int_co_13_ce0       |   14|          3|    1|          3|
    |bnn_top_int_const_unsigned_int_const_int_const_unsigned_int_const_int_co_13_we0       |    9|          2|    1|          2|
    |bnn_top_int_const_unsigned_int_const_int_const_unsigned_int_const_int_co_14_address0  |   14|          3|   10|         30|
    |bnn_top_int_const_unsigned_int_const_int_const_unsigned_int_const_int_co_14_ce0       |   14|          3|    1|          3|
    |bnn_top_int_const_unsigned_int_const_int_const_unsigned_int_const_int_co_14_we0       |    9|          2|    1|          2|
    |bnn_top_int_const_unsigned_int_const_int_const_unsigned_int_const_int_co_15_address0  |   14|          3|   10|         30|
    |bnn_top_int_const_unsigned_int_const_int_const_unsigned_int_const_int_co_15_ce0       |   14|          3|    1|          3|
    |bnn_top_int_const_unsigned_int_const_int_const_unsigned_int_const_int_co_15_we0       |    9|          2|    1|          2|
    |bnn_top_int_const_unsigned_int_const_int_const_unsigned_int_const_int_co_16_address0  |   14|          3|   10|         30|
    |bnn_top_int_const_unsigned_int_const_int_const_unsigned_int_const_int_co_16_ce0       |   14|          3|    1|          3|
    |bnn_top_int_const_unsigned_int_const_int_const_unsigned_int_const_int_co_16_we0       |    9|          2|    1|          2|
    |bnn_top_int_const_unsigned_int_const_int_const_unsigned_int_const_int_co_17_address0  |   14|          3|   10|         30|
    |bnn_top_int_const_unsigned_int_const_int_const_unsigned_int_const_int_co_17_ce0       |   14|          3|    1|          3|
    |bnn_top_int_const_unsigned_int_const_int_const_unsigned_int_const_int_co_17_we0       |    9|          2|    1|          2|
    |bnn_top_int_const_unsigned_int_const_int_const_unsigned_int_const_int_co_18_address0  |   14|          3|   10|         30|
    |bnn_top_int_const_unsigned_int_const_int_const_unsigned_int_const_int_co_18_ce0       |   14|          3|    1|          3|
    |bnn_top_int_const_unsigned_int_const_int_const_unsigned_int_const_int_co_18_we0       |    9|          2|    1|          2|
    |bnn_top_int_const_unsigned_int_const_int_const_unsigned_int_const_int_co_19_address0  |   14|          3|   10|         30|
    |bnn_top_int_const_unsigned_int_const_int_const_unsigned_int_const_int_co_19_ce0       |   14|          3|    1|          3|
    |bnn_top_int_const_unsigned_int_const_int_const_unsigned_int_const_int_co_19_we0       |    9|          2|    1|          2|
    |bnn_top_int_const_unsigned_int_const_int_const_unsigned_int_const_int_co_1_address0   |   37|          7|    8|         56|
    |bnn_top_int_const_unsigned_int_const_int_const_unsigned_int_const_int_co_1_address1   |   20|          4|    8|         32|
    |bnn_top_int_const_unsigned_int_const_int_const_unsigned_int_const_int_co_1_ce0        |   37|          7|    1|          7|
    |bnn_top_int_const_unsigned_int_const_int_const_unsigned_int_const_int_co_1_ce1        |   20|          4|    1|          4|
    |bnn_top_int_const_unsigned_int_const_int_const_unsigned_int_const_int_co_1_d0         |   20|          4|   32|        128|
    |bnn_top_int_const_unsigned_int_const_int_const_unsigned_int_const_int_co_1_we0        |   20|          4|    1|          4|
    |bnn_top_int_const_unsigned_int_const_int_const_unsigned_int_const_int_co_20_address0  |   14|          3|   10|         30|
    |bnn_top_int_const_unsigned_int_const_int_const_unsigned_int_const_int_co_20_ce0       |   14|          3|    1|          3|
    |bnn_top_int_const_unsigned_int_const_int_const_unsigned_int_const_int_co_20_we0       |    9|          2|    1|          2|
    |bnn_top_int_const_unsigned_int_const_int_const_unsigned_int_const_int_co_2_address0   |   37|          7|    8|         56|
    |bnn_top_int_const_unsigned_int_const_int_const_unsigned_int_const_int_co_2_address1   |   20|          4|    8|         32|
    |bnn_top_int_const_unsigned_int_const_int_const_unsigned_int_const_int_co_2_ce0        |   37|          7|    1|          7|
    |bnn_top_int_const_unsigned_int_const_int_const_unsigned_int_const_int_co_2_ce1        |   20|          4|    1|          4|
    |bnn_top_int_const_unsigned_int_const_int_const_unsigned_int_const_int_co_2_d0         |   20|          4|   32|        128|
    |bnn_top_int_const_unsigned_int_const_int_const_unsigned_int_const_int_co_2_we0        |   20|          4|    1|          4|
    |bnn_top_int_const_unsigned_int_const_int_const_unsigned_int_const_int_co_3_address0   |   37|          7|    8|         56|
    |bnn_top_int_const_unsigned_int_const_int_const_unsigned_int_const_int_co_3_address1   |   20|          4|    8|         32|
    |bnn_top_int_const_unsigned_int_const_int_const_unsigned_int_const_int_co_3_ce0        |   37|          7|    1|          7|
    |bnn_top_int_const_unsigned_int_const_int_const_unsigned_int_const_int_co_3_ce1        |   20|          4|    1|          4|
    |bnn_top_int_const_unsigned_int_const_int_const_unsigned_int_const_int_co_3_d0         |   20|          4|   32|        128|
    |bnn_top_int_const_unsigned_int_const_int_const_unsigned_int_const_int_co_3_we0        |   20|          4|    1|          4|
    |bnn_top_int_const_unsigned_int_const_int_const_unsigned_int_const_int_co_4_address0   |   37|          7|    8|         56|
    |bnn_top_int_const_unsigned_int_const_int_const_unsigned_int_const_int_co_4_address1   |   20|          4|    8|         32|
    |bnn_top_int_const_unsigned_int_const_int_const_unsigned_int_const_int_co_4_ce0        |   37|          7|    1|          7|
    |bnn_top_int_const_unsigned_int_const_int_const_unsigned_int_const_int_co_4_ce1        |   20|          4|    1|          4|
    |bnn_top_int_const_unsigned_int_const_int_const_unsigned_int_const_int_co_4_d0         |   20|          4|   32|        128|
    |bnn_top_int_const_unsigned_int_const_int_const_unsigned_int_const_int_co_4_we0        |   20|          4|    1|          4|
    |bnn_top_int_const_unsigned_int_const_int_const_unsigned_int_const_int_co_5_address0   |   14|          3|    9|         27|
    |bnn_top_int_const_unsigned_int_const_int_const_unsigned_int_const_int_co_5_ce0        |   14|          3|    1|          3|
    |bnn_top_int_const_unsigned_int_const_int_const_unsigned_int_const_int_co_5_we0        |    9|          2|    1|          2|
    |bnn_top_int_const_unsigned_int_const_int_const_unsigned_int_const_int_co_6_address0   |   14|          3|    9|         27|
    |bnn_top_int_const_unsigned_int_const_int_const_unsigned_int_const_int_co_6_ce0        |   14|          3|    1|          3|
    |bnn_top_int_const_unsigned_int_const_int_const_unsigned_int_const_int_co_6_we0        |    9|          2|    1|          2|
    |bnn_top_int_const_unsigned_int_const_int_const_unsigned_int_const_int_co_7_address0   |   14|          3|    9|         27|
    |bnn_top_int_const_unsigned_int_const_int_const_unsigned_int_const_int_co_7_ce0        |   14|          3|    1|          3|
    |bnn_top_int_const_unsigned_int_const_int_const_unsigned_int_const_int_co_7_we0        |    9|          2|    1|          2|
    |bnn_top_int_const_unsigned_int_const_int_const_unsigned_int_const_int_co_8_address0   |   14|          3|    9|         27|
    |bnn_top_int_const_unsigned_int_const_int_const_unsigned_int_const_int_co_8_ce0        |   14|          3|    1|          3|
    |bnn_top_int_const_unsigned_int_const_int_const_unsigned_int_const_int_co_8_we0        |    9|          2|    1|          2|
    |bnn_top_int_const_unsigned_int_const_int_const_unsigned_int_const_int_co_9_address0   |   14|          3|    9|         27|
    |bnn_top_int_const_unsigned_int_const_int_const_unsigned_int_const_int_co_9_ce0        |   14|          3|    1|          3|
    |bnn_top_int_const_unsigned_int_const_int_const_unsigned_int_const_int_co_9_we0        |    9|          2|    1|          2|
    |bnn_top_int_const_unsigned_int_const_int_const_unsigned_int_const_int_co_address0     |   37|          7|    8|         56|
    |bnn_top_int_const_unsigned_int_const_int_const_unsigned_int_const_int_co_address1     |   20|          4|    8|         32|
    |bnn_top_int_const_unsigned_int_const_int_const_unsigned_int_const_int_co_ce0          |   37|          7|    1|          7|
    |bnn_top_int_const_unsigned_int_const_int_const_unsigned_int_const_int_co_ce1          |   20|          4|    1|          4|
    |bnn_top_int_const_unsigned_int_const_int_const_unsigned_int_const_int_co_d0           |   20|          4|   32|        128|
    |bnn_top_int_const_unsigned_int_const_int_const_unsigned_int_const_int_co_we0          |   20|          4|    1|          4|
    |f1_address0                                                                           |   14|          3|    7|         21|
    |f1_ce0                                                                                |   14|          3|    1|          3|
    |f1_we0                                                                                |    9|          2|    1|          2|
    |l3_address0                                                                           |   14|          3|   10|         30|
    |l3_ce0                                                                                |   14|          3|    1|          3|
    |l3_we0                                                                                |    9|          2|    1|          2|
    |oc_1_fu_208                                                                           |    9|          2|    7|         14|
    |oc_2_fu_212                                                                           |    9|          2|    7|         14|
    |oc_fu_196                                                                             |    9|          2|    6|         12|
    +--------------------------------------------------------------------------------------+-----+-----------+-----+-----------+
    |Total                                                                                 | 1636|        334|  489|       1859|
    +--------------------------------------------------------------------------------------+-----+-----------+-----+-----------+

    * Register: 
    +------------------------------------------------------------------------------------------------+----+----+-----+-----------+
    |                                              Name                                              | FF | LUT| Bits| Const Bits|
    +------------------------------------------------------------------------------------------------+----+----+-----+-----------+
    |TAU1_load_reg_1227                                                                              |  32|   0|   32|          0|
    |TAU2_load_reg_1263                                                                              |  32|   0|   32|          0|
    |TAU3_load_reg_1297                                                                              |  32|   0|   32|          0|
    |W1_load_1_reg_1142                                                                              |  32|   0|   32|          0|
    |W1_load_2_reg_1147                                                                              |  32|   0|   32|          0|
    |W1_load_3_reg_1172                                                                              |  32|   0|   32|          0|
    |W1_load_4_reg_1177                                                                              |  32|   0|   32|          0|
    |W1_load_5_reg_1202                                                                              |  32|   0|   32|          0|
    |W1_load_6_reg_1207                                                                              |  32|   0|   32|          0|
    |W1_load_7_reg_1212                                                                              |  32|   0|   32|          0|
    |W1_load_8_reg_1217                                                                              |  32|   0|   32|          0|
    |a0_reg_1312                                                                                     |  32|   0|   32|          0|
    |a1_reg_1317                                                                                     |  32|   0|   32|          0|
    |add_ln110_reg_1282                                                                              |  10|   0|   16|          6|
    |add_ln59_8_reg_1064                                                                             |   9|   0|    9|          0|
    |add_ln79_reg_1241                                                                               |  10|   0|   15|          5|
    |ap_CS_fsm                                                                                       |  22|   0|   22|          0|
    |cmp38_1_1_reg_1107                                                                              |   1|   0|    1|          0|
    |grp_bnn_top_Pipeline_VITIS_LOOP_110_17_VITIS_LOOP_111_18_VITIS_LOOP_113_19_fu_526_ap_start_reg  |   1|   0|    1|          0|
    |grp_bnn_top_Pipeline_VITIS_LOOP_127_22_VITIS_LOOP_128_23_fu_573_ap_start_reg                    |   1|   0|    1|          0|
    |grp_bnn_top_Pipeline_VITIS_LOOP_140_24_VITIS_LOOP_142_25_fu_561_ap_start_reg                    |   1|   0|    1|          0|
    |grp_bnn_top_Pipeline_VITIS_LOOP_153_26_fu_592_ap_start_reg                                      |   1|   0|    1|          0|
    |grp_bnn_top_Pipeline_VITIS_LOOP_50_2_VITIS_LOOP_51_3_fu_384_ap_start_reg                        |   1|   0|    1|          0|
    |grp_bnn_top_Pipeline_VITIS_LOOP_65_6_VITIS_LOOP_66_7_fu_425_ap_start_reg                        |   1|   0|    1|          0|
    |grp_bnn_top_Pipeline_VITIS_LOOP_79_9_VITIS_LOOP_80_10_VITIS_LOOP_82_11_fu_458_ap_start_reg      |   1|   0|    1|          0|
    |grp_bnn_top_Pipeline_VITIS_LOOP_96_14_VITIS_LOOP_97_15_fu_493_ap_start_reg                      |   1|   0|    1|          0|
    |lshr_ln_reg_1080                                                                                |   4|   0|    4|          0|
    |oc_1_fu_208                                                                                     |   7|   0|    7|          0|
    |oc_2_fu_212                                                                                     |   7|   0|    7|          0|
    |oc_3_reg_1051                                                                                   |   6|   0|    6|          0|
    |oc_4_reg_1232                                                                                   |   7|   0|    7|          0|
    |oc_5_reg_1273                                                                                   |   7|   0|    7|          0|
    |oc_fu_196                                                                                       |   6|   0|    6|          0|
    |shl_ln2_reg_1268                                                                                |   6|   0|    9|          3|
    |trunc_ln104_reg_1258                                                                            |   6|   0|    6|          0|
    |trunc_ln109_reg_1287                                                                            |   6|   0|    6|          0|
    |trunc_ln59_1_reg_1075                                                                           |   5|   0|    5|          0|
    |trunc_ln59_2_reg_1102                                                                           |   5|   0|    5|          0|
    |trunc_ln59_3_reg_1122                                                                           |   5|   0|    5|          0|
    |trunc_ln59_4_reg_1127                                                                           |   5|   0|    5|          0|
    |trunc_ln59_5_reg_1085                                                                           |   5|   0|    5|          0|
    |trunc_ln59_6_reg_1152                                                                           |   5|   0|    5|          0|
    |trunc_ln59_7_reg_1157                                                                           |   5|   0|    5|          0|
    |trunc_ln59_8_reg_1182                                                                           |   5|   0|    5|          0|
    |trunc_ln59_9_reg_1187                                                                           |   5|   0|    5|          0|
    |trunc_ln59_reg_1059                                                                             |   5|   0|    5|          0|
    +------------------------------------------------------------------------------------------------+----+----+-----+-----------+
    |Total                                                                                           | 588|   0|  602|         14|
    +------------------------------------------------------------------------------------------------+----+----+-----+-----------+



================================================================
== Interface
================================================================
* Summary: 
+----------------+-----+-----+------------+--------------+--------------+
|    RTL Ports   | Dir | Bits|  Protocol  | Source Object|    C Type    |
+----------------+-----+-----+------------+--------------+--------------+
|ap_clk          |   in|    1|  ap_ctrl_hs|       bnn_top|  return value|
|ap_rst          |   in|    1|  ap_ctrl_hs|       bnn_top|  return value|
|ap_start        |   in|    1|  ap_ctrl_hs|       bnn_top|  return value|
|ap_done         |  out|    1|  ap_ctrl_hs|       bnn_top|  return value|
|ap_idle         |  out|    1|  ap_ctrl_hs|       bnn_top|  return value|
|ap_ready        |  out|    1|  ap_ctrl_hs|       bnn_top|  return value|
|img_0_address0  |  out|    8|   ap_memory|         img_0|         array|
|img_0_ce0       |  out|    1|   ap_memory|         img_0|         array|
|img_0_q0        |   in|   32|   ap_memory|         img_0|         array|
|img_0_address1  |  out|    8|   ap_memory|         img_0|         array|
|img_0_ce1       |  out|    1|   ap_memory|         img_0|         array|
|img_0_q1        |   in|   32|   ap_memory|         img_0|         array|
|img_1_address0  |  out|    8|   ap_memory|         img_1|         array|
|img_1_ce0       |  out|    1|   ap_memory|         img_1|         array|
|img_1_q0        |   in|   32|   ap_memory|         img_1|         array|
|img_1_address1  |  out|    8|   ap_memory|         img_1|         array|
|img_1_ce1       |  out|    1|   ap_memory|         img_1|         array|
|img_1_q1        |   in|   32|   ap_memory|         img_1|         array|
|img_2_address0  |  out|    8|   ap_memory|         img_2|         array|
|img_2_ce0       |  out|    1|   ap_memory|         img_2|         array|
|img_2_q0        |   in|   32|   ap_memory|         img_2|         array|
|img_2_address1  |  out|    8|   ap_memory|         img_2|         array|
|img_2_ce1       |  out|    1|   ap_memory|         img_2|         array|
|img_2_q1        |   in|   32|   ap_memory|         img_2|         array|
|img_3_address0  |  out|    8|   ap_memory|         img_3|         array|
|img_3_ce0       |  out|    1|   ap_memory|         img_3|         array|
|img_3_q0        |   in|   32|   ap_memory|         img_3|         array|
|img_3_address1  |  out|    8|   ap_memory|         img_3|         array|
|img_3_ce1       |  out|    1|   ap_memory|         img_3|         array|
|img_3_q1        |   in|   32|   ap_memory|         img_3|         array|
|W1_address0     |  out|    4|   ap_memory|            W1|         array|
|W1_ce0          |  out|    1|   ap_memory|            W1|         array|
|W1_q0           |   in|   32|   ap_memory|            W1|         array|
|W1_address1     |  out|    4|   ap_memory|            W1|         array|
|W1_ce1          |  out|    1|   ap_memory|            W1|         array|
|W1_q1           |   in|   32|   ap_memory|            W1|         array|
|TAU1_address0   |  out|    5|   ap_memory|          TAU1|         array|
|TAU1_ce0        |  out|    1|   ap_memory|          TAU1|         array|
|TAU1_q0         |   in|   32|   ap_memory|          TAU1|         array|
|W2_0_address0   |  out|    9|   ap_memory|          W2_0|         array|
|W2_0_ce0        |  out|    1|   ap_memory|          W2_0|         array|
|W2_0_q0         |   in|   32|   ap_memory|          W2_0|         array|
|W2_0_address1   |  out|    9|   ap_memory|          W2_0|         array|
|W2_0_ce1        |  out|    1|   ap_memory|          W2_0|         array|
|W2_0_q1         |   in|   32|   ap_memory|          W2_0|         array|
|W2_1_address0   |  out|    9|   ap_memory|          W2_1|         array|
|W2_1_ce0        |  out|    1|   ap_memory|          W2_1|         array|
|W2_1_q0         |   in|   32|   ap_memory|          W2_1|         array|
|W2_1_address1   |  out|    9|   ap_memory|          W2_1|         array|
|W2_1_ce1        |  out|    1|   ap_memory|          W2_1|         array|
|W2_1_q1         |   in|   32|   ap_memory|          W2_1|         array|
|TAU2_address0   |  out|    6|   ap_memory|          TAU2|         array|
|TAU2_ce0        |  out|    1|   ap_memory|          TAU2|         array|
|TAU2_q0         |   in|   32|   ap_memory|          TAU2|         array|
|W3_0_address0   |  out|   10|   ap_memory|          W3_0|         array|
|W3_0_ce0        |  out|    1|   ap_memory|          W3_0|         array|
|W3_0_q0         |   in|   32|   ap_memory|          W3_0|         array|
|W3_0_address1   |  out|   10|   ap_memory|          W3_0|         array|
|W3_0_ce1        |  out|    1|   ap_memory|          W3_0|         array|
|W3_0_q1         |   in|   32|   ap_memory|          W3_0|         array|
|W3_1_address0   |  out|   10|   ap_memory|          W3_1|         array|
|W3_1_ce0        |  out|    1|   ap_memory|          W3_1|         array|
|W3_1_q0         |   in|   32|   ap_memory|          W3_1|         array|
|W3_1_address1   |  out|   10|   ap_memory|          W3_1|         array|
|W3_1_ce1        |  out|    1|   ap_memory|          W3_1|         array|
|W3_1_q1         |   in|   32|   ap_memory|          W3_1|         array|
|TAU3_address0   |  out|    6|   ap_memory|          TAU3|         array|
|TAU3_ce0        |  out|    1|   ap_memory|          TAU3|         array|
|TAU3_q0         |   in|   32|   ap_memory|          TAU3|         array|
|WF1_address0    |  out|   12|   ap_memory|           WF1|         array|
|WF1_ce0         |  out|    1|   ap_memory|           WF1|         array|
|WF1_q0          |   in|   32|   ap_memory|           WF1|         array|
|TAUF1_address0  |  out|    7|   ap_memory|         TAUF1|         array|
|TAUF1_ce0       |  out|    1|   ap_memory|         TAUF1|         array|
|TAUF1_q0        |   in|   32|   ap_memory|         TAUF1|         array|
|WF2_address0    |  out|    8|   ap_memory|           WF2|         array|
|WF2_ce0         |  out|    1|   ap_memory|           WF2|         array|
|WF2_q0          |   in|   32|   ap_memory|           WF2|         array|
|WF2_address1    |  out|    8|   ap_memory|           WF2|         array|
|WF2_ce1         |  out|    1|   ap_memory|           WF2|         array|
|WF2_q1          |   in|   32|   ap_memory|           WF2|         array|
|BF2_address0    |  out|    1|   ap_memory|           BF2|         array|
|BF2_ce0         |  out|    1|   ap_memory|           BF2|         array|
|BF2_q0          |   in|   32|   ap_memory|           BF2|         array|
|BF2_address1    |  out|    1|   ap_memory|           BF2|         array|
|BF2_ce1         |  out|    1|   ap_memory|           BF2|         array|
|BF2_q1          |   in|   32|   ap_memory|           BF2|         array|
|logit0          |  out|   32|      ap_vld|        logit0|       pointer|
|logit0_ap_vld   |  out|    1|      ap_vld|        logit0|       pointer|
|logit1          |  out|   32|      ap_vld|        logit1|       pointer|
|logit1_ap_vld   |  out|    1|      ap_vld|        logit1|       pointer|
|pred_r          |  out|   32|      ap_vld|        pred_r|       pointer|
|pred_r_ap_vld   |  out|    1|      ap_vld|        pred_r|       pointer|
+----------------+-----+-----+------------+--------------+--------------+

