

================================================================
== Vitis HLS Report for 'bnn_top_Pipeline_VITIS_LOOP_153_26'
================================================================
* Date:           Mon Aug 24 01:29:47 2026

* Version:        2025.2 (Build 6295257 on Nov 12 2025)
* Project:        bnn_hls
* Solution:       sol1 (Vivado IP Flow Target)
* Product family: zynquplus
* Target device:  xczu7ev-ffvc1156-2-e


================================================================
== Performance Estimates
================================================================
+ Timing: 
    * Summary: 
    +--------+----------+----------+------------+
    |  Clock |  Target  | Estimated| Uncertainty|
    +--------+----------+----------+------------+
    |ap_clk  |  10.00 ns|  2.909 ns|     2.70 ns|
    +--------+----------+----------+------------+

+ Latency: 
    * Summary: 
    +---------+---------+----------+----------+-----+-----+-------------------+
    |  Latency (cycles) |  Latency (absolute) |  Interval |      Pipeline     |
    |   min   |   max   |    min   |    max   | min | max |        Type       |
    +---------+---------+----------+----------+-----+-----+-------------------+
    |      130|      130|  1.300 us|  1.300 us|    0|    0|  loop pipeline stp|
    +---------+---------+----------+----------+-----+-----+-------------------+

    + Detail: 
        * Instance: 
        N/A

        * Loop: 
        +---------------------+---------+---------+----------+-----------+-----------+------+----------+
        |                     |  Latency (cycles) | Iteration|  Initiation Interval  | Trip |          |
        |      Loop Name      |   min   |   max   |  Latency |  achieved |   target  | Count| Pipelined|
        +---------------------+---------+---------+----------+-----------+-----------+------+----------+
        |- VITIS_LOOP_153_26  |      128|      128|         2|          1|          1|   128|       yes|
        +---------------------+---------+---------+----------+-----------+-----------+------+----------+



================================================================
== Utilization Estimates
================================================================
* Summary: 
+-----------------+---------+------+--------+--------+-----+
|       Name      | BRAM_18K|  DSP |   FF   |   LUT  | URAM|
+-----------------+---------+------+--------+--------+-----+
|DSP              |        -|     -|       -|       -|    -|
|Expression       |        -|     -|       0|     271|    -|
|FIFO             |        -|     -|       -|       -|    -|
|Instance         |        -|     -|       -|       -|    -|
|Memory           |        -|     -|       -|       -|    -|
|Multiplexer      |        -|     -|       0|      54|    -|
|Register         |        -|     -|      91|       -|    -|
+-----------------+---------+------+--------+--------+-----+
|Total            |        0|     0|      91|     325|    0|
+-----------------+---------+------+--------+--------+-----+
|Available        |      624|  1728|  460800|  230400|   96|
+-----------------+---------+------+--------+--------+-----+
|Utilization (%)  |        0|     0|      ~0|      ~0|    0|
+-----------------+---------+------+--------+--------+-----+

+ Detail: 
    * Instance: 
    N/A

    * DSP: 
    N/A

    * Memory: 
    N/A

    * FIFO: 
    N/A

    * Expression: 
    +------------------------+----------+----+---+----+------------+------------+
    |      Variable Name     | Operation| DSP| FF| LUT| Bitwidth P0| Bitwidth P1|
    +------------------------+----------+----+---+----+------------+------------+
    |a0_1_fu_226_p2          |         +|   0|  0|  47|          40|          40|
    |a1_1_fu_250_p2          |         +|   0|  0|  47|          40|          40|
    |add_ln153_fu_160_p2     |         +|   0|  0|  15|           8|           1|
    |sub_ln157_fu_208_p2     |         -|   0|  0|  40|           1|          33|
    |sub_ln158_fu_232_p2     |         -|   0|  0|  40|           1|          33|
    |icmp_ln153_fu_154_p2    |      icmp|   0|  0|  16|           8|           9|
    |select_ln157_fu_214_p3  |    select|   0|  0|  32|           1|          33|
    |select_ln158_fu_238_p3  |    select|   0|  0|  32|           1|          33|
    |ap_enable_pp0           |       xor|   0|  0|   2|           1|           2|
    +------------------------+----------+----+---+----+------------+------------+
    |Total                   |          |   0|  0| 271|         101|         224|
    +------------------------+----------+----+---+----+------------+------------+

    * Multiplexer: 
    +-------------------------+----+-----------+-----+-----------+
    |           Name          | LUT| Input Size| Bits| Total Bits|
    +-------------------------+----+-----------+-----+-----------+
    |a0_fu_52                 |   9|          2|   40|         80|
    |a1_fu_56                 |   9|          2|   40|         80|
    |ap_done_int              |   9|          2|    1|          2|
    |ap_enable_reg_pp0_iter1  |   9|          2|    1|          2|
    |ap_sig_allocacmp_k_1     |   9|          2|    8|         16|
    |k_fu_60                  |   9|          2|    8|         16|
    +-------------------------+----+-----------+-----+-----------+
    |Total                    |  54|         12|   98|        196|
    +-------------------------+----+-----------+-----+-----------+

    * Register: 
    +-------------------------+----+----+-----+-----------+
    |           Name          | FF | LUT| Bits| Const Bits|
    +-------------------------+----+----+-----+-----------+
    |a0_fu_52                 |  40|   0|   40|          0|
    |a1_fu_56                 |  40|   0|   40|          0|
    |ap_CS_fsm                |   1|   0|    1|          0|
    |ap_done_reg              |   1|   0|    1|          0|
    |ap_enable_reg_pp0_iter1  |   1|   0|    1|          0|
    |k_fu_60                  |   8|   0|    8|          0|
    +-------------------------+----+----+-----+-----------+
    |Total                    |  91|   0|   91|          0|
    +-------------------------+----+----+-----+-----------+



================================================================
== Interface
================================================================
* Summary: 
+-----------------+-----+-----+------------+------------------------------------+--------------+
|    RTL Ports    | Dir | Bits|  Protocol  |            Source Object           |    C Type    |
+-----------------+-----+-----+------------+------------------------------------+--------------+
|ap_clk           |   in|    1|  ap_ctrl_hs|  bnn_top_Pipeline_VITIS_LOOP_153_26|  return value|
|ap_rst           |   in|    1|  ap_ctrl_hs|  bnn_top_Pipeline_VITIS_LOOP_153_26|  return value|
|ap_start         |   in|    1|  ap_ctrl_hs|  bnn_top_Pipeline_VITIS_LOOP_153_26|  return value|
|ap_done          |  out|    1|  ap_ctrl_hs|  bnn_top_Pipeline_VITIS_LOOP_153_26|  return value|
|ap_idle          |  out|    1|  ap_ctrl_hs|  bnn_top_Pipeline_VITIS_LOOP_153_26|  return value|
|ap_ready         |  out|    1|  ap_ctrl_hs|  bnn_top_Pipeline_VITIS_LOOP_153_26|  return value|
|sext_ln152_1     |   in|   32|     ap_none|                        sext_ln152_1|        scalar|
|sext_ln152       |   in|   32|     ap_none|                          sext_ln152|        scalar|
|WF2_address0     |  out|    8|   ap_memory|                                 WF2|         array|
|WF2_ce0          |  out|    1|   ap_memory|                                 WF2|         array|
|WF2_q0           |   in|   32|   ap_memory|                                 WF2|         array|
|WF2_address1     |  out|    8|   ap_memory|                                 WF2|         array|
|WF2_ce1          |  out|    1|   ap_memory|                                 WF2|         array|
|WF2_q1           |   in|   32|   ap_memory|                                 WF2|         array|
|a1_1_out         |  out|   40|      ap_vld|                            a1_1_out|       pointer|
|a1_1_out_ap_vld  |  out|    1|      ap_vld|                            a1_1_out|       pointer|
|a0_1_out         |  out|   40|      ap_vld|                            a0_1_out|       pointer|
|a0_1_out_ap_vld  |  out|    1|      ap_vld|                            a0_1_out|       pointer|
|f1_address0      |  out|    7|   ap_memory|                                  f1|         array|
|f1_ce0           |  out|    1|   ap_memory|                                  f1|         array|
|f1_q0            |   in|    1|   ap_memory|                                  f1|         array|
+-----------------+-----+-----+------------+------------------------------------+--------------+

