

================================================================
== Vitis HLS Report for 'bnn_top_Pipeline_VITIS_LOOP_110_17_VITIS_LOOP_111_18_VITIS_LOOP_113_19'
================================================================
* Date:           Mon Aug 24 01:29:23 2026

* Version:        2025.2 (Build 6295257 on Nov 12 2025)
* Project:        bnn_hls
* Solution:       sol1 (Vivado IP Flow Target)
* Product family: zynquplus
* Target device:  xczu7ev-ffvc1156-2-e


================================================================
== Performance Estimates
================================================================
+ Timing: 
    * Summary: 
    +--------+----------+----------+------------+
    |  Clock |  Target  | Estimated| Uncertainty|
    +--------+----------+----------+------------+
    |ap_clk  |  10.00 ns|  6.360 ns|     2.70 ns|
    +--------+----------+----------+------------+

+ Latency: 
    * Summary: 
    +---------+---------+----------+----------+-----+-----+-------------------+
    |  Latency (cycles) |  Latency (absolute) |  Interval |      Pipeline     |
    |   min   |   max   |    min   |    max   | min | max |        Type       |
    +---------+---------+----------+----------+-----+-----+-------------------+
    |    20485|    20485|  0.205 ms|  0.205 ms|    0|    0|  loop pipeline stp|
    +---------+---------+----------+----------+-----+-----+-------------------+

    + Detail: 
        * Instance: 
        N/A

        * Loop: 
        +---------------------------------------------------------+---------+---------+----------+-----------+-----------+------+----------+
        |                                                         |  Latency (cycles) | Iteration|  Initiation Interval  | Trip |          |
        |                        Loop Name                        |   min   |   max   |  Latency |  achieved |   target  | Count| Pipelined|
        +---------------------------------------------------------+---------+---------+----------+-----------+-----------+------+----------+
        |- VITIS_LOOP_110_17_VITIS_LOOP_111_18_VITIS_LOOP_113_19  |    20483|    20483|         9|          5|          1|  4096|       yes|
        +---------------------------------------------------------+---------+---------+----------+-----------+-----------+------+----------+



================================================================
== Utilization Estimates
================================================================
* Summary: 
+-----------------+---------+------+--------+--------+-----+
|       Name      | BRAM_18K|  DSP |   FF   |   LUT  | URAM|
+-----------------+---------+------+--------+--------+-----+
|DSP              |        -|     -|       -|       -|    -|
|Expression       |        -|     -|       0|    2721|    -|
|FIFO             |        -|     -|       -|       -|    -|
|Instance         |        -|     0|      98|     304|    -|
|Memory           |        -|     -|       -|       -|    -|
|Multiplexer      |        -|     -|       0|     700|    -|
|Register         |        -|     -|     595|       -|    -|
+-----------------+---------+------+--------+--------+-----+
|Total            |        0|     0|     693|    3725|    0|
+-----------------+---------+------+--------+--------+-----+
|Available        |      624|  1728|  460800|  230400|   96|
+-----------------+---------+------+--------+--------+-----+
|Utilization (%)  |        0|     0|      ~0|       1|    0|
+-----------------+---------+------+--------+--------+-----+

+ Detail: 
    * Instance: 
    +---------------------------+----------------------+---------+----+----+----+-----+
    |          Instance         |        Module        | BRAM_18K| DSP| FF | LUT| URAM|
    +---------------------------+----------------------+---------+----+----+----+-----+
    |mul_6ns_8ns_13_1_1_U132    |mul_6ns_8ns_13_1_1    |        0|   0|   0|  40|    0|
    |sparsemux_17_3_1_1_1_U129  |sparsemux_17_3_1_1_1  |        0|   0|   0|  43|    0|
    |sparsemux_17_3_1_1_1_U130  |sparsemux_17_3_1_1_1  |        0|   0|   0|  43|    0|
    |sparsemux_17_3_1_1_1_U131  |sparsemux_17_3_1_1_1  |        0|   0|   0|  43|    0|
    |sparsemux_17_3_1_1_1_U134  |sparsemux_17_3_1_1_1  |        0|   0|   0|  43|    0|
    |sparsemux_17_3_1_1_1_U135  |sparsemux_17_3_1_1_1  |        0|   0|   0|  43|    0|
    |urem_5ns_4ns_3_9_1_U133    |urem_5ns_4ns_3_9_1    |        0|   0|  98|  49|    0|
    +---------------------------+----------------------+---------+----+----+----+-----+
    |Total                      |                      |        0|   0|  98| 304|    0|
    +---------------------------+----------------------+---------+----+----+----+-----+

    * DSP: 
    N/A

    * Memory: 
    N/A

    * FIFO: 
    N/A

    * Expression: 
    +-----------------------------+----------+----+---+----+------------+------------+
    |        Variable Name        | Operation| DSP| FF| LUT| Bitwidth P0| Bitwidth P1|
    +-----------------------------+----------+----+---+----+------------+------------+
    |acc_72_fu_2496_p2            |         +|   0|  0|  39|          32|          32|
    |acc_73_fu_2549_p2            |         +|   0|  0|  39|          32|          32|
    |acc_74_fu_2577_p2            |         +|   0|  0|  39|          32|          32|
    |acc_75_fu_2606_p2            |         +|   0|  0|  39|          32|          32|
    |acc_76_fu_2628_p2            |         +|   0|  0|  39|          32|          32|
    |acc_77_fu_2669_p2            |         +|   0|  0|  39|          32|          32|
    |acc_78_fu_2696_p2            |         +|   0|  0|  39|          32|          32|
    |acc_79_fu_2725_p2            |         +|   0|  0|  39|          32|          32|
    |acc_fu_2465_p2               |         +|   0|  0|  39|          32|          32|
    |add_ln110_fu_1220_p2         |         +|   0|  0|  20|          13|           1|
    |add_ln111_fu_1562_p2         |         +|   0|  0|  18|          11|           1|
    |add_ln113_fu_1508_p2         |         +|   0|  0|  14|           7|           1|
    |add_ln117_1_fu_1856_p2       |         +|   0|  0|  12|           4|           2|
    |add_ln117_2_fu_1255_p2       |         +|   0|  0|  12|           4|           1|
    |add_ln117_3_fu_1269_p2       |         +|   0|  0|  12|           4|           1|
    |add_ln117_4_fu_1309_p2       |         +|   0|  0|  12|           4|           1|
    |add_ln117_5_fu_1329_p2       |         +|   0|  0|  12|           4|           2|
    |add_ln117_fu_1249_p2         |         +|   0|  0|  12|           4|           2|
    |add_ln118_1_fu_1393_p2       |         +|   0|  0|  13|           6|           6|
    |add_ln118_fu_2369_p2         |         +|   0|  0|  12|           4|           2|
    |add_ln119_10_fu_2069_p2      |         +|   0|  0|  16|           9|           9|
    |add_ln119_11_fu_2115_p2      |         +|   0|  0|  16|           9|           9|
    |add_ln119_1_fu_2232_p2       |         +|   0|  0|  17|          12|          12|
    |add_ln119_2_fu_2238_p2       |         +|   0|  0|  19|          12|          12|
    |add_ln119_3_fu_2266_p2       |         +|   0|  0|  19|          12|          12|
    |add_ln119_4_fu_2294_p2       |         +|   0|  0|  19|          12|          12|
    |add_ln119_5_fu_2318_p2       |         +|   0|  0|  19|          12|          12|
    |add_ln119_6_fu_1744_p2       |         +|   0|  0|  16|           9|           9|
    |add_ln119_7_fu_1791_p2       |         +|   0|  0|  16|           9|           9|
    |add_ln119_8_fu_1995_p2       |         +|   0|  0|  14|           7|           7|
    |add_ln119_9_fu_2012_p2       |         +|   0|  0|  19|          12|          12|
    |add_ln119_fu_2226_p2         |         +|   0|  0|  17|          12|           5|
    |add_ln120_10_fu_1980_p2      |         +|   0|  0|  12|           5|           3|
    |add_ln120_11_fu_2040_p2      |         +|   0|  0|  23|          16|           3|
    |add_ln120_12_fu_2150_p2      |         +|   0|  0|  12|           5|           3|
    |add_ln120_13_fu_2086_p2      |         +|   0|  0|  23|          16|           3|
    |add_ln120_14_fu_2172_p2      |         +|   0|  0|  12|           5|           3|
    |add_ln120_15_fu_2120_p2      |         +|   0|  0|  23|          16|           4|
    |add_ln120_16_fu_2341_p2      |         +|   0|  0|  12|           5|           4|
    |add_ln120_17_fu_1435_p2      |         +|   0|  0|  18|          11|          11|
    |add_ln120_1_fu_1478_p2       |         +|   0|  0|  23|          16|           1|
    |add_ln120_2_fu_1614_p2       |         +|   0|  0|  12|           5|           1|
    |add_ln120_3_fu_1629_p2       |         +|   0|  0|  23|          16|           2|
    |add_ln120_4_fu_1707_p2       |         +|   0|  0|  12|           5|           2|
    |add_ln120_5_fu_1658_p2       |         +|   0|  0|  23|          16|           2|
    |add_ln120_6_fu_1729_p2       |         +|   0|  0|  12|           5|           2|
    |add_ln120_7_fu_1762_p2       |         +|   0|  0|  23|          16|           3|
    |add_ln120_8_fu_1919_p2       |         +|   0|  0|  12|           5|           3|
    |add_ln120_9_fu_1809_p2       |         +|   0|  0|  23|          16|           3|
    |add_ln120_fu_1445_p2         |         +|   0|  0|  23|          16|          16|
    |add_ln125_1_fu_1530_p2       |         +|   0|  0|  13|           6|           6|
    |add_ln125_fu_1520_p2         |         +|   0|  0|  10|           5|           5|
    |sub_ln125_fu_1371_p2         |         -|   0|  0|  10|           5|           5|
    |and_ln110_fu_1295_p2         |       and|   0|  0|   2|           1|           1|
    |ap_predicate_pred566_state4  |       and|   0|  0|   2|           1|           1|
    |ap_predicate_pred570_state4  |       and|   0|  0|   2|           1|           1|
    |ap_predicate_pred574_state4  |       and|   0|  0|   2|           1|           1|
    |ap_predicate_pred578_state4  |       and|   0|  0|   2|           1|           1|
    |ap_predicate_pred582_state4  |       and|   0|  0|   2|           1|           1|
    |ap_predicate_pred586_state4  |       and|   0|  0|   2|           1|           1|
    |ap_predicate_pred590_state4  |       and|   0|  0|   2|           1|           1|
    |ap_predicate_pred594_state4  |       and|   0|  0|   2|           1|           1|
    |ap_predicate_pred619_state5  |       and|   0|  0|   2|           1|           1|
    |ap_predicate_pred623_state5  |       and|   0|  0|   2|           1|           1|
    |ap_predicate_pred627_state5  |       and|   0|  0|   2|           1|           1|
    |ap_predicate_pred631_state5  |       and|   0|  0|   2|           1|           1|
    |ap_predicate_pred635_state5  |       and|   0|  0|   2|           1|           1|
    |ap_predicate_pred639_state5  |       and|   0|  0|   2|           1|           1|
    |ap_predicate_pred643_state5  |       and|   0|  0|   2|           1|           1|
    |ap_predicate_pred647_state5  |       and|   0|  0|   2|           1|           1|
    |icmp_ln110_fu_1214_p2        |      icmp|   0|  0|  21|          13|          14|
    |icmp_ln111_fu_1235_p2        |      icmp|   0|  0|  18|          11|          10|
    |icmp_ln113_1_fu_1514_p2      |      icmp|   0|  0|  15|           7|           8|
    |icmp_ln113_fu_1289_p2        |      icmp|   0|  0|  15|           7|           8|
    |icmp_ln118_1_fu_2442_p2      |      icmp|   0|  0|   9|           2|           1|
    |icmp_ln118_fu_2417_p2        |      icmp|   0|  0|   9|           2|           1|
    |lshr_ln120_11_fu_2159_p2     |      lshr|   0|  0|  96|          32|          32|
    |lshr_ln120_13_fu_2181_p2     |      lshr|   0|  0|  96|          32|          32|
    |lshr_ln120_15_fu_2350_p2     |      lshr|   0|  0|  96|          32|          32|
    |lshr_ln120_1_fu_1623_p2      |      lshr|   0|  0|  96|          32|          32|
    |lshr_ln120_3_fu_1716_p2      |      lshr|   0|  0|  96|          32|          32|
    |lshr_ln120_5_fu_1738_p2      |      lshr|   0|  0|  96|          32|          32|
    |lshr_ln120_7_fu_1928_p2      |      lshr|   0|  0|  96|          32|          32|
    |lshr_ln120_9_fu_1989_p2      |      lshr|   0|  0|  96|          32|          32|
    |lshr_ln120_fu_1601_p2        |      lshr|   0|  0|  96|          32|          32|
    |empty_fu_1315_p2             |        or|   0|  0|   2|           1|           1|
    |or_ln118_1_fu_2396_p2        |        or|   0|  0|   4|           4|           4|
    |or_ln118_2_fu_2423_p2        |        or|   0|  0|   4|           4|           4|
    |or_ln118_3_fu_2641_p2        |        or|   0|  0|   4|           4|           4|
    |or_ln118_fu_2383_p2          |        or|   0|  0|   4|           4|           4|
    |acc_27_mid2_fu_2359_p3       |    select|   0|  0|  32|           1|           1|
    |acc_35_fu_2471_p3            |    select|   0|  0|  32|           1|          32|
    |acc_43_fu_2502_p3            |    select|   0|  0|  32|           1|          32|
    |acc_52_fu_2554_p3            |    select|   0|  0|  32|           1|          32|
    |acc_56_fu_2583_p3            |    select|   0|  0|  32|           1|          32|
    |acc_61_fu_2634_p3            |    select|   0|  0|  32|           1|          32|
    |acc_65_fu_2674_p3            |    select|   0|  0|  32|           1|          32|
    |acc_69_fu_2702_p3            |    select|   0|  0|  32|           1|          32|
    |acc_71_fu_2731_p3            |    select|   0|  0|  32|           1|          32|
    |add_ln117_2_mid2_fu_1335_p3  |    select|   0|  0|   4|           1|           4|
    |ci_1_mid2_fu_1321_p3         |    select|   0|  0|   7|           1|           1|
    |select_ln110_1_fu_1261_p3    |    select|   0|  0|   4|           1|           4|
    |select_ln110_2_fu_1275_p3    |    select|   0|  0|   4|           1|           1|
    |select_ln110_3_fu_1301_p3    |    select|   0|  0|   4|           1|           4|
    |select_ln110_fu_1241_p3      |    select|   0|  0|   4|           1|           1|
    |select_ln111_1_fu_1568_p3    |    select|   0|  0|  10|           1|           1|
    |select_ln111_fu_1343_p3      |    select|   0|  0|   4|           1|           4|
    |select_ln120_1_fu_1607_p3    |    select|   0|  0|  32|           1|          32|
    |select_ln120_2_fu_1700_p3    |    select|   0|  0|  32|           1|          32|
    |select_ln120_3_fu_1722_p3    |    select|   0|  0|  32|           1|          32|
    |select_ln120_4_fu_1912_p3    |    select|   0|  0|  32|           1|          32|
    |select_ln120_5_fu_1973_p3    |    select|   0|  0|  32|           1|          32|
    |select_ln120_6_fu_2143_p3    |    select|   0|  0|  32|           1|          32|
    |select_ln120_7_fu_2165_p3    |    select|   0|  0|  32|           1|          32|
    |select_ln120_8_fu_2334_p3    |    select|   0|  0|  32|           1|          32|
    |select_ln120_fu_1591_p3      |    select|   0|  0|  32|           1|          32|
    |select_ln121_1_fu_2488_p3    |    select|   0|  0|   2|           1|           2|
    |select_ln121_2_fu_2541_p3    |    select|   0|  0|   2|           1|           2|
    |select_ln121_3_fu_2569_p3    |    select|   0|  0|   2|           1|           2|
    |select_ln121_4_fu_2598_p3    |    select|   0|  0|   2|           1|           2|
    |select_ln121_5_fu_2620_p3    |    select|   0|  0|   2|           1|           2|
    |select_ln121_6_fu_2661_p3    |    select|   0|  0|   2|           1|           2|
    |select_ln121_7_fu_2688_p3    |    select|   0|  0|   2|           1|           2|
    |select_ln121_8_fu_2717_p3    |    select|   0|  0|   2|           1|           2|
    |select_ln121_fu_2457_p3      |    select|   0|  0|   2|           1|           2|
    |ap_enable_pp0                |       xor|   0|  0|   2|           1|           2|
    |xor_ln110_fu_1283_p2         |       xor|   0|  0|   2|           1|           2|
    |xor_ln121_1_fu_2482_p2       |       xor|   0|  0|   2|           1|           1|
    |xor_ln121_2_fu_2535_p2       |       xor|   0|  0|   2|           1|           1|
    |xor_ln121_3_fu_2563_p2       |       xor|   0|  0|   2|           1|           1|
    |xor_ln121_4_fu_2593_p2       |       xor|   0|  0|   2|           1|           1|
    |xor_ln121_5_fu_2615_p2       |       xor|   0|  0|   2|           1|           1|
    |xor_ln121_6_fu_2656_p2       |       xor|   0|  0|   2|           1|           1|
    |xor_ln121_7_fu_2683_p2       |       xor|   0|  0|   2|           1|           1|
    |xor_ln121_8_fu_2712_p2       |       xor|   0|  0|   2|           1|           1|
    |xor_ln121_fu_2451_p2         |       xor|   0|  0|   2|           1|           1|
    +-----------------------------+----------+----+---+----+------------+------------+
    |Total                        |          |   0|  0|2721|        1101|        1473|
    +-----------------------------+----------+----+---+----+------------+------------+

    * Multiplexer: 
    +--------------------------------------------------------------------------------------------+----+-----------+-----+-----------+
    |                                            Name                                            | LUT| Input Size| Bits| Total Bits|
    +--------------------------------------------------------------------------------------------+----+-----------+-----+-----------+
    |W3_0_address0_local                                                                         |  31|          6|   10|         60|
    |W3_0_address1_local                                                                         |  26|          5|   10|         50|
    |W3_1_address0_local                                                                         |  31|          6|   10|         60|
    |W3_1_address1_local                                                                         |  26|          5|   10|         50|
    |acc_27_fu_188                                                                               |   9|          2|   32|         64|
    |ap_NS_fsm                                                                                   |  31|          6|    1|          6|
    |ap_done_int                                                                                 |   9|          2|    1|          2|
    |ap_enable_reg_pp0_iter0                                                                     |   9|          2|    1|          2|
    |ap_enable_reg_pp0_iter1                                                                     |   9|          2|    1|          2|
    |bnn_top_int_const_unsigned_int_const_int_const_unsigned_int_const_int_co_10_address0_local  |  54|         10|    9|         90|
    |bnn_top_int_const_unsigned_int_const_int_const_unsigned_int_const_int_co_11_address0_local  |  54|         10|    9|         90|
    |bnn_top_int_const_unsigned_int_const_int_const_unsigned_int_const_int_co_12_address0_local  |  54|         10|    9|         90|
    |bnn_top_int_const_unsigned_int_const_int_const_unsigned_int_const_int_co_5_address0_local   |  54|         10|    9|         90|
    |bnn_top_int_const_unsigned_int_const_int_const_unsigned_int_const_int_co_6_address0_local   |  54|         10|    9|         90|
    |bnn_top_int_const_unsigned_int_const_int_const_unsigned_int_const_int_co_7_address0_local   |  54|         10|    9|         90|
    |bnn_top_int_const_unsigned_int_const_int_const_unsigned_int_const_int_co_8_address0_local   |  54|         10|    9|         90|
    |bnn_top_int_const_unsigned_int_const_int_const_unsigned_int_const_int_co_9_address0_local   |  54|         10|    9|         90|
    |ci_fu_192                                                                                   |   9|          2|    7|         14|
    |grp_fu_1061_p18                                                                             |  14|          3|    3|          9|
    |grp_fu_1100_p18                                                                             |  14|          3|    3|          9|
    |grp_fu_1139_p18                                                                             |  14|          3|    3|          9|
    |indvar_flatten43_fu_200                                                                     |   9|          2|   11|         22|
    |indvar_flatten59_fu_208                                                                     |   9|          2|   13|         26|
    |oh_fu_204                                                                                   |   9|          2|    4|          8|
    |ow_fu_196                                                                                   |   9|          2|    4|          8|
    +--------------------------------------------------------------------------------------------+----+-----------+-----+-----------+
    |Total                                                                                       | 700|        135|  196|       1121|
    +--------------------------------------------------------------------------------------------+----+-----------+-----+-----------+

    * Register: 
    +-----------------------------------------+----+----+-----+-----------+
    |                   Name                  | FF | LUT| Bits| Const Bits|
    +-----------------------------------------+----+----+-----+-----------+
    |a_10_reg_3157                            |   1|   0|    1|          0|
    |a_11_reg_3292                            |   1|   0|    1|          0|
    |a_12_reg_3302                            |   1|   0|    1|          0|
    |a_13_reg_3452                            |   1|   0|    1|          0|
    |a_9_reg_3147                             |   1|   0|    1|          0|
    |acc_27_fu_188                            |  32|   0|   32|          0|
    |acc_43_reg_3472                          |  32|   0|   32|          0|
    |acc_61_reg_3558                          |  32|   0|   32|          0|
    |add_ln117_1_reg_3134                     |   4|   0|    4|          0|
    |add_ln117_2_mid2_reg_2842                |   4|   0|    4|          0|
    |add_ln117_2_mid2_reg_2842_pp0_iter1_reg  |   4|   0|    4|          0|
    |add_ln119_11_reg_3277                    |   9|   0|    9|          0|
    |add_ln120_reg_2891                       |  16|   0|   16|          0|
    |ap_CS_fsm                                |   5|   0|    5|          0|
    |ap_done_reg                              |   1|   0|    1|          0|
    |ap_enable_reg_pp0_iter0_reg              |   1|   0|    1|          0|
    |ap_enable_reg_pp0_iter1                  |   1|   0|    1|          0|
    |ap_predicate_pred566_state4              |   1|   0|    1|          0|
    |ap_predicate_pred570_state4              |   1|   0|    1|          0|
    |ap_predicate_pred574_state4              |   1|   0|    1|          0|
    |ap_predicate_pred578_state4              |   1|   0|    1|          0|
    |ap_predicate_pred582_state4              |   1|   0|    1|          0|
    |ap_predicate_pred586_state4              |   1|   0|    1|          0|
    |ap_predicate_pred590_state4              |   1|   0|    1|          0|
    |ap_predicate_pred594_state4              |   1|   0|    1|          0|
    |ap_predicate_pred619_state5              |   1|   0|    1|          0|
    |ap_predicate_pred623_state5              |   1|   0|    1|          0|
    |ap_predicate_pred627_state5              |   1|   0|    1|          0|
    |ap_predicate_pred631_state5              |   1|   0|    1|          0|
    |ap_predicate_pred635_state5              |   1|   0|    1|          0|
    |ap_predicate_pred639_state5              |   1|   0|    1|          0|
    |ap_predicate_pred643_state5              |   1|   0|    1|          0|
    |ap_predicate_pred647_state5              |   1|   0|    1|          0|
    |ci_fu_192                                |   7|   0|    7|          0|
    |empty_reg_2837                           |   1|   0|    1|          0|
    |empty_reg_2837_pp0_iter1_reg             |   1|   0|    1|          0|
    |icmp_ln110_reg_2820                      |   1|   0|    1|          0|
    |icmp_ln113_1_reg_2945                    |   1|   0|    1|          0|
    |icmp_ln113_1_reg_2945_pp0_iter1_reg      |   1|   0|    1|          0|
    |icmp_ln118_1_reg_3467                    |   1|   0|    1|          0|
    |icmp_ln118_reg_3462                      |   1|   0|    1|          0|
    |indvar_flatten43_fu_200                  |  11|   0|   11|          0|
    |indvar_flatten59_fu_208                  |  13|   0|   13|          0|
    |lshr_ln119_3_reg_3442                    |   9|   0|    9|          0|
    |lshr_ln119_4_reg_3447                    |   9|   0|    9|          0|
    |lshr_ln120_11_reg_3297                   |  32|   0|   32|          0|
    |lshr_ln120_13_reg_3307                   |  32|   0|   32|          0|
    |lshr_ln120_14_reg_3282                   |  10|   0|   10|          0|
    |lshr_ln120_15_reg_3457                   |  32|   0|   32|          0|
    |lshr_ln120_1_reg_2964                    |  32|   0|   32|          0|
    |lshr_ln120_3_reg_3009                    |  32|   0|   32|          0|
    |lshr_ln120_5_reg_3014                    |  32|   0|   32|          0|
    |lshr_ln120_7_reg_3152                    |  32|   0|   32|          0|
    |lshr_ln120_9_reg_3162                    |  32|   0|   32|          0|
    |lshr_ln120_reg_2959                      |  32|   0|   32|          0|
    |oh_fu_204                                |   4|   0|    4|          0|
    |ow_fu_196                                |   4|   0|    4|          0|
    |select_ln110_1_reg_2824                  |   4|   0|    4|          0|
    |select_ln110_1_reg_2824_pp0_iter1_reg    |   4|   0|    4|          0|
    |select_ln110_3_reg_2831                  |   4|   0|    4|          0|
    |select_ln111_reg_2849                    |   4|   0|    4|          0|
    |shl_ln7_reg_3129                         |   3|   0|    6|          3|
    |shl_ln8_reg_3004                         |   6|   0|    9|          3|
    |tmp_55_reg_2863                          |   1|   0|    1|          0|
    |tmp_55_reg_2863_pp0_iter1_reg            |   1|   0|    1|          0|
    |tmp_59_reg_3141                          |   1|   0|    1|          0|
    |tmp_60_reg_2877                          |   1|   0|    1|          0|
    |tmp_60_reg_2877_pp0_iter1_reg            |   1|   0|    1|          0|
    |tmp_65_reg_2925                          |   1|   0|    1|          0|
    |tmp_66_reg_2940                          |   1|   0|    1|          0|
    |tmp_67_reg_2979                          |   1|   0|    1|          0|
    |tmp_68_reg_2994                          |   1|   0|    1|          0|
    |tmp_69_reg_3069                          |   1|   0|    1|          0|
    |tmp_70_reg_3124                          |   1|   0|    1|          0|
    |tmp_71_reg_3217                          |   1|   0|    1|          0|
    |tmp_72_reg_3272                          |   1|   0|    1|          0|
    |tmp_73_reg_3287                          |   1|   0|    1|          0|
    |tmp_74_reg_2954                          |   4|   0|    4|          0|
    |tmp_74_reg_2954_pp0_iter1_reg            |   4|   0|    4|          0|
    |trunc_ln111_reg_2868                     |   3|   0|    3|          0|
    |trunc_ln111_reg_2868_pp0_iter1_reg       |   3|   0|    3|          0|
    |trunc_ln119_reg_2883                     |   6|   0|    6|          0|
    |trunc_ln120_reg_2902                     |   5|   0|    5|          0|
    |trunc_ln125_reg_2856                     |   3|   0|    3|          0|
    |trunc_ln125_reg_2856_pp0_iter1_reg       |   3|   0|    3|          0|
    |zext_ln113_reg_2999                      |   1|   0|    9|          8|
    +-----------------------------------------+----+----+-----+-----------+
    |Total                                    | 595|   0|  609|         14|
    +-----------------------------------------+----+----+-----+-----------+



================================================================
== Interface
================================================================
* Summary: 
+--------------------------------------------------------------------------------------+-----+-----+------------+-----------------------------------------------------------------------------+--------------+
|                                       RTL Ports                                      | Dir | Bits|  Protocol  |                                Source Object                                |    C Type    |
+--------------------------------------------------------------------------------------+-----+-----+------------+-----------------------------------------------------------------------------+--------------+
|ap_clk                                                                                |   in|    1|  ap_ctrl_hs|       bnn_top_Pipeline_VITIS_LOOP_110_17_VITIS_LOOP_111_18_VITIS_LOOP_113_19|  return value|
|ap_rst                                                                                |   in|    1|  ap_ctrl_hs|       bnn_top_Pipeline_VITIS_LOOP_110_17_VITIS_LOOP_111_18_VITIS_LOOP_113_19|  return value|
|ap_start                                                                              |   in|    1|  ap_ctrl_hs|       bnn_top_Pipeline_VITIS_LOOP_110_17_VITIS_LOOP_111_18_VITIS_LOOP_113_19|  return value|
|ap_done                                                                               |  out|    1|  ap_ctrl_hs|       bnn_top_Pipeline_VITIS_LOOP_110_17_VITIS_LOOP_111_18_VITIS_LOOP_113_19|  return value|
|ap_idle                                                                               |  out|    1|  ap_ctrl_hs|       bnn_top_Pipeline_VITIS_LOOP_110_17_VITIS_LOOP_111_18_VITIS_LOOP_113_19|  return value|
|ap_ready                                                                              |  out|    1|  ap_ctrl_hs|       bnn_top_Pipeline_VITIS_LOOP_110_17_VITIS_LOOP_111_18_VITIS_LOOP_113_19|  return value|
|mul_ln110                                                                             |   in|   16|     ap_none|                                                                    mul_ln110|        scalar|
|W3_0_address0                                                                         |  out|   10|   ap_memory|                                                                         W3_0|         array|
|W3_0_ce0                                                                              |  out|    1|   ap_memory|                                                                         W3_0|         array|
|W3_0_q0                                                                               |   in|   32|   ap_memory|                                                                         W3_0|         array|
|W3_0_address1                                                                         |  out|   10|   ap_memory|                                                                         W3_0|         array|
|W3_0_ce1                                                                              |  out|    1|   ap_memory|                                                                         W3_0|         array|
|W3_0_q1                                                                               |   in|   32|   ap_memory|                                                                         W3_0|         array|
|W3_1_address0                                                                         |  out|   10|   ap_memory|                                                                         W3_1|         array|
|W3_1_ce0                                                                              |  out|    1|   ap_memory|                                                                         W3_1|         array|
|W3_1_q0                                                                               |   in|   32|   ap_memory|                                                                         W3_1|         array|
|W3_1_address1                                                                         |  out|   10|   ap_memory|                                                                         W3_1|         array|
|W3_1_ce1                                                                              |  out|    1|   ap_memory|                                                                         W3_1|         array|
|W3_1_q1                                                                               |   in|   32|   ap_memory|                                                                         W3_1|         array|
|bnn_top_int_const_unsigned_int_const_int_const_unsigned_int_const_int_co_4_address0   |  out|    8|   ap_memory|   bnn_top_int_const_unsigned_int_const_int_const_unsigned_int_const_int_co_4|         array|
|bnn_top_int_const_unsigned_int_const_int_const_unsigned_int_const_int_co_4_ce0        |  out|    1|   ap_memory|   bnn_top_int_const_unsigned_int_const_int_const_unsigned_int_const_int_co_4|         array|
|bnn_top_int_const_unsigned_int_const_int_const_unsigned_int_const_int_co_4_we0        |  out|    1|   ap_memory|   bnn_top_int_const_unsigned_int_const_int_const_unsigned_int_const_int_co_4|         array|
|bnn_top_int_const_unsigned_int_const_int_const_unsigned_int_const_int_co_4_d0         |  out|   32|   ap_memory|   bnn_top_int_const_unsigned_int_const_int_const_unsigned_int_const_int_co_4|         array|
|bnn_top_int_const_unsigned_int_const_int_const_unsigned_int_const_int_co_12_address0  |  out|    9|   ap_memory|  bnn_top_int_const_unsigned_int_const_int_const_unsigned_int_const_int_co_12|         array|
|bnn_top_int_const_unsigned_int_const_int_const_unsigned_int_const_int_co_12_ce0       |  out|    1|   ap_memory|  bnn_top_int_const_unsigned_int_const_int_const_unsigned_int_const_int_co_12|         array|
|bnn_top_int_const_unsigned_int_const_int_const_unsigned_int_const_int_co_12_q0        |   in|    1|   ap_memory|  bnn_top_int_const_unsigned_int_const_int_const_unsigned_int_const_int_co_12|         array|
|bnn_top_int_const_unsigned_int_const_int_const_unsigned_int_const_int_co_6_address0   |  out|    9|   ap_memory|   bnn_top_int_const_unsigned_int_const_int_const_unsigned_int_const_int_co_6|         array|
|bnn_top_int_const_unsigned_int_const_int_const_unsigned_int_const_int_co_6_ce0        |  out|    1|   ap_memory|   bnn_top_int_const_unsigned_int_const_int_const_unsigned_int_const_int_co_6|         array|
|bnn_top_int_const_unsigned_int_const_int_const_unsigned_int_const_int_co_6_q0         |   in|    1|   ap_memory|   bnn_top_int_const_unsigned_int_const_int_const_unsigned_int_const_int_co_6|         array|
|bnn_top_int_const_unsigned_int_const_int_const_unsigned_int_const_int_co_5_address0   |  out|    9|   ap_memory|   bnn_top_int_const_unsigned_int_const_int_const_unsigned_int_const_int_co_5|         array|
|bnn_top_int_const_unsigned_int_const_int_const_unsigned_int_const_int_co_5_ce0        |  out|    1|   ap_memory|   bnn_top_int_const_unsigned_int_const_int_const_unsigned_int_const_int_co_5|         array|
|bnn_top_int_const_unsigned_int_const_int_const_unsigned_int_const_int_co_5_q0         |   in|    1|   ap_memory|   bnn_top_int_const_unsigned_int_const_int_const_unsigned_int_const_int_co_5|         array|
|bnn_top_int_const_unsigned_int_const_int_const_unsigned_int_const_int_co_11_address0  |  out|    9|   ap_memory|  bnn_top_int_const_unsigned_int_const_int_const_unsigned_int_const_int_co_11|         array|
|bnn_top_int_const_unsigned_int_const_int_const_unsigned_int_const_int_co_11_ce0       |  out|    1|   ap_memory|  bnn_top_int_const_unsigned_int_const_int_const_unsigned_int_const_int_co_11|         array|
|bnn_top_int_const_unsigned_int_const_int_const_unsigned_int_const_int_co_11_q0        |   in|    1|   ap_memory|  bnn_top_int_const_unsigned_int_const_int_const_unsigned_int_const_int_co_11|         array|
|bnn_top_int_const_unsigned_int_const_int_const_unsigned_int_const_int_co_10_address0  |  out|    9|   ap_memory|  bnn_top_int_const_unsigned_int_const_int_const_unsigned_int_const_int_co_10|         array|
|bnn_top_int_const_unsigned_int_const_int_const_unsigned_int_const_int_co_10_ce0       |  out|    1|   ap_memory|  bnn_top_int_const_unsigned_int_const_int_const_unsigned_int_const_int_co_10|         array|
|bnn_top_int_const_unsigned_int_const_int_const_unsigned_int_const_int_co_10_q0        |   in|    1|   ap_memory|  bnn_top_int_const_unsigned_int_const_int_const_unsigned_int_const_int_co_10|         array|
|bnn_top_int_const_unsigned_int_const_int_const_unsigned_int_const_int_co_9_address0   |  out|    9|   ap_memory|   bnn_top_int_const_unsigned_int_const_int_const_unsigned_int_const_int_co_9|         array|
|bnn_top_int_const_unsigned_int_const_int_const_unsigned_int_const_int_co_9_ce0        |  out|    1|   ap_memory|   bnn_top_int_const_unsigned_int_const_int_const_unsigned_int_const_int_co_9|         array|
|bnn_top_int_const_unsigned_int_const_int_const_unsigned_int_const_int_co_9_q0         |   in|    1|   ap_memory|   bnn_top_int_const_unsigned_int_const_int_const_unsigned_int_const_int_co_9|         array|
|bnn_top_int_const_unsigned_int_const_int_const_unsigned_int_const_int_co_8_address0   |  out|    9|   ap_memory|   bnn_top_int_const_unsigned_int_const_int_const_unsigned_int_const_int_co_8|         array|
|bnn_top_int_const_unsigned_int_const_int_const_unsigned_int_const_int_co_8_ce0        |  out|    1|   ap_memory|   bnn_top_int_const_unsigned_int_const_int_const_unsigned_int_const_int_co_8|         array|
|bnn_top_int_const_unsigned_int_const_int_const_unsigned_int_const_int_co_8_q0         |   in|    1|   ap_memory|   bnn_top_int_const_unsigned_int_const_int_const_unsigned_int_const_int_co_8|         array|
|bnn_top_int_const_unsigned_int_const_int_const_unsigned_int_const_int_co_7_address0   |  out|    9|   ap_memory|   bnn_top_int_const_unsigned_int_const_int_const_unsigned_int_const_int_co_7|         array|
|bnn_top_int_const_unsigned_int_const_int_const_unsigned_int_const_int_co_7_ce0        |  out|    1|   ap_memory|   bnn_top_int_const_unsigned_int_const_int_const_unsigned_int_const_int_co_7|         array|
|bnn_top_int_const_unsigned_int_const_int_const_unsigned_int_const_int_co_7_q0         |   in|    1|   ap_memory|   bnn_top_int_const_unsigned_int_const_int_const_unsigned_int_const_int_co_7|         array|
|bnn_top_int_const_unsigned_int_const_int_const_unsigned_int_const_int_co_3_address0   |  out|    8|   ap_memory|   bnn_top_int_const_unsigned_int_const_int_const_unsigned_int_const_int_co_3|         array|
|bnn_top_int_const_unsigned_int_const_int_const_unsigned_int_const_int_co_3_ce0        |  out|    1|   ap_memory|   bnn_top_int_const_unsigned_int_const_int_const_unsigned_int_const_int_co_3|         array|
|bnn_top_int_const_unsigned_int_const_int_const_unsigned_int_const_int_co_3_we0        |  out|    1|   ap_memory|   bnn_top_int_const_unsigned_int_const_int_const_unsigned_int_const_int_co_3|         array|
|bnn_top_int_const_unsigned_int_const_int_const_unsigned_int_const_int_co_3_d0         |  out|   32|   ap_memory|   bnn_top_int_const_unsigned_int_const_int_const_unsigned_int_const_int_co_3|         array|
|bnn_top_int_const_unsigned_int_const_int_const_unsigned_int_const_int_co_2_address0   |  out|    8|   ap_memory|   bnn_top_int_const_unsigned_int_const_int_const_unsigned_int_const_int_co_2|         array|
|bnn_top_int_const_unsigned_int_const_int_const_unsigned_int_const_int_co_2_ce0        |  out|    1|   ap_memory|   bnn_top_int_const_unsigned_int_const_int_const_unsigned_int_const_int_co_2|         array|
|bnn_top_int_const_unsigned_int_const_int_const_unsigned_int_const_int_co_2_we0        |  out|    1|   ap_memory|   bnn_top_int_const_unsigned_int_const_int_const_unsigned_int_const_int_co_2|         array|
|bnn_top_int_const_unsigned_int_const_int_const_unsigned_int_const_int_co_2_d0         |  out|   32|   ap_memory|   bnn_top_int_const_unsigned_int_const_int_const_unsigned_int_const_int_co_2|         array|
|bnn_top_int_const_unsigned_int_const_int_const_unsigned_int_const_int_co_1_address0   |  out|    8|   ap_memory|   bnn_top_int_const_unsigned_int_const_int_const_unsigned_int_const_int_co_1|         array|
|bnn_top_int_const_unsigned_int_const_int_const_unsigned_int_const_int_co_1_ce0        |  out|    1|   ap_memory|   bnn_top_int_const_unsigned_int_const_int_const_unsigned_int_const_int_co_1|         array|
|bnn_top_int_const_unsigned_int_const_int_const_unsigned_int_const_int_co_1_we0        |  out|    1|   ap_memory|   bnn_top_int_const_unsigned_int_const_int_const_unsigned_int_const_int_co_1|         array|
|bnn_top_int_const_unsigned_int_const_int_const_unsigned_int_const_int_co_1_d0         |  out|   32|   ap_memory|   bnn_top_int_const_unsigned_int_const_int_const_unsigned_int_const_int_co_1|         array|
|bnn_top_int_const_unsigned_int_const_int_const_unsigned_int_const_int_co_address0     |  out|    8|   ap_memory|     bnn_top_int_const_unsigned_int_const_int_const_unsigned_int_const_int_co|         array|
|bnn_top_int_const_unsigned_int_const_int_const_unsigned_int_const_int_co_ce0          |  out|    1|   ap_memory|     bnn_top_int_const_unsigned_int_const_int_const_unsigned_int_const_int_co|         array|
|bnn_top_int_const_unsigned_int_const_int_const_unsigned_int_const_int_co_we0          |  out|    1|   ap_memory|     bnn_top_int_const_unsigned_int_const_int_const_unsigned_int_const_int_co|         array|
|bnn_top_int_const_unsigned_int_const_int_const_unsigned_int_const_int_co_d0           |  out|   32|   ap_memory|     bnn_top_int_const_unsigned_int_const_int_const_unsigned_int_const_int_co|         array|
+--------------------------------------------------------------------------------------+-----+-----+------------+-----------------------------------------------------------------------------+--------------+

