

================================================================
== Synthesis Summary Report of 'mini_top'
================================================================
+ General Information: 
    * Date:           Tue Aug 18 13:56:09 2026
    * Version:        2025.2 (Build 6295257 on Nov 12 2025)
    * Project:        mini_hls
    * Solution:       sol1 (Vivado IP Flow Target)
    * Product family: zynquplus
    * Target device:  xczu7ev-ffvc1156-2-e
    

* Performance & Resource Estimates: 
+-------------------+------+---------------+----------+---------+------+----------+---------+---------+------+------+----+----------+-----------+-----+
|      Modules      | Issue|               | Iteration|         | Trip |          |      Latency      |      |      |    |          |           |     |
|      & Loops      | Type | Violation Type|  Latency | Interval| Count| Pipelined| (cycles)|   (ns)  | Slack| BRAM | DSP|    FF    |    LUT    | URAM|
+-------------------+------+---------------+----------+---------+------+----------+---------+---------+------+------+----+----------+-----------+-----+
|+ mini_top         |     -|              -|         -|        8|     -|    rewind|       10|  100.000|  5.77|     -|   -|  40 (~0%)|  108 (~0%)|    -|
| o VITIS_LOOP_5_1  |     -|              -|         2|        1|     8|       yes|        8|   80.000|  7.30|     -|   -|         -|          -|    -|
+-------------------+------+---------------+----------+---------+------+----------+---------+---------+------+------+----+----------+-----------+-----+
    Name Prefix: '+' for module, 'o' for loop, '*' for dataflow


================================================================
== HW Interfaces
================================================================
* AP_MEMORY
+------------+-----------+----------+
| Port       | Direction | Bitwidth |
+------------+-----------+----------+
| a_address0 | out       | 3        |
| a_q0       | in        | 32       |
+------------+-----------+----------+

* Other Ports
+------+--------+-----------+----------+
| Port | Mode   | Direction | Bitwidth |
+------+--------+-----------+----------+
| s    | ap_vld | out       | 32       |
+------+--------+-----------+----------+

* TOP LEVEL CONTROL
+-----------+------------+-----------------------------------+
| Interface | Type       | Ports                             |
+-----------+------------+-----------------------------------+
| ap_clk    | clock      | ap_clk                            |
| ap_rst    | reset      | ap_rst                            |
| ap_ctrl   | ap_ctrl_hs | ap_done ap_idle ap_ready ap_start |
+-----------+------------+-----------------------------------+


================================================================
== SW I/O Information
================================================================
* Top Function Arguments
+----------+-----------+-------------+
| Argument | Direction | Datatype    |
+----------+-----------+-------------+
| a        | in        | int const * |
| s        | out       | int&        |
+----------+-----------+-------------+

* SW-to-HW Mapping
+----------+--------------+---------+----------+
| Argument | HW Interface | HW Type | HW Usage |
+----------+--------------+---------+----------+
| a        | a_address0   | port    | offset   |
| a        | a_ce0        | port    |          |
| a        | a_q0         | port    |          |
| s        | s            | port    |          |
| s        | s_ap_vld     | port    |          |
+----------+--------------+---------+----------+


================================================================
== Bind Op Report
================================================================
+---------------------+-----+--------+----------+-------+--------+---------+
| Name                | DSP | Pragma | Variable | Op    | Impl   | Latency |
+---------------------+-----+--------+----------+-------+--------+---------+
| + mini_top          | 0   |        |          |       |        |         |
|   t_3_fu_110_p2     |     |        | t_3      | add   | fabric | 0       |
|   i_3_fu_90_p2      |     |        | i_3      | add   | fabric | 0       |
|   icmp_ln5_fu_96_p2 |     |        | icmp_ln5 | seteq | auto   | 0       |
+---------------------+-----+--------+----------+-------+--------+---------+


================================================================
== Storage Report
================================================================
  No bind storage info in design

================================================================
== Pragma Report
================================================================
* Inferred Pragmas
+----------+---------+--------------------------------------------------------------+-------------------------------+
| Type     | Options | Location                                                     | Inferred From                 |
+----------+---------+--------------------------------------------------------------+-------------------------------+
| PIPELINE |         | loop VITIS_LOOP_5_1 (mini.cpp:5:21) in mini_top (mini.cpp:5) | syn.compile.pipeline_loops=64 |
+----------+---------+--------------------------------------------------------------+-------------------------------+


