

================================================================
== Vitis HLS Report for 'hdr_top'
================================================================
* Date:           Tue Aug 18 15:31:38 2026

* Version:        2025.2 (Build 6295257 on Nov 12 2025)
* Project:        hdr_small_hls
* Solution:       sol1 (Vivado IP Flow Target)
* Product family: zynquplus
* Target device:  xczu7ev-ffvc1156-2-e


================================================================
== Performance Estimates
================================================================
+ Timing: 
    * Summary: 
    +--------+----------+----------+------------+
    |  Clock |  Target  | Estimated| Uncertainty|
    +--------+----------+----------+------------+
    |ap_clk  |  10.00 ns|  1.693 ns|     2.70 ns|
    +--------+----------+----------+------------+

+ Latency: 
    * Summary: 
    +---------+---------+-----------+-----------+-----+-----+---------+
    |  Latency (cycles) |   Latency (absolute)  |  Interval | Pipeline|
    |   min   |   max   |    min    |    max    | min | max |   Type  |
    +---------+---------+-----------+-----------+-----+-----+---------+
    |        1|        1|  10.000 ns|  10.000 ns|    2|    2|       no|
    +---------+---------+-----------+-----------+-----+-----+---------+

    + Detail: 
        * Instance: 
        N/A

        * Loop: 
        N/A

============================================================
+ Verbose Summary: Synthesis Manager
============================================================
InlineROM: 1
ExposeGlobal: 0
============================================================
+ Verbose Summary: CDFG Model
============================================================
IsTopModel: 1
ResetActiveHigh: 1
IsCombinational: 0
IsDatapathOnly: 0
HasWiredReturn: 1
HasMFsm: 0
HasVarLatency: 1
IsPipeline: 0
IsRtlPipelined: 0
IsInstanceOverlapped: 0
IsDontTouch: 0
HasImplIP: 0
IsGatedGlobalClock: 0


============================================================
+ Verbose Summary: Schedule
============================================================
* Number of FSM states : 2
* Pipeline : 0
* Dataflow Pipeline: 0

* FSM state transitions: 
1 --> 2 
2 --> 

* FSM state operations: 

State 1 <SV = 0> <Delay = 0.67>
ST_1 : Operation 3 [1/1] (0.00ns)   --->   "%idx_read = read i32 @_ssdm_op_Read.ap_auto.i32, i32 %idx" [test_hdr_small.cpp:10]   --->   Operation 3 'read' 'idx_read' <Predicate = true> <Delay = 0.00>
ST_1 : Operation 4 [1/1] (0.00ns)   --->   "%trunc_ln10 = trunc i32 %idx_read" [test_hdr_small.cpp:10]   --->   Operation 4 'trunc' 'trunc_ln10' <Predicate = true> <Delay = 0.00>
ST_1 : Operation 5 [1/1] (0.00ns)   --->   "%trunc_ln10_1 = trunc i32 %idx_read" [test_hdr_small.cpp:10]   --->   Operation 5 'trunc' 'trunc_ln10_1' <Predicate = true> <Delay = 0.00>
ST_1 : Operation 6 [1/1] (0.00ns)   --->   "%zext_ln11 = zext i3 %trunc_ln10_1" [test_hdr_small.cpp:11]   --->   Operation 6 'zext' 'zext_ln11' <Predicate = true> <Delay = 0.00>
ST_1 : Operation 7 [1/1] (0.00ns)   --->   "%W1_addr = getelementptr i32 %W1, i64 0, i64 %zext_ln11" [test_hdr_small.cpp:11]   --->   Operation 7 'getelementptr' 'W1_addr' <Predicate = true> <Delay = 0.00>
ST_1 : Operation 8 [2/2] (0.67ns)   --->   "%W1_load = load i4 %W1_addr" [test_hdr_small.cpp:11]   --->   Operation 8 'load' 'W1_load' <Predicate = true> <Delay = 0.67> <CoreInst = "ROM">   --->   Core 100 'ROM' <Latency = 1> <II = 1> <Delay = 0.67> <Storage> <Opcode : 'load'> <Ports = 0> <Width = 32> <Depth = 9> <ROM>
ST_1 : Operation 9 [1/1] (0.00ns)   --->   "%zext_ln11_1 = zext i5 %trunc_ln10" [test_hdr_small.cpp:11]   --->   Operation 9 'zext' 'zext_ln11_1' <Predicate = true> <Delay = 0.00>
ST_1 : Operation 10 [1/1] (0.00ns)   --->   "%TAU1_addr = getelementptr i18 %TAU1, i64 0, i64 %zext_ln11_1" [test_hdr_small.cpp:11]   --->   Operation 10 'getelementptr' 'TAU1_addr' <Predicate = true> <Delay = 0.00>
ST_1 : Operation 11 [2/2] (0.67ns)   --->   "%TAU1_load = load i5 %TAU1_addr" [test_hdr_small.cpp:11]   --->   Operation 11 'load' 'TAU1_load' <Predicate = true> <Delay = 0.67> <CoreInst = "ROM">   --->   Core 100 'ROM' <Latency = 1> <II = 1> <Delay = 0.67> <Storage> <Opcode : 'load'> <Ports = 0> <Width = 18> <Depth = 32> <ROM>

State 2 <SV = 1> <Delay = 1.69>
ST_2 : Operation 12 [1/1] (0.00ns)   --->   "%spectopmodule_ln10 = spectopmodule void @_ssdm_op_SpecTopModule, void @empty_1" [test_hdr_small.cpp:10]   --->   Operation 12 'spectopmodule' 'spectopmodule_ln10' <Predicate = true> <Delay = 0.00>
ST_2 : Operation 13 [1/1] (0.00ns)   --->   "%specbitsmap_ln0 = specbitsmap void @_ssdm_op_SpecBitsMap, i32 %idx"   --->   Operation 13 'specbitsmap' 'specbitsmap_ln0' <Predicate = true> <Delay = 0.00>
ST_2 : Operation 14 [1/1] (0.00ns)   --->   "%specinterface_ln0 = specinterface void @_ssdm_op_SpecInterface, i32 %idx, void @empty, i32 0, i32 0, void @empty_0, i32 0, i32 0, void @empty_0, void @empty_0, void @empty_0, i32 0, i32 0, i32 0, i32 0, void @empty_0, void @empty_0, i32 4294967295, i32 0, i32 0, i32 0"   --->   Operation 14 'specinterface' 'specinterface_ln0' <Predicate = true> <Delay = 0.00>
ST_2 : Operation 15 [1/1] (0.00ns)   --->   "%specbitsmap_ln0 = specbitsmap void @_ssdm_op_SpecBitsMap, i32 %s"   --->   Operation 15 'specbitsmap' 'specbitsmap_ln0' <Predicate = true> <Delay = 0.00>
ST_2 : Operation 16 [1/1] (0.00ns)   --->   "%specinterface_ln0 = specinterface void @_ssdm_op_SpecInterface, i32 %s, void @empty, i32 0, i32 0, void @empty_0, i32 0, i32 0, void @empty_0, void @empty_0, void @empty_0, i32 0, i32 0, i32 0, i32 0, void @empty_0, void @empty_0, i32 4294967295, i32 0, i32 0, i32 0"   --->   Operation 16 'specinterface' 'specinterface_ln0' <Predicate = true> <Delay = 0.00>
ST_2 : Operation 17 [1/2] ( I:0.67ns O:0.67ns )   --->   "%W1_load = load i4 %W1_addr" [test_hdr_small.cpp:11]   --->   Operation 17 'load' 'W1_load' <Predicate = true> <Delay = 0.67> <CoreInst = "ROM">   --->   Core 100 'ROM' <Latency = 1> <II = 1> <Delay = 0.67> <Storage> <Opcode : 'load'> <Ports = 0> <Width = 32> <Depth = 9> <ROM>
ST_2 : Operation 18 [1/2] ( I:0.67ns O:0.67ns )   --->   "%TAU1_load = load i5 %TAU1_addr" [test_hdr_small.cpp:11]   --->   Operation 18 'load' 'TAU1_load' <Predicate = true> <Delay = 0.67> <CoreInst = "ROM">   --->   Core 100 'ROM' <Latency = 1> <II = 1> <Delay = 0.67> <Storage> <Opcode : 'load'> <Ports = 0> <Width = 18> <Depth = 32> <ROM>
ST_2 : Operation 19 [1/1] (0.00ns)   --->   "%sext_ln11 = sext i18 %TAU1_load" [test_hdr_small.cpp:11]   --->   Operation 19 'sext' 'sext_ln11' <Predicate = true> <Delay = 0.00>
ST_2 : Operation 20 [1/1] (1.01ns)   --->   "%add_ln11 = add i32 %sext_ln11, i32 %W1_load" [test_hdr_small.cpp:11]   --->   Operation 20 'add' 'add_ln11' <Predicate = true> <Delay = 1.01> <CoreInst = "Adder">   --->   Core 1 'Adder' <Latency = 0> <II = 1> <Delay = 1.01> <FuncUnit> <Opcode : 'add' 'sub'> <InPorts = 2> <OutPorts = 1>
ST_2 : Operation 21 [1/1] (0.00ns)   --->   "%write_ln11 = write void @_ssdm_op_Write.ap_auto.i32P0A, i32 %s, i32 %add_ln11" [test_hdr_small.cpp:11]   --->   Operation 21 'write' 'write_ln11' <Predicate = true> <Delay = 0.00>
ST_2 : Operation 22 [1/1] (0.00ns)   --->   "%ret_ln12 = ret" [test_hdr_small.cpp:12]   --->   Operation 22 'ret' 'ret_ln12' <Predicate = true> <Delay = 0.00>


============================================================
+ Verbose Summary: Timing violations
============================================================
Target clock period: 10.000ns, clock uncertainty: 2.700ns.

 <State 1>: 0.677ns
The critical path consists of the following:
	wire read operation ('idx', test_hdr_small.cpp:10) on port 'idx' (test_hdr_small.cpp:10) [5]  (0.000 ns)
	'getelementptr' operation 4 bit ('W1_addr', test_hdr_small.cpp:11) [14]  (0.000 ns)
	'load' operation 32 bit ('W1_load', test_hdr_small.cpp:11) on array 'W1' [15]  (0.677 ns)

 <State 2>: 1.693ns
The critical path consists of the following:
	'load' operation 32 bit ('W1_load', test_hdr_small.cpp:11) on array 'W1' [15]  (0.677 ns)
	'add' operation 32 bit ('add_ln11', test_hdr_small.cpp:11) [20]  (1.016 ns)


============================================================
+ Verbose Summary: Binding
============================================================
N/A
* FSMD analyzer results:
  - Output states:
 - Input state : 
  - Chain level:
	State 1
	State 2


============================================================
+ Verbose Summary: Datapath Resource usage 
============================================================
N/A
