

================================================================
== Vitis HLS Report for 'hdr_top'
================================================================
* Date:           Tue Aug 18 15:31:39 2026

* Version:        2025.2 (Build 6295257 on Nov 12 2025)
* Project:        hdr_small_hls
* Solution:       sol1 (Vivado IP Flow Target)
* Product family: zynquplus
* Target device:  xczu7ev-ffvc1156-2-e


================================================================
== Performance Estimates
================================================================
+ Timing: 
    * Summary: 
    +--------+----------+----------+------------+
    |  Clock |  Target  | Estimated| Uncertainty|
    +--------+----------+----------+------------+
    |ap_clk  |  10.00 ns|  1.693 ns|     2.70 ns|
    +--------+----------+----------+------------+

+ Latency: 
    * Summary: 
    +---------+---------+-----------+-----------+-----+-----+---------+
    |  Latency (cycles) |   Latency (absolute)  |  Interval | Pipeline|
    |   min   |   max   |    min    |    max    | min | max |   Type  |
    +---------+---------+-----------+-----------+-----+-----+---------+
    |        1|        1|  10.000 ns|  10.000 ns|    2|    2|       no|
    +---------+---------+-----------+-----------+-----+-----+---------+

    + Detail: 
        * Instance: 
        N/A

        * Loop: 
        N/A

============================================================
+ Verbose Summary: Synthesis Manager
============================================================
InlineROM: 1
ExposeGlobal: 0
============================================================
+ Verbose Summary: CDFG Model
============================================================
IsTopModel: 1
ResetActiveHigh: 1
IsCombinational: 0
IsDatapathOnly: 0
HasWiredReturn: 1
HasMFsm: 0
HasVarLatency: 1
IsPipeline: 0
IsRtlPipelined: 0
IsInstanceOverlapped: 0
IsDontTouch: 0
HasImplIP: 0
IsGatedGlobalClock: 0


============================================================
+ Verbose Summary: Schedule
============================================================
* Number of FSM states : 2
* Pipeline : 0
* Dataflow Pipeline: 0

* FSM state transitions: 
1 --> 2 
2 --> 

* FSM state operations: 

State 1 <SV = 0> <Delay = 0.67>
ST_1 : Operation 3 [1/1] (0.00ns)   --->   "%idx_read = read i32 @_ssdm_op_Read.ap_auto.i32, i32 %idx" [test_hdr_small.cpp:10]   --->   Operation 3 'read' 'idx_read' <Predicate = true> <Delay = 0.00>
ST_1 : Operation 4 [1/1] (0.00ns)   --->   "%trunc_ln10 = trunc i32 %idx_read" [test_hdr_small.cpp:10]   --->   Operation 4 'trunc' 'trunc_ln10' <Predicate = true> <Delay = 0.00>
ST_1 : Operation 5 [1/1] (0.00ns)   --->   "%trunc_ln10_1 = trunc i32 %idx_read" [test_hdr_small.cpp:10]   --->   Operation 5 'trunc' 'trunc_ln10_1' <Predicate = true> <Delay = 0.00>
ST_1 : Operation 6 [1/1] (0.00ns)   --->   "%zext_ln11 = zext i3 %trunc_ln10_1" [test_hdr_small.cpp:11]   --->   Operation 6 'zext' 'zext_ln11' <Predicate = true> <Delay = 0.00>
ST_1 : Operation 7 [1/1] (0.00ns)   --->   "%W1_addr = getelementptr i32 %W1, i64 0, i64 %zext_ln11" [test_hdr_small.cpp:11]   --->   Operation 7 'getelementptr' 'W1_addr' <Predicate = true> <Delay = 0.00>
ST_1 : Operation 8 [2/2] (0.67ns)   --->   "%W1_load = load i4 %W1_addr" [test_hdr_small.cpp:11]   --->   Operation 8 'load' 'W1_load' <Predicate = true> <Delay = 0.67> <CoreInst = "ROM">   --->   Core 100 'ROM' <Latency = 1> <II = 1> <Delay = 0.67> <Storage> <Opcode : 'load'> <Ports = 0> <Width = 32> <Depth = 9> <ROM>
ST_1 : Operation 9 [1/1] (0.00ns)   --->   "%zext_ln11_1 = zext i5 %trunc_ln10" [test_hdr_small.cpp:11]   --->   Operation 9 'zext' 'zext_ln11_1' <Predicate = true> <Delay = 0.00>
ST_1 : Operation 10 [1/1] (0.00ns)   --->   "%TAU1_addr = getelementptr i18 %TAU1, i64 0, i64 %zext_ln11_1" [test_hdr_small.cpp:11]   --->   Operation 10 'getelementptr' 'TAU1_addr' <Predicate = true> <Delay = 0.00>
ST_1 : Operation 11 [2/2] (0.67ns)   --->   "%TAU1_load = load i5 %TAU1_addr" [test_hdr_small.cpp:11]   --->   Operation 11 'load' 'TAU1_load' <Predicate = true> <Delay = 0.67> <CoreInst = "ROM">   --->   Core 100 'ROM' <Latency = 1> <II = 1> <Delay = 0.67> <Storage> <Opcode : 'load'> <Ports = 0> <Width = 18> <Depth = 32> <ROM>

State 2 <SV = 1> <Delay = 1.69>
ST_2 : Operation 12 [1/1] (0.00ns)   --->   "%spectopmodule_ln10 = spectopmodule void @_ssdm_op_SpecTopModule, void @empty_1" [test_hdr_small.cpp:10]   --->   Operation 12 'spectopmodule' 'spectopmodule_ln10' <Predicate = true> <Delay = 0.00>
ST_2 : Operation 13 [1/1] (0.00ns)   --->   "%specbitsmap_ln0 = specbitsmap void @_ssdm_op_SpecBitsMap, i32 %idx"   --->   Operation 13 'specbitsmap' 'specbitsmap_ln0' <Predicate = true> <Delay = 0.00>
ST_2 : Operation 14 [1/1] (0.00ns)   --->   "%specinterface_ln0 = specinterface void @_ssdm_op_SpecInterface, i32 %idx, void @empty, i32 0, i32 0, void @empty_0, i32 0, i32 0, void @empty_0, void @empty_0, void @empty_0, i32 0, i32 0, i32 0, i32 0, void @empty_0, void @empty_0, i32 4294967295, i32 0, i32 0, i32 0"   --->   Operation 14 'specinterface' 'specinterface_ln0' <Predicate = true> <Delay = 0.00>
ST_2 : Operation 15 [1/1] (0.00ns)   --->   "%specbitsmap_ln0 = specbitsmap void @_ssdm_op_SpecBitsMap, i32 %s"   --->   Operation 15 'specbitsmap' 'specbitsmap_ln0' <Predicate = true> <Delay = 0.00>
ST_2 : Operation 16 [1/1] (0.00ns)   --->   "%specinterface_ln0 = specinterface void @_ssdm_op_SpecInterface, i32 %s, void @empty, i32 0, i32 0, void @empty_0, i32 0, i32 0, void @empty_0, void @empty_0, void @empty_0, i32 0, i32 0, i32 0, i32 0, void @empty_0, void @empty_0, i32 4294967295, i32 0, i32 0, i32 0"   --->   Operation 16 'specinterface' 'specinterface_ln0' <Predicate = true> <Delay = 0.00>
ST_2 : Operation 17 [1/2] ( I:0.67ns O:0.67ns )   --->   "%W1_load = load i4 %W1_addr" [test_hdr_small.cpp:11]   --->   Operation 17 'load' 'W1_load' <Predicate = true> <Delay = 0.67> <CoreInst = "ROM">   --->   Core 100 'ROM' <Latency = 1> <II = 1> <Delay = 0.67> <Storage> <Opcode : 'load'> <Ports = 0> <Width = 32> <Depth = 9> <ROM>
ST_2 : Operation 18 [1/2] ( I:0.67ns O:0.67ns )   --->   "%TAU1_load = load i5 %TAU1_addr" [test_hdr_small.cpp:11]   --->   Operation 18 'load' 'TAU1_load' <Predicate = true> <Delay = 0.67> <CoreInst = "ROM">   --->   Core 100 'ROM' <Latency = 1> <II = 1> <Delay = 0.67> <Storage> <Opcode : 'load'> <Ports = 0> <Width = 18> <Depth = 32> <ROM>
ST_2 : Operation 19 [1/1] (0.00ns)   --->   "%sext_ln11 = sext i18 %TAU1_load" [test_hdr_small.cpp:11]   --->   Operation 19 'sext' 'sext_ln11' <Predicate = true> <Delay = 0.00>
ST_2 : Operation 20 [1/1] (1.01ns)   --->   "%add_ln11 = add i32 %sext_ln11, i32 %W1_load" [test_hdr_small.cpp:11]   --->   Operation 20 'add' 'add_ln11' <Predicate = true> <Delay = 1.01> <CoreInst = "Adder">   --->   Core 1 'Adder' <Latency = 0> <II = 1> <Delay = 1.01> <FuncUnit> <Opcode : 'add' 'sub'> <InPorts = 2> <OutPorts = 1>
ST_2 : Operation 21 [1/1] (0.00ns)   --->   "%write_ln11 = write void @_ssdm_op_Write.ap_auto.i32P0A, i32 %s, i32 %add_ln11" [test_hdr_small.cpp:11]   --->   Operation 21 'write' 'write_ln11' <Predicate = true> <Delay = 0.00>
ST_2 : Operation 22 [1/1] (0.00ns)   --->   "%ret_ln12 = ret" [test_hdr_small.cpp:12]   --->   Operation 22 'ret' 'ret_ln12' <Predicate = true> <Delay = 0.00>


============================================================
+ Verbose Summary: Binding
============================================================
STG Binding: 
---------------- STG Properties BEGIN ----------------
- Is combinational: 0
- Is one-state seq: 0
- Is datapath-only: 0
- Is pipelined: 0
- Is top level: 1
Port [ Return ] is wired: 1; IO mode=ap_ctrl_hs:ce=0
Port [ idx]:  wired=1; compound=0; hidden=0; nouse=0; global=0; static=0; extern=0; dir=0; type=0; pingpong=0; private_global=0; IO mode=ap_none:ce=0
Port [ s]:  wired=1; compound=0; hidden=0; nouse=0; global=0; static=0; extern=0; dir=1; type=0; pingpong=0; private_global=0; IO mode=ap_vld:ce=0
Port [ W1]:  wired=0; compound=1; hidden=1; nouse=0; global=1; static=1; extern=0; dir=0; type=1; pingpong=0; private_global=1; MemPort=[1]; IO mode=ap_memory:ce=0
Port [ TAU1]:  wired=0; compound=1; hidden=1; nouse=0; global=1; static=1; extern=0; dir=0; type=1; pingpong=0; private_global=1; MemPort=[1]; IO mode=ap_memory:ce=0
---------------- STG Properties END ------------------

---------------- Datapath Model BEGIN ----------------

<LifeTime>
<method=bitvector/>
idx_read           (read         ) [ 000]
trunc_ln10         (trunc        ) [ 000]
trunc_ln10_1       (trunc        ) [ 000]
zext_ln11          (zext         ) [ 000]
W1_addr            (getelementptr) [ 001]
zext_ln11_1        (zext         ) [ 000]
TAU1_addr          (getelementptr) [ 001]
spectopmodule_ln10 (spectopmodule) [ 000]
specbitsmap_ln0    (specbitsmap  ) [ 000]
specinterface_ln0  (specinterface) [ 000]
specbitsmap_ln0    (specbitsmap  ) [ 000]
specinterface_ln0  (specinterface) [ 000]
W1_load            (load         ) [ 000]
TAU1_load          (load         ) [ 000]
sext_ln11          (sext         ) [ 000]
add_ln11           (add          ) [ 000]
write_ln11         (write        ) [ 000]
ret_ln12           (ret          ) [ 000]
</LifeTime>

<model>

<comp_list>
<comp id="0" class="1000" name="idx">
<pin_list>
<pin id="1" dir="1" index="0" bw="1" slack="0"/>
</pin_list>
<bind>
<StgValue><ssdm name="idx"/></StgValue>
</bind>
</comp>

<comp id="2" class="1000" name="s">
<pin_list>
<pin id="3" dir="1" index="0" bw="1" slack="0"/>
</pin_list>
<bind>
<StgValue><ssdm name="s"/></StgValue>
</bind>
</comp>

<comp id="4" class="1000" name="W1">
<pin_list>
<pin id="5" dir="1" index="0" bw="1" slack="0"/>
</pin_list>
<bind>
<StgValue><ssdm name="W1"/><MemPortTyVec>1 </MemPortTyVec>
</StgValue>
</bind>
</comp>

<comp id="6" class="1000" name="TAU1">
<pin_list>
<pin id="7" dir="1" index="0" bw="1" slack="0"/>
</pin_list>
<bind>
<StgValue><ssdm name="TAU1"/><MemPortTyVec>1 </MemPortTyVec>
</StgValue>
</bind>
</comp>

<comp id="8" class="1001" name="const_8">
<pin_list>
<pin id="9" dir="1" index="0" bw="1" slack="0"/>
</pin_list>
<bind>
<StgValue><ssdm name="_ssdm_op_Read.ap_auto.i32"/></StgValue>
</bind>
</comp>

<comp id="10" class="1001" name="const_10">
<pin_list>
<pin id="11" dir="1" index="0" bw="1" slack="0"/>
</pin_list>
<bind>
<StgValue><ssdm name=""/></StgValue>
</bind>
</comp>

<comp id="12" class="1001" name="const_12">
<pin_list>
<pin id="13" dir="1" index="0" bw="1" slack="2147483647"/>
</pin_list>
<bind>
<StgValue><ssdm name="_ssdm_op_SpecTopModule"/></StgValue>
</bind>
</comp>

<comp id="14" class="1001" name="const_14">
<pin_list>
<pin id="15" dir="1" index="0" bw="1" slack="2147483647"/>
</pin_list>
<bind>
<StgValue><ssdm name="empty_1"/></StgValue>
</bind>
</comp>

<comp id="16" class="1001" name="const_16">
<pin_list>
<pin id="17" dir="1" index="0" bw="1" slack="2147483647"/>
</pin_list>
<bind>
<StgValue><ssdm name="_ssdm_op_SpecBitsMap"/></StgValue>
</bind>
</comp>

<comp id="18" class="1001" name="const_18">
<pin_list>
<pin id="19" dir="1" index="0" bw="1" slack="2147483647"/>
</pin_list>
<bind>
<StgValue><ssdm name="_ssdm_op_SpecInterface"/></StgValue>
</bind>
</comp>

<comp id="20" class="1001" name="const_20">
<pin_list>
<pin id="21" dir="1" index="0" bw="1" slack="2147483647"/>
</pin_list>
<bind>
<StgValue><ssdm name="empty"/></StgValue>
</bind>
</comp>

<comp id="22" class="1001" name="const_22">
<pin_list>
<pin id="23" dir="1" index="0" bw="1" slack="2147483647"/>
</pin_list>
<bind>
<StgValue><ssdm name=""/></StgValue>
</bind>
</comp>

<comp id="24" class="1001" name="const_24">
<pin_list>
<pin id="25" dir="1" index="0" bw="1" slack="2147483647"/>
</pin_list>
<bind>
<StgValue><ssdm name="empty_0"/></StgValue>
</bind>
</comp>

<comp id="26" class="1001" name="const_26">
<pin_list>
<pin id="27" dir="1" index="0" bw="1" slack="2147483647"/>
</pin_list>
<bind>
<StgValue><ssdm name=""/></StgValue>
</bind>
</comp>

<comp id="28" class="1001" name="const_28">
<pin_list>
<pin id="29" dir="1" index="0" bw="1" slack="0"/>
</pin_list>
<bind>
<StgValue><ssdm name="_ssdm_op_Write.ap_auto.i32P0A"/></StgValue>
</bind>
</comp>

<comp id="30" class="1004" name="idx_read_read_fu_30">
<pin_list>
<pin id="31" dir="0" index="0" bw="32" slack="0"/>
<pin id="32" dir="0" index="1" bw="32" slack="0"/>
<pin id="33" dir="1" index="2" bw="32" slack="0"/>
</pin_list>
<bind>
<opcode="read(1150) " fcode="read"/>
<opset="idx_read/1 "/>
</bind>
</comp>

<comp id="36" class="1004" name="write_ln11_write_fu_36">
<pin_list>
<pin id="37" dir="0" index="0" bw="0" slack="0"/>
<pin id="38" dir="0" index="1" bw="32" slack="0"/>
<pin id="39" dir="0" index="2" bw="32" slack="0"/>
<pin id="40" dir="1" index="3" bw="0" slack="2147483647"/>
</pin_list>
<bind>
<opcode="write(1151) " fcode="write"/>
<opset="write_ln11/2 "/>
</bind>
</comp>

<comp id="43" class="1004" name="W1_addr_gep_fu_43">
<pin_list>
<pin id="44" dir="0" index="0" bw="32" slack="0"/>
<pin id="45" dir="0" index="1" bw="1" slack="0"/>
<pin id="46" dir="0" index="2" bw="3" slack="0"/>
<pin id="47" dir="1" index="3" bw="4" slack="0"/>
</pin_list>
<bind>
<opcode="getelementptr(29) " fcode="getelementptr"/>
<opset="W1_addr/1 "/>
</bind>
</comp>

<comp id="50" class="1004" name="grp_access_fu_50">
<pin_list>
<pin id="51" dir="0" index="0" bw="4" slack="0"/>
<pin id="52" dir="0" index="1" bw="32" slack="2147483647"/>
<pin id="53" dir="0" index="2" bw="0" slack="2147483647"/>
<pin id="54" dir="1" index="3" bw="32" slack="0"/>
</pin_list>
<bind>
<opcode="load(27) " fcode="load"/>
<opset="W1_load/1 "/>
</bind>
</comp>

<comp id="56" class="1004" name="TAU1_addr_gep_fu_56">
<pin_list>
<pin id="57" dir="0" index="0" bw="18" slack="0"/>
<pin id="58" dir="0" index="1" bw="1" slack="0"/>
<pin id="59" dir="0" index="2" bw="5" slack="0"/>
<pin id="60" dir="1" index="3" bw="5" slack="0"/>
</pin_list>
<bind>
<opcode="getelementptr(29) " fcode="getelementptr"/>
<opset="TAU1_addr/1 "/>
</bind>
</comp>

<comp id="63" class="1004" name="grp_access_fu_63">
<pin_list>
<pin id="64" dir="0" index="0" bw="5" slack="0"/>
<pin id="65" dir="0" index="1" bw="18" slack="2147483647"/>
<pin id="66" dir="0" index="2" bw="0" slack="2147483647"/>
<pin id="67" dir="1" index="3" bw="18" slack="0"/>
</pin_list>
<bind>
<opcode="load(27) " fcode="load"/>
<opset="TAU1_load/1 "/>
</bind>
</comp>

<comp id="69" class="1004" name="trunc_ln10_fu_69">
<pin_list>
<pin id="70" dir="0" index="0" bw="32" slack="0"/>
<pin id="71" dir="1" index="1" bw="5" slack="0"/>
</pin_list>
<bind>
<opcode="trunc(33) " fcode="trunc"/>
<opset="trunc_ln10/1 "/>
</bind>
</comp>

<comp id="73" class="1004" name="trunc_ln10_1_fu_73">
<pin_list>
<pin id="74" dir="0" index="0" bw="32" slack="0"/>
<pin id="75" dir="1" index="1" bw="3" slack="0"/>
</pin_list>
<bind>
<opcode="trunc(33) " fcode="trunc"/>
<opset="trunc_ln10_1/1 "/>
</bind>
</comp>

<comp id="77" class="1004" name="zext_ln11_fu_77">
<pin_list>
<pin id="78" dir="0" index="0" bw="3" slack="0"/>
<pin id="79" dir="1" index="1" bw="64" slack="0"/>
</pin_list>
<bind>
<opcode="zext(34) " fcode="zext"/>
<opset="zext_ln11/1 "/>
</bind>
</comp>

<comp id="82" class="1004" name="zext_ln11_1_fu_82">
<pin_list>
<pin id="83" dir="0" index="0" bw="5" slack="0"/>
<pin id="84" dir="1" index="1" bw="64" slack="0"/>
</pin_list>
<bind>
<opcode="zext(34) " fcode="zext"/>
<opset="zext_ln11_1/1 "/>
</bind>
</comp>

<comp id="87" class="1004" name="sext_ln11_fu_87">
<pin_list>
<pin id="88" dir="0" index="0" bw="18" slack="0"/>
<pin id="89" dir="1" index="1" bw="32" slack="0"/>
</pin_list>
<bind>
<opcode="sext(35) " fcode="sext"/>
<opset="sext_ln11/2 "/>
</bind>
</comp>

<comp id="91" class="1004" name="add_ln11_fu_91">
<pin_list>
<pin id="92" dir="0" index="0" bw="18" slack="0"/>
<pin id="93" dir="0" index="1" bw="32" slack="0"/>
<pin id="94" dir="1" index="2" bw="32" slack="0"/>
</pin_list>
<bind>
<opcode="add(8) " fcode="add"/>
<opset="add_ln11/2 "/>
</bind>
</comp>

<comp id="98" class="1005" name="W1_addr_reg_98">
<pin_list>
<pin id="99" dir="0" index="0" bw="4" slack="1"/>
<pin id="100" dir="1" index="1" bw="4" slack="1"/>
</pin_list>
<bind>
<opset="W1_addr "/>
</bind>
</comp>

<comp id="103" class="1005" name="TAU1_addr_reg_103">
<pin_list>
<pin id="104" dir="0" index="0" bw="5" slack="1"/>
<pin id="105" dir="1" index="1" bw="5" slack="1"/>
</pin_list>
<bind>
<opset="TAU1_addr "/>
</bind>
</comp>

</comp_list>

<net_list>
<net id="34"><net_src comp="8" pin="0"/><net_sink comp="30" pin=0"/></net>

<net id="35"><net_src comp="0" pin="0"/><net_sink comp="30" pin=1"/></net>

<net id="41"><net_src comp="28" pin="0"/><net_sink comp="36" pin=0"/></net>

<net id="42"><net_src comp="2" pin="0"/><net_sink comp="36" pin=1"/></net>

<net id="48"><net_src comp="4" pin="0"/><net_sink comp="43" pin=0"/></net>

<net id="49"><net_src comp="10" pin="0"/><net_sink comp="43" pin=1"/></net>

<net id="55"><net_src comp="43" pin="3"/><net_sink comp="50" pin=0"/></net>

<net id="61"><net_src comp="6" pin="0"/><net_sink comp="56" pin=0"/></net>

<net id="62"><net_src comp="10" pin="0"/><net_sink comp="56" pin=1"/></net>

<net id="68"><net_src comp="56" pin="3"/><net_sink comp="63" pin=0"/></net>

<net id="72"><net_src comp="30" pin="2"/><net_sink comp="69" pin=0"/></net>

<net id="76"><net_src comp="30" pin="2"/><net_sink comp="73" pin=0"/></net>

<net id="80"><net_src comp="73" pin="1"/><net_sink comp="77" pin=0"/></net>

<net id="81"><net_src comp="77" pin="1"/><net_sink comp="43" pin=2"/></net>

<net id="85"><net_src comp="69" pin="1"/><net_sink comp="82" pin=0"/></net>

<net id="86"><net_src comp="82" pin="1"/><net_sink comp="56" pin=2"/></net>

<net id="90"><net_src comp="63" pin="3"/><net_sink comp="87" pin=0"/></net>

<net id="95"><net_src comp="87" pin="1"/><net_sink comp="91" pin=0"/></net>

<net id="96"><net_src comp="50" pin="3"/><net_sink comp="91" pin=1"/></net>

<net id="97"><net_src comp="91" pin="2"/><net_sink comp="36" pin=2"/></net>

<net id="101"><net_src comp="43" pin="3"/><net_sink comp="98" pin=0"/></net>

<net id="102"><net_src comp="98" pin="1"/><net_sink comp="50" pin=0"/></net>

<net id="106"><net_src comp="56" pin="3"/><net_sink comp="103" pin=0"/></net>

<net id="107"><net_src comp="103" pin="1"/><net_sink comp="63" pin=0"/></net>

</net_list>

</model> 
---------------- Datapath Model END ------------------

* FSMD analyzer results:
  - Output states:
	Port: s | {2 }
 - Input state : 
	Port: hdr_top : idx | {1 }
	Port: hdr_top : W1 | {1 2 }
	Port: hdr_top : TAU1 | {1 2 }
  - Chain level:
	State 1
		zext_ln11 : 1
		W1_addr : 2
		W1_load : 3
		zext_ln11_1 : 1
		TAU1_addr : 2
		TAU1_load : 3
	State 2
		sext_ln11 : 1
		add_ln11 : 2
		write_ln11 : 3


============================================================
+ Verbose Summary: Datapath Resource usage 
============================================================

* Functional unit list:
|----------|------------------------|---------|---------|
| Operation|     Functional Unit    |    FF   |   LUT   |
|----------|------------------------|---------|---------|
|    add   |     add_ln11_fu_91     |    0    |    39   |
|----------|------------------------|---------|---------|
|   read   |   idx_read_read_fu_30  |    0    |    0    |
|----------|------------------------|---------|---------|
|   write  | write_ln11_write_fu_36 |    0    |    0    |
|----------|------------------------|---------|---------|
|   trunc  |    trunc_ln10_fu_69    |    0    |    0    |
|          |   trunc_ln10_1_fu_73   |    0    |    0    |
|----------|------------------------|---------|---------|
|   zext   |     zext_ln11_fu_77    |    0    |    0    |
|          |    zext_ln11_1_fu_82   |    0    |    0    |
|----------|------------------------|---------|---------|
|   sext   |     sext_ln11_fu_87    |    0    |    0    |
|----------|------------------------|---------|---------|
|   Total  |                        |    0    |    39   |
|----------|------------------------|---------|---------|

Memories:
+----+--------+--------+--------+
|    |  BRAM  |   FF   |   LUT  |
+----+--------+--------+--------+
|TAU1|    0   |   18   |    9   |
| W1 |    0   |   32   |    5   |
+----+--------+--------+--------+
|Total|    0   |   50   |   14   |
+----+--------+--------+--------+

* Register list:
+-----------------+--------+
|                 |   FF   |
+-----------------+--------+
|TAU1_addr_reg_103|    5   |
|  W1_addr_reg_98 |    4   |
+-----------------+--------+
|      Total      |    9   |
+-----------------+--------+

* Multiplexer (MUX) list: 
|------------------|------|------|------|--------||---------||---------||---------|
|       Comp       |  Pin | Size |  BW  | S x BW ||  Delay  ||    FF   ||   LUT   |
|------------------|------|------|------|--------||---------||---------||---------|
| grp_access_fu_50 |  p0  |   2  |   4  |    8   ||    0    ||    9    |
| grp_access_fu_63 |  p0  |   2  |   5  |   10   ||    0    ||    9    |
|------------------|------|------|------|--------||---------||---------||---------|
|       Total      |      |      |      |   18   ||  0.854  ||    0    ||    18   |
|------------------|------|------|------|--------||---------||---------||---------|



* Summary:
+-----------+--------+--------+--------+--------+
|           |  BRAM  |  Delay |   FF   |   LUT  |
+-----------+--------+--------+--------+--------+
|  Function |    -   |    -   |    0   |   39   |
|   Memory  |    0   |    -   |   50   |   14   |
|Multiplexer|    -   |    0   |    0   |   18   |
|  Register |    -   |    -   |    9   |    -   |
+-----------+--------+--------+--------+--------+
|   Total   |    0   |    0   |   59   |   71   |
+-----------+--------+--------+--------+--------+
